[2022-02-20T03:55:50.808+0000][3152][gc] Using G1
[2022-02-20T03:56:17.142+0000][3152][gc,init] Version: 17.0.1+12 (release)
[2022-02-20T03:56:17.485+0000][3152][gc,init] CPUs: 2 total, 2 available
[2022-02-20T03:56:17.517+0000][3152][gc,init] Memory: 1908M
[2022-02-20T03:56:17.517+0000][3152][gc,init] Large Page Support: Disabled
[2022-02-20T03:56:17.517+0000][3152][gc,init] NUMA Support: Disabled
[2022-02-20T03:56:17.548+0000][3152][gc,init] Compressed Oops: Enabled (32-bit)
[2022-02-20T03:56:17.548+0000][3152][gc,init] Heap Region Size: 4M
[2022-02-20T03:56:17.548+0000][3152][gc,init] Heap Min Capacity: 956M
[2022-02-20T03:56:17.548+0000][3152][gc,init] Heap Initial Capacity: 956M
[2022-02-20T03:56:17.548+0000][3152][gc,init] Heap Max Capacity: 956M
[2022-02-20T03:56:17.548+0000][3152][gc,init] Pre-touch: Enabled
[2022-02-20T03:56:17.548+0000][3152][gc,init] Parallel Workers: 2
[2022-02-20T03:56:17.548+0000][3152][gc,init] Concurrent Workers: 1
[2022-02-20T03:56:17.548+0000][3152][gc,init] Concurrent Refinement Workers: 2
[2022-02-20T03:56:17.548+0000][3152][gc,init] Periodic GC: Disabled
[2022-02-20T03:56:18.251+0000][3152][gc,metaspace] CDS archive(s) mapped at: [0x0000000800000000-0x0000000800bc0000-0x0000000800bc0000), size 12320768, SharedBaseAddress: 0x0000000800000000, ArchiveRelocationMode: 0.
[2022-02-20T03:56:18.251+0000][3152][gc,metaspace] Compressed class space mapped at: 0x0000000800c00000-0x0000000840c00000, reserved size: 1073741824
[2022-02-20T03:56:18.251+0000][3152][gc,metaspace] Narrow klass base: 0x0000000800000000, Narrow klass shift: 0, Narrow klass range: 0x100000000
[2022-02-20T03:56:28.673+0000][3152][safepoint   ] Safepoint "Cleanup", Time since last: 7083711336 ns, Reaching safepoint: 78095440 ns, At safepoint: 503491 ns, Total: 78598931 ns
[2022-02-20T03:56:29.718+0000][3152][safepoint   ] Safepoint "Cleanup", Time since last: 1013392028 ns, Reaching safepoint: 31187673 ns, At safepoint: 220181 ns, Total: 31407854 ns
[2022-02-20T03:56:30.747+0000][3152][safepoint   ] Safepoint "Cleanup", Time since last: 1013795436 ns, Reaching safepoint: 15589217 ns, At safepoint: 267912 ns, Total: 15857129 ns
[2022-02-20T03:56:31.824+0000][3152][safepoint   ] Safepoint "Cleanup", Time since last: 1013715884 ns, Reaching safepoint: 62535991 ns, At safepoint: 191953 ns, Total: 62727944 ns
[2022-02-20T03:56:32.838+0000][3152][safepoint   ] Safepoint "Cleanup", Time since last: 1013651728 ns, Reaching safepoint: 67748 ns, At safepoint: 6159 ns, Total: 73907 ns
[2022-02-20T03:56:35.880+0000][3152][safepoint   ] Safepoint "Cleanup", Time since last: 3041869782 ns, Reaching safepoint: 63642 ns, At safepoint: 6672 ns, Total: 70314 ns
[2022-02-20T03:56:36.894+0000][3152][safepoint   ] Safepoint "Cleanup", Time since last: 1013870883 ns, Reaching safepoint: 74933 ns, At safepoint: 6159 ns, Total: 81092 ns
[2022-02-20T03:56:38.937+0000][3152][safepoint   ] Safepoint "Cleanup", Time since last: 2027900357 ns, Reaching safepoint: 15669283 ns, At safepoint: 461405 ns, Total: 16130688 ns
[2022-02-20T03:56:39.967+0000][3152][safepoint   ] Safepoint "Cleanup", Time since last: 1013454643 ns, Reaching safepoint: 15644135 ns, At safepoint: 59536 ns, Total: 15703671 ns
[2022-02-20T03:56:40.981+0000][3152][safepoint   ] Safepoint "Cleanup", Time since last: 1013887306 ns, Reaching safepoint: 583556 ns, At safepoint: 18477 ns, Total: 602033 ns
[2022-02-20T03:56:42.869+0000][3152][safepoint   ] Safepoint "Cleanup", Time since last: 1793368193 ns, Reaching safepoint: 93661562 ns, At safepoint: 22583 ns, Total: 93684145 ns
[2022-02-20T03:56:43.918+0000][3152][safepoint   ] Safepoint "Cleanup", Time since last: 1002273662 ns, Reaching safepoint: 46925218 ns, At safepoint: 132416 ns, Total: 47057634 ns
[2022-02-20T03:56:44.573+0000][3152][safepoint   ] Safepoint "ICBufferFull", Time since last: 657221985 ns, Reaching safepoint: 59023 ns, At safepoint: 4619 ns, Total: 63642 ns
[2022-02-20T03:56:44.573+0000][3152][safepoint   ] Safepoint "ICBufferFull", Time since last: 2016528 ns, Reaching safepoint: 33361 ns, At safepoint: 5646 ns, Total: 39007 ns
[2022-02-20T03:56:45.587+0000][3152][safepoint   ] Safepoint "Cleanup", Time since last: 1009516536 ns, Reaching safepoint: 558407 ns, At safepoint: 774483 ns, Total: 1332890 ns
[2022-02-20T03:56:46.601+0000][3152][safepoint   ] Safepoint "Cleanup", Time since last: 1012828487 ns, Reaching safepoint: 154486 ns, At safepoint: 2915216 ns, Total: 3069702 ns
[2022-02-20T03:56:48.287+0000][3152][safepoint   ] Safepoint "Cleanup", Time since last: 1683149438 ns, Reaching safepoint: 1027511 ns, At safepoint: 256621 ns, Total: 1284132 ns
[2022-02-20T03:56:50.378+0000][3152][safepoint   ] Safepoint "Cleanup", Time since last: 2027121256 ns, Reaching safepoint: 62388690 ns, At safepoint: 73907 ns, Total: 62462597 ns
[2022-02-20T03:56:51.392+0000][3152][safepoint   ] Safepoint "Cleanup", Time since last: 1013899625 ns, Reaching safepoint: 55430 ns, At safepoint: 4619 ns, Total: 60049 ns
[2022-02-20T03:56:53.139+0000][3152][safepoint   ] Safepoint "Cleanup", Time since last: 1731503522 ns, Reaching safepoint: 15642595 ns, At safepoint: 268426 ns, Total: 15911021 ns
[2022-02-20T03:56:54.325+0000][3152][safepoint   ] Safepoint "Cleanup", Time since last: 1185197274 ns, Reaching safepoint: 558408 ns, At safepoint: 2092488 ns, Total: 2650896 ns
[2022-02-20T03:56:56.088+0000][3152][safepoint   ] Safepoint "Cleanup", Time since last: 1760167071 ns, Reaching safepoint: 124204 ns, At safepoint: 26176 ns, Total: 150380 ns
[2022-02-20T03:57:05.276+0000][3152][safepoint   ] Safepoint "Cleanup", Time since last: 9188055520 ns, Reaching safepoint: 63642 ns, At safepoint: 5646 ns, Total: 69288 ns
[2022-02-20T03:57:06.337+0000][3152][safepoint   ] Safepoint "Cleanup", Time since last: 1013987902 ns, Reaching safepoint: 46753281 ns, At safepoint: 116506 ns, Total: 46869787 ns
[2022-02-20T03:57:07.382+0000][3152][safepoint   ] Safepoint "Cleanup", Time since last: 1013838549 ns, Reaching safepoint: 31245669 ns, At safepoint: 818621 ns, Total: 32064290 ns
[2022-02-20T03:57:08.396+0000][3152][safepoint   ] Safepoint "Cleanup", Time since last: 1013090242 ns, Reaching safepoint: 173989 ns, At safepoint: 250462 ns, Total: 424451 ns
[2022-02-20T03:57:11.469+0000][3152][safepoint   ] Safepoint "Cleanup", Time since last: 3041604949 ns, Reaching safepoint: 31145074 ns, At safepoint: 9807545 ns, Total: 40952619 ns
[2022-02-20T03:57:12.530+0000][3152][safepoint   ] Safepoint "Cleanup", Time since last: 1004133652 ns, Reaching safepoint: 46890317 ns, At safepoint: 192466 ns, Total: 47082783 ns
[2022-02-20T03:57:15.248+0000][3152][safepoint   ] Safepoint "Cleanup", Time since last: 2717079365 ns, Reaching safepoint: 66721 ns, At safepoint: 5133 ns, Total: 71854 ns
[2022-02-20T03:57:17.400+0000][3152][safepoint   ] Safepoint "Cleanup", Time since last: 2157478092 ns, Reaching safepoint: 29768 ns, At safepoint: 403921 ns, Total: 433689 ns
[2022-02-20T03:57:18.945+0000][3152][safepoint   ] Safepoint "Cleanup", Time since last: 1539261486 ns, Reaching safepoint: 56970 ns, At safepoint: 2566 ns, Total: 59536 ns
[2022-02-20T03:57:19.974+0000][3152][safepoint   ] Safepoint "Cleanup", Time since last: 1013753863 ns, Reaching safepoint: 15631304 ns, At safepoint: 3848289 ns, Total: 19479593 ns
[2022-02-20T03:57:20.988+0000][3152][safepoint   ] Safepoint "Cleanup", Time since last: 1010151930 ns, Reaching safepoint: 69801 ns, At safepoint: 4620 ns, Total: 74421 ns
[2022-02-20T03:57:22.627+0000][3152][safepoint   ] Safepoint "Cleanup", Time since last: 1637877887 ns, Reaching safepoint: 104701 ns, At safepoint: 13858 ns, Total: 118559 ns
[2022-02-20T03:57:23.516+0000][3152][gc,start    ] GC(0) Pause Young (Normal) (G1 Evacuation Pause)
[2022-02-20T03:57:23.672+0000][3152][gc,task     ] GC(0) Using 2 workers of 2 for evacuation
[2022-02-20T03:57:23.672+0000][3152][gc,age      ] GC(0) Desired survivor size 4194304 bytes, new threshold 15 (max threshold 15)
[2022-02-20T03:57:23.781+0000][3152][gc,age      ] GC(0) Age table with threshold 15 (max threshold 15)
[2022-02-20T03:57:23.781+0000][3152][gc,age      ] GC(0) - age   1:    6113576 bytes,    6113576 total
[2022-02-20T03:57:23.812+0000][3152][gc,phases   ] GC(0)   Pre Evacuate Collection Set: 0.1ms
[2022-02-20T03:57:23.812+0000][3152][gc,phases   ] GC(0)   Merge Heap Roots: 30.4ms
[2022-02-20T03:57:23.812+0000][3152][gc,phases   ] GC(0)   Evacuate Collection Set: 76.8ms
[2022-02-20T03:57:23.812+0000][3152][gc,phases   ] GC(0)   Post Evacuate Collection Set: 1.0ms
[2022-02-20T03:57:23.843+0000][3152][gc,phases   ] GC(0)   Other: 267.2ms
[2022-02-20T03:57:23.859+0000][3152][gc,heap     ] GC(0) Eden regions: 11->0(9)
[2022-02-20T03:57:23.859+0000][3152][gc,heap     ] GC(0) Survivor regions: 0->2(2)
[2022-02-20T03:57:23.859+0000][3152][gc,heap     ] GC(0) Old regions: 0->0
[2022-02-20T03:57:23.859+0000][3152][gc,heap     ] GC(0) Archive regions: 0->0
[2022-02-20T03:57:23.859+0000][3152][gc,heap     ] GC(0) Humongous regions: 0->0
[2022-02-20T03:57:23.859+0000][3152][gc,metaspace] GC(0) Metaspace: 11632K(11968K)->11632K(11968K) NonClass: 10201K(10368K)->10201K(10368K) Class: 1431K(1600K)->1431K(1600K)
[2022-02-20T03:57:23.859+0000][3152][gc          ] GC(0) Pause Young (Normal) (G1 Evacuation Pause) 44M->5M(956M) 338.640ms
[2022-02-20T03:57:23.859+0000][3152][gc,cpu      ] GC(0) User=0.02s Sys=0.02s Real=0.34s
[2022-02-20T03:57:23.859+0000][3152][safepoint   ] Safepoint "G1CollectForAllocation", Time since last: 751551274 ns, Reaching safepoint: 317184 ns, At safepoint: 484953279 ns, Total: 485270463 ns
[2022-02-20T03:57:25.201+0000][3152][safepoint   ] Safepoint "Cleanup", Time since last: 1336998909 ns, Reaching safepoint: 119586 ns, At safepoint: 5645 ns, Total: 125231 ns
[2022-02-20T03:57:26.215+0000][3152][safepoint   ] Safepoint "Cleanup", Time since last: 1013864211 ns, Reaching safepoint: 105215 ns, At safepoint: 5132 ns, Total: 110347 ns
[2022-02-20T03:57:28.243+0000][3152][safepoint   ] Safepoint "Cleanup", Time since last: 2027840308 ns, Reaching safepoint: 47218 ns, At safepoint: 4619 ns, Total: 51837 ns
[2022-02-20T03:57:29.257+0000][3152][safepoint   ] Safepoint "Cleanup", Time since last: 1013911429 ns, Reaching safepoint: 55943 ns, At safepoint: 5133 ns, Total: 61076 ns
[2022-02-20T03:57:30.271+0000][3152][safepoint   ] Safepoint "Cleanup", Time since last: 1014015617 ns, Reaching safepoint: 56970 ns, At safepoint: 4619 ns, Total: 61589 ns
[2022-02-20T03:57:31.285+0000][3152][safepoint   ] Safepoint "Cleanup", Time since last: 1013937604 ns, Reaching safepoint: 68261 ns, At safepoint: 4619 ns, Total: 72880 ns
[2022-02-20T03:57:32.299+0000][3152][safepoint   ] Safepoint "Cleanup", Time since last: 1013800569 ns, Reaching safepoint: 571238 ns, At safepoint: 7699 ns, Total: 578937 ns
[2022-02-20T03:57:33.313+0000][3152][safepoint   ] Safepoint "Cleanup", Time since last: 1013366366 ns, Reaching safepoint: 226853 ns, At safepoint: 3079 ns, Total: 229932 ns
[2022-02-20T03:57:34.529+0000][3152][safepoint   ] Safepoint "Cleanup", Time since last: 1216689301 ns, Reaching safepoint: 79552 ns, At safepoint: 8725 ns, Total: 88277 ns
[2022-02-20T03:57:37.571+0000][3152][safepoint   ] Safepoint "Cleanup", Time since last: 3041745065 ns, Reaching safepoint: 57483 ns, At safepoint: 5132 ns, Total: 62615 ns
[2022-02-20T03:57:38.586+0000][3152][safepoint   ] Safepoint "Cleanup", Time since last: 1014959983 ns, Reaching safepoint: 55430 ns, At safepoint: 5132 ns, Total: 60562 ns
[2022-02-20T03:57:39.587+0000][3152][safepoint   ] Safepoint "Cleanup", Time since last: 1000229420 ns, Reaching safepoint: 75959 ns, At safepoint: 3080 ns, Total: 79039 ns
[2022-02-20T03:57:40.601+0000][3152][safepoint   ] Safepoint "Cleanup", Time since last: 1013898084 ns, Reaching safepoint: 140629 ns, At safepoint: 449600 ns, Total: 590229 ns
[2022-02-20T03:57:41.615+0000][3152][safepoint   ] Safepoint "Cleanup", Time since last: 1017187453 ns, Reaching safepoint: 331555 ns, At safepoint: 880723 ns, Total: 1212278 ns
[2022-02-20T03:57:42.192+0000][3152][gc,start    ] GC(1) Pause Young (Normal) (G1 Evacuation Pause)
[2022-02-20T03:57:42.192+0000][3152][gc,task     ] GC(1) Using 2 workers of 2 for evacuation
[2022-02-20T03:57:42.192+0000][3152][gc,age      ] GC(1) Desired survivor size 4194304 bytes, new threshold 1 (max threshold 15)
[2022-02-20T03:57:43.549+0000][3152][gc,age      ] GC(1) Age table with threshold 1 (max threshold 15)
[2022-02-20T03:57:43.549+0000][3152][gc,age      ] GC(1) - age   1:    1750168 bytes,    1750168 total
[2022-02-20T03:57:43.549+0000][3152][gc,mmu      ] GC(1) MMU target violated: 201.0ms (200.0ms/201.0ms)
[2022-02-20T03:57:43.549+0000][3152][gc,phases   ] GC(1)   Pre Evacuate Collection Set: 0.1ms
[2022-02-20T03:57:43.549+0000][3152][gc,phases   ] GC(1)   Merge Heap Roots: 0.0ms
[2022-02-20T03:57:43.549+0000][3152][gc,phases   ] GC(1)   Evacuate Collection Set: 1344.5ms
[2022-02-20T03:57:43.549+0000][3152][gc,phases   ] GC(1)   Post Evacuate Collection Set: 1.1ms
[2022-02-20T03:57:43.549+0000][3152][gc,phases   ] GC(1)   Other: 0.7ms
[2022-02-20T03:57:43.549+0000][3152][gc,heap     ] GC(1) Eden regions: 9->0(10)
[2022-02-20T03:57:43.549+0000][3152][gc,heap     ] GC(1) Survivor regions: 2->1(2)
[2022-02-20T03:57:43.549+0000][3152][gc,heap     ] GC(1) Old regions: 0->2
[2022-02-20T03:57:43.549+0000][3152][gc,heap     ] GC(1) Archive regions: 0->0
[2022-02-20T03:57:43.549+0000][3152][gc,heap     ] GC(1) Humongous regions: 0->0
[2022-02-20T03:57:43.549+0000][3152][gc,metaspace] GC(1) Metaspace: 14337K(14656K)->14337K(14656K) NonClass: 12641K(12800K)->12641K(12800K) Class: 1695K(1856K)->1695K(1856K)
[2022-02-20T03:57:43.549+0000][3152][gc          ] GC(1) Pause Young (Normal) (G1 Evacuation Pause) 41M->8M(956M) 1346.974ms
[2022-02-20T03:57:43.549+0000][3152][gc,cpu      ] GC(1) User=0.06s Sys=0.00s Real=1.36s
[2022-02-20T03:57:43.549+0000][3152][safepoint   ] Safepoint "G1CollectForAllocation", Time since last: 586432033 ns, Reaching safepoint: 44139 ns, At safepoint: 1347243222 ns, Total: 1347287361 ns
[2022-02-20T03:57:44.579+0000][3152][safepoint   ] Safepoint "Cleanup", Time since last: 1009622264 ns, Reaching safepoint: 15647214 ns, At safepoint: 52864 ns, Total: 15700078 ns
[2022-02-20T03:57:45.593+0000][3152][safepoint   ] Safepoint "Cleanup", Time since last: 1014141875 ns, Reaching safepoint: 55943 ns, At safepoint: 4106 ns, Total: 60049 ns
[2022-02-20T03:57:46.593+0000][3152][safepoint   ] Safepoint "Cleanup", Time since last: 1000123691 ns, Reaching safepoint: 120612 ns, At safepoint: 4619 ns, Total: 125231 ns
[2022-02-20T03:57:48.217+0000][3152][gc,start    ] GC(2) Pause Young (Normal) (G1 Evacuation Pause)
[2022-02-20T03:57:48.217+0000][3152][gc,task     ] GC(2) Using 2 workers of 2 for evacuation
[2022-02-20T03:57:48.217+0000][3152][gc,age      ] GC(2) Desired survivor size 4194304 bytes, new threshold 15 (max threshold 15)
[2022-02-20T03:57:48.217+0000][3152][gc,age      ] GC(2) Age table with threshold 15 (max threshold 15)
[2022-02-20T03:57:48.217+0000][3152][gc,age      ] GC(2) - age   1:     785360 bytes,     785360 total
[2022-02-20T03:57:48.217+0000][3152][gc,age      ] GC(2) - age   2:    1670920 bytes,    2456280 total
[2022-02-20T03:57:48.217+0000][3152][gc,phases   ] GC(2)   Pre Evacuate Collection Set: 0.1ms
[2022-02-20T03:57:48.217+0000][3152][gc,phases   ] GC(2)   Merge Heap Roots: 0.1ms
[2022-02-20T03:57:48.217+0000][3152][gc,phases   ] GC(2)   Evacuate Collection Set: 10.6ms
[2022-02-20T03:57:48.217+0000][3152][gc,phases   ] GC(2)   Post Evacuate Collection Set: 0.6ms
[2022-02-20T03:57:48.217+0000][3152][gc,phases   ] GC(2)   Other: 0.8ms
[2022-02-20T03:57:48.217+0000][3152][gc,heap     ] GC(2) Eden regions: 10->0(10)
[2022-02-20T03:57:48.217+0000][3152][gc,heap     ] GC(2) Survivor regions: 1->1(2)
[2022-02-20T03:57:48.217+0000][3152][gc,heap     ] GC(2) Old regions: 2->2
[2022-02-20T03:57:48.217+0000][3152][gc,heap     ] GC(2) Archive regions: 0->0
[2022-02-20T03:57:48.217+0000][3152][gc,heap     ] GC(2) Humongous regions: 0->0
[2022-02-20T03:57:48.217+0000][3152][gc,metaspace] GC(2) Metaspace: 14923K(15232K)->14923K(15232K) NonClass: 13188K(13376K)->13188K(13376K) Class: 1735K(1856K)->1735K(1856K)
[2022-02-20T03:57:48.248+0000][3152][gc          ] GC(2) Pause Young (Normal) (G1 Evacuation Pause) 48M->8M(956M) 42.232ms
[2022-02-20T03:57:48.248+0000][3152][gc,cpu      ] GC(2) User=0.00s Sys=0.00s Real=0.03s
[2022-02-20T03:57:48.248+0000][3152][safepoint   ] Safepoint "G1CollectForAllocation", Time since last: 1616026090 ns, Reaching safepoint: 7362458 ns, At safepoint: 42535971 ns, Total: 49898429 ns
[2022-02-20T03:57:48.778+0000][3152][gc,start    ] GC(3) Pause Young (Normal) (G1 Evacuation Pause)
[2022-02-20T03:57:48.778+0000][3152][gc,task     ] GC(3) Using 2 workers of 2 for evacuation
[2022-02-20T03:57:48.778+0000][3152][gc,age      ] GC(3) Desired survivor size 4194304 bytes, new threshold 15 (max threshold 15)
[2022-02-20T03:57:48.794+0000][3152][gc,age      ] GC(3) Age table with threshold 15 (max threshold 15)
[2022-02-20T03:57:48.794+0000][3152][gc,age      ] GC(3) - age   1:     109232 bytes,     109232 total
[2022-02-20T03:57:48.794+0000][3152][gc,age      ] GC(3) - age   2:     773456 bytes,     882688 total
[2022-02-20T03:57:48.794+0000][3152][gc,age      ] GC(3) - age   3:    1670920 bytes,    2553608 total
[2022-02-20T03:57:48.794+0000][3152][gc,phases   ] GC(3)   Pre Evacuate Collection Set: 0.1ms
[2022-02-20T03:57:48.794+0000][3152][gc,phases   ] GC(3)   Merge Heap Roots: 0.0ms
[2022-02-20T03:57:48.794+0000][3152][gc,phases   ] GC(3)   Evacuate Collection Set: 11.2ms
[2022-02-20T03:57:48.794+0000][3152][gc,phases   ] GC(3)   Post Evacuate Collection Set: 0.4ms
[2022-02-20T03:57:48.794+0000][3152][gc,phases   ] GC(3)   Other: 0.4ms
[2022-02-20T03:57:48.794+0000][3152][gc,heap     ] GC(3) Eden regions: 10->0(10)
[2022-02-20T03:57:48.794+0000][3152][gc,heap     ] GC(3) Survivor regions: 1->1(2)
[2022-02-20T03:57:48.794+0000][3152][gc,heap     ] GC(3) Old regions: 2->2
[2022-02-20T03:57:48.794+0000][3152][gc,heap     ] GC(3) Archive regions: 0->0
[2022-02-20T03:57:48.794+0000][3152][gc,heap     ] GC(3) Humongous regions: 0->0
[2022-02-20T03:57:48.794+0000][3152][gc,metaspace] GC(3) Metaspace: 14954K(15232K)->14954K(15232K) NonClass: 13219K(13376K)->13219K(13376K) Class: 1735K(1856K)->1735K(1856K)
[2022-02-20T03:57:48.794+0000][3152][gc          ] GC(3) Pause Young (Normal) (G1 Evacuation Pause) 48M->8M(956M) 12.420ms
[2022-02-20T03:57:48.794+0000][3152][gc,cpu      ] GC(3) User=0.03s Sys=0.00s Real=0.02s
[2022-02-20T03:57:48.794+0000][3152][safepoint   ] Safepoint "G1CollectForAllocation", Time since last: 522945004 ns, Reaching safepoint: 53377 ns, At safepoint: 12557496 ns, Total: 12610873 ns
[2022-02-20T03:57:49.808+0000][3152][safepoint   ] Safepoint "Cleanup", Time since last: 1012862875 ns, Reaching safepoint: 70828 ns, At safepoint: 3079 ns, Total: 73907 ns
[2022-02-20T03:57:52.491+0000][3152][gc,start    ] GC(4) Pause Young (Normal) (G1 Evacuation Pause)
[2022-02-20T03:57:52.491+0000][3152][gc,task     ] GC(4) Using 2 workers of 2 for evacuation
[2022-02-20T03:57:52.491+0000][3152][gc,age      ] GC(4) Desired survivor size 4194304 bytes, new threshold 15 (max threshold 15)
[2022-02-20T03:57:52.507+0000][3152][gc,age      ] GC(4) Age table with threshold 15 (max threshold 15)
[2022-02-20T03:57:52.507+0000][3152][gc,age      ] GC(4) - age   1:    2230640 bytes,    2230640 total
[2022-02-20T03:57:52.507+0000][3152][gc,age      ] GC(4) - age   2:     107016 bytes,    2337656 total
[2022-02-20T03:57:52.507+0000][3152][gc,age      ] GC(4) - age   3:     756376 bytes,    3094032 total
[2022-02-20T03:57:52.507+0000][3152][gc,age      ] GC(4) - age   4:    1670920 bytes,    4764952 total
[2022-02-20T03:57:52.507+0000][3152][gc,phases   ] GC(4)   Pre Evacuate Collection Set: 0.1ms
[2022-02-20T03:57:52.507+0000][3152][gc,phases   ] GC(4)   Merge Heap Roots: 0.0ms
[2022-02-20T03:57:52.507+0000][3152][gc,phases   ] GC(4)   Evacuate Collection Set: 9.5ms
[2022-02-20T03:57:52.507+0000][3152][gc,phases   ] GC(4)   Post Evacuate Collection Set: 0.5ms
[2022-02-20T03:57:52.507+0000][3152][gc,phases   ] GC(4)   Other: 0.7ms
[2022-02-20T03:57:52.507+0000][3152][gc,heap     ] GC(4) Eden regions: 10->0(9)
[2022-02-20T03:57:52.507+0000][3152][gc,heap     ] GC(4) Survivor regions: 1->2(2)
[2022-02-20T03:57:52.507+0000][3152][gc,heap     ] GC(4) Old regions: 2->2
[2022-02-20T03:57:52.507+0000][3152][gc,heap     ] GC(4) Archive regions: 0->0
[2022-02-20T03:57:52.507+0000][3152][gc,heap     ] GC(4) Humongous regions: 0->0
[2022-02-20T03:57:52.507+0000][3152][gc,metaspace] GC(4) Metaspace: 14971K(15232K)->14971K(15232K) NonClass: 13234K(13376K)->13234K(13376K) Class: 1737K(1856K)->1737K(1856K)
[2022-02-20T03:57:52.507+0000][3152][gc          ] GC(4) Pause Young (Normal) (G1 Evacuation Pause) 48M->10M(956M) 11.188ms
[2022-02-20T03:57:52.507+0000][3152][gc,cpu      ] GC(4) User=0.03s Sys=0.00s Real=0.02s
[2022-02-20T03:57:52.507+0000][3152][safepoint   ] Safepoint "G1CollectForAllocation", Time since last: 2696498354 ns, Reaching safepoint: 30281 ns, At safepoint: 11368827 ns, Total: 11399108 ns
[2022-02-20T03:57:53.427+0000][3152][gc,start    ] GC(5) Pause Young (Normal) (G1 Evacuation Pause)
[2022-02-20T03:57:53.427+0000][3152][gc,task     ] GC(5) Using 2 workers of 2 for evacuation
[2022-02-20T03:57:53.427+0000][3152][gc,age      ] GC(5) Desired survivor size 4194304 bytes, new threshold 4 (max threshold 15)
[2022-02-20T03:57:53.505+0000][3152][gc,age      ] GC(5) Age table with threshold 4 (max threshold 15)
[2022-02-20T03:57:53.505+0000][3152][gc,age      ] GC(5) - age   1:    1939928 bytes,    1939928 total
[2022-02-20T03:57:53.505+0000][3152][gc,age      ] GC(5) - age   2:      71360 bytes,    2011288 total
[2022-02-20T03:57:53.505+0000][3152][gc,age      ] GC(5) - age   3:     107016 bytes,    2118304 total
[2022-02-20T03:57:53.505+0000][3152][gc,age      ] GC(5) - age   4:     756280 bytes,    2874584 total
[2022-02-20T03:57:53.505+0000][3152][gc,phases   ] GC(5)   Pre Evacuate Collection Set: 0.1ms
[2022-02-20T03:57:53.505+0000][3152][gc,phases   ] GC(5)   Merge Heap Roots: 0.0ms
[2022-02-20T03:57:53.505+0000][3152][gc,phases   ] GC(5)   Evacuate Collection Set: 74.8ms
[2022-02-20T03:57:53.505+0000][3152][gc,phases   ] GC(5)   Post Evacuate Collection Set: 0.7ms
[2022-02-20T03:57:53.505+0000][3152][gc,phases   ] GC(5)   Other: 0.8ms
[2022-02-20T03:57:53.505+0000][3152][gc,heap     ] GC(5) Eden regions: 9->0(10)
[2022-02-20T03:57:53.505+0000][3152][gc,heap     ] GC(5) Survivor regions: 2->1(2)
[2022-02-20T03:57:53.505+0000][3152][gc,heap     ] GC(5) Old regions: 2->2
[2022-02-20T03:57:53.505+0000][3152][gc,heap     ] GC(5) Archive regions: 0->0
[2022-02-20T03:57:53.505+0000][3152][gc,heap     ] GC(5) Humongous regions: 0->0
[2022-02-20T03:57:53.505+0000][3152][gc,metaspace] GC(5) Metaspace: 15856K(16192K)->15856K(16192K) NonClass: 14007K(14208K)->14007K(14208K) Class: 1849K(1984K)->1849K(1984K)
[2022-02-20T03:57:53.505+0000][3152][gc          ] GC(5) Pause Young (Normal) (G1 Evacuation Pause) 46M->10M(956M) 77.001ms
[2022-02-20T03:57:53.505+0000][3152][gc,cpu      ] GC(5) User=0.05s Sys=0.00s Real=0.08s
[2022-02-20T03:57:53.505+0000][3152][safepoint   ] Safepoint "G1CollectForAllocation", Time since last: 913289277 ns, Reaching safepoint: 66722 ns, At safepoint: 77255263 ns, Total: 77321985 ns
[2022-02-20T03:57:55.081+0000][3152][gc,start    ] GC(6) Pause Young (Normal) (G1 Evacuation Pause)
[2022-02-20T03:57:55.081+0000][3152][gc,task     ] GC(6) Using 2 workers of 2 for evacuation
[2022-02-20T03:57:55.081+0000][3152][gc,age      ] GC(6) Desired survivor size 4194304 bytes, new threshold 15 (max threshold 15)
[2022-02-20T03:57:55.081+0000][3152][gc,age      ] GC(6) Age table with threshold 15 (max threshold 15)
[2022-02-20T03:57:55.081+0000][3152][gc,age      ] GC(6) - age   1:    1347488 bytes,    1347488 total
[2022-02-20T03:57:55.081+0000][3152][gc,age      ] GC(6) - age   2:     342008 bytes,    1689496 total
[2022-02-20T03:57:55.081+0000][3152][gc,age      ] GC(6) - age   3:      71360 bytes,    1760856 total
[2022-02-20T03:57:55.081+0000][3152][gc,age      ] GC(6) - age   4:     107016 bytes,    1867872 total
[2022-02-20T03:57:55.081+0000][3152][gc,age      ] GC(6) - age   5:     756280 bytes,    2624152 total
[2022-02-20T03:57:55.081+0000][3152][gc,phases   ] GC(6)   Pre Evacuate Collection Set: 0.1ms
[2022-02-20T03:57:55.081+0000][3152][gc,phases   ] GC(6)   Merge Heap Roots: 0.0ms
[2022-02-20T03:57:55.081+0000][3152][gc,phases   ] GC(6)   Evacuate Collection Set: 5.1ms
[2022-02-20T03:57:55.081+0000][3152][gc,phases   ] GC(6)   Post Evacuate Collection Set: 0.4ms
[2022-02-20T03:57:55.081+0000][3152][gc,phases   ] GC(6)   Other: 0.6ms
[2022-02-20T03:57:55.081+0000][3152][gc,heap     ] GC(6) Eden regions: 10->0(11)
[2022-02-20T03:57:55.081+0000][3152][gc,heap     ] GC(6) Survivor regions: 1->1(2)
[2022-02-20T03:57:55.081+0000][3152][gc,heap     ] GC(6) Old regions: 2->2
[2022-02-20T03:57:55.081+0000][3152][gc,heap     ] GC(6) Archive regions: 0->0
[2022-02-20T03:57:55.081+0000][3152][gc,heap     ] GC(6) Humongous regions: 0->0
[2022-02-20T03:57:55.081+0000][3152][gc,metaspace] GC(6) Metaspace: 16358K(16704K)->16358K(16704K) NonClass: 14462K(14656K)->14462K(14656K) Class: 1895K(2048K)->1895K(2048K)
[2022-02-20T03:57:55.081+0000][3152][gc          ] GC(6) Pause Young (Normal) (G1 Evacuation Pause) 50M->10M(956M) 6.642ms
[2022-02-20T03:57:55.081+0000][3152][gc,cpu      ] GC(6) User=0.00s Sys=0.00s Real=0.00s
[2022-02-20T03:57:55.081+0000][3152][safepoint   ] Safepoint "G1CollectForAllocation", Time since last: 1581569063 ns, Reaching safepoint: 104701 ns, At safepoint: 6846651 ns, Total: 6951352 ns
[2022-02-20T03:57:55.642+0000][3152][gc,start    ] GC(7) Pause Young (Normal) (G1 Evacuation Pause)
[2022-02-20T03:57:55.673+0000][3152][gc,task     ] GC(7) Using 2 workers of 2 for evacuation
[2022-02-20T03:57:55.673+0000][3152][gc,age      ] GC(7) Desired survivor size 4194304 bytes, new threshold 15 (max threshold 15)
[2022-02-20T03:57:55.673+0000][3152][gc,age      ] GC(7) Age table with threshold 15 (max threshold 15)
[2022-02-20T03:57:55.673+0000][3152][gc,age      ] GC(7) - age   1:      37952 bytes,      37952 total
[2022-02-20T03:57:55.673+0000][3152][gc,age      ] GC(7) - age   2:     795048 bytes,     833000 total
[2022-02-20T03:57:55.673+0000][3152][gc,age      ] GC(7) - age   3:     342008 bytes,    1175008 total
[2022-02-20T03:57:55.673+0000][3152][gc,age      ] GC(7) - age   4:      71360 bytes,    1246368 total
[2022-02-20T03:57:55.673+0000][3152][gc,age      ] GC(7) - age   5:     107016 bytes,    1353384 total
[2022-02-20T03:57:55.673+0000][3152][gc,age      ] GC(7) - age   6:     756280 bytes,    2109664 total
[2022-02-20T03:57:55.673+0000][3152][gc,phases   ] GC(7)   Pre Evacuate Collection Set: 0.1ms
[2022-02-20T03:57:55.673+0000][3152][gc,phases   ] GC(7)   Merge Heap Roots: 0.0ms
[2022-02-20T03:57:55.673+0000][3152][gc,phases   ] GC(7)   Evacuate Collection Set: 3.9ms
[2022-02-20T03:57:55.673+0000][3152][gc,phases   ] GC(7)   Post Evacuate Collection Set: 0.3ms
[2022-02-20T03:57:55.673+0000][3152][gc,phases   ] GC(7)   Other: 31.0ms
[2022-02-20T03:57:55.673+0000][3152][gc,heap     ] GC(7) Eden regions: 11->0(18)
[2022-02-20T03:57:55.673+0000][3152][gc,heap     ] GC(7) Survivor regions: 1->1(2)
[2022-02-20T03:57:55.673+0000][3152][gc,heap     ] GC(7) Old regions: 2->2
[2022-02-20T03:57:55.673+0000][3152][gc,heap     ] GC(7) Archive regions: 0->0
[2022-02-20T03:57:55.673+0000][3152][gc,heap     ] GC(7) Humongous regions: 0->0
[2022-02-20T03:57:55.673+0000][3152][gc,metaspace] GC(7) Metaspace: 16398K(16704K)->16398K(16704K) NonClass: 14499K(14656K)->14499K(14656K) Class: 1899K(2048K)->1899K(2048K)
[2022-02-20T03:57:55.673+0000][3152][gc          ] GC(7) Pause Young (Normal) (G1 Evacuation Pause) 54M->9M(956M) 35.593ms
[2022-02-20T03:57:55.673+0000][3152][gc,cpu      ] GC(7) User=0.00s Sys=0.00s Real=0.03s
[2022-02-20T03:57:55.673+0000][3152][safepoint   ] Safepoint "G1CollectForAllocation", Time since last: 551037827 ns, Reaching safepoint: 222234 ns, At safepoint: 35740131 ns, Total: 35962365 ns
[2022-02-20T03:57:57.701+0000][3152][safepoint   ] Safepoint "Cleanup", Time since last: 2019359494 ns, Reaching safepoint: 60049 ns, At safepoint: 5133 ns, Total: 65182 ns
[2022-02-20T03:57:59.729+0000][3152][safepoint   ] Safepoint "Cleanup", Time since last: 2027873155 ns, Reaching safepoint: 282797 ns, At safepoint: 30794 ns, Total: 313591 ns
[2022-02-20T03:58:01.804+0000][3152][safepoint   ] Safepoint "Cleanup", Time since last: 2027852112 ns, Reaching safepoint: 46696312 ns, At safepoint: 412647 ns, Total: 47108959 ns
[2022-02-20T03:58:02.849+0000][3152][safepoint   ] Safepoint "Cleanup", Time since last: 1044802961 ns, Reaching safepoint: 517348 ns, At safepoint: 7699 ns, Total: 525047 ns
[2022-02-20T03:58:03.242+0000][3152][gc,start    ] GC(8) Pause Young (Normal) (G1 Evacuation Pause)
[2022-02-20T03:58:03.242+0000][3152][gc,task     ] GC(8) Using 2 workers of 2 for evacuation
[2022-02-20T03:58:03.242+0000][3152][gc,age      ] GC(8) Desired survivor size 6291456 bytes, new threshold 15 (max threshold 15)
[2022-02-20T03:58:03.258+0000][3152][gc,age      ] GC(8) Age table with threshold 15 (max threshold 15)
[2022-02-20T03:58:03.258+0000][3152][gc,age      ] GC(8) - age   1:    1431528 bytes,    1431528 total
[2022-02-20T03:58:03.258+0000][3152][gc,age      ] GC(8) - age   2:      21288 bytes,    1452816 total
[2022-02-20T03:58:03.258+0000][3152][gc,age      ] GC(8) - age   3:     794512 bytes,    2247328 total
[2022-02-20T03:58:03.258+0000][3152][gc,age      ] GC(8) - age   4:     342008 bytes,    2589336 total
[2022-02-20T03:58:03.258+0000][3152][gc,age      ] GC(8) - age   5:      71360 bytes,    2660696 total
[2022-02-20T03:58:03.258+0000][3152][gc,age      ] GC(8) - age   6:     107016 bytes,    2767712 total
[2022-02-20T03:58:03.258+0000][3152][gc,age      ] GC(8) - age   7:     756096 bytes,    3523808 total
[2022-02-20T03:58:03.258+0000][3152][gc,phases   ] GC(8)   Pre Evacuate Collection Set: 0.1ms
[2022-02-20T03:58:03.258+0000][3152][gc,phases   ] GC(8)   Merge Heap Roots: 0.0ms
[2022-02-20T03:58:03.258+0000][3152][gc,phases   ] GC(8)   Evacuate Collection Set: 6.1ms
[2022-02-20T03:58:03.258+0000][3152][gc,phases   ] GC(8)   Post Evacuate Collection Set: 0.4ms
[2022-02-20T03:58:03.258+0000][3152][gc,phases   ] GC(8)   Other: 0.7ms
[2022-02-20T03:58:03.258+0000][3152][gc,heap     ] GC(8) Eden regions: 18->0(65)
[2022-02-20T03:58:03.258+0000][3152][gc,heap     ] GC(8) Survivor regions: 1->1(3)
[2022-02-20T03:58:03.258+0000][3152][gc,heap     ] GC(8) Old regions: 2->2
[2022-02-20T03:58:03.258+0000][3152][gc,heap     ] GC(8) Archive regions: 0->0
[2022-02-20T03:58:03.258+0000][3152][gc,heap     ] GC(8) Humongous regions: 0->0
[2022-02-20T03:58:03.258+0000][3152][gc,metaspace] GC(8) Metaspace: 20112K(20544K)->20112K(20544K) NonClass: 17776K(17984K)->17776K(17984K) Class: 2336K(2560K)->2336K(2560K)
[2022-02-20T03:58:03.258+0000][3152][gc          ] GC(8) Pause Young (Normal) (G1 Evacuation Pause) 81M->11M(956M) 7.582ms
[2022-02-20T03:58:03.258+0000][3152][gc,cpu      ] GC(8) User=0.03s Sys=0.00s Real=0.02s
[2022-02-20T03:58:03.258+0000][3152][safepoint   ] Safepoint "G1CollectForAllocation", Time since last: 405973523 ns, Reaching safepoint: 1373949 ns, At safepoint: 7725834 ns, Total: 9099783 ns
[2022-02-20T03:58:04.444+0000][3152][safepoint   ] Safepoint "Cleanup", Time since last: 1131602989 ns, Reaching safepoint: 46901608 ns, At safepoint: 507597 ns, Total: 47409205 ns
[2022-02-20T03:58:07.486+0000][3152][safepoint   ] Safepoint "Cleanup", Time since last: 3041383228 ns, Reaching safepoint: 59536 ns, At safepoint: 4106 ns, Total: 63642 ns
[2022-02-20T03:58:10.528+0000][3152][safepoint   ] Safepoint "Cleanup", Time since last: 3042774115 ns, Reaching safepoint: 63129 ns, At safepoint: 3080 ns, Total: 66209 ns
[2022-02-20T03:58:10.730+0000][3152][gc,start    ] GC(9) Pause Young (Concurrent Start) (Metadata GC Threshold)
[2022-02-20T03:58:10.730+0000][3152][gc,task     ] GC(9) Using 2 workers of 2 for evacuation
[2022-02-20T03:58:10.730+0000][3152][gc,age      ] GC(9) Desired survivor size 18874368 bytes, new threshold 15 (max threshold 15)
[2022-02-20T03:58:10.886+0000][3152][gc,age      ] GC(9) Age table with threshold 15 (max threshold 15)
[2022-02-20T03:58:10.886+0000][3152][gc,age      ] GC(9) - age   1:    2228832 bytes,    2228832 total
[2022-02-20T03:58:10.886+0000][3152][gc,age      ] GC(9) - age   2:    1425568 bytes,    3654400 total
[2022-02-20T03:58:10.886+0000][3152][gc,age      ] GC(9) - age   3:      21288 bytes,    3675688 total
[2022-02-20T03:58:10.886+0000][3152][gc,age      ] GC(9) - age   4:     792672 bytes,    4468360 total
[2022-02-20T03:58:10.886+0000][3152][gc,age      ] GC(9) - age   5:     342008 bytes,    4810368 total
[2022-02-20T03:58:10.886+0000][3152][gc,age      ] GC(9) - age   6:      71360 bytes,    4881728 total
[2022-02-20T03:58:10.886+0000][3152][gc,age      ] GC(9) - age   7:     107016 bytes,    4988744 total
[2022-02-20T03:58:10.886+0000][3152][gc,age      ] GC(9) - age   8:     755808 bytes,    5744552 total
[2022-02-20T03:58:10.886+0000][3152][gc,phases   ] GC(9)   Pre Evacuate Collection Set: 26.7ms
[2022-02-20T03:58:10.886+0000][3152][gc,phases   ] GC(9)   Merge Heap Roots: 0.1ms
[2022-02-20T03:58:10.886+0000][3152][gc,phases   ] GC(9)   Evacuate Collection Set: 17.6ms
[2022-02-20T03:58:10.886+0000][3152][gc,phases   ] GC(9)   Post Evacuate Collection Set: 0.9ms
[2022-02-20T03:58:10.886+0000][3152][gc,phases   ] GC(9)   Other: 108.9ms
[2022-02-20T03:58:10.886+0000][3152][gc,heap     ] GC(9) Eden regions: 49->0(22)
[2022-02-20T03:58:10.886+0000][3152][gc,heap     ] GC(9) Survivor regions: 1->2(9)
[2022-02-20T03:58:10.886+0000][3152][gc,heap     ] GC(9) Old regions: 2->2
[2022-02-20T03:58:10.886+0000][3152][gc,heap     ] GC(9) Archive regions: 0->0
[2022-02-20T03:58:10.886+0000][3152][gc,heap     ] GC(9) Humongous regions: 0->0
[2022-02-20T03:58:10.886+0000][3152][gc,metaspace] GC(9) Metaspace: 21075K(21504K)->21075K(21504K) NonClass: 18565K(18816K)->18565K(18816K) Class: 2510K(2688K)->2510K(2688K)
[2022-02-20T03:58:10.886+0000][3152][gc          ] GC(9) Pause Young (Concurrent Start) (Metadata GC Threshold) 205M->13M(956M) 155.020ms
[2022-02-20T03:58:10.886+0000][3152][gc,cpu      ] GC(9) User=0.03s Sys=0.00s Real=0.16s
[2022-02-20T03:58:10.886+0000][3152][gc          ] GC(10) Concurrent Mark Cycle
[2022-02-20T03:58:10.886+0000][3152][safepoint   ] Safepoint "CollectForMetadataAllocation", Time since last: 214548567 ns, Reaching safepoint: 66722 ns, At safepoint: 155382524 ns, Total: 155449246 ns
[2022-02-20T03:58:10.918+0000][3152][gc,marking  ] GC(10) Concurrent Clear Claimed Marks
[2022-02-20T03:58:10.918+0000][3152][gc,marking  ] GC(10) Concurrent Clear Claimed Marks 0.313ms
[2022-02-20T03:58:10.918+0000][3152][gc,marking  ] GC(10) Concurrent Scan Root Regions
[2022-02-20T03:58:10.949+0000][3152][gc,marking  ] GC(10) Concurrent Scan Root Regions 39.435ms
[2022-02-20T03:58:10.949+0000][3152][gc,marking  ] GC(10) Concurrent Mark
[2022-02-20T03:58:10.949+0000][3152][gc,marking  ] GC(10) Concurrent Mark From Roots
[2022-02-20T03:58:10.949+0000][3152][gc,task     ] GC(10) Using 1 workers of 1 for marking
[2022-02-20T03:58:11.042+0000][3152][gc,marking  ] GC(10) Concurrent Mark From Roots 91.523ms
[2022-02-20T03:58:11.042+0000][3152][gc,marking  ] GC(10) Concurrent Preclean
[2022-02-20T03:58:11.042+0000][3152][gc,marking  ] GC(10) Concurrent Preclean 0.146ms
[2022-02-20T03:58:11.042+0000][3152][gc,start    ] GC(10) Pause Remark
[2022-02-20T03:58:11.089+0000][3152][gc          ] GC(10) Pause Remark 16M->16M(956M) 39.954ms
[2022-02-20T03:58:11.089+0000][3152][gc,cpu      ] GC(10) User=0.00s Sys=0.00s Real=0.05s
[2022-02-20T03:58:11.089+0000][3152][safepoint   ] Safepoint "G1Concurrent", Time since last: 152109579 ns, Reaching safepoint: 92384 ns, At safepoint: 40158120 ns, Total: 40250504 ns
[2022-02-20T03:58:11.089+0000][3152][gc,marking  ] GC(10) Concurrent Mark 132.290ms
[2022-02-20T03:58:11.089+0000][3152][gc,marking  ] GC(10) Concurrent Rebuild Remembered Sets
[2022-02-20T03:58:11.089+0000][3152][gc,marking  ] GC(10) Concurrent Rebuild Remembered Sets 9.664ms
[2022-02-20T03:58:11.089+0000][3152][gc,start    ] GC(10) Pause Cleanup
[2022-02-20T03:58:11.089+0000][3152][gc          ] GC(10) Pause Cleanup 16M->16M(956M) 0.193ms
[2022-02-20T03:58:11.089+0000][3152][gc,cpu      ] GC(10) User=0.00s Sys=0.00s Real=0.00s
[2022-02-20T03:58:11.089+0000][3152][safepoint   ] Safepoint "G1Concurrent", Time since last: 9964083 ns, Reaching safepoint: 100595 ns, At safepoint: 300247 ns, Total: 400842 ns
[2022-02-20T03:58:11.089+0000][3152][gc,marking  ] GC(10) Concurrent Cleanup for Next Mark
[2022-02-20T03:58:11.105+0000][3152][gc,marking  ] GC(10) Concurrent Cleanup for Next Mark 5.824ms
[2022-02-20T03:58:11.105+0000][3152][gc          ] GC(10) Concurrent Mark Cycle 208.822ms
[2022-02-20T03:58:12.134+0000][3152][safepoint   ] Safepoint "Cleanup", Time since last: 1002147918 ns, Reaching safepoint: 31124032 ns, At safepoint: 31821 ns, Total: 31155853 ns
[2022-02-20T03:58:13.055+0000][3152][safepoint   ] Safepoint "ICBufferFull", Time since last: 924058637 ns, Reaching safepoint: 54916 ns, At safepoint: 14884 ns, Total: 69800 ns
[2022-02-20T03:58:13.086+0000][3152][safepoint   ] Safepoint "ICBufferFull", Time since last: 40421413 ns, Reaching safepoint: 72367 ns, At safepoint: 4620 ns, Total: 76987 ns
[2022-02-20T03:58:13.102+0000][3152][safepoint   ] Safepoint "ICBufferFull", Time since last: 9543224 ns, Reaching safepoint: 45679 ns, At safepoint: 5132 ns, Total: 50811 ns
[2022-02-20T03:58:13.102+0000][3152][safepoint   ] Safepoint "ICBufferFull", Time since last: 3052251 ns, Reaching safepoint: 46706 ns, At safepoint: 6158 ns, Total: 52864 ns
[2022-02-20T03:58:13.102+0000][3152][safepoint   ] Safepoint "ICBufferFull", Time since last: 3246257 ns, Reaching safepoint: 43112 ns, At safepoint: 6159 ns, Total: 49271 ns
[2022-02-20T03:58:14.116+0000][3152][safepoint   ] Safepoint "Cleanup", Time since last: 1000621023 ns, Reaching safepoint: 81093 ns, At safepoint: 4619 ns, Total: 85712 ns
[2022-02-20T03:58:15.130+0000][3152][safepoint   ] Safepoint "Cleanup", Time since last: 1013727688 ns, Reaching safepoint: 80579 ns, At safepoint: 6159 ns, Total: 86738 ns
[2022-02-20T03:58:16.144+0000][3152][safepoint   ] Safepoint "Cleanup", Time since last: 1013741545 ns, Reaching safepoint: 63129 ns, At safepoint: 8725 ns, Total: 71854 ns
[2022-02-20T03:58:19.188+0000][3152][safepoint   ] Safepoint "Cleanup", Time since last: 3044056707 ns, Reaching safepoint: 391604 ns, At safepoint: 5133 ns, Total: 396737 ns
[2022-02-20T03:58:20.514+0000][3152][gc,start    ] GC(11) Pause Young (Normal) (G1 Evacuation Pause)
[2022-02-20T03:58:20.514+0000][3152][gc,task     ] GC(11) Using 2 workers of 2 for evacuation
[2022-02-20T03:58:20.514+0000][3152][gc,age      ] GC(11) Desired survivor size 12582912 bytes, new threshold 15 (max threshold 15)
[2022-02-20T03:58:20.529+0000][3152][gc,age      ] GC(11) Age table with threshold 15 (max threshold 15)
[2022-02-20T03:58:20.529+0000][3152][gc,age      ] GC(11) - age   1:    1330680 bytes,    1330680 total
[2022-02-20T03:58:20.529+0000][3152][gc,age      ] GC(11) - age   2:    2211192 bytes,    3541872 total
[2022-02-20T03:58:20.529+0000][3152][gc,age      ] GC(11) - age   3:    1424472 bytes,    4966344 total
[2022-02-20T03:58:20.529+0000][3152][gc,age      ] GC(11) - age   4:      21288 bytes,    4987632 total
[2022-02-20T03:58:20.529+0000][3152][gc,age      ] GC(11) - age   5:     792144 bytes,    5779776 total
[2022-02-20T03:58:20.529+0000][3152][gc,age      ] GC(11) - age   6:     341312 bytes,    6121088 total
[2022-02-20T03:58:20.529+0000][3152][gc,age      ] GC(11) - age   7:      71280 bytes,    6192368 total
[2022-02-20T03:58:20.529+0000][3152][gc,age      ] GC(11) - age   8:     107016 bytes,    6299384 total
[2022-02-20T03:58:20.529+0000][3152][gc,age      ] GC(11) - age   9:     754128 bytes,    7053512 total
[2022-02-20T03:58:20.529+0000][3152][gc,phases   ] GC(11)   Pre Evacuate Collection Set: 0.1ms
[2022-02-20T03:58:20.529+0000][3152][gc,phases   ] GC(11)   Merge Heap Roots: 0.1ms
[2022-02-20T03:58:20.529+0000][3152][gc,phases   ] GC(11)   Evacuate Collection Set: 9.9ms
[2022-02-20T03:58:20.529+0000][3152][gc,phases   ] GC(11)   Post Evacuate Collection Set: 0.6ms
[2022-02-20T03:58:20.529+0000][3152][gc,phases   ] GC(11)   Other: 0.8ms
[2022-02-20T03:58:20.529+0000][3152][gc,heap     ] GC(11) Eden regions: 45->0(47)
[2022-02-20T03:58:20.529+0000][3152][gc,heap     ] GC(11) Survivor regions: 2->2(6)
[2022-02-20T03:58:20.529+0000][3152][gc,heap     ] GC(11) Old regions: 2->2
[2022-02-20T03:58:20.529+0000][3152][gc,heap     ] GC(11) Archive regions: 0->0
[2022-02-20T03:58:20.529+0000][3152][gc,heap     ] GC(11) Humongous regions: 0->0
[2022-02-20T03:58:20.529+0000][3152][gc,metaspace] GC(11) Metaspace: 22476K(22976K)->22476K(22976K) NonClass: 19788K(20096K)->19788K(20096K) Class: 2687K(2880K)->2687K(2880K)
[2022-02-20T03:58:20.529+0000][3152][gc          ] GC(11) Pause Young (Normal) (G1 Evacuation Pause) 193M->14M(956M) 11.724ms
[2022-02-20T03:58:20.529+0000][3152][gc,cpu      ] GC(11) User=0.03s Sys=0.00s Real=0.02s
[2022-02-20T03:58:20.529+0000][3152][safepoint   ] Safepoint "G1CollectForAllocation", Time since last: 1338719809 ns, Reaching safepoint: 60563 ns, At safepoint: 11873344 ns, Total: 11933907 ns
[2022-02-20T03:58:21.543+0000][3152][safepoint   ] Safepoint "Cleanup", Time since last: 1004283519 ns, Reaching safepoint: 42599 ns, At safepoint: 3080 ns, Total: 45679 ns
[2022-02-20T03:58:22.557+0000][3152][safepoint   ] Safepoint "Cleanup", Time since last: 1014089524 ns, Reaching safepoint: 419318 ns, At safepoint: 3593 ns, Total: 422911 ns
[2022-02-20T03:58:25.602+0000][3152][safepoint   ] Safepoint "Cleanup", Time since last: 3044590479 ns, Reaching safepoint: 50298 ns, At safepoint: 4106 ns, Total: 54404 ns
[2022-02-20T03:58:26.617+0000][3152][safepoint   ] Safepoint "Cleanup", Time since last: 1015135511 ns, Reaching safepoint: 45165 ns, At safepoint: 4106 ns, Total: 49271 ns
[2022-02-20T03:58:27.618+0000][3152][safepoint   ] Safepoint "Cleanup", Time since last: 1002708892 ns, Reaching safepoint: 51838 ns, At safepoint: 177068 ns, Total: 228906 ns
[2022-02-20T03:58:28.413+0000][3152][gc,start    ] GC(12) Pause Young (Normal) (G1 Evacuation Pause)
[2022-02-20T03:58:28.413+0000][3152][gc,task     ] GC(12) Using 2 workers of 2 for evacuation
[2022-02-20T03:58:28.413+0000][3152][gc,age      ] GC(12) Desired survivor size 14680064 bytes, new threshold 15 (max threshold 15)
[2022-02-20T03:58:28.429+0000][3152][gc,age      ] GC(12) Age table with threshold 15 (max threshold 15)
[2022-02-20T03:58:28.429+0000][3152][gc,age      ] GC(12) - age   1:    1663936 bytes,    1663936 total
[2022-02-20T03:58:28.429+0000][3152][gc,age      ] GC(12) - age   2:    1130400 bytes,    2794336 total
[2022-02-20T03:58:28.429+0000][3152][gc,age      ] GC(12) - age   3:    2211192 bytes,    5005528 total
[2022-02-20T03:58:28.429+0000][3152][gc,age      ] GC(12) - age   4:    1424472 bytes,    6430000 total
[2022-02-20T03:58:28.429+0000][3152][gc,age      ] GC(12) - age   5:      21288 bytes,    6451288 total
[2022-02-20T03:58:28.429+0000][3152][gc,age      ] GC(12) - age   6:     792144 bytes,    7243432 total
[2022-02-20T03:58:28.429+0000][3152][gc,age      ] GC(12) - age   7:     341312 bytes,    7584744 total
[2022-02-20T03:58:28.429+0000][3152][gc,age      ] GC(12) - age   8:      71280 bytes,    7656024 total
[2022-02-20T03:58:28.429+0000][3152][gc,age      ] GC(12) - age   9:     107016 bytes,    7763040 total
[2022-02-20T03:58:28.429+0000][3152][gc,age      ] GC(12) - age  10:     754128 bytes,    8517168 total
[2022-02-20T03:58:28.429+0000][3152][gc,phases   ] GC(12)   Pre Evacuate Collection Set: 0.1ms
[2022-02-20T03:58:28.429+0000][3152][gc,phases   ] GC(12)   Merge Heap Roots: 0.0ms
[2022-02-20T03:58:28.429+0000][3152][gc,phases   ] GC(12)   Evacuate Collection Set: 10.1ms
[2022-02-20T03:58:28.429+0000][3152][gc,phases   ] GC(12)   Post Evacuate Collection Set: 0.6ms
[2022-02-20T03:58:28.429+0000][3152][gc,phases   ] GC(12)   Other: 0.8ms
[2022-02-20T03:58:28.429+0000][3152][gc,heap     ] GC(12) Eden regions: 47->0(60)
[2022-02-20T03:58:28.429+0000][3152][gc,heap     ] GC(12) Survivor regions: 2->3(7)
[2022-02-20T03:58:28.429+0000][3152][gc,heap     ] GC(12) Old regions: 2->2
[2022-02-20T03:58:28.429+0000][3152][gc,heap     ] GC(12) Archive regions: 0->0
[2022-02-20T03:58:28.429+0000][3152][gc,heap     ] GC(12) Humongous regions: 0->0
[2022-02-20T03:58:28.429+0000][3152][gc,metaspace] GC(12) Metaspace: 22551K(23104K)->22551K(23104K) NonClass: 19849K(20160K)->19849K(20160K) Class: 2701K(2944K)->2701K(2944K)
[2022-02-20T03:58:28.429+0000][3152][gc          ] GC(12) Pause Young (Normal) (G1 Evacuation Pause) 202M->15M(956M) 12.035ms
[2022-02-20T03:58:28.429+0000][3152][gc,cpu      ] GC(12) User=0.03s Sys=0.00s Real=0.02s
[2022-02-20T03:58:28.429+0000][3152][safepoint   ] Safepoint "G1CollectForAllocation", Time since last: 797747689 ns, Reaching safepoint: 56456 ns, At safepoint: 12216190 ns, Total: 12272646 ns
[2022-02-20T03:58:29.583+0000][3152][safepoint   ] Safepoint "Cleanup", Time since last: 1152535570 ns, Reaching safepoint: 61589 ns, At safepoint: 2567 ns, Total: 64156 ns
[2022-02-20T03:58:30.628+0000][3152][safepoint   ] Safepoint "Cleanup", Time since last: 1041141491 ns, Reaching safepoint: 59536 ns, At safepoint: 9138277 ns, Total: 9197813 ns
[2022-02-20T03:58:30.847+0000][3152][gc,start    ] GC(13) Pause Young (Normal) (G1 Evacuation Pause)
[2022-02-20T03:58:30.847+0000][3152][gc,task     ] GC(13) Using 2 workers of 2 for evacuation
[2022-02-20T03:58:30.847+0000][3152][gc,age      ] GC(13) Desired survivor size 16777216 bytes, new threshold 15 (max threshold 15)
[2022-02-20T03:58:30.847+0000][3152][gc,age      ] GC(13) Age table with threshold 15 (max threshold 15)
[2022-02-20T03:58:30.847+0000][3152][gc,age      ] GC(13) - age   1:     670816 bytes,     670816 total
[2022-02-20T03:58:30.847+0000][3152][gc,age      ] GC(13) - age   2:    1657936 bytes,    2328752 total
[2022-02-20T03:58:30.847+0000][3152][gc,age      ] GC(13) - age   3:    1130008 bytes,    3458760 total
[2022-02-20T03:58:30.847+0000][3152][gc,age      ] GC(13) - age   4:    2211192 bytes,    5669952 total
[2022-02-20T03:58:30.847+0000][3152][gc,age      ] GC(13) - age   5:    1424472 bytes,    7094424 total
[2022-02-20T03:58:30.847+0000][3152][gc,age      ] GC(13) - age   6:      21000 bytes,    7115424 total
[2022-02-20T03:58:30.847+0000][3152][gc,age      ] GC(13) - age   7:     792144 bytes,    7907568 total
[2022-02-20T03:58:30.847+0000][3152][gc,age      ] GC(13) - age   8:     341312 bytes,    8248880 total
[2022-02-20T03:58:30.847+0000][3152][gc,age      ] GC(13) - age   9:      71280 bytes,    8320160 total
[2022-02-20T03:58:30.847+0000][3152][gc,age      ] GC(13) - age  10:     107016 bytes,    8427176 total
[2022-02-20T03:58:30.847+0000][3152][gc,age      ] GC(13) - age  11:     754128 bytes,    9181304 total
[2022-02-20T03:58:30.847+0000][3152][gc,phases   ] GC(13)   Pre Evacuate Collection Set: 0.1ms
[2022-02-20T03:58:30.847+0000][3152][gc,phases   ] GC(13)   Merge Heap Roots: 0.0ms
[2022-02-20T03:58:30.847+0000][3152][gc,phases   ] GC(13)   Evacuate Collection Set: 11.3ms
[2022-02-20T03:58:30.847+0000][3152][gc,phases   ] GC(13)   Post Evacuate Collection Set: 0.7ms
[2022-02-20T03:58:30.847+0000][3152][gc,phases   ] GC(13)   Other: 0.9ms
[2022-02-20T03:58:30.847+0000][3152][gc,heap     ] GC(13) Eden regions: 60->0(71)
[2022-02-20T03:58:30.847+0000][3152][gc,heap     ] GC(13) Survivor regions: 3->3(8)
[2022-02-20T03:58:30.847+0000][3152][gc,heap     ] GC(13) Old regions: 2->2
[2022-02-20T03:58:30.847+0000][3152][gc,heap     ] GC(13) Archive regions: 0->0
[2022-02-20T03:58:30.847+0000][3152][gc,heap     ] GC(13) Humongous regions: 0->0
[2022-02-20T03:58:30.847+0000][3152][gc,metaspace] GC(13) Metaspace: 23006K(23552K)->23006K(23552K) NonClass: 20239K(20544K)->20239K(20544K) Class: 2767K(3008K)->2767K(3008K)
[2022-02-20T03:58:30.847+0000][3152][gc          ] GC(13) Pause Young (Normal) (G1 Evacuation Pause) 255M->16M(956M) 13.344ms
[2022-02-20T03:58:30.847+0000][3152][gc,cpu      ] GC(13) User=0.00s Sys=0.00s Real=0.00s
[2022-02-20T03:58:30.847+0000][3152][safepoint   ] Safepoint "G1CollectForAllocation", Time since last: 213063758 ns, Reaching safepoint: 90331 ns, At safepoint: 13513153 ns, Total: 13603484 ns
[2022-02-20T03:58:31.861+0000][3152][safepoint   ] Safepoint "Cleanup", Time since last: 1000457812 ns, Reaching safepoint: 37979 ns, At safepoint: 3080 ns, Total: 41059 ns
[2022-02-20T03:58:33.889+0000][3152][safepoint   ] Safepoint "Cleanup", Time since last: 2027957840 ns, Reaching safepoint: 62616 ns, At safepoint: 4106 ns, Total: 66722 ns
[2022-02-20T03:58:43.031+0000][3152][safepoint   ] Safepoint "Cleanup", Time since last: 9127170116 ns, Reaching safepoint: 15226355 ns, At safepoint: 504517 ns, Total: 15730872 ns
[2022-02-20T03:58:44.108+0000][3152][safepoint   ] Safepoint "Cleanup", Time since last: 1013407938 ns, Reaching safepoint: 62649418 ns, At safepoint: 698522 ns, Total: 63347940 ns
[2022-02-20T03:58:46.042+0000][3152][safepoint   ] Safepoint "Cleanup", Time since last: 1933419148 ns, Reaching safepoint: 1136831 ns, At safepoint: 1130159 ns, Total: 2266990 ns
[2022-02-20T03:58:47.056+0000][3152][safepoint   ] Safepoint "Cleanup", Time since last: 1011781988 ns, Reaching safepoint: 82632 ns, At safepoint: 6158 ns, Total: 88790 ns
[2022-02-20T03:58:48.275+0000][3152][safepoint   ] Safepoint "Cleanup", Time since last: 1000307946 ns, Reaching safepoint: 218535432 ns, At safepoint: 35927 ns, Total: 218571359 ns
[2022-02-20T03:58:49.289+0000][3152][safepoint   ] Safepoint "Cleanup", Time since last: 1013760023 ns, Reaching safepoint: 61076 ns, At safepoint: 5132 ns, Total: 66208 ns
[2022-02-20T03:58:50.740+0000][3152][safepoint   ] Safepoint "Cleanup", Time since last: 1013860104 ns, Reaching safepoint: 436801414 ns, At safepoint: 80066 ns, Total: 436881480 ns
[2022-02-20T03:58:51.754+0000][3152][safepoint   ] Safepoint "Cleanup", Time since last: 1013892438 ns, Reaching safepoint: 58510 ns, At safepoint: 5132 ns, Total: 63642 ns
[2022-02-20T03:59:01.880+0000][3152][safepoint   ] Safepoint "Cleanup", Time since last: 10126151844 ns, Reaching safepoint: 66208 ns, At safepoint: 4106 ns, Total: 70314 ns
[2022-02-20T03:59:03.924+0000][3152][safepoint   ] Safepoint "Cleanup", Time since last: 2045548702 ns, Reaching safepoint: 71341 ns, At safepoint: 3593 ns, Total: 74934 ns
[2022-02-20T03:59:04.549+0000][3152][gc,start    ] GC(14) Pause Young (Normal) (G1 Evacuation Pause)
[2022-02-20T03:59:04.549+0000][3152][gc,task     ] GC(14) Using 2 workers of 2 for evacuation
[2022-02-20T03:59:04.549+0000][3152][gc,age      ] GC(14) Desired survivor size 20971520 bytes, new threshold 15 (max threshold 15)
[2022-02-20T03:59:04.564+0000][3152][gc,age      ] GC(14) Age table with threshold 15 (max threshold 15)
[2022-02-20T03:59:04.564+0000][3152][gc,age      ] GC(14) - age   1:    2896240 bytes,    2896240 total
[2022-02-20T03:59:04.564+0000][3152][gc,age      ] GC(14) - age   2:     462272 bytes,    3358512 total
[2022-02-20T03:59:04.564+0000][3152][gc,age      ] GC(14) - age   3:    1657936 bytes,    5016448 total
[2022-02-20T03:59:04.564+0000][3152][gc,age      ] GC(14) - age   4:    1128608 bytes,    6145056 total
[2022-02-20T03:59:04.564+0000][3152][gc,age      ] GC(14) - age   5:    2207912 bytes,    8352968 total
[2022-02-20T03:59:04.564+0000][3152][gc,age      ] GC(14) - age   6:    1422960 bytes,    9775928 total
[2022-02-20T03:59:04.564+0000][3152][gc,age      ] GC(14) - age   7:      20936 bytes,    9796864 total
[2022-02-20T03:59:04.564+0000][3152][gc,age      ] GC(14) - age   8:     791248 bytes,   10588112 total
[2022-02-20T03:59:04.564+0000][3152][gc,age      ] GC(14) - age   9:     340768 bytes,   10928880 total
[2022-02-20T03:59:04.564+0000][3152][gc,age      ] GC(14) - age  10:      71280 bytes,   11000160 total
[2022-02-20T03:59:04.564+0000][3152][gc,age      ] GC(14) - age  11:     107016 bytes,   11107176 total
[2022-02-20T03:59:04.564+0000][3152][gc,age      ] GC(14) - age  12:     754032 bytes,   11861208 total
[2022-02-20T03:59:04.564+0000][3152][gc,phases   ] GC(14)   Pre Evacuate Collection Set: 0.1ms
[2022-02-20T03:59:04.564+0000][3152][gc,phases   ] GC(14)   Merge Heap Roots: 0.0ms
[2022-02-20T03:59:04.564+0000][3152][gc,phases   ] GC(14)   Evacuate Collection Set: 14.7ms
[2022-02-20T03:59:04.564+0000][3152][gc,phases   ] GC(14)   Post Evacuate Collection Set: 0.9ms
[2022-02-20T03:59:04.564+0000][3152][gc,phases   ] GC(14)   Other: 0.8ms
[2022-02-20T03:59:04.564+0000][3152][gc,heap     ] GC(14) Eden regions: 71->0(140)
[2022-02-20T03:59:04.564+0000][3152][gc,heap     ] GC(14) Survivor regions: 3->3(10)
[2022-02-20T03:59:04.564+0000][3152][gc,heap     ] GC(14) Old regions: 2->2
[2022-02-20T03:59:04.564+0000][3152][gc,heap     ] GC(14) Archive regions: 0->0
[2022-02-20T03:59:04.564+0000][3152][gc,heap     ] GC(14) Humongous regions: 0->0
[2022-02-20T03:59:04.564+0000][3152][gc,metaspace] GC(14) Metaspace: 27992K(28608K)->27992K(28608K) NonClass: 24661K(25024K)->24661K(25024K) Class: 3330K(3584K)->3330K(3584K)
[2022-02-20T03:59:04.564+0000][3152][gc          ] GC(14) Pause Young (Normal) (G1 Evacuation Pause) 300M->19M(956M) 16.889ms
[2022-02-20T03:59:04.564+0000][3152][gc,cpu      ] GC(14) User=0.03s Sys=0.00s Real=0.01s
[2022-02-20T03:59:04.564+0000][3152][safepoint   ] Safepoint "G1CollectForAllocation", Time since last: 628047247 ns, Reaching safepoint: 37980 ns, At safepoint: 17038613 ns, Total: 17076593 ns
[2022-02-20T03:59:06.592+0000][3152][safepoint   ] Safepoint "Cleanup", Time since last: 2021227182 ns, Reaching safepoint: 66722 ns, At safepoint: 5646 ns, Total: 72368 ns
[2022-02-20T03:59:08.652+0000][3152][safepoint   ] Safepoint "Cleanup", Time since last: 2043264261 ns, Reaching safepoint: 96489 ns, At safepoint: 20420366 ns, Total: 20516855 ns
[2022-02-20T03:59:09.666+0000][3152][safepoint   ] Safepoint "Cleanup", Time since last: 1009328690 ns, Reaching safepoint: 74933 ns, At safepoint: 8212 ns, Total: 83145 ns
[2022-02-20T03:59:11.725+0000][3152][safepoint   ] Safepoint "Cleanup", Time since last: 2027871102 ns, Reaching safepoint: 31237458 ns, At safepoint: 367994 ns, Total: 31605452 ns
[2022-02-20T03:59:13.753+0000][3152][safepoint   ] Safepoint "Cleanup", Time since last: 2027532363 ns, Reaching safepoint: 62616 ns, At safepoint: 454219 ns, Total: 516835 ns
[2022-02-20T03:59:16.951+0000][3152][gc,start    ] GC(15) Pause Young (Normal) (G1 Evacuation Pause)
[2022-02-20T03:59:16.951+0000][3152][gc,task     ] GC(15) Using 2 workers of 2 for evacuation
[2022-02-20T03:59:16.951+0000][3152][gc,age      ] GC(15) Desired survivor size 37748736 bytes, new threshold 15 (max threshold 15)
[2022-02-20T03:59:17.762+0000][3152][gc,age      ] GC(15) Age table with threshold 15 (max threshold 15)
[2022-02-20T03:59:17.762+0000][3152][gc,age      ] GC(15) - age   1:    2948472 bytes,    2948472 total
[2022-02-20T03:59:17.762+0000][3152][gc,age      ] GC(15) - age   2:    2864816 bytes,    5813288 total
[2022-02-20T03:59:17.762+0000][3152][gc,age      ] GC(15) - age   3:     461120 bytes,    6274408 total
[2022-02-20T03:59:17.762+0000][3152][gc,age      ] GC(15) - age   4:    1657936 bytes,    7932344 total
[2022-02-20T03:59:17.762+0000][3152][gc,age      ] GC(15) - age   5:    1127296 bytes,    9059640 total
[2022-02-20T03:59:17.762+0000][3152][gc,age      ] GC(15) - age   6:    2207472 bytes,   11267112 total
[2022-02-20T03:59:17.762+0000][3152][gc,age      ] GC(15) - age   7:    1421136 bytes,   12688248 total
[2022-02-20T03:59:17.762+0000][3152][gc,age      ] GC(15) - age   8:      20872 bytes,   12709120 total
[2022-02-20T03:59:17.762+0000][3152][gc,age      ] GC(15) - age   9:     791008 bytes,   13500128 total
[2022-02-20T03:59:17.762+0000][3152][gc,age      ] GC(15) - age  10:     321840 bytes,   13821968 total
[2022-02-20T03:59:17.762+0000][3152][gc,age      ] GC(15) - age  11:      71280 bytes,   13893248 total
[2022-02-20T03:59:17.762+0000][3152][gc,age      ] GC(15) - age  12:     107016 bytes,   14000264 total
[2022-02-20T03:59:17.762+0000][3152][gc,age      ] GC(15) - age  13:     753904 bytes,   14754168 total
[2022-02-20T03:59:17.762+0000][3152][gc,mmu      ] GC(15) MMU target violated: 201.0ms (200.0ms/201.0ms)
[2022-02-20T03:59:17.762+0000][3152][gc,phases   ] GC(15)   Pre Evacuate Collection Set: 0.1ms
[2022-02-20T03:59:17.762+0000][3152][gc,phases   ] GC(15)   Merge Heap Roots: 0.1ms
[2022-02-20T03:59:17.762+0000][3152][gc,phases   ] GC(15)   Evacuate Collection Set: 813.1ms
[2022-02-20T03:59:17.762+0000][3152][gc,phases   ] GC(15)   Post Evacuate Collection Set: 1.0ms
[2022-02-20T03:59:17.762+0000][3152][gc,phases   ] GC(15)   Other: 0.8ms
[2022-02-20T03:59:17.762+0000][3152][gc,heap     ] GC(15) Eden regions: 140->0(7)
[2022-02-20T03:59:17.762+0000][3152][gc,heap     ] GC(15) Survivor regions: 3->4(18)
[2022-02-20T03:59:17.762+0000][3152][gc,heap     ] GC(15) Old regions: 2->2
[2022-02-20T03:59:17.762+0000][3152][gc,heap     ] GC(15) Archive regions: 0->0
[2022-02-20T03:59:17.762+0000][3152][gc,heap     ] GC(15) Humongous regions: 0->0
[2022-02-20T03:59:17.762+0000][3152][gc,metaspace] GC(15) Metaspace: 29656K(30336K)->29656K(30336K) NonClass: 26085K(26496K)->26085K(26496K) Class: 3570K(3840K)->3570K(3840K)
[2022-02-20T03:59:17.762+0000][3152][gc          ] GC(15) Pause Young (Normal) (G1 Evacuation Pause) 579M->22M(956M) 815.393ms
[2022-02-20T03:59:17.762+0000][3152][gc,cpu      ] GC(15) User=0.16s Sys=0.00s Real=0.81s
[2022-02-20T03:59:17.762+0000][3152][safepoint   ] Safepoint "G1CollectForAllocation", Time since last: 3205646895 ns, Reaching safepoint: 44139 ns, At safepoint: 815536662 ns, Total: 815580801 ns
[2022-02-20T03:59:17.903+0000][3152][gc,start    ] GC(16) Pause Young (Normal) (G1 Evacuation Pause)
[2022-02-20T03:59:17.903+0000][3152][gc,task     ] GC(16) Using 2 workers of 2 for evacuation
[2022-02-20T03:59:17.903+0000][3152][gc,age      ] GC(16) Desired survivor size 4194304 bytes, new threshold 2 (max threshold 15)
[2022-02-20T03:59:18.761+0000][3152][gc,age      ] GC(16) Age table with threshold 2 (max threshold 15)
[2022-02-20T03:59:18.761+0000][3152][gc,age      ] GC(16) - age   1:    1930376 bytes,    1930376 total
[2022-02-20T03:59:18.761+0000][3152][gc,age      ] GC(16) - age   2:    2929168 bytes,    4859544 total
[2022-02-20T03:59:18.761+0000][3152][gc,mmu      ] GC(16) MMU target violated: 201.0ms (200.0ms/201.0ms)
[2022-02-20T03:59:18.761+0000][3152][gc,phases   ] GC(16)   Pre Evacuate Collection Set: 0.0ms
[2022-02-20T03:59:18.761+0000][3152][gc,phases   ] GC(16)   Merge Heap Roots: 0.0ms
[2022-02-20T03:59:18.761+0000][3152][gc,phases   ] GC(16)   Evacuate Collection Set: 858.8ms
[2022-02-20T03:59:18.761+0000][3152][gc,phases   ] GC(16)   Post Evacuate Collection Set: 0.9ms
[2022-02-20T03:59:18.761+0000][3152][gc,phases   ] GC(16)   Other: 0.6ms
[2022-02-20T03:59:18.761+0000][3152][gc,heap     ] GC(16) Eden regions: 7->0(9)
[2022-02-20T03:59:18.761+0000][3152][gc,heap     ] GC(16) Survivor regions: 4->2(2)
[2022-02-20T03:59:18.761+0000][3152][gc,heap     ] GC(16) Old regions: 2->5
[2022-02-20T03:59:18.761+0000][3152][gc,heap     ] GC(16) Archive regions: 0->0
[2022-02-20T03:59:18.761+0000][3152][gc,heap     ] GC(16) Humongous regions: 0->0
[2022-02-20T03:59:18.761+0000][3152][gc,metaspace] GC(16) Metaspace: 29659K(30336K)->29659K(30336K) NonClass: 26087K(26496K)->26087K(26496K) Class: 3571K(3840K)->3571K(3840K)
[2022-02-20T03:59:18.761+0000][3152][gc          ] GC(16) Pause Young (Normal) (G1 Evacuation Pause) 50M->25M(956M) 861.056ms
[2022-02-20T03:59:18.761+0000][3152][gc,cpu      ] GC(16) User=0.08s Sys=0.00s Real=0.86s
[2022-02-20T03:59:18.761+0000][3152][safepoint   ] Safepoint "G1CollectForAllocation", Time since last: 130571885 ns, Reaching safepoint: 33874 ns, At safepoint: 861279882 ns, Total: 861313756 ns
[2022-02-20T03:59:18.948+0000][3152][gc,start    ] GC(17) Pause Young (Normal) (G1 Evacuation Pause)
[2022-02-20T03:59:18.948+0000][3152][gc,task     ] GC(17) Using 2 workers of 2 for evacuation
[2022-02-20T03:59:18.948+0000][3152][gc,age      ] GC(17) Desired survivor size 4194304 bytes, new threshold 2 (max threshold 15)
[2022-02-20T03:59:19.197+0000][3152][gc,age      ] GC(17) Age table with threshold 2 (max threshold 15)
[2022-02-20T03:59:19.197+0000][3152][gc,age      ] GC(17) - age   1:     223152 bytes,     223152 total
[2022-02-20T03:59:19.197+0000][3152][gc,age      ] GC(17) - age   2:       7512 bytes,     230664 total
[2022-02-20T03:59:19.197+0000][3152][gc,mmu      ] GC(17) MMU target violated: 201.0ms (200.0ms/201.0ms)
[2022-02-20T03:59:19.197+0000][3152][gc,phases   ] GC(17)   Pre Evacuate Collection Set: 0.1ms
[2022-02-20T03:59:19.197+0000][3152][gc,phases   ] GC(17)   Merge Heap Roots: 0.0ms
[2022-02-20T03:59:19.197+0000][3152][gc,phases   ] GC(17)   Evacuate Collection Set: 234.9ms
[2022-02-20T03:59:19.197+0000][3152][gc,phases   ] GC(17)   Post Evacuate Collection Set: 0.5ms
[2022-02-20T03:59:19.197+0000][3152][gc,phases   ] GC(17)   Other: 3.7ms
[2022-02-20T03:59:19.197+0000][3152][gc,heap     ] GC(17) Eden regions: 9->0(54)
[2022-02-20T03:59:19.197+0000][3152][gc,heap     ] GC(17) Survivor regions: 2->1(2)
[2022-02-20T03:59:19.197+0000][3152][gc,heap     ] GC(17) Old regions: 5->6
[2022-02-20T03:59:19.197+0000][3152][gc,heap     ] GC(17) Archive regions: 0->0
[2022-02-20T03:59:19.197+0000][3152][gc,heap     ] GC(17) Humongous regions: 0->0
[2022-02-20T03:59:19.197+0000][3152][gc,metaspace] GC(17) Metaspace: 29661K(30400K)->29661K(30400K) NonClass: 26088K(26560K)->26088K(26560K) Class: 3572K(3840K)->3572K(3840K)
[2022-02-20T03:59:19.197+0000][3152][gc          ] GC(17) Pause Young (Normal) (G1 Evacuation Pause) 61M->23M(956M) 239.853ms
[2022-02-20T03:59:19.197+0000][3152][gc,cpu      ] GC(17) User=0.00s Sys=0.02s Real=0.25s
[2022-02-20T03:59:19.197+0000][3152][safepoint   ] Safepoint "G1CollectForAllocation", Time since last: 192881023 ns, Reaching safepoint: 110861 ns, At safepoint: 240099302 ns, Total: 240210163 ns
[2022-02-20T03:59:24.256+0000][3152][safepoint   ] Safepoint "Cleanup", Time since last: 5055863330 ns, Reaching safepoint: 82631 ns, At safepoint: 1127080 ns, Total: 1209711 ns
[2022-02-20T03:59:41.000+0000][3152][gc,start    ] GC(18) Pause Young (Normal) (G1 Evacuation Pause)
[2022-02-20T03:59:41.000+0000][3152][gc,task     ] GC(18) Using 2 workers of 2 for evacuation
[2022-02-20T03:59:41.000+0000][3152][gc,age      ] GC(18) Desired survivor size 14680064 bytes, new threshold 15 (max threshold 15)
[2022-02-20T03:59:41.000+0000][3152][gc,age      ] GC(18) Age table with threshold 15 (max threshold 15)
[2022-02-20T03:59:41.000+0000][3152][gc,age      ] GC(18) - age   1:    1138704 bytes,    1138704 total
[2022-02-20T03:59:41.000+0000][3152][gc,age      ] GC(18) - age   2:      15448 bytes,    1154152 total
[2022-02-20T03:59:41.000+0000][3152][gc,age      ] GC(18) - age   3:       7512 bytes,    1161664 total
[2022-02-20T03:59:41.000+0000][3152][gc,phases   ] GC(18)   Pre Evacuate Collection Set: 0.1ms
[2022-02-20T03:59:41.000+0000][3152][gc,phases   ] GC(18)   Merge Heap Roots: 0.0ms
[2022-02-20T03:59:41.000+0000][3152][gc,phases   ] GC(18)   Evacuate Collection Set: 2.3ms
[2022-02-20T03:59:41.000+0000][3152][gc,phases   ] GC(18)   Post Evacuate Collection Set: 0.5ms
[2022-02-20T03:59:41.000+0000][3152][gc,phases   ] GC(18)   Other: 0.4ms
[2022-02-20T03:59:41.000+0000][3152][gc,heap     ] GC(18) Eden regions: 54->0(93)
[2022-02-20T03:59:41.000+0000][3152][gc,heap     ] GC(18) Survivor regions: 1->1(7)
[2022-02-20T03:59:41.015+0000][3152][gc,heap     ] GC(18) Old regions: 6->6
[2022-02-20T03:59:41.015+0000][3152][gc,heap     ] GC(18) Archive regions: 0->0
[2022-02-20T03:59:41.015+0000][3152][gc,heap     ] GC(18) Humongous regions: 0->0
[2022-02-20T03:59:41.015+0000][3152][gc,metaspace] GC(18) Metaspace: 29711K(30400K)->29711K(30400K) NonClass: 26126K(26560K)->26126K(26560K) Class: 3584K(3840K)->3584K(3840K)
[2022-02-20T03:59:41.015+0000][3152][gc          ] GC(18) Pause Young (Normal) (G1 Evacuation Pause) 239M->23M(956M) 3.750ms
[2022-02-20T03:59:41.015+0000][3152][gc,cpu      ] GC(18) User=0.00s Sys=0.02s Real=0.02s
[2022-02-20T03:59:41.015+0000][3152][safepoint   ] Safepoint "G1CollectForAllocation", Time since last: 16754205250 ns, Reaching safepoint: 32334 ns, At safepoint: 3902180 ns, Total: 3934514 ns
[2022-02-20T03:59:42.029+0000][3152][safepoint   ] Safepoint "Cleanup", Time since last: 1013690222 ns, Reaching safepoint: 66721 ns, At safepoint: 4619 ns, Total: 71340 ns
[2022-02-20T03:59:43.043+0000][3152][safepoint   ] Safepoint "Cleanup", Time since last: 1013912969 ns, Reaching safepoint: 64668 ns, At safepoint: 4620 ns, Total: 69288 ns
[2022-02-20T03:59:44.057+0000][3152][safepoint   ] Safepoint "Cleanup", Time since last: 1013947869 ns, Reaching safepoint: 80579 ns, At safepoint: 4106 ns, Total: 84685 ns
[2022-02-20T04:00:32.708+0000][3152][safepoint   ] Safepoint "Cleanup", Time since last: 48649682457 ns, Reaching safepoint: 56969 ns, At safepoint: 5133 ns, Total: 62102 ns
[2022-02-20T04:00:34.723+0000][3152][safepoint   ] Safepoint "Cleanup", Time since last: 2015324384 ns, Reaching safepoint: 57483 ns, At safepoint: 5133 ns, Total: 62616 ns
[2022-02-20T04:00:35.738+0000][3152][safepoint   ] Safepoint "Cleanup", Time since last: 1014913277 ns, Reaching safepoint: 68775 ns, At safepoint: 4619 ns, Total: 73394 ns
[2022-02-20T04:00:37.486+0000][3152][safepoint   ] Safepoint "Cleanup", Time since last: 1013967885 ns, Reaching safepoint: 733139226 ns, At safepoint: 51324 ns, Total: 733190550 ns
[2022-02-20T04:00:38.500+0000][3152][safepoint   ] Safepoint "Cleanup", Time since last: 1013884227 ns, Reaching safepoint: 57483 ns, At safepoint: 3593 ns, Total: 61076 ns
[2022-02-20T04:00:40.528+0000][3152][safepoint   ] Safepoint "Cleanup", Time since last: 2027941929 ns, Reaching safepoint: 65695 ns, At safepoint: 5133 ns, Total: 70828 ns
[2022-02-20T04:00:41.542+0000][3152][safepoint   ] Safepoint "Cleanup", Time since last: 1013896544 ns, Reaching safepoint: 66722 ns, At safepoint: 5646 ns, Total: 72368 ns
[2022-02-20T04:00:55.738+0000][3152][safepoint   ] Safepoint "Cleanup", Time since last: 14195620709 ns, Reaching safepoint: 64156 ns, At safepoint: 5645 ns, Total: 69801 ns
[2022-02-20T04:00:56.752+0000][3152][safepoint   ] Safepoint "Cleanup", Time since last: 1013927340 ns, Reaching safepoint: 62102 ns, At safepoint: 5132 ns, Total: 67234 ns
[2022-02-20T04:00:57.766+0000][3152][safepoint   ] Safepoint "Cleanup", Time since last: 1013890900 ns, Reaching safepoint: 56456 ns, At safepoint: 5133 ns, Total: 61589 ns
[2022-02-20T04:01:02.836+0000][3152][safepoint   ] Safepoint "Cleanup", Time since last: 5069836860 ns, Reaching safepoint: 77500 ns, At safepoint: 24636 ns, Total: 102136 ns
[2022-02-20T04:01:20.061+0000][3152][safepoint   ] Safepoint "Cleanup", Time since last: 17224944800 ns, Reaching safepoint: 111374 ns, At safepoint: 8212 ns, Total: 119586 ns
[2022-02-20T04:01:21.075+0000][3152][safepoint   ] Safepoint "Cleanup", Time since last: 1013859591 ns, Reaching safepoint: 96490 ns, At safepoint: 8212 ns, Total: 104702 ns
[2022-02-20T04:01:22.167+0000][3152][safepoint   ] Safepoint "Cleanup", Time since last: 1013878068 ns, Reaching safepoint: 78065159 ns, At safepoint: 415726 ns, Total: 78480885 ns
[2022-02-20T04:01:26.223+0000][3152][safepoint   ] Safepoint "Cleanup", Time since last: 4055472239 ns, Reaching safepoint: 73907 ns, At safepoint: 7185 ns, Total: 81092 ns
[2022-02-20T04:01:29.266+0000][3152][safepoint   ] Safepoint "Cleanup", Time since last: 3042796185 ns, Reaching safepoint: 40546 ns, At safepoint: 3593 ns, Total: 44139 ns
[2022-02-20T04:01:32.285+0000][3152][safepoint   ] Safepoint "Cleanup", Time since last: 3018756948 ns, Reaching safepoint: 43112 ns, At safepoint: 3079 ns, Total: 46191 ns
[2022-02-20T04:01:40.399+0000][3152][safepoint   ] Safepoint "Cleanup", Time since last: 8113790920 ns, Reaching safepoint: 62102 ns, At safepoint: 5133 ns, Total: 67235 ns
[2022-02-20T04:01:41.413+0000][3152][safepoint   ] Safepoint "Cleanup", Time since last: 1013942223 ns, Reaching safepoint: 79039 ns, At safepoint: 7186 ns, Total: 86225 ns
[2022-02-20T04:01:42.427+0000][3152][safepoint   ] Safepoint "Cleanup", Time since last: 1013820071 ns, Reaching safepoint: 48245 ns, At safepoint: 3593 ns, Total: 51838 ns
[2022-02-20T04:01:53.583+0000][3152][safepoint   ] Safepoint "Cleanup", Time since last: 11155738201 ns, Reaching safepoint: 90844 ns, At safepoint: 4106 ns, Total: 94950 ns
[2022-02-20T04:01:57.470+0000][3152][safepoint   ] Safepoint "ICBufferFull", Time since last: 3892166282 ns, Reaching safepoint: 64155 ns, At safepoint: 7186 ns, Total: 71341 ns
[2022-02-20T04:01:57.470+0000][3152][safepoint   ] Safepoint "ICBufferFull", Time since last: 2958841 ns, Reaching safepoint: 57483 ns, At safepoint: 2566 ns, Total: 60049 ns
[2022-02-20T04:01:57.470+0000][3152][safepoint   ] Safepoint "ICBufferFull", Time since last: 2857219 ns, Reaching safepoint: 79040 ns, At safepoint: 4619 ns, Total: 83659 ns
[2022-02-20T04:01:58.484+0000][3152][safepoint   ] Safepoint "Cleanup", Time since last: 1003087665 ns, Reaching safepoint: 55430 ns, At safepoint: 5132 ns, Total: 60562 ns
[2022-02-20T04:01:59.499+0000][3152][safepoint   ] Safepoint "Cleanup", Time since last: 1014904039 ns, Reaching safepoint: 55944 ns, At safepoint: 5645 ns, Total: 61589 ns
[2022-02-20T04:02:01.514+0000][3152][safepoint   ] Safepoint "Cleanup", Time since last: 2014253248 ns, Reaching safepoint: 56970 ns, At safepoint: 5133 ns, Total: 62103 ns
[2022-02-20T04:02:02.528+0000][3152][safepoint   ] Safepoint "Cleanup", Time since last: 1013912968 ns, Reaching safepoint: 47218 ns, At safepoint: 3080 ns, Total: 50298 ns
[2022-02-20T04:02:03.542+0000][3152][safepoint   ] Safepoint "Cleanup", Time since last: 1013934525 ns, Reaching safepoint: 173989 ns, At safepoint: 5645 ns, Total: 179634 ns
[2022-02-20T04:02:04.555+0000][3152][safepoint   ] Safepoint "Cleanup", Time since last: 1013249860 ns, Reaching safepoint: 62616 ns, At safepoint: 5132 ns, Total: 67748 ns
[2022-02-20T04:02:28.866+0000][3152][safepoint   ] Safepoint "Cleanup", Time since last: 24310185599 ns, Reaching safepoint: 59536 ns, At safepoint: 5645 ns, Total: 65181 ns
[2022-02-20T04:02:31.175+0000][3152][gc,start    ] GC(19) Pause Young (Concurrent Start) (Metadata GC Threshold)
[2022-02-20T04:02:31.175+0000][3152][gc,task     ] GC(19) Using 2 workers of 2 for evacuation
[2022-02-20T04:02:31.175+0000][3152][gc,age      ] GC(19) Desired survivor size 25165824 bytes, new threshold 15 (max threshold 15)
[2022-02-20T04:02:31.190+0000][3152][gc,age      ] GC(19) Age table with threshold 15 (max threshold 15)
[2022-02-20T04:02:31.190+0000][3152][gc,age      ] GC(19) - age   1:    2107440 bytes,    2107440 total
[2022-02-20T04:02:31.190+0000][3152][gc,age      ] GC(19) - age   2:     493040 bytes,    2600480 total
[2022-02-20T04:02:31.190+0000][3152][gc,age      ] GC(19) - age   3:      15448 bytes,    2615928 total
[2022-02-20T04:02:31.190+0000][3152][gc,age      ] GC(19) - age   4:       7512 bytes,    2623440 total
[2022-02-20T04:02:31.190+0000][3152][gc,phases   ] GC(19)   Pre Evacuate Collection Set: 0.1ms
[2022-02-20T04:02:31.190+0000][3152][gc,phases   ] GC(19)   Merge Heap Roots: 0.1ms
[2022-02-20T04:02:31.190+0000][3152][gc,phases   ] GC(19)   Evacuate Collection Set: 12.8ms
[2022-02-20T04:02:31.190+0000][3152][gc,phases   ] GC(19)   Post Evacuate Collection Set: 0.7ms
[2022-02-20T04:02:31.190+0000][3152][gc,phases   ] GC(19)   Other: 0.8ms
[2022-02-20T04:02:31.190+0000][3152][gc,heap     ] GC(19) Eden regions: 14->0(113)
[2022-02-20T04:02:31.190+0000][3152][gc,heap     ] GC(19) Survivor regions: 1->1(12)
[2022-02-20T04:02:31.190+0000][3152][gc,heap     ] GC(19) Old regions: 6->6
[2022-02-20T04:02:31.190+0000][3152][gc,heap     ] GC(19) Archive regions: 0->0
[2022-02-20T04:02:31.190+0000][3152][gc,heap     ] GC(19) Humongous regions: 0->0
[2022-02-20T04:02:31.190+0000][3152][gc,metaspace] GC(19) Metaspace: 35152K(35968K)->35152K(35968K) NonClass: 30838K(31296K)->30838K(31296K) Class: 4314K(4672K)->4314K(4672K)
[2022-02-20T04:02:31.190+0000][3152][gc          ] GC(19) Pause Young (Concurrent Start) (Metadata GC Threshold) 79M->24M(956M) 14.915ms
[2022-02-20T04:02:31.190+0000][3152][gc,cpu      ] GC(19) User=0.03s Sys=0.00s Real=0.02s
[2022-02-20T04:02:31.190+0000][3152][safepoint   ] Safepoint "CollectForMetadataAllocation", Time since last: 2314530707 ns, Reaching safepoint: 64669 ns, At safepoint: 15220709 ns, Total: 15285378 ns
[2022-02-20T04:02:31.190+0000][3152][gc          ] GC(20) Concurrent Mark Cycle
[2022-02-20T04:02:31.190+0000][3152][gc,marking  ] GC(20) Concurrent Clear Claimed Marks
[2022-02-20T04:02:31.190+0000][3152][gc,marking  ] GC(20) Concurrent Clear Claimed Marks 0.068ms
[2022-02-20T04:02:31.190+0000][3152][gc,marking  ] GC(20) Concurrent Scan Root Regions
[2022-02-20T04:02:31.190+0000][3152][gc,marking  ] GC(20) Concurrent Scan Root Regions 5.163ms
[2022-02-20T04:02:31.190+0000][3152][gc,marking  ] GC(20) Concurrent Mark
[2022-02-20T04:02:31.190+0000][3152][gc,marking  ] GC(20) Concurrent Mark From Roots
[2022-02-20T04:02:31.190+0000][3152][gc,task     ] GC(20) Using 1 workers of 1 for marking
[2022-02-20T04:02:31.237+0000][3152][gc,marking  ] GC(20) Concurrent Mark From Roots 48.240ms
[2022-02-20T04:02:31.237+0000][3152][gc,marking  ] GC(20) Concurrent Preclean
[2022-02-20T04:02:31.237+0000][3152][gc,marking  ] GC(20) Concurrent Preclean 0.259ms
[2022-02-20T04:02:31.237+0000][3152][gc,start    ] GC(20) Pause Remark
[2022-02-20T04:02:31.253+0000][3152][gc          ] GC(20) Pause Remark 26M->26M(956M) 5.920ms
[2022-02-20T04:02:31.253+0000][3152][gc,cpu      ] GC(20) User=0.03s Sys=0.00s Real=0.02s
[2022-02-20T04:02:31.253+0000][3152][safepoint   ] Safepoint "G1Concurrent", Time since last: 54214283 ns, Reaching safepoint: 37467 ns, At safepoint: 6089618 ns, Total: 6127085 ns
[2022-02-20T04:02:31.253+0000][3152][gc,marking  ] GC(20) Concurrent Mark 54.928ms
[2022-02-20T04:02:31.253+0000][3152][gc,marking  ] GC(20) Concurrent Rebuild Remembered Sets
[2022-02-20T04:02:31.268+0000][3152][gc,marking  ] GC(20) Concurrent Rebuild Remembered Sets 19.376ms
[2022-02-20T04:02:31.268+0000][3152][gc,start    ] GC(20) Pause Cleanup
[2022-02-20T04:02:31.268+0000][3152][gc          ] GC(20) Pause Cleanup 26M->26M(956M) 0.100ms
[2022-02-20T04:02:31.268+0000][3152][gc,cpu      ] GC(20) User=0.00s Sys=0.00s Real=0.00s
[2022-02-20T04:02:31.268+0000][3152][safepoint   ] Safepoint "G1Concurrent", Time since last: 19628433 ns, Reaching safepoint: 24636 ns, At safepoint: 183740 ns, Total: 208376 ns
[2022-02-20T04:02:31.268+0000][3152][gc,marking  ] GC(20) Concurrent Cleanup for Next Mark
[2022-02-20T04:02:31.268+0000][3152][gc,marking  ] GC(20) Concurrent Cleanup for Next Mark 4.878ms
[2022-02-20T04:02:31.268+0000][3152][gc          ] GC(20) Concurrent Mark Cycle 85.178ms
[2022-02-20T04:02:34.298+0000][3152][safepoint   ] Safepoint "Cleanup", Time since last: 3021638803 ns, Reaching safepoint: 245843 ns, At safepoint: 7185 ns, Total: 253028 ns
[2022-02-20T04:02:35.312+0000][3152][safepoint   ] Safepoint "Cleanup", Time since last: 1013841628 ns, Reaching safepoint: 68261 ns, At safepoint: 1588485 ns, Total: 1656746 ns
[2022-02-20T04:02:36.327+0000][3152][safepoint   ] Safepoint "Cleanup", Time since last: 1013207774 ns, Reaching safepoint: 79552 ns, At safepoint: 5646 ns, Total: 85198 ns
[2022-02-20T04:03:09.744+0000][3152][safepoint   ] Safepoint "Cleanup", Time since last: 33415876530 ns, Reaching safepoint: 67748 ns, At safepoint: 6159 ns, Total: 73907 ns
[2022-02-20T04:03:14.814+0000][3152][safepoint   ] Safepoint "Cleanup", Time since last: 5069830702 ns, Reaching safepoint: 88791 ns, At safepoint: 7185 ns, Total: 95976 ns
[2022-02-20T04:04:07.826+0000][3152][safepoint   ] Safepoint "Cleanup", Time since last: 53011663942 ns, Reaching safepoint: 68261 ns, At safepoint: 8725 ns, Total: 76986 ns
[2022-02-20T04:04:09.870+0000][3152][safepoint   ] Safepoint "Cleanup", Time since last: 2027829530 ns, Reaching safepoint: 15653372 ns, At safepoint: 390578 ns, Total: 16043950 ns
[2022-02-20T04:04:14.723+0000][3152][safepoint   ] Safepoint "Cleanup", Time since last: 4679491562 ns, Reaching safepoint: 172717791 ns, At safepoint: 134983 ns, Total: 172852774 ns
[2022-02-20T04:04:15.738+0000][3152][safepoint   ] Safepoint "Cleanup", Time since last: 1014634587 ns, Reaching safepoint: 309998 ns, At safepoint: 369535 ns, Total: 679533 ns
[2022-02-20T04:04:17.753+0000][3152][safepoint   ] Safepoint "Cleanup", Time since last: 2014795231 ns, Reaching safepoint: 59023 ns, At safepoint: 5646 ns, Total: 64669 ns
[2022-02-20T04:04:18.768+0000][3152][safepoint   ] Safepoint "Cleanup", Time since last: 1014845529 ns, Reaching safepoint: 67748 ns, At safepoint: 5646 ns, Total: 73394 ns
[2022-02-20T04:04:20.796+0000][3152][safepoint   ] Safepoint "Cleanup", Time since last: 2027878288 ns, Reaching safepoint: 869432 ns, At safepoint: 1427840 ns, Total: 2297272 ns
[2022-02-20T04:04:21.982+0000][3152][safepoint   ] Safepoint "Cleanup", Time since last: 1011715265 ns, Reaching safepoint: 171615861 ns, At safepoint: 1700884 ns, Total: 173316745 ns
[2022-02-20T04:04:23.776+0000][3152][safepoint   ] Safepoint "Cleanup", Time since last: 1792216478 ns, Reaching safepoint: 143708 ns, At safepoint: 5132 ns, Total: 148840 ns
[2022-02-20T04:04:24.972+0000][3152][safepoint   ] Safepoint "Cleanup", Time since last: 1000650791 ns, Reaching safepoint: 38493 ns, At safepoint: 196302296 ns, Total: 196340789 ns
[2022-02-20T04:04:25.976+0000][3152][safepoint   ] Safepoint "Cleanup", Time since last: 1002795630 ns, Reaching safepoint: 196058 ns, At safepoint: 183228 ns, Total: 379286 ns
[2022-02-20T04:04:26.991+0000][3152][safepoint   ] Safepoint "Cleanup", Time since last: 1014661275 ns, Reaching safepoint: 47732 ns, At safepoint: 3593 ns, Total: 51325 ns
[2022-02-20T04:04:28.020+0000][3152][safepoint   ] Safepoint "Cleanup", Time since last: 1013852919 ns, Reaching safepoint: 131903 ns, At safepoint: 15518903 ns, Total: 15650806 ns
[2022-02-20T04:04:29.035+0000][3152][safepoint   ] Safepoint "Cleanup", Time since last: 1014998989 ns, Reaching safepoint: 181175 ns, At safepoint: 5132 ns, Total: 186307 ns
[2022-02-20T04:04:30.050+0000][3152][safepoint   ] Safepoint "Cleanup", Time since last: 1014808576 ns, Reaching safepoint: 67748 ns, At safepoint: 5132 ns, Total: 72880 ns
[2022-02-20T04:04:32.078+0000][3152][safepoint   ] Safepoint "Cleanup", Time since last: 2027867510 ns, Reaching safepoint: 66208 ns, At safepoint: 5133 ns, Total: 71341 ns
[2022-02-20T04:04:37.136+0000][3152][safepoint   ] Safepoint "Cleanup", Time since last: 5057248570 ns, Reaching safepoint: 60049 ns, At safepoint: 4620 ns, Total: 64669 ns
[2022-02-20T04:04:45.249+0000][3152][safepoint   ] Safepoint "Cleanup", Time since last: 8112802928 ns, Reaching safepoint: 50298 ns, At safepoint: 3592 ns, Total: 53890 ns
[2022-02-20T04:04:46.264+0000][3152][safepoint   ] Safepoint "Cleanup", Time since last: 1014813709 ns, Reaching safepoint: 50811 ns, At safepoint: 3593 ns, Total: 54404 ns
[2022-02-20T04:04:48.292+0000][3152][safepoint   ] Safepoint "Cleanup", Time since last: 2027990687 ns, Reaching safepoint: 55944 ns, At safepoint: 4619 ns, Total: 60563 ns
[2022-02-20T04:04:51.334+0000][3152][safepoint   ] Safepoint "Cleanup", Time since last: 3041857464 ns, Reaching safepoint: 89304 ns, At safepoint: 4620 ns, Total: 93924 ns
[2022-02-20T04:04:52.348+0000][3152][safepoint   ] Safepoint "Cleanup", Time since last: 1013860617 ns, Reaching safepoint: 61076 ns, At safepoint: 4619 ns, Total: 65695 ns
[2022-02-20T04:04:55.391+0000][3152][safepoint   ] Safepoint "Cleanup", Time since last: 3042845456 ns, Reaching safepoint: 67748 ns, At safepoint: 4106 ns, Total: 71854 ns
[2022-02-20T04:04:56.567+0000][3152][safepoint   ] Safepoint "Cleanup", Time since last: 1175948651 ns, Reaching safepoint: 109834 ns, At safepoint: 4619 ns, Total: 114453 ns
[2022-02-20T04:04:57.581+0000][3152][safepoint   ] Safepoint "Cleanup", Time since last: 1013851893 ns, Reaching safepoint: 56970 ns, At safepoint: 4619 ns, Total: 61589 ns
[2022-02-20T04:04:59.609+0000][3152][safepoint   ] Safepoint "Cleanup", Time since last: 2027969645 ns, Reaching safepoint: 69801 ns, At safepoint: 4619 ns, Total: 74420 ns
[2022-02-20T04:05:03.638+0000][3152][safepoint   ] Safepoint "Cleanup", Time since last: 4028591181 ns, Reaching safepoint: 120612 ns, At safepoint: 5132 ns, Total: 125744 ns
[2022-02-20T04:05:04.653+0000][3152][safepoint   ] Safepoint "Cleanup", Time since last: 1015648754 ns, Reaching safepoint: 940773 ns, At safepoint: 1979061 ns, Total: 2919834 ns
[2022-02-20T04:05:05.668+0000][3152][safepoint   ] Safepoint "Cleanup", Time since last: 1011284142 ns, Reaching safepoint: 56970 ns, At safepoint: 5133 ns, Total: 62103 ns
[2022-02-20T04:05:06.728+0000][3152][safepoint   ] Safepoint "Cleanup", Time since last: 1060842805 ns, Reaching safepoint: 69801 ns, At safepoint: 7185 ns, Total: 76986 ns
[2022-02-20T04:05:10.784+0000][3152][safepoint   ] Safepoint "Cleanup", Time since last: 4055818165 ns, Reaching safepoint: 219667 ns, At safepoint: 3593 ns, Total: 223260 ns
[2022-02-20T04:05:11.923+0000][3152][safepoint   ] Safepoint "Cleanup", Time since last: 1139129172 ns, Reaching safepoint: 90330 ns, At safepoint: 3898588 ns, Total: 3988918 ns
[2022-02-20T04:05:13.938+0000][3152][safepoint   ] Safepoint "Cleanup", Time since last: 2009599681 ns, Reaching safepoint: 81093 ns, At safepoint: 3592 ns, Total: 84685 ns
[2022-02-20T04:05:14.952+0000][3152][safepoint   ] Safepoint "Cleanup", Time since last: 1014065402 ns, Reaching safepoint: 132929 ns, At safepoint: 3080 ns, Total: 136009 ns
[2022-02-20T04:05:15.981+0000][3152][safepoint   ] Safepoint "Cleanup", Time since last: 1013738466 ns, Reaching safepoint: 649251 ns, At safepoint: 15031837 ns, Total: 15681088 ns
[2022-02-20T04:05:16.699+0000][3152][gc,start    ] GC(21) Pause Young (Normal) (G1 Evacuation Pause)
[2022-02-20T04:05:16.699+0000][3152][gc,task     ] GC(21) Using 2 workers of 2 for evacuation
[2022-02-20T04:05:16.699+0000][3152][gc,age      ] GC(21) Desired survivor size 37748736 bytes, new threshold 15 (max threshold 15)
[2022-02-20T04:05:17.073+0000][3152][gc,age      ] GC(21) Age table with threshold 15 (max threshold 15)
[2022-02-20T04:05:17.073+0000][3152][gc,age      ] GC(21) - age   1:   23456536 bytes,   23456536 total
[2022-02-20T04:05:17.073+0000][3152][gc,age      ] GC(21) - age   2:    1954880 bytes,   25411416 total
[2022-02-20T04:05:17.073+0000][3152][gc,age      ] GC(21) - age   3:     487440 bytes,   25898856 total
[2022-02-20T04:05:17.073+0000][3152][gc,age      ] GC(21) - age   4:      14816 bytes,   25913672 total
[2022-02-20T04:05:17.073+0000][3152][gc,age      ] GC(21) - age   5:       6624 bytes,   25920296 total
[2022-02-20T04:05:17.073+0000][3152][gc,mmu      ] GC(21) MMU target violated: 201.0ms (200.0ms/201.0ms)
[2022-02-20T04:05:17.073+0000][3152][gc,phases   ] GC(21)   Pre Evacuate Collection Set: 0.1ms
[2022-02-20T04:05:17.073+0000][3152][gc,phases   ] GC(21)   Merge Heap Roots: 0.1ms
[2022-02-20T04:05:17.073+0000][3152][gc,phases   ] GC(21)   Evacuate Collection Set: 379.8ms
[2022-02-20T04:05:17.073+0000][3152][gc,phases   ] GC(21)   Post Evacuate Collection Set: 2.6ms
[2022-02-20T04:05:17.073+0000][3152][gc,phases   ] GC(21)   Other: 0.9ms
[2022-02-20T04:05:17.073+0000][3152][gc,heap     ] GC(21) Eden regions: 142->0(4)
[2022-02-20T04:05:17.073+0000][3152][gc,heap     ] GC(21) Survivor regions: 1->7(18)
[2022-02-20T04:05:17.073+0000][3152][gc,heap     ] GC(21) Old regions: 6->6
[2022-02-20T04:05:17.073+0000][3152][gc,heap     ] GC(21) Archive regions: 0->0
[2022-02-20T04:05:17.073+0000][3152][gc,heap     ] GC(21) Humongous regions: 0->0
[2022-02-20T04:05:17.073+0000][3152][gc,metaspace] GC(21) Metaspace: 57861K(59264K)->57861K(59264K) NonClass: 50134K(50880K)->50134K(50880K) Class: 7726K(8384K)->7726K(8384K)
[2022-02-20T04:05:17.073+0000][3152][gc          ] GC(21) Pause Young (Normal) (G1 Evacuation Pause) 592M->47M(956M) 384.110ms
[2022-02-20T04:05:17.073+0000][3152][gc,cpu      ] GC(21) User=0.22s Sys=0.02s Real=0.37s
[2022-02-20T04:05:17.494+0000][3152][safepoint   ] Safepoint "G1CollectForAllocation", Time since last: 718638081 ns, Reaching safepoint: 60562 ns, At safepoint: 801270583 ns, Total: 801331145 ns
[2022-02-20T04:05:17.751+0000][3152][gc,start    ] GC(22) Pause Young (Normal) (G1 Evacuation Pause)
[2022-02-20T04:05:17.752+0000][3152][gc,task     ] GC(22) Using 2 workers of 2 for evacuation
[2022-02-20T04:05:17.752+0000][3152][gc,age      ] GC(22) Desired survivor size 4194304 bytes, new threshold 1 (max threshold 15)
[2022-02-20T04:05:19.048+0000][3152][gc,age      ] GC(22) Age table with threshold 1 (max threshold 15)
[2022-02-20T04:05:19.048+0000][3152][gc,age      ] GC(22) - age   1:      86024 bytes,      86024 total
[2022-02-20T04:05:19.048+0000][3152][gc,mmu      ] GC(22) MMU target violated: 201.0ms (200.0ms/201.0ms)
[2022-02-20T04:05:19.048+0000][3152][gc,phases   ] GC(22)   Pre Evacuate Collection Set: 0.1ms
[2022-02-20T04:05:19.048+0000][3152][gc,phases   ] GC(22)   Merge Heap Roots: 0.1ms
[2022-02-20T04:05:19.048+0000][3152][gc,phases   ] GC(22)   Evacuate Collection Set: 1307.3ms
[2022-02-20T04:05:19.048+0000][3152][gc,phases   ] GC(22)   Post Evacuate Collection Set: 1.6ms
[2022-02-20T04:05:19.048+0000][3152][gc,phases   ] GC(22)   Other: 0.6ms
[2022-02-20T04:05:19.048+0000][3152][gc,heap     ] GC(22) Eden regions: 4->0(59)
[2022-02-20T04:05:19.048+0000][3152][gc,heap     ] GC(22) Survivor regions: 7->1(2)
[2022-02-20T04:05:19.048+0000][3152][gc,heap     ] GC(22) Old regions: 6->12
[2022-02-20T04:05:19.048+0000][3152][gc,heap     ] GC(22) Archive regions: 0->0
[2022-02-20T04:05:19.048+0000][3152][gc,heap     ] GC(22) Humongous regions: 0->0
[2022-02-20T04:05:19.048+0000][3152][gc,metaspace] GC(22) Metaspace: 57902K(59328K)->57902K(59328K) NonClass: 50161K(50944K)->50161K(50944K) Class: 7740K(8384K)->7740K(8384K)
[2022-02-20T04:05:19.048+0000][3152][gc          ] GC(22) Pause Young (Normal) (G1 Evacuation Pause) 63M->50M(956M) 1309.837ms
[2022-02-20T04:05:19.048+0000][3152][gc,cpu      ] GC(22) User=0.41s Sys=0.02s Real=1.30s
[2022-02-20T04:05:19.236+0000][3152][safepoint   ] Safepoint "G1CollectForAllocation", Time since last: 249928402 ns, Reaching safepoint: 48245 ns, At safepoint: 1492615472 ns, Total: 1492663717 ns
[2022-02-20T04:05:19.691+0000][3152][safepoint   ] Safepoint "ICBufferFull", Time since last: 460326381 ns, Reaching safepoint: 260727 ns, At safepoint: 3593 ns, Total: 264320 ns
[2022-02-20T04:05:20.441+0000][3152][gc,start    ] GC(23) Pause Young (Concurrent Start) (Metadata GC Threshold)
[2022-02-20T04:05:20.441+0000][3152][gc,task     ] GC(23) Using 2 workers of 2 for evacuation
[2022-02-20T04:05:20.441+0000][3152][gc,age      ] GC(23) Desired survivor size 16777216 bytes, new threshold 15 (max threshold 15)
[2022-02-20T04:05:20.441+0000][3152][gc,age      ] GC(23) Age table with threshold 15 (max threshold 15)
[2022-02-20T04:05:20.441+0000][3152][gc,age      ] GC(23) - age   1:     380640 bytes,     380640 total
[2022-02-20T04:05:20.441+0000][3152][gc,age      ] GC(23) - age   2:      68848 bytes,     449488 total
[2022-02-20T04:05:20.441+0000][3152][gc,phases   ] GC(23)   Pre Evacuate Collection Set: 0.1ms
[2022-02-20T04:05:20.441+0000][3152][gc,phases   ] GC(23)   Merge Heap Roots: 0.0ms
[2022-02-20T04:05:20.441+0000][3152][gc,phases   ] GC(23)   Evacuate Collection Set: 2.7ms
[2022-02-20T04:05:20.441+0000][3152][gc,phases   ] GC(23)   Post Evacuate Collection Set: 0.5ms
[2022-02-20T04:05:20.441+0000][3152][gc,phases   ] GC(23)   Other: 0.4ms
[2022-02-20T04:05:20.441+0000][3152][gc,heap     ] GC(23) Eden regions: 5->0(91)
[2022-02-20T04:05:20.441+0000][3152][gc,heap     ] GC(23) Survivor regions: 1->1(8)
[2022-02-20T04:05:20.441+0000][3152][gc,heap     ] GC(23) Old regions: 12->12
[2022-02-20T04:05:20.441+0000][3152][gc,heap     ] GC(23) Archive regions: 0->0
[2022-02-20T04:05:20.441+0000][3152][gc,heap     ] GC(23) Humongous regions: 0->0
[2022-02-20T04:05:20.441+0000][3152][gc,metaspace] GC(23) Metaspace: 58749K(60160K)->58749K(60160K) NonClass: 50814K(51584K)->50814K(51584K) Class: 7934K(8576K)->7934K(8576K)
[2022-02-20T04:05:20.441+0000][3152][gc          ] GC(23) Pause Young (Concurrent Start) (Metadata GC Threshold) 66M->47M(956M) 4.002ms
[2022-02-20T04:05:20.441+0000][3152][gc,cpu      ] GC(23) User=0.00s Sys=0.00s Real=0.00s
[2022-02-20T04:05:20.441+0000][3152][safepoint   ] Safepoint "CollectForMetadataAllocation", Time since last: 737261586 ns, Reaching safepoint: 68261 ns, At safepoint: 4208073 ns, Total: 4276334 ns
[2022-02-20T04:05:20.441+0000][3152][gc          ] GC(24) Concurrent Mark Cycle
[2022-02-20T04:05:20.441+0000][3152][gc,marking  ] GC(24) Concurrent Clear Claimed Marks
[2022-02-20T04:05:20.441+0000][3152][gc,marking  ] GC(24) Concurrent Clear Claimed Marks 0.074ms
[2022-02-20T04:05:20.441+0000][3152][gc,marking  ] GC(24) Concurrent Scan Root Regions
[2022-02-20T04:05:20.441+0000][3152][gc,marking  ] GC(24) Concurrent Scan Root Regions 1.728ms
[2022-02-20T04:05:20.441+0000][3152][gc,marking  ] GC(24) Concurrent Mark
[2022-02-20T04:05:20.441+0000][3152][gc,marking  ] GC(24) Concurrent Mark From Roots
[2022-02-20T04:05:20.441+0000][3152][gc,task     ] GC(24) Using 1 workers of 1 for marking
[2022-02-20T04:05:20.581+0000][3152][gc,marking  ] GC(24) Concurrent Mark From Roots 144.757ms
[2022-02-20T04:05:20.581+0000][3152][gc,marking  ] GC(24) Concurrent Preclean
[2022-02-20T04:05:20.581+0000][3152][gc,marking  ] GC(24) Concurrent Preclean 0.278ms
[2022-02-20T04:05:20.581+0000][3152][gc,start    ] GC(24) Pause Remark
[2022-02-20T04:05:20.597+0000][3152][gc          ] GC(24) Pause Remark 49M->49M(956M) 7.304ms
[2022-02-20T04:05:20.597+0000][3152][gc,cpu      ] GC(24) User=0.03s Sys=0.00s Real=0.02s
[2022-02-20T04:05:20.597+0000][3152][safepoint   ] Safepoint "G1Concurrent", Time since last: 147236858 ns, Reaching safepoint: 25149 ns, At safepoint: 7472292 ns, Total: 7497441 ns
[2022-02-20T04:05:20.597+0000][3152][gc,marking  ] GC(24) Concurrent Mark 152.759ms
[2022-02-20T04:05:20.597+0000][3152][gc,marking  ] GC(24) Concurrent Rebuild Remembered Sets
[2022-02-20T04:05:20.659+0000][3152][gc,marking  ] GC(24) Concurrent Rebuild Remembered Sets 64.483ms
[2022-02-20T04:05:20.659+0000][3152][gc,start    ] GC(24) Pause Cleanup
[2022-02-20T04:05:20.659+0000][3152][gc          ] GC(24) Pause Cleanup 49M->49M(956M) 0.096ms
[2022-02-20T04:05:20.659+0000][3152][gc,cpu      ] GC(24) User=0.00s Sys=0.00s Real=0.00s
[2022-02-20T04:05:20.659+0000][3152][safepoint   ] Safepoint "G1Concurrent", Time since last: 64767055 ns, Reaching safepoint: 30281 ns, At safepoint: 224800 ns, Total: 255081 ns
[2022-02-20T04:05:20.659+0000][3152][gc,marking  ] GC(24) Concurrent Cleanup for Next Mark
[2022-02-20T04:05:20.659+0000][3152][gc,marking  ] GC(24) Concurrent Cleanup for Next Mark 6.315ms
[2022-02-20T04:05:20.659+0000][3152][gc          ] GC(24) Concurrent Mark Cycle 226.303ms
[2022-02-20T04:05:21.705+0000][3152][safepoint   ] Safepoint "Cleanup", Time since last: 1008301692 ns, Reaching safepoint: 31293401 ns, At safepoint: 186821 ns, Total: 31480222 ns
[2022-02-20T04:05:22.723+0000][3152][safepoint   ] Safepoint "Cleanup", Time since last: 1002111991 ns, Reaching safepoint: 15674416 ns, At safepoint: 8211 ns, Total: 15682627 ns
[2022-02-20T04:05:23.755+0000][3152][safepoint   ] Safepoint "Cleanup", Time since last: 1000341307 ns, Reaching safepoint: 31230272 ns, At safepoint: 4020739 ns, Total: 35251011 ns
[2022-02-20T04:05:24.769+0000][3152][safepoint   ] Safepoint "Cleanup", Time since last: 1009917891 ns, Reaching safepoint: 105728 ns, At safepoint: 7186 ns, Total: 112914 ns
[2022-02-20T04:05:26.251+0000][3152][safepoint   ] Safepoint "Cleanup", Time since last: 1481801459 ns, Reaching safepoint: 939233 ns, At safepoint: 462945 ns, Total: 1402178 ns
[2022-02-20T04:05:27.265+0000][3152][safepoint   ] Safepoint "Cleanup", Time since last: 1012643207 ns, Reaching safepoint: 181175 ns, At safepoint: 5132 ns, Total: 186307 ns
[2022-02-20T04:05:29.201+0000][3152][safepoint   ] Safepoint "Cleanup", Time since last: 1936110589 ns, Reaching safepoint: 112400 ns, At safepoint: 9752 ns, Total: 122152 ns
[2022-02-20T04:05:30.232+0000][3152][safepoint   ] Safepoint "Cleanup", Time since last: 1015254583 ns, Reaching safepoint: 105728 ns, At safepoint: 15182217 ns, Total: 15287945 ns
[2022-02-20T04:05:31.231+0000][3152][safepoint   ] Safepoint "Cleanup", Time since last: 1006888736 ns, Reaching safepoint: 86738 ns, At safepoint: 1540 ns, Total: 88278 ns
[2022-02-20T04:05:32.245+0000][3152][safepoint   ] Safepoint "Cleanup", Time since last: 1006338540 ns, Reaching safepoint: 164238 ns, At safepoint: 33874 ns, Total: 198112 ns
[2022-02-20T04:05:33.260+0000][3152][safepoint   ] Safepoint "Cleanup", Time since last: 1014739288 ns, Reaching safepoint: 158592 ns, At safepoint: 2442006 ns, Total: 2600598 ns
[2022-02-20T04:05:34.274+0000][3152][safepoint   ] Safepoint "Cleanup", Time since last: 1011436062 ns, Reaching safepoint: 54404 ns, At safepoint: 5645 ns, Total: 60049 ns
[2022-02-20T04:05:35.289+0000][3152][safepoint   ] Safepoint "Cleanup", Time since last: 1014942019 ns, Reaching safepoint: 50811 ns, At safepoint: 7699 ns, Total: 58510 ns
[2022-02-20T04:05:37.304+0000][3152][safepoint   ] Safepoint "Cleanup", Time since last: 2014294307 ns, Reaching safepoint: 180148 ns, At safepoint: 5646 ns, Total: 185794 ns
[2022-02-20T04:05:38.318+0000][3152][safepoint   ] Safepoint "Cleanup", Time since last: 1013727175 ns, Reaching safepoint: 449600 ns, At safepoint: 1470952 ns, Total: 1920552 ns
[2022-02-20T04:05:39.332+0000][3152][safepoint   ] Safepoint "Cleanup", Time since last: 1012118161 ns, Reaching safepoint: 64668 ns, At safepoint: 5646 ns, Total: 70314 ns
[2022-02-20T04:05:40.335+0000][3152][safepoint   ] Safepoint "Cleanup", Time since last: 1003248823 ns, Reaching safepoint: 107781 ns, At safepoint: 2062207 ns, Total: 2169988 ns
[2022-02-20T04:05:41.536+0000][3152][safepoint   ] Safepoint "Cleanup", Time since last: 1199081502 ns, Reaching safepoint: 115992 ns, At safepoint: 4619 ns, Total: 120611 ns
[2022-02-20T04:05:42.537+0000][3152][safepoint   ] Safepoint "Cleanup", Time since last: 1000267913 ns, Reaching safepoint: 66208 ns, At safepoint: 4106 ns, Total: 70314 ns
[2022-02-20T04:05:43.740+0000][3152][gc,start    ] GC(25) Pause Young (Normal) (G1 Evacuation Pause)
[2022-02-20T04:05:43.740+0000][3152][gc,task     ] GC(25) Using 2 workers of 2 for evacuation
[2022-02-20T04:05:43.740+0000][3152][gc,age      ] GC(25) Desired survivor size 25165824 bytes, new threshold 15 (max threshold 15)
[2022-02-20T04:05:43.802+0000][3152][gc,age      ] GC(25) Age table with threshold 15 (max threshold 15)
[2022-02-20T04:05:43.802+0000][3152][gc,age      ] GC(25) - age   1:   14595976 bytes,   14595976 total
[2022-02-20T04:05:43.802+0000][3152][gc,age      ] GC(25) - age   2:     352456 bytes,   14948432 total
[2022-02-20T04:05:43.802+0000][3152][gc,age      ] GC(25) - age   3:      68632 bytes,   15017064 total
[2022-02-20T04:05:43.802+0000][3152][gc,phases   ] GC(25)   Pre Evacuate Collection Set: 0.1ms
[2022-02-20T04:05:43.802+0000][3152][gc,phases   ] GC(25)   Merge Heap Roots: 0.4ms
[2022-02-20T04:05:43.802+0000][3152][gc,phases   ] GC(25)   Evacuate Collection Set: 52.2ms
[2022-02-20T04:05:43.802+0000][3152][gc,phases   ] GC(25)   Post Evacuate Collection Set: 15.3ms
[2022-02-20T04:05:43.802+0000][3152][gc,phases   ] GC(25)   Other: 0.5ms
[2022-02-20T04:05:43.802+0000][3152][gc,heap     ] GC(25) Eden regions: 94->0(7)
[2022-02-20T04:05:43.802+0000][3152][gc,heap     ] GC(25) Survivor regions: 1->4(12)
[2022-02-20T04:05:43.802+0000][3152][gc,heap     ] GC(25) Old regions: 12->12
[2022-02-20T04:05:43.802+0000][3152][gc,heap     ] GC(25) Archive regions: 0->0
[2022-02-20T04:05:43.802+0000][3152][gc,heap     ] GC(25) Humongous regions: 0->0
[2022-02-20T04:05:43.802+0000][3152][gc,metaspace] GC(25) Metaspace: 89341K(90880K)->89341K(90880K) NonClass: 77202K(78080K)->77202K(78080K) Class: 12139K(12800K)->12139K(12800K)
[2022-02-20T04:05:43.802+0000][3152][gc          ] GC(25) Pause Young (Normal) (G1 Evacuation Pause) 423M->61M(956M) 68.778ms
[2022-02-20T04:05:43.802+0000][3152][gc,cpu      ] GC(25) User=0.11s Sys=0.00s Real=0.06s
[2022-02-20T04:05:43.834+0000][3152][safepoint   ] Safepoint "G1CollectForAllocation", Time since last: 1205024846 ns, Reaching safepoint: 218128 ns, At safepoint: 104509448 ns, Total: 104727576 ns
[2022-02-20T04:05:45.848+0000][3152][safepoint   ] Safepoint "Cleanup", Time since last: 2001332890 ns, Reaching safepoint: 149867 ns, At safepoint: 5646 ns, Total: 155513 ns
[2022-02-20T04:05:46.332+0000][3152][gc,start    ] GC(26) Pause Young (Normal) (G1 Evacuation Pause)
[2022-02-20T04:05:46.332+0000][3152][gc,task     ] GC(26) Using 2 workers of 2 for evacuation
[2022-02-20T04:05:46.332+0000][3152][gc,age      ] GC(26) Desired survivor size 4194304 bytes, new threshold 1 (max threshold 15)
[2022-02-20T04:05:46.862+0000][3152][gc,age      ] GC(26) Age table with threshold 1 (max threshold 15)
[2022-02-20T04:05:46.862+0000][3152][gc,age      ] GC(26) - age   1:    1986264 bytes,    1986264 total
[2022-02-20T04:05:46.862+0000][3152][gc,mmu      ] GC(26) MMU target violated: 201.0ms (200.0ms/201.0ms)
[2022-02-20T04:05:46.862+0000][3152][gc,phases   ] GC(26)   Pre Evacuate Collection Set: 0.1ms
[2022-02-20T04:05:46.862+0000][3152][gc,phases   ] GC(26)   Merge Heap Roots: 0.1ms
[2022-02-20T04:05:46.862+0000][3152][gc,phases   ] GC(26)   Evacuate Collection Set: 510.8ms
[2022-02-20T04:05:46.862+0000][3152][gc,phases   ] GC(26)   Post Evacuate Collection Set: 21.0ms
[2022-02-20T04:05:46.862+0000][3152][gc,phases   ] GC(26)   Other: 1.1ms
[2022-02-20T04:05:46.862+0000][3152][gc,heap     ] GC(26) Eden regions: 7->0(27)
[2022-02-20T04:05:46.862+0000][3152][gc,heap     ] GC(26) Survivor regions: 4->1(2)
[2022-02-20T04:05:46.862+0000][3152][gc,heap     ] GC(26) Old regions: 12->16
[2022-02-20T04:05:46.878+0000][3152][gc,heap     ] GC(26) Archive regions: 0->0
[2022-02-20T04:05:46.878+0000][3152][gc,heap     ] GC(26) Humongous regions: 0->0
[2022-02-20T04:05:46.878+0000][3152][gc,metaspace] GC(26) Metaspace: 92935K(94656K)->92935K(94656K) NonClass: 80201K(81216K)->80201K(81216K) Class: 12734K(13440K)->12734K(13440K)
[2022-02-20T04:05:46.878+0000][3152][gc          ] GC(26) Pause Young (Normal) (G1 Evacuation Pause) 89M->63M(956M) 533.645ms
[2022-02-20T04:05:46.878+0000][3152][gc,cpu      ] GC(26) User=0.14s Sys=0.02s Real=0.55s
[2022-02-20T04:05:46.878+0000][3152][safepoint   ] Safepoint "G1CollectForAllocation", Time since last: 495715967 ns, Reaching safepoint: 125745 ns, At safepoint: 534564806 ns, Total: 534690551 ns
[2022-02-20T04:05:47.893+0000][3152][safepoint   ] Safepoint "Cleanup", Time since last: 1013914508 ns, Reaching safepoint: 71854 ns, At safepoint: 4106 ns, Total: 75960 ns
[2022-02-20T04:05:48.893+0000][3152][safepoint   ] Safepoint "Cleanup", Time since last: 1000607679 ns, Reaching safepoint: 56970 ns, At safepoint: 356190 ns, Total: 413160 ns
[2022-02-20T04:05:49.907+0000][3152][safepoint   ] Safepoint "Cleanup", Time since last: 1013341730 ns, Reaching safepoint: 51837 ns, At safepoint: 28742 ns, Total: 80579 ns
[2022-02-20T04:05:51.670+0000][3152][safepoint   ] Safepoint "Cleanup", Time since last: 1762705053 ns, Reaching safepoint: 82119 ns, At safepoint: 5645 ns, Total: 87764 ns
[2022-02-20T04:05:52.670+0000][3152][safepoint   ] Safepoint "Cleanup", Time since last: 1000233012 ns, Reaching safepoint: 141142 ns, At safepoint: 6159 ns, Total: 147301 ns
[2022-02-20T04:05:53.672+0000][3152][safepoint   ] Safepoint "Cleanup", Time since last: 1001221516 ns, Reaching safepoint: 64669 ns, At safepoint: 5645 ns, Total: 70314 ns
[2022-02-20T04:05:54.672+0000][3152][safepoint   ] Safepoint "Cleanup", Time since last: 1000261754 ns, Reaching safepoint: 131903 ns, At safepoint: 3593 ns, Total: 135496 ns
[2022-02-20T04:05:54.875+0000][3152][safepoint   ] Safepoint "ICBufferFull", Time since last: 202734246 ns, Reaching safepoint: 559434 ns, At safepoint: 5132 ns, Total: 564566 ns
[2022-02-20T04:05:56.094+0000][3152][safepoint   ] Safepoint "Cleanup", Time since last: 1218176677 ns, Reaching safepoint: 138062 ns, At safepoint: 5646 ns, Total: 143708 ns
[2022-02-20T04:05:57.109+0000][3152][safepoint   ] Safepoint "Cleanup", Time since last: 1014837317 ns, Reaching safepoint: 63129 ns, At safepoint: 4106 ns, Total: 67235 ns
[2022-02-20T04:05:58.118+0000][3152][safepoint   ] Safepoint "Cleanup", Time since last: 1008883709 ns, Reaching safepoint: 281769 ns, At safepoint: 145248 ns, Total: 427017 ns
[2022-02-20T04:05:59.130+0000][3152][safepoint   ] Safepoint "Cleanup", Time since last: 1011830232 ns, Reaching safepoint: 71340 ns, At safepoint: 4620 ns, Total: 75960 ns
[2022-02-20T04:05:59.176+0000][3152][gc,start    ] GC(27) Pause Young (Concurrent Start) (Metadata GC Threshold)
[2022-02-20T04:05:59.176+0000][3152][gc,task     ] GC(27) Using 2 workers of 2 for evacuation
[2022-02-20T04:05:59.176+0000][3152][gc,age      ] GC(27) Desired survivor size 8388608 bytes, new threshold 15 (max threshold 15)
[2022-02-20T04:05:59.195+0000][3152][gc,age      ] GC(27) Age table with threshold 15 (max threshold 15)
[2022-02-20T04:05:59.195+0000][3152][gc,age      ] GC(27) - age   1:    2007440 bytes,    2007440 total
[2022-02-20T04:05:59.195+0000][3152][gc,age      ] GC(27) - age   2:    1865960 bytes,    3873400 total
[2022-02-20T04:05:59.195+0000][3152][gc,phases   ] GC(27)   Pre Evacuate Collection Set: 0.2ms
[2022-02-20T04:05:59.195+0000][3152][gc,phases   ] GC(27)   Merge Heap Roots: 0.1ms
[2022-02-20T04:05:59.195+0000][3152][gc,phases   ] GC(27)   Evacuate Collection Set: 17.0ms
[2022-02-20T04:05:59.195+0000][3152][gc,phases   ] GC(27)   Post Evacuate Collection Set: 1.1ms
[2022-02-20T04:05:59.195+0000][3152][gc,phases   ] GC(27)   Other: 0.6ms
[2022-02-20T04:05:59.195+0000][3152][gc,heap     ] GC(27) Eden regions: 25->0(34)
[2022-02-20T04:05:59.195+0000][3152][gc,heap     ] GC(27) Survivor regions: 1->1(4)
[2022-02-20T04:05:59.195+0000][3152][gc,heap     ] GC(27) Old regions: 16->16
[2022-02-20T04:05:59.195+0000][3152][gc,heap     ] GC(27) Archive regions: 0->0
[2022-02-20T04:05:59.195+0000][3152][gc,heap     ] GC(27) Humongous regions: 0->0
[2022-02-20T04:05:59.195+0000][3152][gc,metaspace] GC(27) Metaspace: 99060K(100800K)->99060K(100800K) NonClass: 85457K(86464K)->85457K(86464K) Class: 13603K(14336K)->13603K(14336K)
[2022-02-20T04:05:59.195+0000][3152][gc          ] GC(27) Pause Young (Concurrent Start) (Metadata GC Threshold) 160M->64M(956M) 19.367ms
[2022-02-20T04:05:59.196+0000][3152][gc,cpu      ] GC(27) User=0.06s Sys=0.00s Real=0.02s
[2022-02-20T04:05:59.196+0000][3152][gc          ] GC(28) Concurrent Mark Cycle
[2022-02-20T04:05:59.196+0000][3152][gc,marking  ] GC(28) Concurrent Clear Claimed Marks
[2022-02-20T04:05:59.196+0000][3152][gc,marking  ] GC(28) Concurrent Clear Claimed Marks 0.092ms
[2022-02-20T04:05:59.196+0000][3152][gc,marking  ] GC(28) Concurrent Scan Root Regions
[2022-02-20T04:05:59.202+0000][3152][safepoint   ] Safepoint "CollectForMetadataAllocation", Time since last: 45806863 ns, Reaching safepoint: 145760 ns, At safepoint: 25707274 ns, Total: 25853034 ns
[2022-02-20T04:05:59.207+0000][3152][gc,marking  ] GC(28) Concurrent Scan Root Regions 11.103ms
[2022-02-20T04:05:59.207+0000][3152][gc,marking  ] GC(28) Concurrent Mark
[2022-02-20T04:05:59.207+0000][3152][gc,marking  ] GC(28) Concurrent Mark From Roots
[2022-02-20T04:05:59.207+0000][3152][gc,task     ] GC(28) Using 1 workers of 1 for marking
[2022-02-20T04:05:59.414+0000][3152][gc,marking  ] GC(28) Concurrent Mark From Roots 207.389ms
[2022-02-20T04:05:59.414+0000][3152][gc,marking  ] GC(28) Concurrent Preclean
[2022-02-20T04:05:59.415+0000][3152][gc,marking  ] GC(28) Concurrent Preclean 0.330ms
[2022-02-20T04:05:59.415+0000][3152][gc,start    ] GC(28) Pause Remark
[2022-02-20T04:05:59.424+0000][3152][gc          ] GC(28) Pause Remark 66M->66M(956M) 9.376ms
[2022-02-20T04:05:59.424+0000][3152][gc,cpu      ] GC(28) User=0.00s Sys=0.00s Real=0.01s
[2022-02-20T04:05:59.424+0000][3152][safepoint   ] Safepoint "G1Concurrent", Time since last: 213241339 ns, Reaching safepoint: 43626 ns, At safepoint: 9563754 ns, Total: 9607380 ns
[2022-02-20T04:05:59.424+0000][3152][gc,marking  ] GC(28) Concurrent Mark 217.596ms
[2022-02-20T04:05:59.424+0000][3152][gc,marking  ] GC(28) Concurrent Rebuild Remembered Sets
[2022-02-20T04:05:59.505+0000][3152][gc,marking  ] GC(28) Concurrent Rebuild Remembered Sets 92.794ms
[2022-02-20T04:05:59.505+0000][3152][gc,start    ] GC(28) Pause Cleanup
[2022-02-20T04:05:59.505+0000][3152][gc          ] GC(28) Pause Cleanup 67M->67M(956M) 0.106ms
[2022-02-20T04:05:59.505+0000][3152][gc,cpu      ] GC(28) User=0.00s Sys=0.00s Real=0.00s
[2022-02-20T04:05:59.505+0000][3152][safepoint   ] Safepoint "G1Concurrent", Time since last: 93016417 ns, Reaching safepoint: 48245 ns, At safepoint: 207863 ns, Total: 256108 ns
[2022-02-20T04:05:59.505+0000][3152][gc,marking  ] GC(28) Concurrent Cleanup for Next Mark
[2022-02-20T04:05:59.520+0000][3152][gc,marking  ] GC(28) Concurrent Cleanup for Next Mark 4.985ms
[2022-02-20T04:05:59.520+0000][3152][gc          ] GC(28) Concurrent Mark Cycle 327.343ms
[2022-02-20T04:06:00.964+0000][3152][safepoint   ] Safepoint "Cleanup", Time since last: 1446537617 ns, Reaching safepoint: 89817 ns, At safepoint: 3080 ns, Total: 92897 ns
[2022-02-20T04:06:02.143+0000][3152][safepoint   ] Safepoint "Cleanup", Time since last: 1006487381 ns, Reaching safepoint: 544036 ns, At safepoint: 186120085 ns, Total: 186664121 ns
[2022-02-20T04:06:04.264+0000][3152][safepoint   ] Safepoint "Cleanup", Time since last: 2012330643 ns, Reaching safepoint: 93737521 ns, At safepoint: 388525 ns, Total: 94126046 ns
[2022-02-20T04:06:05.275+0000][3152][safepoint   ] Safepoint "Cleanup", Time since last: 1011336493 ns, Reaching safepoint: 144221 ns, At safepoint: 4619 ns, Total: 148840 ns
[2022-02-20T04:06:06.276+0000][3152][safepoint   ] Safepoint "Cleanup", Time since last: 1000095976 ns, Reaching safepoint: 113427 ns, At safepoint: 6672 ns, Total: 120099 ns
[2022-02-20T04:06:07.530+0000][3152][safepoint   ] Safepoint "Cleanup", Time since last: 1004367691 ns, Reaching safepoint: 46561842 ns, At safepoint: 210583772 ns, Total: 257145614 ns
[2022-02-20T04:06:08.046+0000][3152][gc,start    ] GC(29) Pause Young (Normal) (G1 Evacuation Pause)
[2022-02-20T04:06:08.046+0000][3152][gc,task     ] GC(29) Using 2 workers of 2 for evacuation
[2022-02-20T04:06:08.046+0000][3152][gc,age      ] GC(29) Desired survivor size 10485760 bytes, new threshold 15 (max threshold 15)
[2022-02-20T04:06:08.078+0000][3152][gc,age      ] GC(29) Age table with threshold 15 (max threshold 15)
[2022-02-20T04:06:08.078+0000][3152][gc,age      ] GC(29) - age   1:    5025536 bytes,    5025536 total
[2022-02-20T04:06:08.078+0000][3152][gc,age      ] GC(29) - age   2:    1786176 bytes,    6811712 total
[2022-02-20T04:06:08.078+0000][3152][gc,age      ] GC(29) - age   3:    1865096 bytes,    8676808 total
[2022-02-20T04:06:08.078+0000][3152][gc,phases   ] GC(29)   Pre Evacuate Collection Set: 0.1ms
[2022-02-20T04:06:08.078+0000][3152][gc,phases   ] GC(29)   Merge Heap Roots: 0.2ms
[2022-02-20T04:06:08.078+0000][3152][gc,phases   ] GC(29)   Evacuate Collection Set: 26.6ms
[2022-02-20T04:06:08.078+0000][3152][gc,phases   ] GC(29)   Post Evacuate Collection Set: 1.8ms
[2022-02-20T04:06:08.078+0000][3152][gc,phases   ] GC(29)   Other: 0.5ms
[2022-02-20T04:06:08.078+0000][3152][gc,heap     ] GC(29) Eden regions: 34->0(13)
[2022-02-20T04:06:08.078+0000][3152][gc,heap     ] GC(29) Survivor regions: 1->3(5)
[2022-02-20T04:06:08.078+0000][3152][gc,heap     ] GC(29) Old regions: 16->16
[2022-02-20T04:06:08.078+0000][3152][gc,heap     ] GC(29) Archive regions: 0->0
[2022-02-20T04:06:08.078+0000][3152][gc,heap     ] GC(29) Humongous regions: 5->5
[2022-02-20T04:06:08.078+0000][3152][gc,metaspace] GC(29) Metaspace: 104158K(105984K)->104158K(105984K) NonClass: 89744K(90752K)->89744K(90752K) Class: 14413K(15232K)->14413K(15232K)
[2022-02-20T04:06:08.078+0000][3152][gc          ] GC(29) Pause Young (Normal) (G1 Evacuation Pause) 220M->89M(956M) 29.494ms
[2022-02-20T04:06:08.078+0000][3152][gc,cpu      ] GC(29) User=0.06s Sys=0.00s Real=0.03s
[2022-02-20T04:06:08.078+0000][3152][safepoint   ] Safepoint "G1CollectForAllocation", Time since last: 519572489 ns, Reaching safepoint: 83659 ns, At safepoint: 30252546 ns, Total: 30336205 ns
[2022-02-20T04:06:10.216+0000][3152][safepoint   ] Safepoint "Cleanup", Time since last: 2004038702 ns, Reaching safepoint: 46956012 ns, At safepoint: 89818405 ns, Total: 136774417 ns
[2022-02-20T04:06:11.779+0000][3152][safepoint   ] Safepoint "Cleanup", Time since last: 1504157262 ns, Reaching safepoint: 46960631 ns, At safepoint: 1100904 ns, Total: 48061535 ns
[2022-02-20T04:06:12.185+0000][3152][gc,start    ] GC(30) Pause Young (Normal) (G1 Evacuation Pause)
[2022-02-20T04:06:12.185+0000][3152][gc,task     ] GC(30) Using 2 workers of 2 for evacuation
[2022-02-20T04:06:12.185+0000][3152][gc,age      ] GC(30) Desired survivor size 4194304 bytes, new threshold 1 (max threshold 15)
[2022-02-20T04:06:12.528+0000][3152][gc,age      ] GC(30) Age table with threshold 1 (max threshold 15)
[2022-02-20T04:06:12.528+0000][3152][gc,age      ] GC(30) - age   1:    1122960 bytes,    1122960 total
[2022-02-20T04:06:12.528+0000][3152][gc,mmu      ] GC(30) MMU target violated: 201.0ms (200.0ms/201.0ms)
[2022-02-20T04:06:12.528+0000][3152][gc,phases   ] GC(30)   Pre Evacuate Collection Set: 0.1ms
[2022-02-20T04:06:12.528+0000][3152][gc,phases   ] GC(30)   Merge Heap Roots: 0.2ms
[2022-02-20T04:06:12.528+0000][3152][gc,phases   ] GC(30)   Evacuate Collection Set: 327.5ms
[2022-02-20T04:06:12.528+0000][3152][gc,phases   ] GC(30)   Post Evacuate Collection Set: 15.8ms
[2022-02-20T04:06:12.528+0000][3152][gc,phases   ] GC(30)   Other: 0.9ms
[2022-02-20T04:06:12.528+0000][3152][gc,heap     ] GC(30) Eden regions: 13->0(37)
[2022-02-20T04:06:12.528+0000][3152][gc,heap     ] GC(30) Survivor regions: 3->1(2)
[2022-02-20T04:06:12.528+0000][3152][gc,heap     ] GC(30) Old regions: 16->18
[2022-02-20T04:06:12.528+0000][3152][gc,heap     ] GC(30) Archive regions: 0->0
[2022-02-20T04:06:12.528+0000][3152][gc,heap     ] GC(30) Humongous regions: 5->5
[2022-02-20T04:06:12.528+0000][3152][gc,metaspace] GC(30) Metaspace: 106556K(108288K)->106556K(108288K) NonClass: 91759K(92736K)->91759K(92736K) Class: 14797K(15552K)->14797K(15552K)
[2022-02-20T04:06:12.528+0000][3152][gc          ] GC(30) Pause Young (Normal) (G1 Evacuation Pause) 141M->90M(956M) 344.723ms
[2022-02-20T04:06:12.528+0000][3152][gc,cpu      ] GC(30) User=0.12s Sys=0.02s Real=0.34s
[2022-02-20T04:06:12.528+0000][3152][safepoint   ] Safepoint "G1CollectForAllocation", Time since last: 411393874 ns, Reaching safepoint: 67234 ns, At safepoint: 348380567 ns, Total: 348447801 ns
[2022-02-20T04:06:13.542+0000][3152][safepoint   ] Safepoint "Cleanup", Time since last: 1001962125 ns, Reaching safepoint: 75960 ns, At safepoint: 4106 ns, Total: 80066 ns
[2022-02-20T04:06:14.603+0000][3152][safepoint   ] Safepoint "Cleanup", Time since last: 1013772340 ns, Reaching safepoint: 46959091 ns, At safepoint: 342333 ns, Total: 47301424 ns
[2022-02-20T04:06:15.930+0000][3152][safepoint   ] Safepoint "Cleanup", Time since last: 1040573846 ns, Reaching safepoint: 20594868 ns, At safepoint: 272354519 ns, Total: 292949387 ns
[2022-02-20T04:06:16.993+0000][3152][safepoint   ] Safepoint "Cleanup", Time since last: 1007853118 ns, Reaching safepoint: 32327071 ns, At safepoint: 20551243 ns, Total: 52878314 ns
[2022-02-20T04:06:19.009+0000][3152][safepoint   ] Safepoint "Cleanup", Time since last: 1995687739 ns, Reaching safepoint: 15626684 ns, At safepoint: 608705 ns, Total: 16235389 ns
[2022-02-20T04:06:20.026+0000][3152][safepoint   ] Safepoint "Cleanup", Time since last: 1000924863 ns, Reaching safepoint: 15406503 ns, At safepoint: 331554 ns, Total: 15738057 ns
[2022-02-20T04:06:21.322+0000][3152][safepoint   ] Safepoint "Cleanup", Time since last: 1248800297 ns, Reaching safepoint: 15842759 ns, At safepoint: 36621881 ns, Total: 52464640 ns
[2022-02-20T04:06:23.089+0000][3152][safepoint   ] Safepoint "Cleanup", Time since last: 1745258925 ns, Reaching safepoint: 15674929 ns, At safepoint: 45166 ns, Total: 15720095 ns
[2022-02-20T04:06:24.182+0000][3152][safepoint   ] Safepoint "Cleanup", Time since last: 1015086753 ns, Reaching safepoint: 31583383 ns, At safepoint: 50239735 ns, Total: 81823118 ns
[2022-02-20T04:06:25.228+0000][3152][safepoint   ] Safepoint "Cleanup", Time since last: 1011000319 ns, Reaching safepoint: 31191779 ns, At safepoint: 2022688 ns, Total: 33214467 ns
[2022-02-20T04:06:26.711+0000][3152][safepoint   ] Safepoint "Cleanup", Time since last: 1013123602 ns, Reaching safepoint: 436653086 ns, At safepoint: 38398212 ns, Total: 475051298 ns
[2022-02-20T04:06:28.009+0000][3152][safepoint   ] Safepoint "Cleanup", Time since last: 1228209021 ns, Reaching safepoint: 62563193 ns, At safepoint: 10643616 ns, Total: 73206809 ns
[2022-02-20T04:06:28.306+0000][3152][gc,start    ] GC(31) Pause Young (Normal) (G1 Evacuation Pause)
[2022-02-20T04:06:28.306+0000][3152][gc,task     ] GC(31) Using 2 workers of 2 for evacuation
[2022-02-20T04:06:28.306+0000][3152][gc,age      ] GC(31) Desired survivor size 10485760 bytes, new threshold 15 (max threshold 15)
[2022-02-20T04:06:28.306+0000][3152][gc,age      ] GC(31) Age table with threshold 15 (max threshold 15)
[2022-02-20T04:06:28.322+0000][3152][gc,age      ] GC(31) - age   1:    3932016 bytes,    3932016 total
[2022-02-20T04:06:28.322+0000][3152][gc,age      ] GC(31) - age   2:     923800 bytes,    4855816 total
[2022-02-20T04:06:28.322+0000][3152][gc,phases   ] GC(31)   Pre Evacuate Collection Set: 0.2ms
[2022-02-20T04:06:28.322+0000][3152][gc,phases   ] GC(31)   Merge Heap Roots: 0.1ms
[2022-02-20T04:06:28.322+0000][3152][gc,phases   ] GC(31)   Evacuate Collection Set: 12.8ms
[2022-02-20T04:06:28.322+0000][3152][gc,phases   ] GC(31)   Post Evacuate Collection Set: 1.7ms
[2022-02-20T04:06:28.322+0000][3152][gc,phases   ] GC(31)   Other: 1.0ms
[2022-02-20T04:06:28.322+0000][3152][gc,heap     ] GC(31) Eden regions: 37->0(32)
[2022-02-20T04:06:28.322+0000][3152][gc,heap     ] GC(31) Survivor regions: 1->2(5)
[2022-02-20T04:06:28.322+0000][3152][gc,heap     ] GC(31) Old regions: 18->18
[2022-02-20T04:06:28.322+0000][3152][gc,heap     ] GC(31) Archive regions: 0->0
[2022-02-20T04:06:28.322+0000][3152][gc,heap     ] GC(31) Humongous regions: 5->5
[2022-02-20T04:06:28.322+0000][3152][gc,metaspace] GC(31) Metaspace: 107892K(109696K)->107892K(109696K) NonClass: 92968K(94016K)->92968K(94016K) Class: 14923K(15680K)->14923K(15680K)
[2022-02-20T04:06:28.322+0000][3152][gc          ] GC(31) Pause Young (Normal) (G1 Evacuation Pause) 238M->93M(956M) 16.528ms
[2022-02-20T04:06:28.322+0000][3152][gc,cpu      ] GC(31) User=0.00s Sys=0.02s Real=0.02s
[2022-02-20T04:06:28.322+0000][3152][safepoint   ] Safepoint "G1CollectForAllocation", Time since last: 253537522 ns, Reaching safepoint: 32982994 ns, At safepoint: 17296261 ns, Total: 50279255 ns
[2022-02-20T04:06:30.415+0000][3152][safepoint   ] Safepoint "Cleanup", Time since last: 2013631198 ns, Reaching safepoint: 78380290 ns, At safepoint: 154999 ns, Total: 78535289 ns
[2022-02-20T04:06:31.509+0000][3152][safepoint   ] Safepoint "Cleanup", Time since last: 1007687342 ns, Reaching safepoint: 82591441 ns, At safepoint: 3202118 ns, Total: 85793559 ns
[2022-02-20T04:06:32.529+0000][3152][safepoint   ] Safepoint "Cleanup", Time since last: 1004265556 ns, Reaching safepoint: 16008536 ns, At safepoint: 92897 ns, Total: 16101433 ns
[2022-02-20T04:06:33.544+0000][3152][safepoint   ] Safepoint "Cleanup", Time since last: 1014443661 ns, Reaching safepoint: 70827 ns, At safepoint: 5646 ns, Total: 76473 ns
[2022-02-20T04:06:35.559+0000][3152][safepoint   ] Safepoint "Cleanup", Time since last: 2015042614 ns, Reaching safepoint: 57997 ns, At safepoint: 4106 ns, Total: 62103 ns
[2022-02-20T04:06:36.573+0000][3152][safepoint   ] Safepoint "Cleanup", Time since last: 1013815965 ns, Reaching safepoint: 67748 ns, At safepoint: 3593 ns, Total: 71341 ns
[2022-02-20T04:06:37.574+0000][3152][safepoint   ] Safepoint "Cleanup", Time since last: 1000304353 ns, Reaching safepoint: 53890 ns, At safepoint: 3593 ns, Total: 57483 ns
[2022-02-20T04:06:38.574+0000][3152][safepoint   ] Safepoint "Cleanup", Time since last: 1000805790 ns, Reaching safepoint: 80066 ns, At safepoint: 7185 ns, Total: 87251 ns
[2022-02-20T04:06:40.575+0000][3152][safepoint   ] Safepoint "Cleanup", Time since last: 2000522994 ns, Reaching safepoint: 111887 ns, At safepoint: 55943 ns, Total: 167830 ns
[2022-02-20T04:06:41.576+0000][3152][safepoint   ] Safepoint "Cleanup", Time since last: 1000613838 ns, Reaching safepoint: 49784 ns, At safepoint: 14371 ns, Total: 64155 ns
[2022-02-20T04:06:42.578+0000][3152][safepoint   ] Safepoint "Cleanup", Time since last: 1001796348 ns, Reaching safepoint: 67747 ns, At safepoint: 7186 ns, Total: 74933 ns
[2022-02-20T04:06:44.584+0000][3152][safepoint   ] Safepoint "Cleanup", Time since last: 2005730349 ns, Reaching safepoint: 276124 ns, At safepoint: 7185 ns, Total: 283309 ns
[2022-02-20T04:06:45.588+0000][3152][safepoint   ] Safepoint "Cleanup", Time since last: 1003916038 ns, Reaching safepoint: 61076 ns, At safepoint: 4106 ns, Total: 65182 ns
[2022-02-20T04:06:46.602+0000][3152][safepoint   ] Safepoint "Cleanup", Time since last: 1013943763 ns, Reaching safepoint: 68261 ns, At safepoint: 6672 ns, Total: 74933 ns
[2022-02-20T04:06:52.678+0000][3152][safepoint   ] Safepoint "Cleanup", Time since last: 6075675504 ns, Reaching safepoint: 101622 ns, At safepoint: 11291 ns, Total: 112913 ns
[2022-02-20T04:06:53.863+0000][3152][safepoint   ] Safepoint "Cleanup", Time since last: 1013851893 ns, Reaching safepoint: 172091636 ns, At safepoint: 676966 ns, Total: 172768602 ns
[2022-02-20T04:06:54.875+0000][3152][safepoint   ] Safepoint "Cleanup", Time since last: 1010667739 ns, Reaching safepoint: 99569 ns, At safepoint: 7185 ns, Total: 106754 ns
[2022-02-20T04:06:55.890+0000][3152][safepoint   ] Safepoint "Cleanup", Time since last: 1014846556 ns, Reaching safepoint: 80066 ns, At safepoint: 7699 ns, Total: 87765 ns
[2022-02-20T04:06:56.421+0000][3152][gc,start    ] GC(32) Pause Young (Normal) (G1 Evacuation Pause)
[2022-02-20T04:06:56.421+0000][3152][gc,task     ] GC(32) Using 2 workers of 2 for evacuation
[2022-02-20T04:06:56.421+0000][3152][gc,age      ] GC(32) Desired survivor size 10485760 bytes, new threshold 15 (max threshold 15)
[2022-02-20T04:06:56.421+0000][3152][gc,age      ] GC(32) Age table with threshold 15 (max threshold 15)
[2022-02-20T04:06:56.421+0000][3152][gc,age      ] GC(32) - age   1:    5315696 bytes,    5315696 total
[2022-02-20T04:06:56.421+0000][3152][gc,age      ] GC(32) - age   2:     642824 bytes,    5958520 total
[2022-02-20T04:06:56.421+0000][3152][gc,age      ] GC(32) - age   3:     922200 bytes,    6880720 total
[2022-02-20T04:06:56.421+0000][3152][gc,phases   ] GC(32)   Pre Evacuate Collection Set: 0.1ms
[2022-02-20T04:06:56.421+0000][3152][gc,phases   ] GC(32)   Merge Heap Roots: 0.1ms
[2022-02-20T04:06:56.421+0000][3152][gc,phases   ] GC(32)   Evacuate Collection Set: 8.3ms
[2022-02-20T04:06:56.421+0000][3152][gc,phases   ] GC(32)   Post Evacuate Collection Set: 1.1ms
[2022-02-20T04:06:56.421+0000][3152][gc,phases   ] GC(32)   Other: 0.6ms
[2022-02-20T04:06:56.421+0000][3152][gc,heap     ] GC(32) Eden regions: 32->0(46)
[2022-02-20T04:06:56.421+0000][3152][gc,heap     ] GC(32) Survivor regions: 2->2(5)
[2022-02-20T04:06:56.421+0000][3152][gc,heap     ] GC(32) Old regions: 18->18
[2022-02-20T04:06:56.437+0000][3152][gc,heap     ] GC(32) Archive regions: 0->0
[2022-02-20T04:06:56.437+0000][3152][gc,heap     ] GC(32) Humongous regions: 5->5
[2022-02-20T04:06:56.437+0000][3152][gc,metaspace] GC(32) Metaspace: 109037K(110912K)->109037K(110912K) NonClass: 93933K(94976K)->93933K(94976K) Class: 15103K(15936K)->15103K(15936K)
[2022-02-20T04:06:56.437+0000][3152][gc          ] GC(32) Pause Young (Normal) (G1 Evacuation Pause) 220M->95M(956M) 10.832ms
[2022-02-20T04:06:56.437+0000][3152][gc,cpu      ] GC(32) User=0.00s Sys=0.02s Real=0.02s
[2022-02-20T04:06:56.437+0000][3152][safepoint   ] Safepoint "G1CollectForAllocation", Time since last: 536194863 ns, Reaching safepoint: 55944 ns, At safepoint: 11017769 ns, Total: 11073713 ns
[2022-02-20T04:06:57.452+0000][3152][safepoint   ] Safepoint "Cleanup", Time since last: 1014587882 ns, Reaching safepoint: 124205 ns, At safepoint: 10778 ns, Total: 134983 ns
[2022-02-20T04:06:58.467+0000][3152][safepoint   ] Safepoint "Cleanup", Time since last: 1014862979 ns, Reaching safepoint: 122152 ns, At safepoint: 6672 ns, Total: 128824 ns
[2022-02-20T04:06:59.482+0000][3152][safepoint   ] Safepoint "Cleanup", Time since last: 1014837318 ns, Reaching safepoint: 83145 ns, At safepoint: 5133 ns, Total: 88278 ns
[2022-02-20T04:07:00.483+0000][3152][safepoint   ] Safepoint "Cleanup", Time since last: 1000629234 ns, Reaching safepoint: 96490 ns, At safepoint: 6672 ns, Total: 103162 ns
[2022-02-20T04:07:01.487+0000][3152][safepoint   ] Safepoint "Cleanup", Time since last: 1004330737 ns, Reaching safepoint: 73394 ns, At safepoint: 6672 ns, Total: 80066 ns
[2022-02-20T04:07:02.492+0000][3152][safepoint   ] Safepoint "Cleanup", Time since last: 1005165269 ns, Reaching safepoint: 52351 ns, At safepoint: 7185 ns, Total: 59536 ns
[2022-02-20T04:07:03.602+0000][3152][safepoint   ] Safepoint "Cleanup", Time since last: 1109273876 ns, Reaching safepoint: 69287 ns, At safepoint: 7186 ns, Total: 76473 ns
[2022-02-20T04:07:04.617+0000][3152][safepoint   ] Safepoint "Cleanup", Time since last: 1015682627 ns, Reaching safepoint: 102135 ns, At safepoint: 6159 ns, Total: 108294 ns
[2022-02-20T04:07:07.633+0000][3152][safepoint   ] Safepoint "Cleanup", Time since last: 3014857848 ns, Reaching safepoint: 180148 ns, At safepoint: 7185 ns, Total: 187333 ns
[2022-02-20T04:07:08.648+0000][3152][safepoint   ] Safepoint "Cleanup", Time since last: 1014729024 ns, Reaching safepoint: 145760 ns, At safepoint: 13858 ns, Total: 159618 ns
[2022-02-20T04:07:09.648+0000][3152][safepoint   ] Safepoint "Cleanup", Time since last: 1000282796 ns, Reaching safepoint: 83659 ns, At safepoint: 12831 ns, Total: 96490 ns
[2022-02-20T04:07:10.710+0000][3152][safepoint   ] Safepoint "Cleanup", Time since last: 1061725068 ns, Reaching safepoint: 83659 ns, At safepoint: 7185 ns, Total: 90844 ns
[2022-02-20T04:07:11.710+0000][3152][safepoint   ] Safepoint "Cleanup", Time since last: 1000231472 ns, Reaching safepoint: 483988 ns, At safepoint: 16424 ns, Total: 500412 ns
[2022-02-20T04:07:12.756+0000][3152][safepoint   ] Safepoint "Cleanup", Time since last: 1013475686 ns, Reaching safepoint: 31262606 ns, At safepoint: 23096 ns, Total: 31285702 ns
[2022-02-20T04:07:13.761+0000][3152][safepoint   ] Safepoint "Cleanup", Time since last: 1005409059 ns, Reaching safepoint: 87765 ns, At safepoint: 5645 ns, Total: 93410 ns
[2022-02-20T04:07:14.775+0000][3152][safepoint   ] Safepoint "Cleanup", Time since last: 1013807241 ns, Reaching safepoint: 60049 ns, At safepoint: 6159 ns, Total: 66208 ns
[2022-02-20T04:07:15.836+0000][3152][safepoint   ] Safepoint "Cleanup", Time since last: 1060694478 ns, Reaching safepoint: 76473 ns, At safepoint: 6159 ns, Total: 82632 ns
[2022-02-20T04:07:16.850+0000][3152][safepoint   ] Safepoint "Cleanup", Time since last: 1013911942 ns, Reaching safepoint: 56970 ns, At safepoint: 5133 ns, Total: 62103 ns
[2022-02-20T04:07:18.878+0000][3152][safepoint   ] Safepoint "Cleanup", Time since last: 2027871102 ns, Reaching safepoint: 202731 ns, At safepoint: 22069 ns, Total: 224800 ns
[2022-02-20T04:07:19.878+0000][3152][safepoint   ] Safepoint "Cleanup", Time since last: 1000113940 ns, Reaching safepoint: 170909 ns, At safepoint: 250463 ns, Total: 421372 ns
[2022-02-20T04:07:20.893+0000][3152][safepoint   ] Safepoint "Cleanup", Time since last: 1014694636 ns, Reaching safepoint: 138575 ns, At safepoint: 10265 ns, Total: 148840 ns
[2022-02-20T04:07:21.895+0000][3152][safepoint   ] Safepoint "Cleanup", Time since last: 1001298503 ns, Reaching safepoint: 104188 ns, At safepoint: 20530 ns, Total: 124718 ns
[2022-02-20T04:07:21.988+0000][3152][gc,start    ] GC(33) Pause Young (Normal) (G1 Evacuation Pause)
[2022-02-20T04:07:21.988+0000][3152][gc,task     ] GC(33) Using 2 workers of 2 for evacuation
[2022-02-20T04:07:21.988+0000][3152][gc,age      ] GC(33) Desired survivor size 12582912 bytes, new threshold 15 (max threshold 15)
[2022-02-20T04:07:22.035+0000][3152][gc,age      ] GC(33) Age table with threshold 15 (max threshold 15)
[2022-02-20T04:07:22.035+0000][3152][gc,age      ] GC(33) - age   1:    2833328 bytes,    2833328 total
[2022-02-20T04:07:22.035+0000][3152][gc,age      ] GC(33) - age   2:    2490304 bytes,    5323632 total
[2022-02-20T04:07:22.035+0000][3152][gc,age      ] GC(33) - age   3:     529456 bytes,    5853088 total
[2022-02-20T04:07:22.035+0000][3152][gc,age      ] GC(33) - age   4:     719776 bytes,    6572864 total
[2022-02-20T04:07:22.035+0000][3152][gc,phases   ] GC(33)   Pre Evacuate Collection Set: 0.2ms
[2022-02-20T04:07:22.035+0000][3152][gc,phases   ] GC(33)   Merge Heap Roots: 0.1ms
[2022-02-20T04:07:22.035+0000][3152][gc,phases   ] GC(33)   Evacuate Collection Set: 41.7ms
[2022-02-20T04:07:22.035+0000][3152][gc,phases   ] GC(33)   Post Evacuate Collection Set: 1.2ms
[2022-02-20T04:07:22.035+0000][3152][gc,phases   ] GC(33)   Other: 0.7ms
[2022-02-20T04:07:22.035+0000][3152][gc,heap     ] GC(33) Eden regions: 46->0(90)
[2022-02-20T04:07:22.035+0000][3152][gc,heap     ] GC(33) Survivor regions: 2->2(6)
[2022-02-20T04:07:22.035+0000][3152][gc,heap     ] GC(33) Old regions: 18->18
[2022-02-20T04:07:22.035+0000][3152][gc,heap     ] GC(33) Archive regions: 0->0
[2022-02-20T04:07:22.035+0000][3152][gc,heap     ] GC(33) Humongous regions: 5->5
[2022-02-20T04:07:22.035+0000][3152][gc,metaspace] GC(33) Metaspace: 110563K(112384K)->110563K(112384K) NonClass: 95225K(96256K)->95225K(96256K) Class: 15338K(16128K)->15338K(16128K)
[2022-02-20T04:07:22.035+0000][3152][gc          ] GC(33) Pause Young (Normal) (G1 Evacuation Pause) 278M->95M(956M) 44.161ms
[2022-02-20T04:07:22.035+0000][3152][gc,cpu      ] GC(33) User=0.02s Sys=0.02s Real=0.05s
[2022-02-20T04:07:22.035+0000][3152][safepoint   ] Safepoint "G1CollectForAllocation", Time since last: 98792444 ns, Reaching safepoint: 49784 ns, At safepoint: 45173009 ns, Total: 45222793 ns
[2022-02-20T04:07:23.049+0000][3152][safepoint   ] Safepoint "Cleanup", Time since last: 1010123188 ns, Reaching safepoint: 73907 ns, At safepoint: 6159 ns, Total: 80066 ns
[2022-02-20T04:07:25.078+0000][3152][safepoint   ] Safepoint "Cleanup", Time since last: 2028822653 ns, Reaching safepoint: 79040 ns, At safepoint: 7185 ns, Total: 86225 ns
[2022-02-20T04:07:27.092+0000][3152][safepoint   ] Safepoint "Cleanup", Time since last: 2014286609 ns, Reaching safepoint: 107267 ns, At safepoint: 13345 ns, Total: 120612 ns
[2022-02-20T04:07:28.093+0000][3152][safepoint   ] Safepoint "Cleanup", Time since last: 1000195545 ns, Reaching safepoint: 71341 ns, At safepoint: 8725 ns, Total: 80066 ns
[2022-02-20T04:07:29.094+0000][3152][safepoint   ] Safepoint "Cleanup", Time since last: 1001314413 ns, Reaching safepoint: 72367 ns, At safepoint: 3593 ns, Total: 75960 ns
[2022-02-20T04:07:30.095+0000][3152][safepoint   ] Safepoint "Cleanup", Time since last: 1000339766 ns, Reaching safepoint: 73907 ns, At safepoint: 6672 ns, Total: 80579 ns
[2022-02-20T04:07:31.096+0000][3152][safepoint   ] Safepoint "Cleanup", Time since last: 1001280539 ns, Reaching safepoint: 136523 ns, At safepoint: 10265 ns, Total: 146788 ns
[2022-02-20T04:07:32.096+0000][3152][safepoint   ] Safepoint "Cleanup", Time since last: 1000397249 ns, Reaching safepoint: 69801 ns, At safepoint: 6159 ns, Total: 75960 ns
[2022-02-20T04:07:33.110+0000][3152][safepoint   ] Safepoint "Cleanup", Time since last: 1014018183 ns, Reaching safepoint: 131390 ns, At safepoint: 18990 ns, Total: 150380 ns
[2022-02-20T04:07:34.124+0000][3152][safepoint   ] Safepoint "Cleanup", Time since last: 1013656347 ns, Reaching safepoint: 49785 ns, At safepoint: 4619 ns, Total: 54404 ns
[2022-02-20T04:07:35.126+0000][3152][safepoint   ] Safepoint "Cleanup", Time since last: 1001332890 ns, Reaching safepoint: 70314 ns, At safepoint: 5132 ns, Total: 75446 ns
[2022-02-20T04:07:36.140+0000][3152][safepoint   ] Safepoint "Cleanup", Time since last: 1014046925 ns, Reaching safepoint: 60049 ns, At safepoint: 4620 ns, Total: 64669 ns
[2022-02-20T04:07:37.154+0000][3152][safepoint   ] Safepoint "Cleanup", Time since last: 1013651728 ns, Reaching safepoint: 70314 ns, At safepoint: 9752 ns, Total: 80066 ns
[2022-02-20T04:07:38.230+0000][3152][safepoint   ] Safepoint "Cleanup", Time since last: 1013975584 ns, Reaching safepoint: 62431803 ns, At safepoint: 1122460 ns, Total: 63554263 ns
[2022-02-20T04:07:40.306+0000][3152][safepoint   ] Safepoint "Cleanup", Time since last: 2027775640 ns, Reaching safepoint: 46814357 ns, At safepoint: 88791 ns, Total: 46903148 ns
[2022-02-20T04:07:41.352+0000][3152][safepoint   ] Safepoint "Cleanup", Time since last: 1014827052 ns, Reaching safepoint: 31325223 ns, At safepoint: 3850342 ns, Total: 35175565 ns
[2022-02-20T04:07:42.522+0000][3152][safepoint   ] Safepoint "Cleanup", Time since last: 1010082129 ns, Reaching safepoint: 140369678 ns, At safepoint: 21356007 ns, Total: 161725685 ns
[2022-02-20T04:07:44.679+0000][3152][safepoint   ] Safepoint "Cleanup", Time since last: 1995000508 ns, Reaching safepoint: 155971213 ns, At safepoint: 2236196 ns, Total: 158207409 ns
[2022-02-20T04:07:46.739+0000][3152][safepoint   ] Safepoint "Cleanup", Time since last: 2026746589 ns, Reaching safepoint: 31224113 ns, At safepoint: 7289579 ns, Total: 38513692 ns
[2022-02-20T04:07:47.753+0000][3152][safepoint   ] Safepoint "Cleanup", Time since last: 1006667528 ns, Reaching safepoint: 112914 ns, At safepoint: 77499 ns, Total: 190413 ns
[2022-02-20T04:07:48.767+0000][3152][safepoint   ] Safepoint "Cleanup", Time since last: 1013704593 ns, Reaching safepoint: 62615 ns, At safepoint: 4619 ns, Total: 67234 ns
[2022-02-20T04:07:49.782+0000][3152][safepoint   ] Safepoint "Cleanup", Time since last: 1015002069 ns, Reaching safepoint: 97002 ns, At safepoint: 6673 ns, Total: 103675 ns
[2022-02-20T04:07:50.796+0000][3152][safepoint   ] Safepoint "Cleanup", Time since last: 1013858051 ns, Reaching safepoint: 94950 ns, At safepoint: 7185 ns, Total: 102135 ns
[2022-02-20T04:07:51.810+0000][3152][safepoint   ] Safepoint "Cleanup", Time since last: 1014087984 ns, Reaching safepoint: 62616 ns, At safepoint: 3593 ns, Total: 66209 ns
[2022-02-20T04:07:52.824+0000][3152][safepoint   ] Safepoint "Cleanup", Time since last: 1013816479 ns, Reaching safepoint: 89304 ns, At safepoint: 8725 ns, Total: 98029 ns
[2022-02-20T04:07:55.866+0000][3152][safepoint   ] Safepoint "Cleanup", Time since last: 3041682962 ns, Reaching safepoint: 63642 ns, At safepoint: 5132 ns, Total: 68774 ns
[2022-02-20T04:07:56.880+0000][3152][safepoint   ] Safepoint "Cleanup", Time since last: 1013897058 ns, Reaching safepoint: 54917 ns, At safepoint: 3593 ns, Total: 58510 ns
[2022-02-20T04:07:57.894+0000][3152][safepoint   ] Safepoint "Cleanup", Time since last: 1014026395 ns, Reaching safepoint: 101109 ns, At safepoint: 10265 ns, Total: 111374 ns
[2022-02-20T04:08:00.924+0000][3152][safepoint   ] Safepoint "Cleanup", Time since last: 3029169605 ns, Reaching safepoint: 272531 ns, At safepoint: 13858 ns, Total: 286389 ns
[2022-02-20T04:08:09.037+0000][3152][safepoint   ] Safepoint "Cleanup", Time since last: 8112572482 ns, Reaching safepoint: 99056 ns, At safepoint: 7699 ns, Total: 106755 ns
[2022-02-20T04:08:10.505+0000][3152][gc,start    ] GC(34) Pause Young (Normal) (G1 Evacuation Pause)
[2022-02-20T04:08:10.505+0000][3152][gc,task     ] GC(34) Using 2 workers of 2 for evacuation
[2022-02-20T04:08:10.505+0000][3152][gc,age      ] GC(34) Desired survivor size 25165824 bytes, new threshold 15 (max threshold 15)
[2022-02-20T04:08:10.521+0000][3152][gc,age      ] GC(34) Age table with threshold 15 (max threshold 15)
[2022-02-20T04:08:10.521+0000][3152][gc,age      ] GC(34) - age   1:    3771520 bytes,    3771520 total
[2022-02-20T04:08:10.521+0000][3152][gc,age      ] GC(34) - age   2:     702768 bytes,    4474288 total
[2022-02-20T04:08:10.521+0000][3152][gc,age      ] GC(34) - age   3:    2456320 bytes,    6930608 total
[2022-02-20T04:08:10.521+0000][3152][gc,age      ] GC(34) - age   4:     486016 bytes,    7416624 total
[2022-02-20T04:08:10.521+0000][3152][gc,age      ] GC(34) - age   5:     719496 bytes,    8136120 total
[2022-02-20T04:08:10.521+0000][3152][gc,phases   ] GC(34)   Pre Evacuate Collection Set: 0.1ms
[2022-02-20T04:08:10.521+0000][3152][gc,phases   ] GC(34)   Merge Heap Roots: 0.1ms
[2022-02-20T04:08:10.521+0000][3152][gc,phases   ] GC(34)   Evacuate Collection Set: 12.6ms
[2022-02-20T04:08:10.521+0000][3152][gc,phases   ] GC(34)   Post Evacuate Collection Set: 1.3ms
[2022-02-20T04:08:10.521+0000][3152][gc,phases   ] GC(34)   Other: 0.6ms
[2022-02-20T04:08:10.521+0000][3152][gc,heap     ] GC(34) Eden regions: 90->0(132)
[2022-02-20T04:08:10.521+0000][3152][gc,heap     ] GC(34) Survivor regions: 2->3(12)
[2022-02-20T04:08:10.521+0000][3152][gc,heap     ] GC(34) Old regions: 18->18
[2022-02-20T04:08:10.521+0000][3152][gc,heap     ] GC(34) Archive regions: 0->0
[2022-02-20T04:08:10.521+0000][3152][gc,heap     ] GC(34) Humongous regions: 5->5
[2022-02-20T04:08:10.521+0000][3152][gc,metaspace] GC(34) Metaspace: 110766K(112576K)->110766K(112576K) NonClass: 95420K(96448K)->95420K(96448K) Class: 15345K(16128K)->15345K(16128K)
[2022-02-20T04:08:10.521+0000][3152][gc          ] GC(34) Pause Young (Normal) (G1 Evacuation Pause) 455M->97M(956M) 14.933ms
[2022-02-20T04:08:10.521+0000][3152][gc,cpu      ] GC(34) User=0.03s Sys=0.00s Real=0.02s
[2022-02-20T04:08:10.521+0000][3152][safepoint   ] Safepoint "G1CollectForAllocation", Time since last: 1478819009 ns, Reaching safepoint: 46192 ns, At safepoint: 15121140 ns, Total: 15167332 ns
[2022-02-20T04:08:14.564+0000][3152][safepoint   ] Safepoint "Cleanup", Time since last: 4033009170 ns, Reaching safepoint: 51837 ns, At safepoint: 3593 ns, Total: 55430 ns
[2022-02-20T04:08:15.578+0000][3152][safepoint   ] Safepoint "Cleanup", Time since last: 1013886793 ns, Reaching safepoint: 136009 ns, At safepoint: 2549787 ns, Total: 2685796 ns
[2022-02-20T04:08:16.592+0000][3152][safepoint   ] Safepoint "Cleanup", Time since last: 1012058625 ns, Reaching safepoint: 50811 ns, At safepoint: 4619 ns, Total: 55430 ns
[2022-02-20T04:08:17.607+0000][3152][safepoint   ] Safepoint "Cleanup", Time since last: 1014243497 ns, Reaching safepoint: 46705 ns, At safepoint: 3079 ns, Total: 49784 ns
[2022-02-20T04:08:18.609+0000][3152][safepoint   ] Safepoint "Cleanup", Time since last: 1002202322 ns, Reaching safepoint: 106755 ns, At safepoint: 27715 ns, Total: 134470 ns
[2022-02-20T04:08:19.623+0000][3152][safepoint   ] Safepoint "Cleanup", Time since last: 1023979700 ns, Reaching safepoint: 322829 ns, At safepoint: 299220 ns, Total: 622049 ns
[2022-02-20T04:08:20.637+0000][3152][safepoint   ] Safepoint "Cleanup", Time since last: 1003501852 ns, Reaching safepoint: 115479 ns, At safepoint: 358243 ns, Total: 473722 ns
[2022-02-20T04:08:21.652+0000][3152][safepoint   ] Safepoint "Cleanup", Time since last: 1014141875 ns, Reaching safepoint: 86224 ns, At safepoint: 143195 ns, Total: 229419 ns
[2022-02-20T04:08:22.667+0000][3152][safepoint   ] Safepoint "Cleanup", Time since last: 1014700282 ns, Reaching safepoint: 76986 ns, At safepoint: 6672 ns, Total: 83658 ns
[2022-02-20T04:08:23.681+0000][3152][safepoint   ] Safepoint "Cleanup", Time since last: 1013918101 ns, Reaching safepoint: 103162 ns, At safepoint: 86225 ns, Total: 189387 ns
[2022-02-20T04:08:24.695+0000][3152][safepoint   ] Safepoint "Cleanup", Time since last: 1013817505 ns, Reaching safepoint: 69288 ns, At safepoint: 6672 ns, Total: 75960 ns
[2022-02-20T04:08:27.725+0000][3152][safepoint   ] Safepoint "Cleanup", Time since last: 3030200708 ns, Reaching safepoint: 60050 ns, At safepoint: 4619 ns, Total: 64669 ns
[2022-02-20T04:08:28.733+0000][3152][safepoint   ] Safepoint "Cleanup", Time since last: 1007801281 ns, Reaching safepoint: 85711 ns, At safepoint: 6672 ns, Total: 92383 ns
[2022-02-20T04:08:29.747+0000][3152][safepoint   ] Safepoint "Cleanup", Time since last: 1013846247 ns, Reaching safepoint: 66722 ns, At safepoint: 6159 ns, Total: 72881 ns
[2022-02-20T04:08:31.775+0000][3152][safepoint   ] Safepoint "Cleanup", Time since last: 2027915241 ns, Reaching safepoint: 81605 ns, At safepoint: 13345 ns, Total: 94950 ns
[2022-02-20T04:08:32.789+0000][3152][safepoint   ] Safepoint "Cleanup", Time since last: 1013882174 ns, Reaching safepoint: 68774 ns, At safepoint: 6159 ns, Total: 74933 ns
[2022-02-20T04:08:35.831+0000][3152][safepoint   ] Safepoint "Cleanup", Time since last: 3041764054 ns, Reaching safepoint: 156539 ns, At safepoint: 181175 ns, Total: 337714 ns
[2022-02-20T04:08:36.845+0000][3152][safepoint   ] Safepoint "Cleanup", Time since last: 1013694327 ns, Reaching safepoint: 110347 ns, At safepoint: 3593 ns, Total: 113940 ns
[2022-02-20T04:08:37.861+0000][3152][safepoint   ] Safepoint "Cleanup", Time since last: 1000484500 ns, Reaching safepoint: 635394 ns, At safepoint: 25427043 ns, Total: 26062437 ns
[2022-02-20T04:08:39.876+0000][3152][safepoint   ] Safepoint "Cleanup", Time since last: 2003690725 ns, Reaching safepoint: 160131 ns, At safepoint: 7186 ns, Total: 167317 ns
[2022-02-20T04:08:40.883+0000][3152][safepoint   ] Safepoint "Cleanup", Time since last: 1007191036 ns, Reaching safepoint: 125231 ns, At safepoint: 12317 ns, Total: 137548 ns
[2022-02-20T04:08:41.897+0000][3152][safepoint   ] Safepoint "Cleanup", Time since last: 1013937091 ns, Reaching safepoint: 90331 ns, At safepoint: 6159 ns, Total: 96490 ns
[2022-02-20T04:08:43.925+0000][3152][safepoint   ] Safepoint "Cleanup", Time since last: 2027784364 ns, Reaching safepoint: 88791 ns, At safepoint: 28742 ns, Total: 117533 ns
[2022-02-20T04:08:44.927+0000][3152][safepoint   ] Safepoint "Cleanup", Time since last: 1001214844 ns, Reaching safepoint: 70314 ns, At safepoint: 8212 ns, Total: 78526 ns
[2022-02-20T04:08:45.936+0000][3152][safepoint   ] Safepoint "Cleanup", Time since last: 1008951457 ns, Reaching safepoint: 60562 ns, At safepoint: 3593 ns, Total: 64155 ns
[2022-02-20T04:08:48.979+0000][3152][safepoint   ] Safepoint "Cleanup", Time since last: 3042824412 ns, Reaching safepoint: 74934 ns, At safepoint: 5132 ns, Total: 80066 ns
[2022-02-20T04:08:49.996+0000][3152][safepoint   ] Safepoint "Cleanup", Time since last: 1001312360 ns, Reaching safepoint: 15703158 ns, At safepoint: 488606 ns, Total: 16191764 ns
[2022-02-20T04:08:51.042+0000][3152][safepoint   ] Safepoint "Cleanup", Time since last: 1014402088 ns, Reaching safepoint: 31305719 ns, At safepoint: 1788649 ns, Total: 33094368 ns
[2022-02-20T04:08:52.072+0000][3152][safepoint   ] Safepoint "Cleanup", Time since last: 1013387409 ns, Reaching safepoint: 15358771 ns, At safepoint: 181175 ns, Total: 15539946 ns
[2022-02-20T04:08:53.073+0000][3152][safepoint   ] Safepoint "Cleanup", Time since last: 1000103162 ns, Reaching safepoint: 114966 ns, At safepoint: 11715779 ns, Total: 11830745 ns
[2022-02-20T04:08:55.087+0000][3152][safepoint   ] Safepoint "Cleanup", Time since last: 2002539009 ns, Reaching safepoint: 174502 ns, At safepoint: 6159 ns, Total: 180661 ns
[2022-02-20T04:09:03.200+0000][3152][safepoint   ] Safepoint "Cleanup", Time since last: 8112691041 ns, Reaching safepoint: 68775 ns, At safepoint: 6159 ns, Total: 74934 ns
[2022-02-20T04:09:10.258+0000][3152][safepoint   ] Safepoint "Cleanup", Time since last: 7058207306 ns, Reaching safepoint: 75447 ns, At safepoint: 5646 ns, Total: 81093 ns
[2022-02-20T04:09:20.385+0000][3152][safepoint   ] Safepoint "Cleanup", Time since last: 10125872126 ns, Reaching safepoint: 91871 ns, At safepoint: 10778 ns, Total: 102649 ns
[2022-02-20T04:09:34.986+0000][3152][gc,start    ] GC(35) Pause Young (Normal) (G1 Evacuation Pause)
[2022-02-20T04:09:34.986+0000][3152][gc,task     ] GC(35) Using 2 workers of 2 for evacuation
[2022-02-20T04:09:34.986+0000][3152][gc,age      ] GC(35) Desired survivor size 35651584 bytes, new threshold 15 (max threshold 15)
[2022-02-20T04:09:35.127+0000][3152][gc,age      ] GC(35) Age table with threshold 15 (max threshold 15)
[2022-02-20T04:09:35.127+0000][3152][gc,age      ] GC(35) - age   1:     498336 bytes,     498336 total
[2022-02-20T04:09:35.127+0000][3152][gc,age      ] GC(35) - age   2:      91808 bytes,     590144 total
[2022-02-20T04:09:35.127+0000][3152][gc,age      ] GC(35) - age   3:     530824 bytes,    1120968 total
[2022-02-20T04:09:35.127+0000][3152][gc,age      ] GC(35) - age   4:    2434888 bytes,    3555856 total
[2022-02-20T04:09:35.127+0000][3152][gc,age      ] GC(35) - age   5:     479520 bytes,    4035376 total
[2022-02-20T04:09:35.127+0000][3152][gc,age      ] GC(35) - age   6:     664656 bytes,    4700032 total
[2022-02-20T04:09:35.127+0000][3152][gc,phases   ] GC(35)   Pre Evacuate Collection Set: 0.1ms
[2022-02-20T04:09:35.127+0000][3152][gc,phases   ] GC(35)   Merge Heap Roots: 0.1ms
[2022-02-20T04:09:35.127+0000][3152][gc,phases   ] GC(35)   Evacuate Collection Set: 134.2ms
[2022-02-20T04:09:35.127+0000][3152][gc,phases   ] GC(35)   Post Evacuate Collection Set: 1.4ms
[2022-02-20T04:09:35.127+0000][3152][gc,phases   ] GC(35)   Other: 0.6ms
[2022-02-20T04:09:35.127+0000][3152][gc,heap     ] GC(35) Eden regions: 132->0(141)
[2022-02-20T04:09:35.127+0000][3152][gc,heap     ] GC(35) Survivor regions: 3->2(17)
[2022-02-20T04:09:35.127+0000][3152][gc,heap     ] GC(35) Old regions: 18->18
[2022-02-20T04:09:35.127+0000][3152][gc,heap     ] GC(35) Archive regions: 0->0
[2022-02-20T04:09:35.127+0000][3152][gc,heap     ] GC(35) Humongous regions: 5->5
[2022-02-20T04:09:35.127+0000][3152][gc,metaspace] GC(35) Metaspace: 111293K(113088K)->111293K(113088K) NonClass: 95942K(96960K)->95942K(96960K) Class: 15350K(16128K)->15350K(16128K)
[2022-02-20T04:09:35.127+0000][3152][gc          ] GC(35) Pause Young (Normal) (G1 Evacuation Pause) 625M->93M(956M) 136.654ms
[2022-02-20T04:09:35.127+0000][3152][gc,cpu      ] GC(35) User=0.05s Sys=0.00s Real=0.14s
[2022-02-20T04:09:35.127+0000][3152][safepoint   ] Safepoint "G1CollectForAllocation", Time since last: 14614656759 ns, Reaching safepoint: 62102 ns, At safepoint: 136830360 ns, Total: 136892462 ns
[2022-02-20T04:09:40.198+0000][3152][safepoint   ] Safepoint "Cleanup", Time since last: 5060923898 ns, Reaching safepoint: 63129 ns, At safepoint: 9238 ns, Total: 72367 ns
[2022-02-20T04:09:49.324+0000][3152][safepoint   ] Safepoint "Cleanup", Time since last: 9125980934 ns, Reaching safepoint: 73394 ns, At safepoint: 13344 ns, Total: 86738 ns
[2022-02-20T04:10:06.521+0000][3152][safepoint   ] Safepoint "Cleanup", Time since last: 17196578933 ns, Reaching safepoint: 74420 ns, At safepoint: 6159 ns, Total: 80579 ns
[2022-02-20T04:10:09.564+0000][3152][safepoint   ] Safepoint "Cleanup", Time since last: 3042826466 ns, Reaching safepoint: 55430 ns, At safepoint: 6672 ns, Total: 62102 ns
[2022-02-20T04:10:39.933+0000][3152][safepoint   ] Safepoint "Cleanup", Time since last: 30367920723 ns, Reaching safepoint: 128823 ns, At safepoint: 11292 ns, Total: 140115 ns
[2022-02-20T04:10:56.119+0000][3152][safepoint   ] Safepoint "Cleanup", Time since last: 16185686394 ns, Reaching safepoint: 52864 ns, At safepoint: 3593 ns, Total: 56457 ns
[2022-02-20T04:11:13.322+0000][3152][safepoint   ] Safepoint "Cleanup", Time since last: 17202836381 ns, Reaching safepoint: 56457 ns, At safepoint: 20017 ns, Total: 76474 ns
[2022-02-20T04:11:28.509+0000][3152][safepoint   ] Safepoint "Cleanup", Time since last: 15186410579 ns, Reaching safepoint: 63129 ns, At safepoint: 6159 ns, Total: 69288 ns
[2022-02-20T04:11:49.789+0000][3152][safepoint   ] Safepoint "Cleanup", Time since last: 21279933052 ns, Reaching safepoint: 67235 ns, At safepoint: 5646 ns, Total: 72881 ns
[2022-02-20T04:12:07.027+0000][3152][safepoint   ] Safepoint "Cleanup", Time since last: 17237567991 ns, Reaching safepoint: 62616 ns, At safepoint: 31821 ns, Total: 94437 ns
[2022-02-20T04:12:24.083+0000][3152][gc,start    ] GC(36) Pause Young (Normal) (G1 Evacuation Pause)
[2022-02-20T04:12:24.083+0000][3152][gc,task     ] GC(36) Using 2 workers of 2 for evacuation
[2022-02-20T04:12:24.083+0000][3152][gc,age      ] GC(36) Desired survivor size 37748736 bytes, new threshold 15 (max threshold 15)
[2022-02-20T04:12:24.099+0000][3152][gc,age      ] GC(36) Age table with threshold 15 (max threshold 15)
[2022-02-20T04:12:24.099+0000][3152][gc,age      ] GC(36) - age   1:      14784 bytes,      14784 total
[2022-02-20T04:12:24.099+0000][3152][gc,age      ] GC(36) - age   2:     403688 bytes,     418472 total
[2022-02-20T04:12:24.099+0000][3152][gc,age      ] GC(36) - age   3:      58664 bytes,     477136 total
[2022-02-20T04:12:24.099+0000][3152][gc,age      ] GC(36) - age   4:     487352 bytes,     964488 total
[2022-02-20T04:12:24.099+0000][3152][gc,age      ] GC(36) - age   5:    2434888 bytes,    3399376 total
[2022-02-20T04:12:24.099+0000][3152][gc,age      ] GC(36) - age   6:     479520 bytes,    3878896 total
[2022-02-20T04:12:24.099+0000][3152][gc,age      ] GC(36) - age   7:     664520 bytes,    4543416 total
[2022-02-20T04:12:24.099+0000][3152][gc,phases   ] GC(36)   Pre Evacuate Collection Set: 0.1ms
[2022-02-20T04:12:24.099+0000][3152][gc,phases   ] GC(36)   Merge Heap Roots: 0.1ms
[2022-02-20T04:12:24.099+0000][3152][gc,phases   ] GC(36)   Evacuate Collection Set: 8.0ms
[2022-02-20T04:12:24.099+0000][3152][gc,phases   ] GC(36)   Post Evacuate Collection Set: 1.2ms
[2022-02-20T04:12:24.099+0000][3152][gc,phases   ] GC(36)   Other: 0.6ms
[2022-02-20T04:12:24.099+0000][3152][gc,heap     ] GC(36) Eden regions: 141->0(141)
[2022-02-20T04:12:24.099+0000][3152][gc,heap     ] GC(36) Survivor regions: 2->2(18)
[2022-02-20T04:12:24.099+0000][3152][gc,heap     ] GC(36) Old regions: 18->18
[2022-02-20T04:12:24.099+0000][3152][gc,heap     ] GC(36) Archive regions: 0->0
[2022-02-20T04:12:24.099+0000][3152][gc,heap     ] GC(36) Humongous regions: 5->5
[2022-02-20T04:12:24.099+0000][3152][gc,metaspace] GC(36) Metaspace: 111339K(113152K)->111339K(113152K) NonClass: 95988K(97024K)->95988K(97024K) Class: 15351K(16128K)->15351K(16128K)
[2022-02-20T04:12:24.099+0000][3152][gc          ] GC(36) Pause Young (Normal) (G1 Evacuation Pause) 657M->93M(956M) 10.281ms
[2022-02-20T04:12:24.099+0000][3152][gc,cpu      ] GC(36) User=0.03s Sys=0.00s Real=0.02s
[2022-02-20T04:12:24.099+0000][3152][safepoint   ] Safepoint "G1CollectForAllocation", Time since last: 17070157637 ns, Reaching safepoint: 41060 ns, At safepoint: 10477838 ns, Total: 10518898 ns
[2022-02-20T04:12:25.113+0000][3152][safepoint   ] Safepoint "Cleanup", Time since last: 1004266582 ns, Reaching safepoint: 68775 ns, At safepoint: 8725 ns, Total: 77500 ns
[2022-02-20T04:12:40.323+0000][3152][safepoint   ] Safepoint "Cleanup", Time since last: 15209625035 ns, Reaching safepoint: 93924 ns, At safepoint: 9751 ns, Total: 103675 ns
[2022-02-20T04:12:55.519+0000][3152][safepoint   ] Safepoint "Cleanup", Time since last: 15195963556 ns, Reaching safepoint: 110347 ns, At safepoint: 7186 ns, Total: 117533 ns
[2022-02-20T04:13:09.705+0000][3152][safepoint   ] Safepoint "Cleanup", Time since last: 14184951431 ns, Reaching safepoint: 54917 ns, At safepoint: 5133 ns, Total: 60050 ns
[2022-02-20T04:13:24.915+0000][3152][safepoint   ] Safepoint "Cleanup", Time since last: 15209652750 ns, Reaching safepoint: 69801 ns, At safepoint: 6159 ns, Total: 75960 ns
[2022-02-20T04:13:57.341+0000][3152][safepoint   ] Safepoint "Cleanup", Time since last: 32425161081 ns, Reaching safepoint: 66722 ns, At safepoint: 5645 ns, Total: 72367 ns
[2022-02-20T04:14:02.411+0000][3152][safepoint   ] Safepoint "Cleanup", Time since last: 5069726514 ns, Reaching safepoint: 65182 ns, At safepoint: 5646 ns, Total: 70828 ns
[2022-02-20T04:14:46.955+0000][3152][safepoint   ] Safepoint "Cleanup", Time since last: 44543386412 ns, Reaching safepoint: 94437 ns, At safepoint: 6672 ns, Total: 101109 ns
[2022-02-20T04:14:49.999+0000][3152][safepoint   ] Safepoint "Cleanup", Time since last: 3043276066 ns, Reaching safepoint: 78013 ns, At safepoint: 6672 ns, Total: 84685 ns
[2022-02-20T04:15:10.259+0000][3152][safepoint   ] Safepoint "Cleanup", Time since last: 20259728762 ns, Reaching safepoint: 76986 ns, At safepoint: 5132 ns, Total: 82118 ns
[2022-02-20T04:15:11.382+0000][3152][gc,start    ] GC(37) Pause Young (Normal) (G1 Evacuation Pause)
[2022-02-20T04:15:11.382+0000][3152][gc,task     ] GC(37) Using 2 workers of 2 for evacuation
[2022-02-20T04:15:11.382+0000][3152][gc,age      ] GC(37) Desired survivor size 37748736 bytes, new threshold 15 (max threshold 15)
[2022-02-20T04:15:11.538+0000][3152][gc,age      ] GC(37) Age table with threshold 15 (max threshold 15)
[2022-02-20T04:15:11.538+0000][3152][gc,age      ] GC(37) - age   1:      63312 bytes,      63312 total
[2022-02-20T04:15:11.538+0000][3152][gc,age      ] GC(37) - age   2:       2048 bytes,      65360 total
[2022-02-20T04:15:11.538+0000][3152][gc,age      ] GC(37) - age   3:     333032 bytes,     398392 total
[2022-02-20T04:15:11.538+0000][3152][gc,age      ] GC(37) - age   4:      58584 bytes,     456976 total
[2022-02-20T04:15:11.538+0000][3152][gc,age      ] GC(37) - age   5:     487352 bytes,     944328 total
[2022-02-20T04:15:11.538+0000][3152][gc,age      ] GC(37) - age   6:    2434888 bytes,    3379216 total
[2022-02-20T04:15:11.538+0000][3152][gc,age      ] GC(37) - age   7:     479520 bytes,    3858736 total
[2022-02-20T04:15:11.538+0000][3152][gc,age      ] GC(37) - age   8:     664520 bytes,    4523256 total
[2022-02-20T04:15:11.538+0000][3152][gc,phases   ] GC(37)   Pre Evacuate Collection Set: 0.1ms
[2022-02-20T04:15:11.538+0000][3152][gc,phases   ] GC(37)   Merge Heap Roots: 0.1ms
[2022-02-20T04:15:11.538+0000][3152][gc,phases   ] GC(37)   Evacuate Collection Set: 154.9ms
[2022-02-20T04:15:11.538+0000][3152][gc,phases   ] GC(37)   Post Evacuate Collection Set: 1.3ms
[2022-02-20T04:15:11.538+0000][3152][gc,phases   ] GC(37)   Other: 0.7ms
[2022-02-20T04:15:11.538+0000][3152][gc,heap     ] GC(37) Eden regions: 141->0(141)
[2022-02-20T04:15:11.538+0000][3152][gc,heap     ] GC(37) Survivor regions: 2->2(18)
[2022-02-20T04:15:11.538+0000][3152][gc,heap     ] GC(37) Old regions: 18->18
[2022-02-20T04:15:11.538+0000][3152][gc,heap     ] GC(37) Archive regions: 0->0
[2022-02-20T04:15:11.538+0000][3152][gc,heap     ] GC(37) Humongous regions: 5->5
[2022-02-20T04:15:11.538+0000][3152][gc,metaspace] GC(37) Metaspace: 111371K(113152K)->111371K(113152K) NonClass: 96020K(97024K)->96020K(97024K) Class: 15351K(16128K)->15351K(16128K)
[2022-02-20T04:15:11.538+0000][3152][gc          ] GC(37) Pause Young (Normal) (G1 Evacuation Pause) 657M->93M(956M) 157.336ms
[2022-02-20T04:15:11.538+0000][3152][gc,cpu      ] GC(37) User=0.03s Sys=0.02s Real=0.16s
[2022-02-20T04:15:11.538+0000][3152][safepoint   ] Safepoint "G1CollectForAllocation", Time since last: 1132613050 ns, Reaching safepoint: 42086 ns, At safepoint: 157680309 ns, Total: 157722395 ns
[2022-02-20T04:15:13.553+0000][3152][safepoint   ] Safepoint "Cleanup", Time since last: 2003545477 ns, Reaching safepoint: 64155 ns, At safepoint: 6159 ns, Total: 70314 ns
[2022-02-20T04:16:18.322+0000][3152][safepoint   ] Safepoint "Cleanup", Time since last: 64767500275 ns, Reaching safepoint: 113426 ns, At safepoint: 13858 ns, Total: 127284 ns
[2022-02-20T04:16:23.392+0000][3152][safepoint   ] Safepoint "Cleanup", Time since last: 5069628998 ns, Reaching safepoint: 62102 ns, At safepoint: 4619 ns, Total: 66721 ns
[2022-02-20T04:16:39.565+0000][3152][safepoint   ] Safepoint "Cleanup", Time since last: 16173208965 ns, Reaching safepoint: 54917 ns, At safepoint: 5132 ns, Total: 60049 ns
[2022-02-20T04:16:58.787+0000][3152][safepoint   ] Safepoint "Cleanup", Time since last: 19220803963 ns, Reaching safepoint: 83145 ns, At safepoint: 7186 ns, Total: 90331 ns
[2022-02-20T04:17:01.802+0000][3152][safepoint   ] Safepoint "Cleanup", Time since last: 3015615392 ns, Reaching safepoint: 65182 ns, At safepoint: 6672 ns, Total: 71854 ns
[2022-02-20T04:17:09.915+0000][3152][safepoint   ] Safepoint "Cleanup", Time since last: 8112744419 ns, Reaching safepoint: 65695 ns, At safepoint: 5646 ns, Total: 71341 ns
[2022-02-20T04:17:35.220+0000][3152][safepoint   ] Safepoint "Cleanup", Time since last: 25304015914 ns, Reaching safepoint: 92384 ns, At safepoint: 9751 ns, Total: 102135 ns
[2022-02-20T04:18:03.831+0000][3152][gc,start    ] GC(38) Pause Young (Normal) (G1 Evacuation Pause)
[2022-02-20T04:18:03.831+0000][3152][gc,task     ] GC(38) Using 2 workers of 2 for evacuation
[2022-02-20T04:18:03.831+0000][3152][gc,age      ] GC(38) Desired survivor size 37748736 bytes, new threshold 15 (max threshold 15)
[2022-02-20T04:18:03.987+0000][3152][gc,age      ] GC(38) Age table with threshold 15 (max threshold 15)
[2022-02-20T04:18:03.987+0000][3152][gc,age      ] GC(38) - age   1:      27056 bytes,      27056 total
[2022-02-20T04:18:03.987+0000][3152][gc,age      ] GC(38) - age   2:      51504 bytes,      78560 total
[2022-02-20T04:18:03.987+0000][3152][gc,age      ] GC(38) - age   3:       1920 bytes,      80480 total
[2022-02-20T04:18:03.987+0000][3152][gc,age      ] GC(38) - age   4:     332648 bytes,     413128 total
[2022-02-20T04:18:03.987+0000][3152][gc,age      ] GC(38) - age   5:      58584 bytes,     471712 total
[2022-02-20T04:18:03.987+0000][3152][gc,age      ] GC(38) - age   6:     487352 bytes,     959064 total
[2022-02-20T04:18:03.987+0000][3152][gc,age      ] GC(38) - age   7:    2434888 bytes,    3393952 total
[2022-02-20T04:18:03.987+0000][3152][gc,age      ] GC(38) - age   8:     479520 bytes,    3873472 total
[2022-02-20T04:18:03.987+0000][3152][gc,age      ] GC(38) - age   9:     664520 bytes,    4537992 total
[2022-02-20T04:18:03.987+0000][3152][gc,phases   ] GC(38)   Pre Evacuate Collection Set: 0.1ms
[2022-02-20T04:18:03.987+0000][3152][gc,phases   ] GC(38)   Merge Heap Roots: 0.1ms
[2022-02-20T04:18:03.987+0000][3152][gc,phases   ] GC(38)   Evacuate Collection Set: 164.3ms
[2022-02-20T04:18:03.987+0000][3152][gc,phases   ] GC(38)   Post Evacuate Collection Set: 1.3ms
[2022-02-20T04:18:03.987+0000][3152][gc,phases   ] GC(38)   Other: 0.8ms
[2022-02-20T04:18:03.987+0000][3152][gc,heap     ] GC(38) Eden regions: 141->0(141)
[2022-02-20T04:18:03.987+0000][3152][gc,heap     ] GC(38) Survivor regions: 2->2(18)
[2022-02-20T04:18:03.987+0000][3152][gc,heap     ] GC(38) Old regions: 18->18
[2022-02-20T04:18:03.987+0000][3152][gc,heap     ] GC(38) Archive regions: 0->0
[2022-02-20T04:18:03.987+0000][3152][gc,heap     ] GC(38) Humongous regions: 5->5
[2022-02-20T04:18:03.987+0000][3152][gc,metaspace] GC(38) Metaspace: 111413K(113280K)->111413K(113280K) NonClass: 96056K(97152K)->96056K(97152K) Class: 15356K(16128K)->15356K(16128K)
[2022-02-20T04:18:03.987+0000][3152][gc          ] GC(38) Pause Young (Normal) (G1 Evacuation Pause) 657M->93M(956M) 166.822ms
[2022-02-20T04:18:03.987+0000][3152][gc,cpu      ] GC(38) User=0.02s Sys=0.00s Real=0.16s
[2022-02-20T04:18:03.987+0000][3152][safepoint   ] Safepoint "G1CollectForAllocation", Time since last: 28611631710 ns, Reaching safepoint: 84685 ns, At safepoint: 167030556 ns, Total: 167115241 ns
[2022-02-20T04:18:10.071+0000][3152][safepoint   ] Safepoint "Cleanup", Time since last: 6071245197 ns, Reaching safepoint: 66721 ns, At safepoint: 6673 ns, Total: 73394 ns
[2022-02-20T04:18:40.453+0000][3152][safepoint   ] Safepoint "Cleanup", Time since last: 30381468775 ns, Reaching safepoint: 70315 ns, At safepoint: 4106 ns, Total: 74421 ns
[2022-02-20T04:18:50.535+0000][3152][safepoint   ] Safepoint "Cleanup", Time since last: 10081958614 ns, Reaching safepoint: 174502 ns, At safepoint: 10265 ns, Total: 184767 ns
[2022-02-20T04:18:54.579+0000][3152][safepoint   ] Safepoint "Cleanup", Time since last: 4043172904 ns, Reaching safepoint: 67748 ns, At safepoint: 7699 ns, Total: 75447 ns
[2022-02-20T04:18:56.607+0000][3152][safepoint   ] Safepoint "Cleanup", Time since last: 2027934744 ns, Reaching safepoint: 70827 ns, At safepoint: 5646 ns, Total: 76473 ns
[2022-02-20T04:19:10.803+0000][3152][safepoint   ] Safepoint "Cleanup", Time since last: 14195542184 ns, Reaching safepoint: 76473 ns, At safepoint: 6159 ns, Total: 82632 ns
[2022-02-20T04:19:23.961+0000][3152][safepoint   ] Safepoint "Cleanup", Time since last: 13157446784 ns, Reaching safepoint: 110861 ns, At safepoint: 9751 ns, Total: 120612 ns
[2022-02-20T04:20:10.480+0000][3152][safepoint   ] Safepoint "Cleanup", Time since last: 46518540360 ns, Reaching safepoint: 69801 ns, At safepoint: 6672 ns, Total: 76473 ns
[2022-02-20T04:20:51.389+0000][3152][gc,start    ] GC(39) Pause Young (Normal) (G1 Evacuation Pause)
[2022-02-20T04:20:51.389+0000][3152][gc,task     ] GC(39) Using 2 workers of 2 for evacuation
[2022-02-20T04:20:51.389+0000][3152][gc,age      ] GC(39) Desired survivor size 37748736 bytes, new threshold 15 (max threshold 15)
[2022-02-20T04:20:51.389+0000][3152][gc,age      ] GC(39) Age table with threshold 15 (max threshold 15)
[2022-02-20T04:20:51.389+0000][3152][gc,age      ] GC(39) - age   1:      14136 bytes,      14136 total
[2022-02-20T04:20:51.389+0000][3152][gc,age      ] GC(39) - age   2:      15088 bytes,      29224 total
[2022-02-20T04:20:51.389+0000][3152][gc,age      ] GC(39) - age   3:      51504 bytes,      80728 total
[2022-02-20T04:20:51.389+0000][3152][gc,age      ] GC(39) - age   4:       1920 bytes,      82648 total
[2022-02-20T04:20:51.389+0000][3152][gc,age      ] GC(39) - age   5:     332520 bytes,     415168 total
[2022-02-20T04:20:51.389+0000][3152][gc,age      ] GC(39) - age   6:      58584 bytes,     473752 total
[2022-02-20T04:20:51.389+0000][3152][gc,age      ] GC(39) - age   7:     487352 bytes,     961104 total
[2022-02-20T04:20:51.389+0000][3152][gc,age      ] GC(39) - age   8:    2434888 bytes,    3395992 total
[2022-02-20T04:20:51.389+0000][3152][gc,age      ] GC(39) - age   9:     479520 bytes,    3875512 total
[2022-02-20T04:20:51.389+0000][3152][gc,age      ] GC(39) - age  10:     664520 bytes,    4540032 total
[2022-02-20T04:20:51.389+0000][3152][gc,phases   ] GC(39)   Pre Evacuate Collection Set: 0.1ms
[2022-02-20T04:20:51.389+0000][3152][gc,phases   ] GC(39)   Merge Heap Roots: 0.1ms
[2022-02-20T04:20:51.389+0000][3152][gc,phases   ] GC(39)   Evacuate Collection Set: 8.6ms
[2022-02-20T04:20:51.389+0000][3152][gc,phases   ] GC(39)   Post Evacuate Collection Set: 1.2ms
[2022-02-20T04:20:51.389+0000][3152][gc,phases   ] GC(39)   Other: 0.7ms
[2022-02-20T04:20:51.389+0000][3152][gc,heap     ] GC(39) Eden regions: 141->0(141)
[2022-02-20T04:20:51.389+0000][3152][gc,heap     ] GC(39) Survivor regions: 2->2(18)
[2022-02-20T04:20:51.389+0000][3152][gc,heap     ] GC(39) Old regions: 18->18
[2022-02-20T04:20:51.389+0000][3152][gc,heap     ] GC(39) Archive regions: 0->0
[2022-02-20T04:20:51.389+0000][3152][gc,heap     ] GC(39) Humongous regions: 5->5
[2022-02-20T04:20:51.389+0000][3152][gc,metaspace] GC(39) Metaspace: 111434K(113280K)->111434K(113280K) NonClass: 96078K(97152K)->96078K(97152K) Class: 15356K(16128K)->15356K(16128K)
[2022-02-20T04:20:51.389+0000][3152][gc          ] GC(39) Pause Young (Normal) (G1 Evacuation Pause) 657M->93M(956M) 11.004ms
[2022-02-20T04:20:51.389+0000][3152][gc,cpu      ] GC(39) User=0.00s Sys=0.00s Real=0.00s
[2022-02-20T04:20:51.389+0000][3152][safepoint   ] Safepoint "G1CollectForAllocation", Time since last: 40908909268 ns, Reaching safepoint: 38493 ns, At safepoint: 11174309 ns, Total: 11212802 ns
[2022-02-20T04:21:02.518+0000][3152][safepoint   ] Safepoint "Cleanup", Time since last: 11116146187 ns, Reaching safepoint: 70828 ns, At safepoint: 5132 ns, Total: 75960 ns
[2022-02-20T04:21:15.676+0000][3152][safepoint   ] Safepoint "Cleanup", Time since last: 13157432414 ns, Reaching safepoint: 84172 ns, At safepoint: 6672 ns, Total: 90844 ns
[2022-02-20T04:21:25.790+0000][3152][safepoint   ] Safepoint "Cleanup", Time since last: 10113654397 ns, Reaching safepoint: 56970 ns, At safepoint: 4106 ns, Total: 61076 ns
[2022-02-20T04:21:43.015+0000][3152][safepoint   ] Safepoint "Cleanup", Time since last: 17224856010 ns, Reaching safepoint: 97003 ns, At safepoint: 9238 ns, Total: 106241 ns
[2022-02-20T04:21:48.085+0000][3152][safepoint   ] Safepoint "Cleanup", Time since last: 5069805040 ns, Reaching safepoint: 62615 ns, At safepoint: 6159 ns, Total: 68774 ns
[2022-02-20T04:22:10.358+0000][3152][safepoint   ] Safepoint "Cleanup", Time since last: 22272870841 ns, Reaching safepoint: 95463 ns, At safepoint: 14884 ns, Total: 110347 ns
[2022-02-20T04:22:53.934+0000][3152][safepoint   ] Safepoint "Cleanup", Time since last: 43574832760 ns, Reaching safepoint: 67235 ns, At safepoint: 5645 ns, Total: 72880 ns
[2022-02-20T04:22:59.992+0000][3152][safepoint   ] Safepoint "Cleanup", Time since last: 6057612972 ns, Reaching safepoint: 63643 ns, At safepoint: 6158 ns, Total: 69801 ns
[2022-02-20T04:23:10.132+0000][3152][safepoint   ] Safepoint "Cleanup", Time since last: 10139809731 ns, Reaching safepoint: 107781 ns, At safepoint: 12318 ns, Total: 120099 ns
[2022-02-20T04:23:43.770+0000][3152][gc,start    ] GC(40) Pause Young (Normal) (G1 Evacuation Pause)
[2022-02-20T04:23:43.770+0000][3152][gc,task     ] GC(40) Using 2 workers of 2 for evacuation
[2022-02-20T04:23:43.770+0000][3152][gc,age      ] GC(40) Desired survivor size 37748736 bytes, new threshold 15 (max threshold 15)
[2022-02-20T04:23:44.082+0000][3152][gc,age      ] GC(40) Age table with threshold 15 (max threshold 15)
[2022-02-20T04:23:44.082+0000][3152][gc,age      ] GC(40) - age   1:      23960 bytes,      23960 total
[2022-02-20T04:23:44.082+0000][3152][gc,age      ] GC(40) - age   2:       2352 bytes,      26312 total
[2022-02-20T04:23:44.082+0000][3152][gc,age      ] GC(40) - age   3:      14768 bytes,      41080 total
[2022-02-20T04:23:44.082+0000][3152][gc,age      ] GC(40) - age   4:      51504 bytes,      92584 total
[2022-02-20T04:23:44.082+0000][3152][gc,age      ] GC(40) - age   5:       1832 bytes,      94416 total
[2022-02-20T04:23:44.082+0000][3152][gc,age      ] GC(40) - age   6:     332472 bytes,     426888 total
[2022-02-20T04:23:44.082+0000][3152][gc,age      ] GC(40) - age   7:      58584 bytes,     485472 total
[2022-02-20T04:23:44.082+0000][3152][gc,age      ] GC(40) - age   8:     486992 bytes,     972464 total
[2022-02-20T04:23:44.082+0000][3152][gc,age      ] GC(40) - age   9:    2423360 bytes,    3395824 total
[2022-02-20T04:23:44.082+0000][3152][gc,age      ] GC(40) - age  10:     469432 bytes,    3865256 total
[2022-02-20T04:23:44.082+0000][3152][gc,age      ] GC(40) - age  11:     633648 bytes,    4498904 total
[2022-02-20T04:23:44.082+0000][3152][gc,mmu      ] GC(40) MMU target violated: 201.0ms (200.0ms/201.0ms)
[2022-02-20T04:23:44.082+0000][3152][gc,phases   ] GC(40)   Pre Evacuate Collection Set: 0.1ms
[2022-02-20T04:23:44.082+0000][3152][gc,phases   ] GC(40)   Merge Heap Roots: 0.1ms
[2022-02-20T04:23:44.082+0000][3152][gc,phases   ] GC(40)   Evacuate Collection Set: 310.0ms
[2022-02-20T04:23:44.082+0000][3152][gc,phases   ] GC(40)   Post Evacuate Collection Set: 1.4ms
[2022-02-20T04:23:44.082+0000][3152][gc,phases   ] GC(40)   Other: 0.8ms
[2022-02-20T04:23:44.082+0000][3152][gc,heap     ] GC(40) Eden regions: 141->0(141)
[2022-02-20T04:23:44.082+0000][3152][gc,heap     ] GC(40) Survivor regions: 2->2(18)
[2022-02-20T04:23:44.082+0000][3152][gc,heap     ] GC(40) Old regions: 18->18
[2022-02-20T04:23:44.082+0000][3152][gc,heap     ] GC(40) Archive regions: 0->0
[2022-02-20T04:23:44.082+0000][3152][gc,heap     ] GC(40) Humongous regions: 5->5
[2022-02-20T04:23:44.082+0000][3152][gc,metaspace] GC(40) Metaspace: 111474K(113344K)->111474K(113344K) NonClass: 96112K(97216K)->96112K(97216K) Class: 15361K(16128K)->15361K(16128K)
[2022-02-20T04:23:44.082+0000][3152][gc          ] GC(40) Pause Young (Normal) (G1 Evacuation Pause) 657M->93M(956M) 312.673ms
[2022-02-20T04:23:44.082+0000][3152][gc,cpu      ] GC(40) User=0.06s Sys=0.00s Real=0.31s
[2022-02-20T04:23:44.082+0000][3152][safepoint   ] Safepoint "G1CollectForAllocation", Time since last: 33642193227 ns, Reaching safepoint: 54404 ns, At safepoint: 321472307 ns, Total: 321526711 ns
[2022-02-20T04:23:54.198+0000][3152][safepoint   ] Safepoint "Cleanup", Time since last: 10100598543 ns, Reaching safepoint: 71854 ns, At safepoint: 6159 ns, Total: 78013 ns
[2022-02-20T04:24:43.870+0000][3152][safepoint   ] Safepoint "Cleanup", Time since last: 49671535282 ns, Reaching safepoint: 91357 ns, At safepoint: 6672 ns, Total: 98029 ns
[2022-02-20T04:25:02.110+0000][3152][safepoint   ] Safepoint "Cleanup", Time since last: 18238931676 ns, Reaching safepoint: 55944 ns, At safepoint: 4619 ns, Total: 60563 ns
[2022-02-20T04:26:27.242+0000][3152][safepoint   ] Safepoint "Cleanup", Time since last: 85130814648 ns, Reaching safepoint: 99056 ns, At safepoint: 7186 ns, Total: 106242 ns
[2022-02-20T04:26:31.470+0000][3152][gc,start    ] GC(41) Pause Young (Normal) (G1 Evacuation Pause)
[2022-02-20T04:26:31.470+0000][3152][gc,task     ] GC(41) Using 2 workers of 2 for evacuation
[2022-02-20T04:26:31.470+0000][3152][gc,age      ] GC(41) Desired survivor size 37748736 bytes, new threshold 15 (max threshold 15)
[2022-02-20T04:26:31.501+0000][3152][gc,age      ] GC(41) Age table with threshold 15 (max threshold 15)
[2022-02-20T04:26:31.501+0000][3152][gc,age      ] GC(41) - age   1:      10048 bytes,      10048 total
[2022-02-20T04:26:31.501+0000][3152][gc,age      ] GC(41) - age   2:      11744 bytes,      21792 total
[2022-02-20T04:26:31.501+0000][3152][gc,age      ] GC(41) - age   3:       2320 bytes,      24112 total
[2022-02-20T04:26:31.501+0000][3152][gc,age      ] GC(41) - age   4:      14256 bytes,      38368 total
[2022-02-20T04:26:31.501+0000][3152][gc,age      ] GC(41) - age   5:      51504 bytes,      89872 total
[2022-02-20T04:26:31.501+0000][3152][gc,age      ] GC(41) - age   6:       1832 bytes,      91704 total
[2022-02-20T04:26:31.501+0000][3152][gc,age      ] GC(41) - age   7:     314296 bytes,     406000 total
[2022-02-20T04:26:31.501+0000][3152][gc,age      ] GC(41) - age   8:      57992 bytes,     463992 total
[2022-02-20T04:26:31.501+0000][3152][gc,age      ] GC(41) - age   9:     449376 bytes,     913368 total
[2022-02-20T04:26:31.501+0000][3152][gc,age      ] GC(41) - age  10:    2393392 bytes,    3306760 total
[2022-02-20T04:26:31.501+0000][3152][gc,age      ] GC(41) - age  11:     417152 bytes,    3723912 total
[2022-02-20T04:26:31.501+0000][3152][gc,age      ] GC(41) - age  12:     615752 bytes,    4339664 total
[2022-02-20T04:26:31.501+0000][3152][gc,phases   ] GC(41)   Pre Evacuate Collection Set: 0.1ms
[2022-02-20T04:26:31.501+0000][3152][gc,phases   ] GC(41)   Merge Heap Roots: 0.1ms
[2022-02-20T04:26:31.501+0000][3152][gc,phases   ] GC(41)   Evacuate Collection Set: 27.3ms
[2022-02-20T04:26:31.501+0000][3152][gc,phases   ] GC(41)   Post Evacuate Collection Set: 1.3ms
[2022-02-20T04:26:31.501+0000][3152][gc,phases   ] GC(41)   Other: 0.9ms
[2022-02-20T04:26:31.501+0000][3152][gc,heap     ] GC(41) Eden regions: 141->0(141)
[2022-02-20T04:26:31.501+0000][3152][gc,heap     ] GC(41) Survivor regions: 2->2(18)
[2022-02-20T04:26:31.501+0000][3152][gc,heap     ] GC(41) Old regions: 18->18
[2022-02-20T04:26:31.501+0000][3152][gc,heap     ] GC(41) Archive regions: 0->0
[2022-02-20T04:26:31.501+0000][3152][gc,heap     ] GC(41) Humongous regions: 5->5
[2022-02-20T04:26:31.501+0000][3152][gc,metaspace] GC(41) Metaspace: 111495K(113344K)->111495K(113344K) NonClass: 96133K(97216K)->96133K(97216K) Class: 15361K(16128K)->15361K(16128K)
[2022-02-20T04:26:31.517+0000][3152][gc          ] GC(41) Pause Young (Normal) (G1 Evacuation Pause) 657M->93M(956M) 55.022ms
[2022-02-20T04:26:31.517+0000][3152][gc,cpu      ] GC(41) User=0.02s Sys=0.00s Real=0.05s
[2022-02-20T04:26:31.517+0000][3152][safepoint   ] Safepoint "G1CollectForAllocation", Time since last: 4230925098 ns, Reaching safepoint: 35927 ns, At safepoint: 55253085 ns, Total: 55289012 ns
[2022-02-20T04:26:40.617+0000][3152][safepoint   ] Safepoint "Cleanup", Time since last: 9087984077 ns, Reaching safepoint: 77500 ns, At safepoint: 5132 ns, Total: 82632 ns
[2022-02-20T04:27:09.984+0000][3152][safepoint   ] Safepoint "Cleanup", Time since last: 29366010435 ns, Reaching safepoint: 56457 ns, At safepoint: 4106 ns, Total: 60563 ns
[2022-02-20T04:27:10.998+0000][3152][safepoint   ] Safepoint "Cleanup", Time since last: 1013992521 ns, Reaching safepoint: 68261 ns, At safepoint: 6159 ns, Total: 74420 ns
[2022-02-20T04:27:55.563+0000][3152][safepoint   ] Safepoint "Cleanup", Time since last: 44563599942 ns, Reaching safepoint: 81606 ns, At safepoint: 7185 ns, Total: 88791 ns
[2022-02-20T04:28:10.733+0000][3152][safepoint   ] Safepoint "Cleanup", Time since last: 15169939612 ns, Reaching safepoint: 73907 ns, At safepoint: 5132 ns, Total: 79039 ns
[2022-02-20T04:28:40.114+0000][3152][safepoint   ] Safepoint "Cleanup", Time since last: 29379995258 ns, Reaching safepoint: 74420 ns, At safepoint: 6159 ns, Total: 80579 ns
[2022-02-20T04:28:55.311+0000][3152][safepoint   ] Safepoint "Cleanup", Time since last: 15196956679 ns, Reaching safepoint: 75960 ns, At safepoint: 5132 ns, Total: 81092 ns
[2022-02-20T04:29:10.521+0000][3152][safepoint   ] Safepoint "Cleanup", Time since last: 15209042506 ns, Reaching safepoint: 70314 ns, At safepoint: 6159 ns, Total: 76473 ns
[2022-02-20T04:29:23.843+0000][3152][gc,start    ] GC(42) Pause Young (Normal) (G1 Evacuation Pause)
[2022-02-20T04:29:23.843+0000][3152][gc,task     ] GC(42) Using 2 workers of 2 for evacuation
[2022-02-20T04:29:23.843+0000][3152][gc,age      ] GC(42) Desired survivor size 37748736 bytes, new threshold 15 (max threshold 15)
[2022-02-20T04:29:23.921+0000][3152][gc,age      ] GC(42) Age table with threshold 15 (max threshold 15)
[2022-02-20T04:29:23.921+0000][3152][gc,age      ] GC(42) - age   1:      30128 bytes,      30128 total
[2022-02-20T04:29:23.921+0000][3152][gc,age      ] GC(42) - age   2:       1576 bytes,      31704 total
[2022-02-20T04:29:23.921+0000][3152][gc,age      ] GC(42) - age   3:      11616 bytes,      43320 total
[2022-02-20T04:29:23.921+0000][3152][gc,age      ] GC(42) - age   4:       2320 bytes,      45640 total
[2022-02-20T04:29:23.921+0000][3152][gc,age      ] GC(42) - age   5:      14256 bytes,      59896 total
[2022-02-20T04:29:23.921+0000][3152][gc,age      ] GC(42) - age   6:      51504 bytes,     111400 total
[2022-02-20T04:29:23.921+0000][3152][gc,age      ] GC(42) - age   7:       1832 bytes,     113232 total
[2022-02-20T04:29:23.937+0000][3152][gc,age      ] GC(42) - age   8:     314296 bytes,     427528 total
[2022-02-20T04:29:23.937+0000][3152][gc,age      ] GC(42) - age   9:      57992 bytes,     485520 total
[2022-02-20T04:29:23.937+0000][3152][gc,age      ] GC(42) - age  10:     449376 bytes,     934896 total
[2022-02-20T04:29:23.937+0000][3152][gc,age      ] GC(42) - age  11:    2393392 bytes,    3328288 total
[2022-02-20T04:29:23.937+0000][3152][gc,age      ] GC(42) - age  12:     417152 bytes,    3745440 total
[2022-02-20T04:29:23.937+0000][3152][gc,age      ] GC(42) - age  13:     615752 bytes,    4361192 total
[2022-02-20T04:29:23.937+0000][3152][gc,phases   ] GC(42)   Pre Evacuate Collection Set: 0.1ms
[2022-02-20T04:29:23.937+0000][3152][gc,phases   ] GC(42)   Merge Heap Roots: 0.1ms
[2022-02-20T04:29:23.937+0000][3152][gc,phases   ] GC(42)   Evacuate Collection Set: 80.6ms
[2022-02-20T04:29:23.937+0000][3152][gc,phases   ] GC(42)   Post Evacuate Collection Set: 2.1ms
[2022-02-20T04:29:23.937+0000][3152][gc,phases   ] GC(42)   Other: 1.3ms
[2022-02-20T04:29:23.937+0000][3152][gc,heap     ] GC(42) Eden regions: 141->0(141)
[2022-02-20T04:29:23.937+0000][3152][gc,heap     ] GC(42) Survivor regions: 2->2(18)
[2022-02-20T04:29:23.937+0000][3152][gc,heap     ] GC(42) Old regions: 18->18
[2022-02-20T04:29:23.937+0000][3152][gc,heap     ] GC(42) Archive regions: 0->0
[2022-02-20T04:29:23.937+0000][3152][gc,heap     ] GC(42) Humongous regions: 5->5
[2022-02-20T04:29:23.937+0000][3152][gc,metaspace] GC(42) Metaspace: 111521K(113344K)->111521K(113344K) NonClass: 96159K(97216K)->96159K(97216K) Class: 15361K(16128K)->15361K(16128K)
[2022-02-20T04:29:23.937+0000][3152][gc          ] GC(42) Pause Young (Normal) (G1 Evacuation Pause) 657M->93M(956M) 84.894ms
[2022-02-20T04:29:23.937+0000][3152][gc,cpu      ] GC(42) User=0.05s Sys=0.02s Real=0.09s
[2022-02-20T04:29:23.937+0000][3152][safepoint   ] Safepoint "G1CollectForAllocation", Time since last: 13331676075 ns, Reaching safepoint: 86737 ns, At safepoint: 85184342 ns, Total: 85271079 ns
[2022-02-20T04:29:40.102+0000][3152][safepoint   ] Safepoint "Cleanup", Time since last: 16163587727 ns, Reaching safepoint: 87251 ns, At safepoint: 10265 ns, Total: 97516 ns
[2022-02-20T04:30:10.513+0000][3152][safepoint   ] Safepoint "Cleanup", Time since last: 30410657370 ns, Reaching safepoint: 78527 ns, At safepoint: 5645 ns, Total: 84172 ns
[2022-02-20T04:30:24.697+0000][3152][safepoint   ] Safepoint "Cleanup", Time since last: 14183055516 ns, Reaching safepoint: 68774 ns, At safepoint: 6159 ns, Total: 74933 ns
[2022-02-20T04:30:40.896+0000][3152][safepoint   ] Safepoint "Cleanup", Time since last: 16198351671 ns, Reaching safepoint: 69288 ns, At safepoint: 5646 ns, Total: 74934 ns
[2022-02-20T04:31:10.362+0000][3152][safepoint   ] Safepoint "Cleanup", Time since last: 29372577368 ns, Reaching safepoint: 46811278 ns, At safepoint: 47041724 ns, Total: 93853002 ns
[2022-02-20T04:31:20.772+0000][3152][safepoint   ] Safepoint "Cleanup", Time since last: 10393122452 ns, Reaching safepoint: 15613853 ns, At safepoint: 90844 ns, Total: 15704697 ns
[2022-02-20T04:31:21.897+0000][3152][safepoint   ] Safepoint "Cleanup", Time since last: 1000299220 ns, Reaching safepoint: 124793292 ns, At safepoint: 24635 ns, Total: 124817927 ns
[2022-02-20T04:31:22.943+0000][3152][safepoint   ] Safepoint "Cleanup", Time since last: 1014926109 ns, Reaching safepoint: 31282623 ns, At safepoint: 17450 ns, Total: 31300073 ns
[2022-02-20T04:31:23.973+0000][3152][safepoint   ] Safepoint "Cleanup", Time since last: 1013948382 ns, Reaching safepoint: 15550211 ns, At safepoint: 17964 ns, Total: 15568175 ns
[2022-02-20T04:31:25.018+0000][3152][safepoint   ] Safepoint "Cleanup", Time since last: 1013966346 ns, Reaching safepoint: 31267738 ns, At safepoint: 486554 ns, Total: 31754292 ns
[2022-02-20T04:31:26.063+0000][3152][safepoint   ] Safepoint "Cleanup", Time since last: 1013404859 ns, Reaching safepoint: 31240537 ns, At safepoint: 146787 ns, Total: 31387324 ns
[2022-02-20T04:31:27.079+0000][3152][safepoint   ] Safepoint "Cleanup", Time since last: 1000139602 ns, Reaching safepoint: 15667230 ns, At safepoint: 16937 ns, Total: 15684167 ns
[2022-02-20T04:31:28.110+0000][3152][safepoint   ] Safepoint "Cleanup", Time since last: 1014978459 ns, Reaching safepoint: 15703158 ns, At safepoint: 550195 ns, Total: 16253353 ns
[2022-02-20T04:31:29.125+0000][3152][safepoint   ] Safepoint "Cleanup", Time since last: 1014336907 ns, Reaching safepoint: 97003 ns, At safepoint: 12831 ns, Total: 109834 ns
[2022-02-20T04:32:16.279+0000][3152][gc,start    ] GC(43) Pause Young (Normal) (G1 Evacuation Pause)
[2022-02-20T04:32:16.279+0000][3152][gc,task     ] GC(43) Using 2 workers of 2 for evacuation
[2022-02-20T04:32:16.279+0000][3152][gc,age      ] GC(43) Desired survivor size 37748736 bytes, new threshold 15 (max threshold 15)
[2022-02-20T04:32:16.357+0000][3152][gc,age      ] GC(43) Age table with threshold 15 (max threshold 15)
[2022-02-20T04:32:16.357+0000][3152][gc,age      ] GC(43) - age   1:      25344 bytes,      25344 total
[2022-02-20T04:32:16.357+0000][3152][gc,age      ] GC(43) - age   2:      17480 bytes,      42824 total
[2022-02-20T04:32:16.357+0000][3152][gc,age      ] GC(43) - age   3:       1576 bytes,      44400 total
[2022-02-20T04:32:16.357+0000][3152][gc,age      ] GC(43) - age   4:      11616 bytes,      56016 total
[2022-02-20T04:32:16.357+0000][3152][gc,age      ] GC(43) - age   5:       2192 bytes,      58208 total
[2022-02-20T04:32:16.357+0000][3152][gc,age      ] GC(43) - age   6:      14256 bytes,      72464 total
[2022-02-20T04:32:16.357+0000][3152][gc,age      ] GC(43) - age   7:      51504 bytes,     123968 total
[2022-02-20T04:32:16.357+0000][3152][gc,age      ] GC(43) - age   8:       1704 bytes,     125672 total
[2022-02-20T04:32:16.357+0000][3152][gc,age      ] GC(43) - age   9:     314296 bytes,     439968 total
[2022-02-20T04:32:16.357+0000][3152][gc,age      ] GC(43) - age  10:      57992 bytes,     497960 total
[2022-02-20T04:32:16.357+0000][3152][gc,age      ] GC(43) - age  11:     449376 bytes,     947336 total
[2022-02-20T04:32:16.357+0000][3152][gc,age      ] GC(43) - age  12:    2393392 bytes,    3340728 total
[2022-02-20T04:32:16.357+0000][3152][gc,age      ] GC(43) - age  13:     417152 bytes,    3757880 total
[2022-02-20T04:32:16.357+0000][3152][gc,age      ] GC(43) - age  14:     615752 bytes,    4373632 total
[2022-02-20T04:32:16.357+0000][3152][gc,phases   ] GC(43)   Pre Evacuate Collection Set: 0.1ms
[2022-02-20T04:32:16.357+0000][3152][gc,phases   ] GC(43)   Merge Heap Roots: 0.2ms
[2022-02-20T04:32:16.357+0000][3152][gc,phases   ] GC(43)   Evacuate Collection Set: 56.5ms
[2022-02-20T04:32:16.357+0000][3152][gc,phases   ] GC(43)   Post Evacuate Collection Set: 18.6ms
[2022-02-20T04:32:16.357+0000][3152][gc,phases   ] GC(43)   Other: 1.0ms
[2022-02-20T04:32:16.357+0000][3152][gc,heap     ] GC(43) Eden regions: 141->0(141)
[2022-02-20T04:32:16.357+0000][3152][gc,heap     ] GC(43) Survivor regions: 2->2(18)
[2022-02-20T04:32:16.357+0000][3152][gc,heap     ] GC(43) Old regions: 18->18
[2022-02-20T04:32:16.357+0000][3152][gc,heap     ] GC(43) Archive regions: 0->0
[2022-02-20T04:32:16.357+0000][3152][gc,heap     ] GC(43) Humongous regions: 5->5
[2022-02-20T04:32:16.357+0000][3152][gc,metaspace] GC(43) Metaspace: 111532K(113344K)->111532K(113344K) NonClass: 96170K(97216K)->96170K(97216K) Class: 15361K(16128K)->15361K(16128K)
[2022-02-20T04:32:16.357+0000][3152][gc          ] GC(43) Pause Young (Normal) (G1 Evacuation Pause) 657M->93M(956M) 76.707ms
[2022-02-20T04:32:16.357+0000][3152][gc,cpu      ] GC(43) User=0.05s Sys=0.00s Real=0.08s
[2022-02-20T04:32:16.357+0000][3152][safepoint   ] Safepoint "G1CollectForAllocation", Time since last: 47167212243 ns, Reaching safepoint: 87251 ns, At safepoint: 76935513 ns, Total: 77022764 ns
[2022-02-20T04:32:34.564+0000][3152][safepoint   ] Safepoint "Cleanup", Time since last: 18193483570 ns, Reaching safepoint: 72367 ns, At safepoint: 6159 ns, Total: 78526 ns
[2022-02-20T04:32:42.663+0000][3152][safepoint   ] Safepoint "Cleanup", Time since last: 8099143501 ns, Reaching safepoint: 66208 ns, At safepoint: 6673 ns, Total: 72881 ns
[2022-02-20T04:33:23.161+0000][3152][safepoint   ] Safepoint "Cleanup", Time since last: 40497078625 ns, Reaching safepoint: 54917 ns, At safepoint: 3593 ns, Total: 58510 ns
[2022-02-20T04:33:41.356+0000][3152][safepoint   ] Safepoint "Cleanup", Time since last: 18194586013 ns, Reaching safepoint: 66722 ns, At safepoint: 13857 ns, Total: 80579 ns
[2022-02-20T04:35:03.629+0000][3152][gc,start    ] GC(44) Pause Young (Normal) (G1 Evacuation Pause)
[2022-02-20T04:35:03.629+0000][3152][gc,task     ] GC(44) Using 2 workers of 2 for evacuation
[2022-02-20T04:35:03.629+0000][3152][gc,age      ] GC(44) Desired survivor size 37748736 bytes, new threshold 15 (max threshold 15)
[2022-02-20T04:35:03.738+0000][3152][gc,age      ] GC(44) Age table with threshold 15 (max threshold 15)
[2022-02-20T04:35:03.738+0000][3152][gc,age      ] GC(44) - age   1:       9528 bytes,       9528 total
[2022-02-20T04:35:03.738+0000][3152][gc,age      ] GC(44) - age   2:      13496 bytes,      23024 total
[2022-02-20T04:35:03.738+0000][3152][gc,age      ] GC(44) - age   3:      17480 bytes,      40504 total
[2022-02-20T04:35:03.738+0000][3152][gc,age      ] GC(44) - age   4:       1576 bytes,      42080 total
[2022-02-20T04:35:03.738+0000][3152][gc,age      ] GC(44) - age   5:      11616 bytes,      53696 total
[2022-02-20T04:35:03.738+0000][3152][gc,age      ] GC(44) - age   6:       2192 bytes,      55888 total
[2022-02-20T04:35:03.738+0000][3152][gc,age      ] GC(44) - age   7:      14256 bytes,      70144 total
[2022-02-20T04:35:03.738+0000][3152][gc,age      ] GC(44) - age   8:      51504 bytes,     121648 total
[2022-02-20T04:35:03.738+0000][3152][gc,age      ] GC(44) - age   9:       1704 bytes,     123352 total
[2022-02-20T04:35:03.738+0000][3152][gc,age      ] GC(44) - age  10:     314136 bytes,     437488 total
[2022-02-20T04:35:03.738+0000][3152][gc,age      ] GC(44) - age  11:      57992 bytes,     495480 total
[2022-02-20T04:35:03.738+0000][3152][gc,age      ] GC(44) - age  12:     449376 bytes,     944856 total
[2022-02-20T04:35:03.738+0000][3152][gc,age      ] GC(44) - age  13:    2393392 bytes,    3338248 total
[2022-02-20T04:35:03.738+0000][3152][gc,age      ] GC(44) - age  14:     417152 bytes,    3755400 total
[2022-02-20T04:35:03.738+0000][3152][gc,age      ] GC(44) - age  15:     615752 bytes,    4371152 total
[2022-02-20T04:35:03.738+0000][3152][gc,phases   ] GC(44)   Pre Evacuate Collection Set: 0.1ms
[2022-02-20T04:35:03.738+0000][3152][gc,phases   ] GC(44)   Merge Heap Roots: 0.1ms
[2022-02-20T04:35:03.738+0000][3152][gc,phases   ] GC(44)   Evacuate Collection Set: 102.1ms
[2022-02-20T04:35:03.738+0000][3152][gc,phases   ] GC(44)   Post Evacuate Collection Set: 1.4ms
[2022-02-20T04:35:03.738+0000][3152][gc,phases   ] GC(44)   Other: 0.8ms
[2022-02-20T04:35:03.738+0000][3152][gc,heap     ] GC(44) Eden regions: 141->0(141)
[2022-02-20T04:35:03.738+0000][3152][gc,heap     ] GC(44) Survivor regions: 2->2(18)
[2022-02-20T04:35:03.738+0000][3152][gc,heap     ] GC(44) Old regions: 18->18
[2022-02-20T04:35:03.738+0000][3152][gc,heap     ] GC(44) Archive regions: 0->0
[2022-02-20T04:35:03.738+0000][3152][gc,heap     ] GC(44) Humongous regions: 5->5
[2022-02-20T04:35:03.738+0000][3152][gc,metaspace] GC(44) Metaspace: 111541K(113408K)->111541K(113408K) NonClass: 96179K(97280K)->96179K(97280K) Class: 15361K(16128K)->15361K(16128K)
[2022-02-20T04:35:03.738+0000][3152][gc          ] GC(44) Pause Young (Normal) (G1 Evacuation Pause) 657M->93M(956M) 104.741ms
[2022-02-20T04:35:03.738+0000][3152][gc,cpu      ] GC(44) User=0.02s Sys=0.02s Real=0.11s
[2022-02-20T04:35:03.738+0000][3152][safepoint   ] Safepoint "G1CollectForAllocation", Time since last: 82281046275 ns, Reaching safepoint: 48245 ns, At safepoint: 104933900 ns, Total: 104982145 ns
[2022-02-20T04:35:10.822+0000][3152][safepoint   ] Safepoint "Cleanup", Time since last: 7077822395 ns, Reaching safepoint: 63642 ns, At safepoint: 5133 ns, Total: 68775 ns
[2022-02-20T04:35:56.180+0000][3152][safepoint   ] Safepoint "Cleanup", Time since last: 45356251135 ns, Reaching safepoint: 83146 ns, At safepoint: 11804 ns, Total: 94950 ns
[2022-02-20T04:36:00.180+0000][3152][safepoint   ] Safepoint "Cleanup", Time since last: 4000048758 ns, Reaching safepoint: 79039 ns, At safepoint: 11805 ns, Total: 90844 ns
[2022-02-20T04:36:03.180+0000][3152][safepoint   ] Safepoint "Cleanup", Time since last: 2999967153 ns, Reaching safepoint: 67234 ns, At safepoint: 6159 ns, Total: 73393 ns
[2022-02-20T04:36:11.181+0000][3152][safepoint   ] Safepoint "Cleanup", Time since last: 8000205297 ns, Reaching safepoint: 50298 ns, At safepoint: 3592 ns, Total: 53890 ns
[2022-02-20T04:36:41.284+0000][3152][safepoint   ] Safepoint "Cleanup", Time since last: 30000998770 ns, Reaching safepoint: 98076471 ns, At safepoint: 3930921 ns, Total: 102007392 ns
[2022-02-20T04:37:11.418+0000][3152][safepoint   ] Safepoint "Cleanup", Time since last: 30133934648 ns, Reaching safepoint: 78526 ns, At safepoint: 5646 ns, Total: 84172 ns
[2022-02-20T04:37:15.460+0000][3152][safepoint   ] Safepoint "Cleanup", Time since last: 4040880765 ns, Reaching safepoint: 77499 ns, At safepoint: 6159 ns, Total: 83658 ns
[2022-02-20T04:37:40.598+0000][3152][safepoint   ] Safepoint "Cleanup", Time since last: 25106607582 ns, Reaching safepoint: 31194346 ns, At safepoint: 130363 ns, Total: 31324709 ns
[2022-02-20T04:37:55.797+0000][3152][gc,start    ] GC(45) Pause Young (Normal) (G1 Evacuation Pause)
[2022-02-20T04:37:55.797+0000][3152][gc,task     ] GC(45) Using 2 workers of 2 for evacuation
[2022-02-20T04:37:55.797+0000][3152][gc,age      ] GC(45) Desired survivor size 37748736 bytes, new threshold 15 (max threshold 15)
[2022-02-20T04:37:56.224+0000][3152][gc,age      ] GC(45) Age table with threshold 15 (max threshold 15)
[2022-02-20T04:37:56.224+0000][3152][gc,age      ] GC(45) - age   1:      15072 bytes,      15072 total
[2022-02-20T04:37:56.224+0000][3152][gc,age      ] GC(45) - age   2:        776 bytes,      15848 total
[2022-02-20T04:37:56.224+0000][3152][gc,age      ] GC(45) - age   3:      13464 bytes,      29312 total
[2022-02-20T04:37:56.224+0000][3152][gc,age      ] GC(45) - age   4:      17480 bytes,      46792 total
[2022-02-20T04:37:56.224+0000][3152][gc,age      ] GC(45) - age   5:        936 bytes,      47728 total
[2022-02-20T04:37:56.224+0000][3152][gc,age      ] GC(45) - age   6:      11408 bytes,      59136 total
[2022-02-20T04:37:56.224+0000][3152][gc,age      ] GC(45) - age   7:       2008 bytes,      61144 total
[2022-02-20T04:37:56.224+0000][3152][gc,age      ] GC(45) - age   8:      14128 bytes,      75272 total
[2022-02-20T04:37:56.224+0000][3152][gc,age      ] GC(45) - age   9:      51504 bytes,     126776 total
[2022-02-20T04:37:56.224+0000][3152][gc,age      ] GC(45) - age  10:       1704 bytes,     128480 total
[2022-02-20T04:37:56.224+0000][3152][gc,age      ] GC(45) - age  11:     314136 bytes,     442616 total
[2022-02-20T04:37:56.224+0000][3152][gc,age      ] GC(45) - age  12:      57992 bytes,     500608 total
[2022-02-20T04:37:56.224+0000][3152][gc,age      ] GC(45) - age  13:     449376 bytes,     949984 total
[2022-02-20T04:37:56.224+0000][3152][gc,age      ] GC(45) - age  14:    2393392 bytes,    3343376 total
[2022-02-20T04:37:56.224+0000][3152][gc,age      ] GC(45) - age  15:     417152 bytes,    3760528 total
[2022-02-20T04:37:56.224+0000][3152][gc,mmu      ] GC(45) MMU target violated: 201.0ms (200.0ms/201.0ms)
[2022-02-20T04:37:56.224+0000][3152][gc,phases   ] GC(45)   Pre Evacuate Collection Set: 0.1ms
[2022-02-20T04:37:56.224+0000][3152][gc,phases   ] GC(45)   Merge Heap Roots: 0.1ms
[2022-02-20T04:37:56.224+0000][3152][gc,phases   ] GC(45)   Evacuate Collection Set: 412.0ms
[2022-02-20T04:37:56.224+0000][3152][gc,phases   ] GC(45)   Post Evacuate Collection Set: 2.1ms
[2022-02-20T04:37:56.224+0000][3152][gc,phases   ] GC(45)   Other: 1.4ms
[2022-02-20T04:37:56.224+0000][3152][gc,heap     ] GC(45) Eden regions: 141->0(142)
[2022-02-20T04:37:56.224+0000][3152][gc,heap     ] GC(45) Survivor regions: 2->1(18)
[2022-02-20T04:37:56.224+0000][3152][gc,heap     ] GC(45) Old regions: 18->18
[2022-02-20T04:37:56.224+0000][3152][gc,heap     ] GC(45) Archive regions: 0->0
[2022-02-20T04:37:56.224+0000][3152][gc,heap     ] GC(45) Humongous regions: 5->5
[2022-02-20T04:37:56.224+0000][3152][gc,metaspace] GC(45) Metaspace: 111552K(113408K)->111552K(113408K) NonClass: 96191K(97280K)->96191K(97280K) Class: 15361K(16128K)->15361K(16128K)
[2022-02-20T04:37:56.255+0000][3152][gc          ] GC(45) Pause Young (Normal) (G1 Evacuation Pause) 657M->93M(956M) 455.246ms
[2022-02-20T04:37:56.255+0000][3152][gc,cpu      ] GC(45) User=0.06s Sys=0.00s Real=0.46s
[2022-02-20T04:37:56.255+0000][3152][safepoint   ] Safepoint "G1CollectForAllocation", Time since last: 15213186423 ns, Reaching safepoint: 46192 ns, At safepoint: 455741075 ns, Total: 455787267 ns
[2022-02-20T04:37:59.365+0000][3152][safepoint   ] Safepoint "Cleanup", Time since last: 3019173701 ns, Reaching safepoint: 77818290 ns, At safepoint: 172962 ns, Total: 77991252 ns
[2022-02-20T04:38:10.470+0000][3152][safepoint   ] Safepoint "Cleanup", Time since last: 11105237226 ns, Reaching safepoint: 72880 ns, At safepoint: 47219 ns, Total: 120099 ns
[2022-02-20T04:38:41.391+0000][3152][safepoint   ] Safepoint "Cleanup", Time since last: 30051336020 ns, Reaching safepoint: 864022135 ns, At safepoint: 4874261 ns, Total: 868896396 ns
[2022-02-20T04:38:42.979+0000][3152][safepoint   ] Safepoint "Cleanup", Time since last: 1000167830 ns, Reaching safepoint: 587057675 ns, At safepoint: 352085 ns, Total: 587409760 ns
[2022-02-20T04:39:10.980+0000][3152][safepoint   ] Safepoint "Cleanup", Time since last: 28000602033 ns, Reaching safepoint: 72880 ns, At safepoint: 6672 ns, Total: 79552 ns
[2022-02-20T04:39:12.980+0000][3152][safepoint   ] Safepoint "Cleanup", Time since last: 1999987682 ns, Reaching safepoint: 97516 ns, At safepoint: 10778 ns, Total: 108294 ns
[2022-02-20T04:39:42.051+0000][3152][safepoint   ] Safepoint "Cleanup", Time since last: 29000935641 ns, Reaching safepoint: 68992064 ns, At safepoint: 221721 ns, Total: 69213785 ns
[2022-02-20T04:40:11.053+0000][3152][safepoint   ] Safepoint "Cleanup", Time since last: 29000744201 ns, Reaching safepoint: 61589 ns, At safepoint: 4619 ns, Total: 66208 ns
[2022-02-20T04:40:13.053+0000][3152][safepoint   ] Safepoint "Cleanup", Time since last: 2000049271 ns, Reaching safepoint: 98030 ns, At safepoint: 11804 ns, Total: 109834 ns
[2022-02-20T04:40:44.255+0000][3152][safepoint   ] Safepoint "Cleanup", Time since last: 31001002875 ns, Reaching safepoint: 200009444 ns, At safepoint: 317697 ns, Total: 200327141 ns
[2022-02-20T04:40:46.656+0000][3152][safepoint   ] Safepoint "Cleanup", Time since last: 1999714637 ns, Reaching safepoint: 401081299 ns, At safepoint: 324369 ns, Total: 401405668 ns
[2022-02-20T04:40:54.678+0000][3152][gc,start    ] GC(46) Pause Young (Normal) (G1 Evacuation Pause)
[2022-02-20T04:40:54.678+0000][3152][gc,task     ] GC(46) Using 2 workers of 2 for evacuation
[2022-02-20T04:40:54.678+0000][3152][gc,age      ] GC(46) Desired survivor size 37748736 bytes, new threshold 15 (max threshold 15)
[2022-02-20T04:40:55.409+0000][3152][gc,age      ] GC(46) Age table with threshold 15 (max threshold 15)
[2022-02-20T04:40:55.409+0000][3152][gc,age      ] GC(46) - age   1:      14400 bytes,      14400 total
[2022-02-20T04:40:55.409+0000][3152][gc,age      ] GC(46) - age   2:       2456 bytes,      16856 total
[2022-02-20T04:40:55.409+0000][3152][gc,age      ] GC(46) - age   3:        776 bytes,      17632 total
[2022-02-20T04:40:55.409+0000][3152][gc,age      ] GC(46) - age   4:      13464 bytes,      31096 total
[2022-02-20T04:40:55.409+0000][3152][gc,age      ] GC(46) - age   5:      17480 bytes,      48576 total
[2022-02-20T04:40:55.409+0000][3152][gc,age      ] GC(46) - age   6:        936 bytes,      49512 total
[2022-02-20T04:40:55.409+0000][3152][gc,age      ] GC(46) - age   7:      10488 bytes,      60000 total
[2022-02-20T04:40:55.409+0000][3152][gc,age      ] GC(46) - age   8:       2008 bytes,      62008 total
[2022-02-20T04:40:55.409+0000][3152][gc,age      ] GC(46) - age   9:      14000 bytes,      76008 total
[2022-02-20T04:40:55.409+0000][3152][gc,age      ] GC(46) - age  10:      51504 bytes,     127512 total
[2022-02-20T04:40:55.409+0000][3152][gc,age      ] GC(46) - age  11:       1704 bytes,     129216 total
[2022-02-20T04:40:55.409+0000][3152][gc,age      ] GC(46) - age  12:     314136 bytes,     443352 total
[2022-02-20T04:40:55.409+0000][3152][gc,age      ] GC(46) - age  13:      57992 bytes,     501344 total
[2022-02-20T04:40:55.410+0000][3152][gc,age      ] GC(46) - age  14:     449376 bytes,     950720 total
[2022-02-20T04:40:55.410+0000][3152][gc,age      ] GC(46) - age  15:    2393392 bytes,    3344112 total
[2022-02-20T04:40:55.410+0000][3152][gc,mmu      ] GC(46) MMU target violated: 201.0ms (200.0ms/201.0ms)
[2022-02-20T04:40:55.410+0000][3152][gc,phases   ] GC(46)   Pre Evacuate Collection Set: 0.1ms
[2022-02-20T04:40:55.410+0000][3152][gc,phases   ] GC(46)   Merge Heap Roots: 0.1ms
[2022-02-20T04:40:55.410+0000][3152][gc,phases   ] GC(46)   Evacuate Collection Set: 664.0ms
[2022-02-20T04:40:55.410+0000][3152][gc,phases   ] GC(46)   Post Evacuate Collection Set: 2.4ms
[2022-02-20T04:40:55.410+0000][3152][gc,phases   ] GC(46)   Other: 65.1ms
[2022-02-20T04:40:55.410+0000][3152][gc,heap     ] GC(46) Eden regions: 142->0(142)
[2022-02-20T04:40:55.410+0000][3152][gc,heap     ] GC(46) Survivor regions: 1->1(18)
[2022-02-20T04:40:55.410+0000][3152][gc,heap     ] GC(46) Old regions: 18->18
[2022-02-20T04:40:55.410+0000][3152][gc,heap     ] GC(46) Archive regions: 0->0
[2022-02-20T04:40:55.410+0000][3152][gc,heap     ] GC(46) Humongous regions: 5->5
[2022-02-20T04:40:55.410+0000][3152][gc,metaspace] GC(46) Metaspace: 111565K(113408K)->111565K(113408K) NonClass: 96202K(97280K)->96202K(97280K) Class: 15362K(16128K)->15362K(16128K)
[2022-02-20T04:40:55.410+0000][3152][gc          ] GC(46) Pause Young (Normal) (G1 Evacuation Pause) 661M->93M(956M) 731.991ms
[2022-02-20T04:40:55.410+0000][3152][gc,cpu      ] GC(46) User=0.03s Sys=0.00s Real=0.73s
[2022-02-20T04:40:55.411+0000][3152][safepoint   ] Safepoint "G1CollectForAllocation", Time since last: 8022464609 ns, Reaching safepoint: 120099 ns, At safepoint: 732527954 ns, Total: 732648053 ns
[2022-02-20T04:41:40.415+0000][3152][safepoint   ] Safepoint "Cleanup", Time since last: 45002368612 ns, Reaching safepoint: 180148 ns, At safepoint: 18990 ns, Total: 199138 ns
[2022-02-20T04:41:42.610+0000][3152][safepoint   ] Safepoint "Cleanup", Time since last: 1999891706 ns, Reaching safepoint: 195061789 ns, At safepoint: 337714 ns, Total: 195399503 ns
[2022-02-20T04:44:02.381+0000][3152][gc,start    ] GC(47) Pause Young (Normal) (G1 Evacuation Pause)
[2022-02-20T04:44:02.381+0000][3152][gc,task     ] GC(47) Using 2 workers of 2 for evacuation
[2022-02-20T04:44:02.381+0000][3152][gc,age      ] GC(47) Desired survivor size 37748736 bytes, new threshold 15 (max threshold 15)
[2022-02-20T04:44:17.508+0000][3152][gc,age      ] GC(47) Age table with threshold 15 (max threshold 15)
[2022-02-20T04:44:17.508+0000][3152][gc,age      ] GC(47) - age   1:      12448 bytes,      12448 total
[2022-02-20T04:44:17.508+0000][3152][gc,age      ] GC(47) - age   2:       2352 bytes,      14800 total
[2022-02-20T04:44:17.508+0000][3152][gc,age      ] GC(47) - age   3:       2328 bytes,      17128 total
[2022-02-20T04:44:17.508+0000][3152][gc,age      ] GC(47) - age   4:        776 bytes,      17904 total
[2022-02-20T04:44:17.509+0000][3152][gc,age      ] GC(47) - age   5:      13464 bytes,      31368 total
[2022-02-20T04:44:17.509+0000][3152][gc,age      ] GC(47) - age   6:      17480 bytes,      48848 total
[2022-02-20T04:44:17.509+0000][3152][gc,age      ] GC(47) - age   7:        936 bytes,      49784 total
[2022-02-20T04:44:17.509+0000][3152][gc,age      ] GC(47) - age   8:      10488 bytes,      60272 total
[2022-02-20T04:44:17.509+0000][3152][gc,age      ] GC(47) - age   9:       2008 bytes,      62280 total
[2022-02-20T04:44:17.509+0000][3152][gc,age      ] GC(47) - age  10:      14000 bytes,      76280 total
[2022-02-20T04:44:17.509+0000][3152][gc,age      ] GC(47) - age  11:      51376 bytes,     127656 total
[2022-02-20T04:44:17.509+0000][3152][gc,age      ] GC(47) - age  12:       1704 bytes,     129360 total
[2022-02-20T04:44:17.509+0000][3152][gc,age      ] GC(47) - age  13:     314136 bytes,     443496 total
[2022-02-20T04:44:17.509+0000][3152][gc,age      ] GC(47) - age  14:      57992 bytes,     501488 total
[2022-02-20T04:44:17.509+0000][3152][gc,age      ] GC(47) - age  15:     449376 bytes,     950864 total
[2022-02-20T04:44:17.509+0000][3152][gc,mmu      ] GC(47) MMU target violated: 201.0ms (200.0ms/201.0ms)
[2022-02-20T04:44:17.509+0000][3152][gc,phases   ] GC(47)   Pre Evacuate Collection Set: 0.2ms
[2022-02-20T04:44:17.509+0000][3152][gc,phases   ] GC(47)   Merge Heap Roots: 0.1ms
[2022-02-20T04:44:17.509+0000][3152][gc,phases   ] GC(47)   Evacuate Collection Set: 13844.2ms
[2022-02-20T04:44:17.509+0000][3152][gc,phases   ] GC(47)   Post Evacuate Collection Set: 1282.1ms
[2022-02-20T04:44:17.510+0000][3152][gc,phases   ] GC(47)   Other: 1.6ms
[2022-02-20T04:44:17.510+0000][3152][gc,heap     ] GC(47) Eden regions: 142->0(10)
[2022-02-20T04:44:17.510+0000][3152][gc,heap     ] GC(47) Survivor regions: 1->1(18)
[2022-02-20T04:44:17.510+0000][3152][gc,heap     ] GC(47) Old regions: 18->19
[2022-02-20T04:44:17.510+0000][3152][gc,heap     ] GC(47) Archive regions: 0->0
[2022-02-20T04:44:17.510+0000][3152][gc,heap     ] GC(47) Humongous regions: 5->5
[2022-02-20T04:44:17.510+0000][3152][gc,metaspace] GC(47) Metaspace: 111569K(113408K)->111569K(113408K) NonClass: 96206K(97280K)->96206K(97280K) Class: 15362K(16128K)->15362K(16128K)
[2022-02-20T04:44:17.550+0000][3152][gc          ] GC(47) Pause Young (Normal) (G1 Evacuation Pause) 661M->93M(956M) 15168.692ms
[2022-02-20T04:44:17.550+0000][3152][gc,cpu      ] GC(47) User=0.03s Sys=0.02s Real=15.17s
[2022-02-20T04:44:17.566+0000][3152][safepoint   ] Safepoint "G1CollectForAllocation", Time since last: 139683650363 ns, Reaching safepoint: 83971036 ns, At safepoint: 15185120289 ns, Total: 15269091325 ns
[2022-02-20T04:44:51.487+0000][3152][safepoint   ] Safepoint "Cleanup", Time since last: 33000428557 ns, Reaching safepoint: 919085321 ns, At safepoint: 298706 ns, Total: 919384027 ns
[2022-02-20T04:44:56.192+0000][3152][gc,start    ] GC(48) Pause Young (Normal) (G1 Evacuation Pause)
[2022-02-20T04:44:56.192+0000][3152][gc,task     ] GC(48) Using 2 workers of 2 for evacuation
[2022-02-20T04:44:56.192+0000][3152][gc,age      ] GC(48) Desired survivor size 4194304 bytes, new threshold 15 (max threshold 15)
[2022-02-20T04:45:02.828+0000][3152][gc,age      ] GC(48) Age table with threshold 15 (max threshold 15)
[2022-02-20T04:45:02.828+0000][3152][gc,age      ] GC(48) - age   1:      18032 bytes,      18032 total
[2022-02-20T04:45:02.828+0000][3152][gc,age      ] GC(48) - age   2:        728 bytes,      18760 total
[2022-02-20T04:45:02.828+0000][3152][gc,age      ] GC(48) - age   3:       2352 bytes,      21112 total
[2022-02-20T04:45:02.828+0000][3152][gc,age      ] GC(48) - age   4:       2328 bytes,      23440 total
[2022-02-20T04:45:02.829+0000][3152][gc,age      ] GC(48) - age   5:        776 bytes,      24216 total
[2022-02-20T04:45:02.829+0000][3152][gc,age      ] GC(48) - age   6:      13464 bytes,      37680 total
[2022-02-20T04:45:02.829+0000][3152][gc,age      ] GC(48) - age   7:      17480 bytes,      55160 total
[2022-02-20T04:45:02.829+0000][3152][gc,age      ] GC(48) - age   8:        936 bytes,      56096 total
[2022-02-20T04:45:02.829+0000][3152][gc,age      ] GC(48) - age   9:      10488 bytes,      66584 total
[2022-02-20T04:45:02.829+0000][3152][gc,age      ] GC(48) - age  10:       2008 bytes,      68592 total
[2022-02-20T04:45:02.829+0000][3152][gc,age      ] GC(48) - age  11:      14000 bytes,      82592 total
[2022-02-20T04:45:02.829+0000][3152][gc,age      ] GC(48) - age  12:      51376 bytes,     133968 total
[2022-02-20T04:45:02.829+0000][3152][gc,age      ] GC(48) - age  13:       1704 bytes,     135672 total
[2022-02-20T04:45:02.829+0000][3152][gc,age      ] GC(48) - age  14:     314000 bytes,     449672 total
[2022-02-20T04:45:02.829+0000][3152][gc,age      ] GC(48) - age  15:      57992 bytes,     507664 total
[2022-02-20T04:45:02.829+0000][3152][gc,mmu      ] GC(48) MMU target violated: 201.0ms (200.0ms/201.0ms)
[2022-02-20T04:45:02.829+0000][3152][gc,phases   ] GC(48)   Pre Evacuate Collection Set: 0.1ms
[2022-02-20T04:45:02.829+0000][3152][gc,phases   ] GC(48)   Merge Heap Roots: 0.1ms
[2022-02-20T04:45:02.829+0000][3152][gc,phases   ] GC(48)   Evacuate Collection Set: 6586.2ms
[2022-02-20T04:45:02.829+0000][3152][gc,phases   ] GC(48)   Post Evacuate Collection Set: 50.0ms
[2022-02-20T04:45:02.829+0000][3152][gc,phases   ] GC(48)   Other: 1.0ms
[2022-02-20T04:45:02.829+0000][3152][gc,heap     ] GC(48) Eden regions: 10->0(10)
[2022-02-20T04:45:02.829+0000][3152][gc,heap     ] GC(48) Survivor regions: 1->1(2)
[2022-02-20T04:45:02.829+0000][3152][gc,heap     ] GC(48) Old regions: 19->19
[2022-02-20T04:45:02.829+0000][3152][gc,heap     ] GC(48) Archive regions: 0->0
[2022-02-20T04:45:02.829+0000][3152][gc,heap     ] GC(48) Humongous regions: 5->5
[2022-02-20T04:45:02.829+0000][3152][gc,metaspace] GC(48) Metaspace: 111570K(113408K)->111570K(113408K) NonClass: 96207K(97280K)->96207K(97280K) Class: 15362K(16128K)->15362K(16128K)
[2022-02-20T04:45:02.829+0000][3152][gc          ] GC(48) Pause Young (Normal) (G1 Evacuation Pause) 133M->93M(956M) 6637.754ms
[2022-02-20T04:45:02.829+0000][3152][gc,cpu      ] GC(48) User=1.29s Sys=0.06s Real=6.64s
[2022-02-20T04:45:02.839+0000][3152][safepoint   ] Safepoint "G1CollectForAllocation", Time since last: 4437814554 ns, Reaching safepoint: 267060426 ns, At safepoint: 6647549422 ns, Total: 6914609848 ns
[2022-02-20T04:45:15.862+0000][3152][gc,start    ] GC(49) Pause Young (Normal) (G1 Evacuation Pause)
[2022-02-20T04:45:15.862+0000][3152][gc,task     ] GC(49) Using 2 workers of 2 for evacuation
[2022-02-20T04:45:15.862+0000][3152][gc,age      ] GC(49) Desired survivor size 4194304 bytes, new threshold 15 (max threshold 15)
[2022-02-20T04:45:16.059+0000][3152][gc,age      ] GC(49) Age table with threshold 15 (max threshold 15)
[2022-02-20T04:45:16.059+0000][3152][gc,age      ] GC(49) - age   1:      47744 bytes,      47744 total
[2022-02-20T04:45:16.059+0000][3152][gc,age      ] GC(49) - age   2:       7840 bytes,      55584 total
[2022-02-20T04:45:16.059+0000][3152][gc,age      ] GC(49) - age   3:        728 bytes,      56312 total
[2022-02-20T04:45:16.059+0000][3152][gc,age      ] GC(49) - age   4:       2352 bytes,      58664 total
[2022-02-20T04:45:16.059+0000][3152][gc,age      ] GC(49) - age   5:       2328 bytes,      60992 total
[2022-02-20T04:45:16.059+0000][3152][gc,age      ] GC(49) - age   6:        776 bytes,      61768 total
[2022-02-20T04:45:16.059+0000][3152][gc,age      ] GC(49) - age   7:      13464 bytes,      75232 total
[2022-02-20T04:45:16.059+0000][3152][gc,age      ] GC(49) - age   8:      17480 bytes,      92712 total
[2022-02-20T04:45:16.059+0000][3152][gc,age      ] GC(49) - age   9:        936 bytes,      93648 total
[2022-02-20T04:45:16.059+0000][3152][gc,age      ] GC(49) - age  10:      10488 bytes,     104136 total
[2022-02-20T04:45:16.059+0000][3152][gc,age      ] GC(49) - age  11:       2008 bytes,     106144 total
[2022-02-20T04:45:16.059+0000][3152][gc,age      ] GC(49) - age  12:      14000 bytes,     120144 total
[2022-02-20T04:45:16.059+0000][3152][gc,age      ] GC(49) - age  13:      51376 bytes,     171520 total
[2022-02-20T04:45:16.059+0000][3152][gc,age      ] GC(49) - age  14:       1704 bytes,     173224 total
[2022-02-20T04:45:16.059+0000][3152][gc,age      ] GC(49) - age  15:     314000 bytes,     487224 total
[2022-02-20T04:45:16.059+0000][3152][gc,mmu      ] GC(49) MMU target violated: 201.0ms (200.0ms/201.0ms)
[2022-02-20T04:45:16.059+0000][3152][gc,phases   ] GC(49)   Pre Evacuate Collection Set: 0.1ms
[2022-02-20T04:45:16.059+0000][3152][gc,phases   ] GC(49)   Merge Heap Roots: 0.1ms
[2022-02-20T04:45:16.059+0000][3152][gc,phases   ] GC(49)   Evacuate Collection Set: 210.0ms
[2022-02-20T04:45:16.059+0000][3152][gc,phases   ] GC(49)   Post Evacuate Collection Set: 1.0ms
[2022-02-20T04:45:16.059+0000][3152][gc,phases   ] GC(49)   Other: 1.1ms
[2022-02-20T04:45:16.059+0000][3152][gc,heap     ] GC(49) Eden regions: 10->0(10)
[2022-02-20T04:45:16.059+0000][3152][gc,heap     ] GC(49) Survivor regions: 1->1(2)
[2022-02-20T04:45:16.059+0000][3152][gc,heap     ] GC(49) Old regions: 19->19
[2022-02-20T04:45:16.059+0000][3152][gc,heap     ] GC(49) Archive regions: 0->0
[2022-02-20T04:45:16.059+0000][3152][gc,heap     ] GC(49) Humongous regions: 5->5
[2022-02-20T04:45:16.075+0000][3152][gc,metaspace] GC(49) Metaspace: 111570K(113408K)->111570K(113408K) NonClass: 96207K(97280K)->96207K(97280K) Class: 15362K(16128K)->15362K(16128K)
[2022-02-20T04:45:16.075+0000][3152][gc          ] GC(49) Pause Young (Normal) (G1 Evacuation Pause) 133M->93M(956M) 212.490ms
[2022-02-20T04:45:16.075+0000][3152][gc,cpu      ] GC(49) User=0.05s Sys=0.00s Real=0.21s
[2022-02-20T04:45:16.075+0000][3152][safepoint   ] Safepoint "G1CollectForAllocation", Time since last: 10426426737 ns, Reaching safepoint: 2595513853 ns, At safepoint: 213418921 ns, Total: 2808932774 ns
[2022-02-20T04:45:17.588+0000][3152][safepoint   ] Safepoint "Cleanup", Time since last: 1013387409 ns, Reaching safepoint: 499471360 ns, At safepoint: 1200474 ns, Total: 500671834 ns
[2022-02-20T04:45:28.031+0000][3152][gc,start    ] GC(50) Pause Young (Normal) (G1 Evacuation Pause)
[2022-02-20T04:45:28.031+0000][3152][gc,task     ] GC(50) Using 2 workers of 2 for evacuation
[2022-02-20T04:45:28.031+0000][3152][gc,age      ] GC(50) Desired survivor size 4194304 bytes, new threshold 15 (max threshold 15)
[2022-02-20T04:45:29.843+0000][3152][gc,age      ] GC(50) Age table with threshold 15 (max threshold 15)
[2022-02-20T04:45:29.843+0000][3152][gc,age      ] GC(50) - age   1:      10632 bytes,      10632 total
[2022-02-20T04:45:29.843+0000][3152][gc,age      ] GC(50) - age   2:      39760 bytes,      50392 total
[2022-02-20T04:45:29.843+0000][3152][gc,age      ] GC(50) - age   3:       4264 bytes,      54656 total
[2022-02-20T04:45:29.843+0000][3152][gc,age      ] GC(50) - age   4:        728 bytes,      55384 total
[2022-02-20T04:45:29.843+0000][3152][gc,age      ] GC(50) - age   5:       2352 bytes,      57736 total
[2022-02-20T04:45:29.843+0000][3152][gc,age      ] GC(50) - age   6:       2328 bytes,      60064 total
[2022-02-20T04:45:29.843+0000][3152][gc,age      ] GC(50) - age   7:        776 bytes,      60840 total
[2022-02-20T04:45:29.843+0000][3152][gc,age      ] GC(50) - age   8:      13464 bytes,      74304 total
[2022-02-20T04:45:29.843+0000][3152][gc,age      ] GC(50) - age   9:      17480 bytes,      91784 total
[2022-02-20T04:45:29.843+0000][3152][gc,age      ] GC(50) - age  10:        936 bytes,      92720 total
[2022-02-20T04:45:29.843+0000][3152][gc,age      ] GC(50) - age  11:      10488 bytes,     103208 total
[2022-02-20T04:45:29.843+0000][3152][gc,age      ] GC(50) - age  12:       2008 bytes,     105216 total
[2022-02-20T04:45:29.843+0000][3152][gc,age      ] GC(50) - age  13:      14000 bytes,     119216 total
[2022-02-20T04:45:29.843+0000][3152][gc,age      ] GC(50) - age  14:      51376 bytes,     170592 total
[2022-02-20T04:45:29.843+0000][3152][gc,age      ] GC(50) - age  15:       1704 bytes,     172296 total
[2022-02-20T04:45:29.843+0000][3152][gc,mmu      ] GC(50) MMU target violated: 201.0ms (200.0ms/201.0ms)
[2022-02-20T04:45:29.843+0000][3152][gc,phases   ] GC(50)   Pre Evacuate Collection Set: 819.8ms
[2022-02-20T04:45:29.843+0000][3152][gc,phases   ] GC(50)   Merge Heap Roots: 0.1ms
[2022-02-20T04:45:29.843+0000][3152][gc,phases   ] GC(50)   Evacuate Collection Set: 995.5ms
[2022-02-20T04:45:29.843+0000][3152][gc,phases   ] GC(50)   Post Evacuate Collection Set: 1.4ms
[2022-02-20T04:45:29.843+0000][3152][gc,phases   ] GC(50)   Other: 1.6ms
[2022-02-20T04:45:29.843+0000][3152][gc,heap     ] GC(50) Eden regions: 10->0(10)
[2022-02-20T04:45:29.843+0000][3152][gc,heap     ] GC(50) Survivor regions: 1->1(2)
[2022-02-20T04:45:29.843+0000][3152][gc,heap     ] GC(50) Old regions: 19->19
[2022-02-20T04:45:29.843+0000][3152][gc,heap     ] GC(50) Archive regions: 0->0
[2022-02-20T04:45:29.843+0000][3152][gc,heap     ] GC(50) Humongous regions: 5->5
[2022-02-20T04:45:29.843+0000][3152][gc,metaspace] GC(50) Metaspace: 111570K(113408K)->111570K(113408K) NonClass: 96207K(97280K)->96207K(97280K) Class: 15362K(16128K)->15362K(16128K)
[2022-02-20T04:45:29.890+0000][3152][gc          ] GC(50) Pause Young (Normal) (G1 Evacuation Pause) 133M->93M(956M) 1819.119ms
[2022-02-20T04:45:29.890+0000][3152][gc,cpu      ] GC(50) User=0.02s Sys=0.00s Real=1.86s
[2022-02-20T04:45:29.890+0000][3152][safepoint   ] Safepoint "G1CollectForAllocation", Time since last: 9827929920 ns, Reaching safepoint: 613664662 ns, At safepoint: 1866102305 ns, Total: 2479766967 ns
[2022-02-20T04:45:45.048+0000][3152][gc,start    ] GC(51) Pause Young (Normal) (G1 Evacuation Pause)
[2022-02-20T04:45:45.048+0000][3152][gc,task     ] GC(51) Using 2 workers of 2 for evacuation
[2022-02-20T04:45:45.048+0000][3152][gc,age      ] GC(51) Desired survivor size 4194304 bytes, new threshold 15 (max threshold 15)
[2022-02-20T04:45:45.256+0000][3152][gc,age      ] GC(51) Age table with threshold 15 (max threshold 15)
[2022-02-20T04:45:45.257+0000][3152][gc,age      ] GC(51) - age   1:       7952 bytes,       7952 total
[2022-02-20T04:45:45.257+0000][3152][gc,age      ] GC(51) - age   2:       3608 bytes,      11560 total
[2022-02-20T04:45:45.257+0000][3152][gc,age      ] GC(51) - age   3:      39760 bytes,      51320 total
[2022-02-20T04:45:45.257+0000][3152][gc,age      ] GC(51) - age   4:       4264 bytes,      55584 total
[2022-02-20T04:45:45.257+0000][3152][gc,age      ] GC(51) - age   5:        728 bytes,      56312 total
[2022-02-20T04:45:45.257+0000][3152][gc,age      ] GC(51) - age   6:       2352 bytes,      58664 total
[2022-02-20T04:45:45.257+0000][3152][gc,age      ] GC(51) - age   7:       2328 bytes,      60992 total
[2022-02-20T04:45:45.257+0000][3152][gc,age      ] GC(51) - age   8:        776 bytes,      61768 total
[2022-02-20T04:45:45.257+0000][3152][gc,age      ] GC(51) - age   9:      13464 bytes,      75232 total
[2022-02-20T04:45:45.257+0000][3152][gc,age      ] GC(51) - age  10:      17480 bytes,      92712 total
[2022-02-20T04:45:45.257+0000][3152][gc,age      ] GC(51) - age  11:        936 bytes,      93648 total
[2022-02-20T04:45:45.257+0000][3152][gc,age      ] GC(51) - age  12:      10488 bytes,     104136 total
[2022-02-20T04:45:45.257+0000][3152][gc,age      ] GC(51) - age  13:       2008 bytes,     106144 total
[2022-02-20T04:45:45.257+0000][3152][gc,age      ] GC(51) - age  14:      14000 bytes,     120144 total
[2022-02-20T04:45:45.257+0000][3152][gc,age      ] GC(51) - age  15:      51376 bytes,     171520 total
[2022-02-20T04:45:45.257+0000][3152][gc,mmu      ] GC(51) MMU target violated: 201.0ms (200.0ms/201.0ms)
[2022-02-20T04:45:45.258+0000][3152][gc,phases   ] GC(51)   Pre Evacuate Collection Set: 0.1ms
[2022-02-20T04:45:45.258+0000][3152][gc,phases   ] GC(51)   Merge Heap Roots: 0.1ms
[2022-02-20T04:45:45.258+0000][3152][gc,phases   ] GC(51)   Evacuate Collection Set: 93.1ms
[2022-02-20T04:45:45.258+0000][3152][gc,phases   ] GC(51)   Post Evacuate Collection Set: 0.9ms
[2022-02-20T04:45:45.258+0000][3152][gc,phases   ] GC(51)   Other: 115.5ms
[2022-02-20T04:45:45.258+0000][3152][gc,heap     ] GC(51) Eden regions: 10->0(10)
[2022-02-20T04:45:45.258+0000][3152][gc,heap     ] GC(51) Survivor regions: 1->1(2)
[2022-02-20T04:45:45.258+0000][3152][gc,heap     ] GC(51) Old regions: 19->19
[2022-02-20T04:45:45.258+0000][3152][gc,heap     ] GC(51) Archive regions: 0->0
[2022-02-20T04:45:45.258+0000][3152][gc,heap     ] GC(51) Humongous regions: 5->5
[2022-02-20T04:45:45.258+0000][3152][gc,metaspace] GC(51) Metaspace: 111575K(113408K)->111575K(113408K) NonClass: 96212K(97280K)->96212K(97280K) Class: 15362K(16128K)->15362K(16128K)
[2022-02-20T04:45:45.277+0000][3152][gc          ] GC(51) Pause Young (Normal) (G1 Evacuation Pause) 133M->93M(956M) 228.512ms
[2022-02-20T04:45:45.277+0000][3152][gc,cpu      ] GC(51) User=0.09s Sys=0.00s Real=0.23s
[2022-02-20T04:45:45.277+0000][3152][safepoint   ] Safepoint "G1CollectForAllocation", Time since last: 15150436923 ns, Reaching safepoint: 153460 ns, At safepoint: 228893172 ns, Total: 229046632 ns
[2022-02-20T04:45:55.421+0000][3152][gc,start    ] GC(52) Pause Young (Normal) (G1 Evacuation Pause)
[2022-02-20T04:45:55.421+0000][3152][gc,task     ] GC(52) Using 2 workers of 2 for evacuation
[2022-02-20T04:45:55.421+0000][3152][gc,age      ] GC(52) Desired survivor size 4194304 bytes, new threshold 15 (max threshold 15)
[2022-02-20T04:45:55.423+0000][3152][gc,age      ] GC(52) Age table with threshold 15 (max threshold 15)
[2022-02-20T04:45:55.423+0000][3152][gc,age      ] GC(52) - age   1:       8472 bytes,       8472 total
[2022-02-20T04:45:55.423+0000][3152][gc,age      ] GC(52) - age   3:       3232 bytes,      11704 total
[2022-02-20T04:45:55.423+0000][3152][gc,age      ] GC(52) - age   4:      39760 bytes,      51464 total
[2022-02-20T04:45:55.423+0000][3152][gc,age      ] GC(52) - age   5:       3520 bytes,      54984 total
[2022-02-20T04:45:55.423+0000][3152][gc,age      ] GC(52) - age   6:        416 bytes,      55400 total
[2022-02-20T04:45:55.423+0000][3152][gc,age      ] GC(52) - age   7:       2352 bytes,      57752 total
[2022-02-20T04:45:55.423+0000][3152][gc,age      ] GC(52) - age   8:       2328 bytes,      60080 total
[2022-02-20T04:45:55.424+0000][3152][gc,age      ] GC(52) - age   9:        776 bytes,      60856 total
[2022-02-20T04:45:55.424+0000][3152][gc,age      ] GC(52) - age  10:      13464 bytes,      74320 total
[2022-02-20T04:45:55.424+0000][3152][gc,age      ] GC(52) - age  11:      17480 bytes,      91800 total
[2022-02-20T04:45:55.424+0000][3152][gc,age      ] GC(52) - age  12:        936 bytes,      92736 total
[2022-02-20T04:45:55.424+0000][3152][gc,age      ] GC(52) - age  13:      10488 bytes,     103224 total
[2022-02-20T04:45:55.424+0000][3152][gc,age      ] GC(52) - age  14:       2008 bytes,     105232 total
[2022-02-20T04:45:55.424+0000][3152][gc,age      ] GC(52) - age  15:      14000 bytes,     119232 total
[2022-02-20T04:45:55.424+0000][3152][gc,phases   ] GC(52)   Pre Evacuate Collection Set: 0.1ms
[2022-02-20T04:45:55.424+0000][3152][gc,phases   ] GC(52)   Merge Heap Roots: 0.0ms
[2022-02-20T04:45:55.424+0000][3152][gc,phases   ] GC(52)   Evacuate Collection Set: 1.1ms
[2022-02-20T04:45:55.424+0000][3152][gc,phases   ] GC(52)   Post Evacuate Collection Set: 0.6ms
[2022-02-20T04:45:55.424+0000][3152][gc,phases   ] GC(52)   Other: 0.7ms
[2022-02-20T04:45:55.424+0000][3152][gc,heap     ] GC(52) Eden regions: 10->0(10)
[2022-02-20T04:45:55.424+0000][3152][gc,heap     ] GC(52) Survivor regions: 1->1(2)
[2022-02-20T04:45:55.424+0000][3152][gc,heap     ] GC(52) Old regions: 19->19
[2022-02-20T04:45:55.424+0000][3152][gc,heap     ] GC(52) Archive regions: 0->0
[2022-02-20T04:45:55.424+0000][3152][gc,heap     ] GC(52) Humongous regions: 5->5
[2022-02-20T04:45:55.424+0000][3152][gc,metaspace] GC(52) Metaspace: 111575K(113408K)->111575K(113408K) NonClass: 96212K(97280K)->96212K(97280K) Class: 15362K(16128K)->15362K(16128K)
[2022-02-20T04:45:55.424+0000][3152][gc          ] GC(52) Pause Young (Normal) (G1 Evacuation Pause) 133M->93M(956M) 2.886ms
[2022-02-20T04:45:55.424+0000][3152][gc,cpu      ] GC(52) User=0.00s Sys=0.00s Real=0.00s
[2022-02-20T04:45:55.424+0000][3152][safepoint   ] Safepoint "G1CollectForAllocation", Time since last: 10143613369 ns, Reaching safepoint: 42086 ns, At safepoint: 3118972 ns, Total: 3161058 ns
[2022-02-20T04:46:05.424+0000][3152][safepoint   ] Safepoint "Cleanup", Time since last: 9999642784 ns, Reaching safepoint: 80579 ns, At safepoint: 13857 ns, Total: 94436 ns
[2022-02-20T04:46:10.552+0000][3152][gc,start    ] GC(53) Pause Young (Normal) (G1 Evacuation Pause)
[2022-02-20T04:46:10.552+0000][3152][gc,task     ] GC(53) Using 2 workers of 2 for evacuation
[2022-02-20T04:46:10.552+0000][3152][gc,age      ] GC(53) Desired survivor size 4194304 bytes, new threshold 15 (max threshold 15)
[2022-02-20T04:46:10.650+0000][3152][gc,age      ] GC(53) Age table with threshold 15 (max threshold 15)
[2022-02-20T04:46:10.650+0000][3152][gc,age      ] GC(53) - age   1:      11480 bytes,      11480 total
[2022-02-20T04:46:10.650+0000][3152][gc,age      ] GC(53) - age   2:       1432 bytes,      12912 total
[2022-02-20T04:46:10.650+0000][3152][gc,age      ] GC(53) - age   4:        184 bytes,      13096 total
[2022-02-20T04:46:10.650+0000][3152][gc,age      ] GC(53) - age   5:      39760 bytes,      52856 total
[2022-02-20T04:46:10.650+0000][3152][gc,age      ] GC(53) - age   6:       3520 bytes,      56376 total
[2022-02-20T04:46:10.650+0000][3152][gc,age      ] GC(53) - age   7:        416 bytes,      56792 total
[2022-02-20T04:46:10.650+0000][3152][gc,age      ] GC(53) - age   8:       2352 bytes,      59144 total
[2022-02-20T04:46:10.650+0000][3152][gc,age      ] GC(53) - age   9:       1816 bytes,      60960 total
[2022-02-20T04:46:10.650+0000][3152][gc,age      ] GC(53) - age  10:        776 bytes,      61736 total
[2022-02-20T04:46:10.650+0000][3152][gc,age      ] GC(53) - age  11:      13464 bytes,      75200 total
[2022-02-20T04:46:10.650+0000][3152][gc,age      ] GC(53) - age  12:      17480 bytes,      92680 total
[2022-02-20T04:46:10.650+0000][3152][gc,age      ] GC(53) - age  13:        936 bytes,      93616 total
[2022-02-20T04:46:10.650+0000][3152][gc,age      ] GC(53) - age  14:      10488 bytes,     104104 total
[2022-02-20T04:46:10.650+0000][3152][gc,age      ] GC(53) - age  15:       2008 bytes,     106112 total
[2022-02-20T04:46:10.651+0000][3152][gc,phases   ] GC(53)   Pre Evacuate Collection Set: 0.1ms
[2022-02-20T04:46:10.651+0000][3152][gc,phases   ] GC(53)   Merge Heap Roots: 0.1ms
[2022-02-20T04:46:10.651+0000][3152][gc,phases   ] GC(53)   Evacuate Collection Set: 96.8ms
[2022-02-20T04:46:10.651+0000][3152][gc,phases   ] GC(53)   Post Evacuate Collection Set: 0.7ms
[2022-02-20T04:46:10.651+0000][3152][gc,phases   ] GC(53)   Other: 0.9ms
[2022-02-20T04:46:10.651+0000][3152][gc,heap     ] GC(53) Eden regions: 10->0(10)
[2022-02-20T04:46:10.651+0000][3152][gc,heap     ] GC(53) Survivor regions: 1->1(2)
[2022-02-20T04:46:10.651+0000][3152][gc,heap     ] GC(53) Old regions: 19->19
[2022-02-20T04:46:10.651+0000][3152][gc,heap     ] GC(53) Archive regions: 0->0
[2022-02-20T04:46:10.651+0000][3152][gc,heap     ] GC(53) Humongous regions: 5->5
[2022-02-20T04:46:10.651+0000][3152][gc,metaspace] GC(53) Metaspace: 111576K(113408K)->111576K(113408K) NonClass: 96213K(97280K)->96213K(97280K) Class: 15362K(16128K)->15362K(16128K)
[2022-02-20T04:46:10.700+0000][3152][gc          ] GC(53) Pause Young (Normal) (G1 Evacuation Pause) 133M->93M(956M) 98.806ms
[2022-02-20T04:46:10.700+0000][3152][gc,cpu      ] GC(53) User=0.00s Sys=0.00s Real=0.15s
[2022-02-20T04:46:10.700+0000][3152][safepoint   ] Safepoint "G1CollectForAllocation", Time since last: 5128458354 ns, Reaching safepoint: 84172 ns, At safepoint: 147736243 ns, Total: 147820415 ns
[2022-02-20T04:46:20.827+0000][3152][gc,start    ] GC(54) Pause Young (Normal) (G1 Evacuation Pause)
[2022-02-20T04:46:20.827+0000][3152][gc,task     ] GC(54) Using 2 workers of 2 for evacuation
[2022-02-20T04:46:20.827+0000][3152][gc,age      ] GC(54) Desired survivor size 4194304 bytes, new threshold 15 (max threshold 15)
[2022-02-20T04:46:20.832+0000][3152][gc,age      ] GC(54) Age table with threshold 15 (max threshold 15)
[2022-02-20T04:46:20.832+0000][3152][gc,age      ] GC(54) - age   1:       6960 bytes,       6960 total
[2022-02-20T04:46:20.832+0000][3152][gc,age      ] GC(54) - age   2:       3560 bytes,      10520 total
[2022-02-20T04:46:20.832+0000][3152][gc,age      ] GC(54) - age   3:       1432 bytes,      11952 total
[2022-02-20T04:46:20.832+0000][3152][gc,age      ] GC(54) - age   5:        184 bytes,      12136 total
[2022-02-20T04:46:20.832+0000][3152][gc,age      ] GC(54) - age   6:      39760 bytes,      51896 total
[2022-02-20T04:46:20.832+0000][3152][gc,age      ] GC(54) - age   7:       3520 bytes,      55416 total
[2022-02-20T04:46:20.832+0000][3152][gc,age      ] GC(54) - age   8:        416 bytes,      55832 total
[2022-02-20T04:46:20.832+0000][3152][gc,age      ] GC(54) - age   9:       2352 bytes,      58184 total
[2022-02-20T04:46:20.832+0000][3152][gc,age      ] GC(54) - age  10:       1816 bytes,      60000 total
[2022-02-20T04:46:20.832+0000][3152][gc,age      ] GC(54) - age  11:        776 bytes,      60776 total
[2022-02-20T04:46:20.832+0000][3152][gc,age      ] GC(54) - age  12:      13464 bytes,      74240 total
[2022-02-20T04:46:20.832+0000][3152][gc,age      ] GC(54) - age  13:      17480 bytes,      91720 total
[2022-02-20T04:46:20.832+0000][3152][gc,age      ] GC(54) - age  14:        936 bytes,      92656 total
[2022-02-20T04:46:20.832+0000][3152][gc,age      ] GC(54) - age  15:      10488 bytes,     103144 total
[2022-02-20T04:46:20.832+0000][3152][gc,phases   ] GC(54)   Pre Evacuate Collection Set: 0.1ms
[2022-02-20T04:46:20.832+0000][3152][gc,phases   ] GC(54)   Merge Heap Roots: 0.0ms
[2022-02-20T04:46:20.832+0000][3152][gc,phases   ] GC(54)   Evacuate Collection Set: 3.3ms
[2022-02-20T04:46:20.832+0000][3152][gc,phases   ] GC(54)   Post Evacuate Collection Set: 0.7ms
[2022-02-20T04:46:20.832+0000][3152][gc,phases   ] GC(54)   Other: 26.8ms
[2022-02-20T04:46:20.832+0000][3152][gc,heap     ] GC(54) Eden regions: 10->0(10)
[2022-02-20T04:46:20.832+0000][3152][gc,heap     ] GC(54) Survivor regions: 1->1(2)
[2022-02-20T04:46:20.832+0000][3152][gc,heap     ] GC(54) Old regions: 19->19
[2022-02-20T04:46:20.832+0000][3152][gc,heap     ] GC(54) Archive regions: 0->0
[2022-02-20T04:46:20.832+0000][3152][gc,heap     ] GC(54) Humongous regions: 5->5
[2022-02-20T04:46:20.832+0000][3152][gc,metaspace] GC(54) Metaspace: 111576K(113408K)->111576K(113408K) NonClass: 96213K(97280K)->96213K(97280K) Class: 15362K(16128K)->15362K(16128K)
[2022-02-20T04:46:20.832+0000][3152][gc          ] GC(54) Pause Young (Normal) (G1 Evacuation Pause) 133M->93M(956M) 5.155ms
[2022-02-20T04:46:20.832+0000][3152][gc,cpu      ] GC(54) User=0.00s Sys=0.00s Real=0.01s
[2022-02-20T04:46:20.832+0000][3152][safepoint   ] Safepoint "G1CollectForAllocation", Time since last: 10100686307 ns, Reaching safepoint: 44652 ns, At safepoint: 31310852 ns, Total: 31355504 ns
[2022-02-20T04:46:30.973+0000][3152][gc,start    ] GC(55) Pause Young (Normal) (G1 Evacuation Pause)
[2022-02-20T04:46:30.973+0000][3152][gc,task     ] GC(55) Using 2 workers of 2 for evacuation
[2022-02-20T04:46:30.973+0000][3152][gc,age      ] GC(55) Desired survivor size 4194304 bytes, new threshold 15 (max threshold 15)
[2022-02-20T04:46:30.974+0000][3152][gc,age      ] GC(55) Age table with threshold 15 (max threshold 15)
[2022-02-20T04:46:30.975+0000][3152][gc,age      ] GC(55) - age   1:      10600 bytes,      10600 total
[2022-02-20T04:46:30.975+0000][3152][gc,age      ] GC(55) - age   3:        512 bytes,      11112 total
[2022-02-20T04:46:30.975+0000][3152][gc,age      ] GC(55) - age   4:       1056 bytes,      12168 total
[2022-02-20T04:46:30.975+0000][3152][gc,age      ] GC(55) - age   7:      39760 bytes,      51928 total
[2022-02-20T04:46:30.975+0000][3152][gc,age      ] GC(55) - age   8:       3520 bytes,      55448 total
[2022-02-20T04:46:30.975+0000][3152][gc,age      ] GC(55) - age   9:        384 bytes,      55832 total
[2022-02-20T04:46:30.975+0000][3152][gc,age      ] GC(55) - age  10:       2352 bytes,      58184 total
[2022-02-20T04:46:30.975+0000][3152][gc,age      ] GC(55) - age  11:       1816 bytes,      60000 total
[2022-02-20T04:46:30.975+0000][3152][gc,age      ] GC(55) - age  12:        776 bytes,      60776 total
[2022-02-20T04:46:30.975+0000][3152][gc,age      ] GC(55) - age  13:      13464 bytes,      74240 total
[2022-02-20T04:46:30.975+0000][3152][gc,age      ] GC(55) - age  14:      17480 bytes,      91720 total
[2022-02-20T04:46:30.975+0000][3152][gc,age      ] GC(55) - age  15:        936 bytes,      92656 total
[2022-02-20T04:46:30.975+0000][3152][gc,phases   ] GC(55)   Pre Evacuate Collection Set: 0.1ms
[2022-02-20T04:46:30.975+0000][3152][gc,phases   ] GC(55)   Merge Heap Roots: 0.0ms
[2022-02-20T04:46:30.975+0000][3152][gc,phases   ] GC(55)   Evacuate Collection Set: 0.9ms
[2022-02-20T04:46:30.975+0000][3152][gc,phases   ] GC(55)   Post Evacuate Collection Set: 0.7ms
[2022-02-20T04:46:30.975+0000][3152][gc,phases   ] GC(55)   Other: 0.7ms
[2022-02-20T04:46:30.975+0000][3152][gc,heap     ] GC(55) Eden regions: 10->0(10)
[2022-02-20T04:46:30.975+0000][3152][gc,heap     ] GC(55) Survivor regions: 1->1(2)
[2022-02-20T04:46:30.975+0000][3152][gc,heap     ] GC(55) Old regions: 19->19
[2022-02-20T04:46:30.975+0000][3152][gc,heap     ] GC(55) Archive regions: 0->0
[2022-02-20T04:46:30.975+0000][3152][gc,heap     ] GC(55) Humongous regions: 5->5
[2022-02-20T04:46:30.975+0000][3152][gc,metaspace] GC(55) Metaspace: 111577K(113408K)->111577K(113408K) NonClass: 96214K(97280K)->96214K(97280K) Class: 15362K(16128K)->15362K(16128K)
[2022-02-20T04:46:30.975+0000][3152][gc          ] GC(55) Pause Young (Normal) (G1 Evacuation Pause) 133M->93M(956M) 2.608ms
[2022-02-20T04:46:30.975+0000][3152][gc,cpu      ] GC(55) User=0.00s Sys=0.00s Real=0.00s
[2022-02-20T04:46:30.976+0000][3152][safepoint   ] Safepoint "G1CollectForAllocation", Time since last: 10118659534 ns, Reaching safepoint: 20789900 ns, At safepoint: 2954736 ns, Total: 23744636 ns
[2022-02-20T04:46:46.135+0000][3152][gc,start    ] GC(56) Pause Young (Normal) (G1 Evacuation Pause)
[2022-02-20T04:46:46.135+0000][3152][gc,task     ] GC(56) Using 2 workers of 2 for evacuation
[2022-02-20T04:46:46.135+0000][3152][gc,age      ] GC(56) Desired survivor size 4194304 bytes, new threshold 15 (max threshold 15)
[2022-02-20T04:46:46.138+0000][3152][gc,age      ] GC(56) Age table with threshold 15 (max threshold 15)
[2022-02-20T04:46:46.138+0000][3152][gc,age      ] GC(56) - age   1:       7056 bytes,       7056 total
[2022-02-20T04:46:46.138+0000][3152][gc,age      ] GC(56) - age   2:       3640 bytes,      10696 total
[2022-02-20T04:46:46.138+0000][3152][gc,age      ] GC(56) - age   4:        512 bytes,      11208 total
[2022-02-20T04:46:46.138+0000][3152][gc,age      ] GC(56) - age   5:       1056 bytes,      12264 total
[2022-02-20T04:46:46.138+0000][3152][gc,age      ] GC(56) - age   8:      39760 bytes,      52024 total
[2022-02-20T04:46:46.138+0000][3152][gc,age      ] GC(56) - age   9:       3520 bytes,      55544 total
[2022-02-20T04:46:46.138+0000][3152][gc,age      ] GC(56) - age  10:        384 bytes,      55928 total
[2022-02-20T04:46:46.138+0000][3152][gc,age      ] GC(56) - age  11:       2352 bytes,      58280 total
[2022-02-20T04:46:46.138+0000][3152][gc,age      ] GC(56) - age  12:       1816 bytes,      60096 total
[2022-02-20T04:46:46.138+0000][3152][gc,age      ] GC(56) - age  13:        776 bytes,      60872 total
[2022-02-20T04:46:46.138+0000][3152][gc,age      ] GC(56) - age  14:      13464 bytes,      74336 total
[2022-02-20T04:46:46.139+0000][3152][gc,age      ] GC(56) - age  15:      17480 bytes,      91816 total
[2022-02-20T04:46:46.139+0000][3152][gc,phases   ] GC(56)   Pre Evacuate Collection Set: 0.1ms
[2022-02-20T04:46:46.139+0000][3152][gc,phases   ] GC(56)   Merge Heap Roots: 0.1ms
[2022-02-20T04:46:46.139+0000][3152][gc,phases   ] GC(56)   Evacuate Collection Set: 1.4ms
[2022-02-20T04:46:46.139+0000][3152][gc,phases   ] GC(56)   Post Evacuate Collection Set: 1.3ms
[2022-02-20T04:46:46.139+0000][3152][gc,phases   ] GC(56)   Other: 1.3ms
[2022-02-20T04:46:46.139+0000][3152][gc,heap     ] GC(56) Eden regions: 10->0(42)
[2022-02-20T04:46:46.139+0000][3152][gc,heap     ] GC(56) Survivor regions: 1->1(2)
[2022-02-20T04:46:46.139+0000][3152][gc,heap     ] GC(56) Old regions: 19->19
[2022-02-20T04:46:46.139+0000][3152][gc,heap     ] GC(56) Archive regions: 0->0
[2022-02-20T04:46:46.139+0000][3152][gc,heap     ] GC(56) Humongous regions: 5->5
[2022-02-20T04:46:46.139+0000][3152][gc,metaspace] GC(56) Metaspace: 111577K(113408K)->111577K(113408K) NonClass: 96214K(97280K)->96214K(97280K) Class: 15362K(16128K)->15362K(16128K)
[2022-02-20T04:46:46.139+0000][3152][gc          ] GC(56) Pause Young (Normal) (G1 Evacuation Pause) 133M->93M(956M) 4.788ms
[2022-02-20T04:46:46.139+0000][3152][gc,cpu      ] GC(56) User=0.00s Sys=0.00s Real=0.00s
[2022-02-20T04:46:46.140+0000][3152][safepoint   ] Safepoint "G1CollectForAllocation", Time since last: 15158399362 ns, Reaching safepoint: 94949 ns, At safepoint: 5160137 ns, Total: 5255086 ns
[2022-02-20T04:47:05.321+0000][3152][safepoint   ] Safepoint "Cleanup", Time since last: 19001643401 ns, Reaching safepoint: 179009115 ns, At safepoint: 451139 ns, Total: 179460254 ns
[2022-02-20T04:47:44.031+0000][3152][gc,start    ] GC(57) Pause Young (Normal) (G1 Evacuation Pause)
[2022-02-20T04:47:44.031+0000][3152][gc,task     ] GC(57) Using 2 workers of 2 for evacuation
[2022-02-20T04:47:44.031+0000][3152][gc,age      ] GC(57) Desired survivor size 12582912 bytes, new threshold 15 (max threshold 15)
[2022-02-20T04:47:44.125+0000][3152][gc,age      ] GC(57) Age table with threshold 15 (max threshold 15)
[2022-02-20T04:47:44.125+0000][3152][gc,age      ] GC(57) - age   1:      11456 bytes,      11456 total
[2022-02-20T04:47:44.125+0000][3152][gc,age      ] GC(57) - age   5:        512 bytes,      11968 total
[2022-02-20T04:47:44.125+0000][3152][gc,age      ] GC(57) - age   6:        312 bytes,      12280 total
[2022-02-20T04:47:44.125+0000][3152][gc,age      ] GC(57) - age   9:      39760 bytes,      52040 total
[2022-02-20T04:47:44.125+0000][3152][gc,age      ] GC(57) - age  10:       3520 bytes,      55560 total
[2022-02-20T04:47:44.125+0000][3152][gc,age      ] GC(57) - age  11:        384 bytes,      55944 total
[2022-02-20T04:47:44.126+0000][3152][gc,age      ] GC(57) - age  12:       2352 bytes,      58296 total
[2022-02-20T04:47:44.126+0000][3152][gc,age      ] GC(57) - age  13:       1816 bytes,      60112 total
[2022-02-20T04:47:44.126+0000][3152][gc,age      ] GC(57) - age  14:        776 bytes,      60888 total
[2022-02-20T04:47:44.126+0000][3152][gc,age      ] GC(57) - age  15:      13464 bytes,      74352 total
[2022-02-20T04:47:44.126+0000][3152][gc,phases   ] GC(57)   Pre Evacuate Collection Set: 0.1ms
[2022-02-20T04:47:44.126+0000][3152][gc,phases   ] GC(57)   Merge Heap Roots: 0.1ms
[2022-02-20T04:47:44.126+0000][3152][gc,phases   ] GC(57)   Evacuate Collection Set: 92.5ms
[2022-02-20T04:47:44.126+0000][3152][gc,phases   ] GC(57)   Post Evacuate Collection Set: 1.5ms
[2022-02-20T04:47:44.126+0000][3152][gc,phases   ] GC(57)   Other: 1.1ms
[2022-02-20T04:47:44.126+0000][3152][gc,heap     ] GC(57) Eden regions: 42->0(86)
[2022-02-20T04:47:44.126+0000][3152][gc,heap     ] GC(57) Survivor regions: 1->1(6)
[2022-02-20T04:47:44.126+0000][3152][gc,heap     ] GC(57) Old regions: 19->19
[2022-02-20T04:47:44.126+0000][3152][gc,heap     ] GC(57) Archive regions: 0->0
[2022-02-20T04:47:44.126+0000][3152][gc,heap     ] GC(57) Humongous regions: 5->5
[2022-02-20T04:47:44.126+0000][3152][gc,metaspace] GC(57) Metaspace: 111585K(113408K)->111585K(113408K) NonClass: 96222K(97280K)->96222K(97280K) Class: 15362K(16128K)->15362K(16128K)
[2022-02-20T04:47:44.127+0000][3152][gc          ] GC(57) Pause Young (Normal) (G1 Evacuation Pause) 261M->93M(956M) 95.893ms
[2022-02-20T04:47:44.127+0000][3152][gc,cpu      ] GC(57) User=0.00s Sys=0.00s Real=0.10s
[2022-02-20T04:47:44.127+0000][3152][safepoint   ] Safepoint "G1CollectForAllocation", Time since last: 37429784367 ns, Reaching safepoint: 1279135474 ns, At safepoint: 96441282 ns, Total: 1375576756 ns
[2022-02-20T04:47:48.127+0000][3152][safepoint   ] Safepoint "Cleanup", Time since last: 3999666392 ns, Reaching safepoint: 67235 ns, At safepoint: 6672 ns, Total: 73907 ns
[2022-02-20T04:49:27.432+0000][3152][safepoint   ] Safepoint "Cleanup", Time since last: 99003368922 ns, Reaching safepoint: 299084684 ns, At safepoint: 809896 ns, Total: 299894580 ns
[2022-02-20T04:49:36.780+0000][3152][gc,start    ] GC(58) Pause Young (Normal) (G1 Evacuation Pause)
[2022-02-20T04:49:36.780+0000][3152][gc,task     ] GC(58) Using 2 workers of 2 for evacuation
[2022-02-20T04:49:36.780+0000][3152][gc,age      ] GC(58) Desired survivor size 23068672 bytes, new threshold 15 (max threshold 15)
[2022-02-20T04:49:37.200+0000][3152][gc,age      ] GC(58) Age table with threshold 15 (max threshold 15)
[2022-02-20T04:49:37.200+0000][3152][gc,age      ] GC(58) - age   1:      11616 bytes,      11616 total
[2022-02-20T04:49:37.200+0000][3152][gc,age      ] GC(58) - age   2:        104 bytes,      11720 total
[2022-02-20T04:49:37.201+0000][3152][gc,age      ] GC(58) - age   6:        512 bytes,      12232 total
[2022-02-20T04:49:37.201+0000][3152][gc,age      ] GC(58) - age  10:      39760 bytes,      51992 total
[2022-02-20T04:49:37.201+0000][3152][gc,age      ] GC(58) - age  11:       3520 bytes,      55512 total
[2022-02-20T04:49:37.201+0000][3152][gc,age      ] GC(58) - age  12:        384 bytes,      55896 total
[2022-02-20T04:49:37.201+0000][3152][gc,age      ] GC(58) - age  13:       2352 bytes,      58248 total
[2022-02-20T04:49:37.201+0000][3152][gc,age      ] GC(58) - age  14:       1816 bytes,      60064 total
[2022-02-20T04:49:37.201+0000][3152][gc,age      ] GC(58) - age  15:        776 bytes,      60840 total
[2022-02-20T04:49:37.201+0000][3152][gc,mmu      ] GC(58) MMU target violated: 201.0ms (200.0ms/201.0ms)
[2022-02-20T04:49:37.201+0000][3152][gc,phases   ] GC(58)   Pre Evacuate Collection Set: 0.2ms
[2022-02-20T04:49:37.201+0000][3152][gc,phases   ] GC(58)   Merge Heap Roots: 0.1ms
[2022-02-20T04:49:37.201+0000][3152][gc,phases   ] GC(58)   Evacuate Collection Set: 233.7ms
[2022-02-20T04:49:37.201+0000][3152][gc,phases   ] GC(58)   Post Evacuate Collection Set: 1.7ms
[2022-02-20T04:49:37.201+0000][3152][gc,phases   ] GC(58)   Other: 185.7ms
[2022-02-20T04:49:37.201+0000][3152][gc,heap     ] GC(58) Eden regions: 86->0(10)
[2022-02-20T04:49:37.201+0000][3152][gc,heap     ] GC(58) Survivor regions: 1->1(11)
[2022-02-20T04:49:37.202+0000][3152][gc,heap     ] GC(58) Old regions: 19->19
[2022-02-20T04:49:37.202+0000][3152][gc,heap     ] GC(58) Archive regions: 0->0
[2022-02-20T04:49:37.202+0000][3152][gc,heap     ] GC(58) Humongous regions: 5->5
[2022-02-20T04:49:37.202+0000][3152][gc,metaspace] GC(58) Metaspace: 111597K(113408K)->111597K(113408K) NonClass: 96235K(97280K)->96235K(97280K) Class: 15362K(16128K)->15362K(16128K)
[2022-02-20T04:49:37.202+0000][3152][gc          ] GC(58) Pause Young (Normal) (G1 Evacuation Pause) 437M->93M(956M) 422.055ms
[2022-02-20T04:49:37.202+0000][3152][gc,cpu      ] GC(58) User=0.00s Sys=0.00s Real=0.42s
[2022-02-20T04:49:37.202+0000][3152][safepoint   ] Safepoint "G1CollectForAllocation", Time since last: 9196023092 ns, Reaching safepoint: 151560410 ns, At safepoint: 422543546 ns, Total: 574103956 ns
[2022-02-20T04:49:52.355+0000][3152][gc,start    ] GC(59) Pause Young (Normal) (G1 Evacuation Pause)
[2022-02-20T04:49:52.355+0000][3152][gc,task     ] GC(59) Using 2 workers of 2 for evacuation
[2022-02-20T04:49:52.355+0000][3152][gc,age      ] GC(59) Desired survivor size 4194304 bytes, new threshold 15 (max threshold 15)
[2022-02-20T04:49:52.543+0000][3152][gc,age      ] GC(59) Age table with threshold 15 (max threshold 15)
[2022-02-20T04:49:52.543+0000][3152][gc,age      ] GC(59) - age   1:       9808 bytes,       9808 total
[2022-02-20T04:49:52.543+0000][3152][gc,age      ] GC(59) - age   2:       3920 bytes,      13728 total
[2022-02-20T04:49:52.543+0000][3152][gc,age      ] GC(59) - age   3:        104 bytes,      13832 total
[2022-02-20T04:49:52.543+0000][3152][gc,age      ] GC(59) - age   7:        512 bytes,      14344 total
[2022-02-20T04:49:52.543+0000][3152][gc,age      ] GC(59) - age  11:      39760 bytes,      54104 total
[2022-02-20T04:49:52.543+0000][3152][gc,age      ] GC(59) - age  12:       3520 bytes,      57624 total
[2022-02-20T04:49:52.543+0000][3152][gc,age      ] GC(59) - age  13:        384 bytes,      58008 total
[2022-02-20T04:49:52.543+0000][3152][gc,age      ] GC(59) - age  14:       2352 bytes,      60360 total
[2022-02-20T04:49:52.543+0000][3152][gc,age      ] GC(59) - age  15:       1816 bytes,      62176 total
[2022-02-20T04:49:52.543+0000][3152][gc,phases   ] GC(59)   Pre Evacuate Collection Set: 0.1ms
[2022-02-20T04:49:52.543+0000][3152][gc,phases   ] GC(59)   Merge Heap Roots: 0.1ms
[2022-02-20T04:49:52.543+0000][3152][gc,phases   ] GC(59)   Evacuate Collection Set: 186.2ms
[2022-02-20T04:49:52.543+0000][3152][gc,phases   ] GC(59)   Post Evacuate Collection Set: 0.8ms
[2022-02-20T04:49:52.543+0000][3152][gc,phases   ] GC(59)   Other: 0.9ms
[2022-02-20T04:49:52.543+0000][3152][gc,heap     ] GC(59) Eden regions: 10->0(13)
[2022-02-20T04:49:52.543+0000][3152][gc,heap     ] GC(59) Survivor regions: 1->1(2)
[2022-02-20T04:49:52.543+0000][3152][gc,heap     ] GC(59) Old regions: 19->19
[2022-02-20T04:49:52.543+0000][3152][gc,heap     ] GC(59) Archive regions: 0->0
[2022-02-20T04:49:52.543+0000][3152][gc,heap     ] GC(59) Humongous regions: 5->5
[2022-02-20T04:49:52.543+0000][3152][gc,metaspace] GC(59) Metaspace: 111598K(113408K)->111598K(113408K) NonClass: 96235K(97280K)->96235K(97280K) Class: 15362K(16128K)->15362K(16128K)
[2022-02-20T04:49:52.543+0000][3152][gc          ] GC(59) Pause Young (Normal) (G1 Evacuation Pause) 133M->93M(956M) 188.277ms
[2022-02-20T04:49:52.543+0000][3152][gc,cpu      ] GC(59) User=0.19s Sys=0.00s Real=0.19s
[2022-02-20T04:49:52.543+0000][3152][safepoint   ] Safepoint "G1CollectForAllocation", Time since last: 15151955093 ns, Reaching safepoint: 126771 ns, At safepoint: 188572355 ns, Total: 188699126 ns
[2022-02-20T04:49:56.549+0000][3152][safepoint   ] Safepoint "Cleanup", Time since last: 4004619693 ns, Reaching safepoint: 97516 ns, At safepoint: 7699 ns, Total: 105215 ns
[2022-02-20T04:50:07.715+0000][3152][gc,start    ] GC(60) Pause Young (Normal) (G1 Evacuation Pause)
[2022-02-20T04:50:07.715+0000][3152][gc,task     ] GC(60) Using 2 workers of 2 for evacuation
[2022-02-20T04:50:07.715+0000][3152][gc,age      ] GC(60) Desired survivor size 4194304 bytes, new threshold 15 (max threshold 15)
[2022-02-20T04:50:07.718+0000][3152][gc,age      ] GC(60) Age table with threshold 15 (max threshold 15)
[2022-02-20T04:50:07.718+0000][3152][gc,age      ] GC(60) - age   1:      10840 bytes,      10840 total
[2022-02-20T04:50:07.718+0000][3152][gc,age      ] GC(60) - age   2:       1896 bytes,      12736 total
[2022-02-20T04:50:07.718+0000][3152][gc,age      ] GC(60) - age   3:        312 bytes,      13048 total
[2022-02-20T04:50:07.718+0000][3152][gc,age      ] GC(60) - age   4:        104 bytes,      13152 total
[2022-02-20T04:50:07.718+0000][3152][gc,age      ] GC(60) - age   8:        512 bytes,      13664 total
[2022-02-20T04:50:07.718+0000][3152][gc,age      ] GC(60) - age  12:      39760 bytes,      53424 total
[2022-02-20T04:50:07.718+0000][3152][gc,age      ] GC(60) - age  13:       3520 bytes,      56944 total
[2022-02-20T04:50:07.718+0000][3152][gc,age      ] GC(60) - age  14:        384 bytes,      57328 total
[2022-02-20T04:50:07.718+0000][3152][gc,age      ] GC(60) - age  15:       2352 bytes,      59680 total
[2022-02-20T04:50:07.718+0000][3152][gc,phases   ] GC(60)   Pre Evacuate Collection Set: 0.1ms
[2022-02-20T04:50:07.718+0000][3152][gc,phases   ] GC(60)   Merge Heap Roots: 0.1ms
[2022-02-20T04:50:07.719+0000][3152][gc,phases   ] GC(60)   Evacuate Collection Set: 1.3ms
[2022-02-20T04:50:07.719+0000][3152][gc,phases   ] GC(60)   Post Evacuate Collection Set: 1.2ms
[2022-02-20T04:50:07.719+0000][3152][gc,phases   ] GC(60)   Other: 1.3ms
[2022-02-20T04:50:07.719+0000][3152][gc,heap     ] GC(60) Eden regions: 13->0(57)
[2022-02-20T04:50:07.719+0000][3152][gc,heap     ] GC(60) Survivor regions: 1->1(2)
[2022-02-20T04:50:07.719+0000][3152][gc,heap     ] GC(60) Old regions: 19->19
[2022-02-20T04:50:07.719+0000][3152][gc,heap     ] GC(60) Archive regions: 0->0
[2022-02-20T04:50:07.719+0000][3152][gc,heap     ] GC(60) Humongous regions: 5->5
[2022-02-20T04:50:07.719+0000][3152][gc,metaspace] GC(60) Metaspace: 111598K(113408K)->111598K(113408K) NonClass: 96235K(97280K)->96235K(97280K) Class: 15362K(16128K)->15362K(16128K)
[2022-02-20T04:50:07.719+0000][3152][gc          ] GC(60) Pause Young (Normal) (G1 Evacuation Pause) 145M->93M(956M) 4.569ms
[2022-02-20T04:50:07.719+0000][3152][gc,cpu      ] GC(60) User=0.03s Sys=0.00s Real=0.00s
[2022-02-20T04:50:07.719+0000][3152][safepoint   ] Safepoint "G1CollectForAllocation", Time since last: 11166202182 ns, Reaching safepoint: 52864 ns, At safepoint: 4839874 ns, Total: 4892738 ns
[2022-02-20T04:50:25.834+0000][3152][safepoint   ] Safepoint "Cleanup", Time since last: 18081972471 ns, Reaching safepoint: 31238998 ns, At safepoint: 45165 ns, Total: 31284163 ns
[2022-02-20T04:50:56.487+0000][3152][safepoint   ] Safepoint "Cleanup", Time since last: 30402909980 ns, Reaching safepoint: 249650739 ns, At safepoint: 984399 ns, Total: 250635138 ns
[2022-02-20T04:51:08.638+0000][3152][safepoint   ] Safepoint "Cleanup", Time since last: 12149300605 ns, Reaching safepoint: 84171 ns, At safepoint: 11805 ns, Total: 95976 ns
[2022-02-20T04:51:15.972+0000][3152][gc,start    ] GC(61) Pause Young (Normal) (G1 Evacuation Pause)
[2022-02-20T04:51:15.972+0000][3152][gc,task     ] GC(61) Using 2 workers of 2 for evacuation
[2022-02-20T04:51:15.972+0000][3152][gc,age      ] GC(61) Desired survivor size 16777216 bytes, new threshold 15 (max threshold 15)
[2022-02-20T04:51:16.065+0000][3152][gc,age      ] GC(61) Age table with threshold 15 (max threshold 15)
[2022-02-20T04:51:16.065+0000][3152][gc,age      ] GC(61) - age   1:      14840 bytes,      14840 total
[2022-02-20T04:51:16.065+0000][3152][gc,age      ] GC(61) - age   2:        312 bytes,      15152 total
[2022-02-20T04:51:16.065+0000][3152][gc,age      ] GC(61) - age   3:       1152 bytes,      16304 total
[2022-02-20T04:51:16.065+0000][3152][gc,age      ] GC(61) - age   4:        128 bytes,      16432 total
[2022-02-20T04:51:16.065+0000][3152][gc,age      ] GC(61) - age   5:        104 bytes,      16536 total
[2022-02-20T04:51:16.065+0000][3152][gc,age      ] GC(61) - age   9:        512 bytes,      17048 total
[2022-02-20T04:51:16.065+0000][3152][gc,age      ] GC(61) - age  13:      39760 bytes,      56808 total
[2022-02-20T04:51:16.065+0000][3152][gc,age      ] GC(61) - age  14:       3520 bytes,      60328 total
[2022-02-20T04:51:16.065+0000][3152][gc,age      ] GC(61) - age  15:        384 bytes,      60712 total
[2022-02-20T04:51:16.065+0000][3152][gc,phases   ] GC(61)   Pre Evacuate Collection Set: 0.1ms
[2022-02-20T04:51:16.065+0000][3152][gc,phases   ] GC(61)   Merge Heap Roots: 0.0ms
[2022-02-20T04:51:16.065+0000][3152][gc,phases   ] GC(61)   Evacuate Collection Set: 95.7ms
[2022-02-20T04:51:16.065+0000][3152][gc,phases   ] GC(61)   Post Evacuate Collection Set: 1.1ms
[2022-02-20T04:51:16.065+0000][3152][gc,phases   ] GC(61)   Other: 0.8ms
[2022-02-20T04:51:16.065+0000][3152][gc,heap     ] GC(61) Eden regions: 57->0(117)
[2022-02-20T04:51:16.065+0000][3152][gc,heap     ] GC(61) Survivor regions: 1->1(8)
[2022-02-20T04:51:16.065+0000][3152][gc,heap     ] GC(61) Old regions: 19->19
[2022-02-20T04:51:16.065+0000][3152][gc,heap     ] GC(61) Archive regions: 0->0
[2022-02-20T04:51:16.065+0000][3152][gc,heap     ] GC(61) Humongous regions: 5->5
[2022-02-20T04:51:16.065+0000][3152][gc,metaspace] GC(61) Metaspace: 111599K(113408K)->111599K(113408K) NonClass: 96236K(97280K)->96236K(97280K) Class: 15362K(16128K)->15362K(16128K)
[2022-02-20T04:51:16.065+0000][3152][gc          ] GC(61) Pause Young (Normal) (G1 Evacuation Pause) 321M->93M(956M) 97.996ms
[2022-02-20T04:51:16.065+0000][3152][gc,cpu      ] GC(61) User=0.03s Sys=0.00s Real=0.09s
[2022-02-20T04:51:16.065+0000][3152][safepoint   ] Safepoint "G1CollectForAllocation", Time since last: 7343655146 ns, Reaching safepoint: 83659 ns, At safepoint: 98207861 ns, Total: 98291520 ns
[2022-02-20T04:51:40.302+0000][3152][safepoint   ] Safepoint "Cleanup", Time since last: 24221798626 ns, Reaching safepoint: 70828 ns, At safepoint: 6158 ns, Total: 76986 ns
[2022-02-20T04:51:56.489+0000][3152][safepoint   ] Safepoint "Cleanup", Time since last: 16186965908 ns, Reaching safepoint: 71341 ns, At safepoint: 5132 ns, Total: 76473 ns
[2022-02-20T04:53:06.371+0000][3152][safepoint   ] Safepoint "Cleanup", Time since last: 69879751468 ns, Reaching safepoint: 110347 ns, At safepoint: 10778 ns, Total: 121125 ns
[2022-02-20T04:53:23.584+0000][3152][safepoint   ] Safepoint "Cleanup", Time since last: 17212312371 ns, Reaching safepoint: 61076 ns, At safepoint: 6159 ns, Total: 67235 ns
[2022-02-20T04:53:40.699+0000][3152][gc,start    ] GC(62) Pause Young (Normal) (G1 Evacuation Pause)
[2022-02-20T04:53:40.699+0000][3152][gc,task     ] GC(62) Using 2 workers of 2 for evacuation
[2022-02-20T04:53:40.699+0000][3152][gc,age      ] GC(62) Desired survivor size 31457280 bytes, new threshold 15 (max threshold 15)
[2022-02-20T04:53:40.699+0000][3152][gc,age      ] GC(62) Age table with threshold 15 (max threshold 15)
[2022-02-20T04:53:40.699+0000][3152][gc,age      ] GC(62) - age   1:      12528 bytes,      12528 total
[2022-02-20T04:53:40.699+0000][3152][gc,age      ] GC(62) - age   2:       2664 bytes,      15192 total
[2022-02-20T04:53:40.699+0000][3152][gc,age      ] GC(62) - age   3:        128 bytes,      15320 total
[2022-02-20T04:53:40.699+0000][3152][gc,age      ] GC(62) - age   4:       1152 bytes,      16472 total
[2022-02-20T04:53:40.699+0000][3152][gc,age      ] GC(62) - age   5:        128 bytes,      16600 total
[2022-02-20T04:53:40.699+0000][3152][gc,age      ] GC(62) - age   6:         72 bytes,      16672 total
[2022-02-20T04:53:40.699+0000][3152][gc,age      ] GC(62) - age  10:        512 bytes,      17184 total
[2022-02-20T04:53:40.699+0000][3152][gc,age      ] GC(62) - age  14:      39760 bytes,      56944 total
[2022-02-20T04:53:40.699+0000][3152][gc,age      ] GC(62) - age  15:       3520 bytes,      60464 total
[2022-02-20T04:53:40.699+0000][3152][gc,phases   ] GC(62)   Pre Evacuate Collection Set: 0.1ms
[2022-02-20T04:53:40.699+0000][3152][gc,phases   ] GC(62)   Merge Heap Roots: 0.0ms
[2022-02-20T04:53:40.699+0000][3152][gc,phases   ] GC(62)   Evacuate Collection Set: 0.8ms
[2022-02-20T04:53:40.699+0000][3152][gc,phases   ] GC(62)   Post Evacuate Collection Set: 1.2ms
[2022-02-20T04:53:40.699+0000][3152][gc,phases   ] GC(62)   Other: 0.8ms
[2022-02-20T04:53:40.699+0000][3152][gc,heap     ] GC(62) Eden regions: 117->0(142)
[2022-02-20T04:53:40.699+0000][3152][gc,heap     ] GC(62) Survivor regions: 1->1(15)
[2022-02-20T04:53:40.699+0000][3152][gc,heap     ] GC(62) Old regions: 19->19
[2022-02-20T04:53:40.699+0000][3152][gc,heap     ] GC(62) Archive regions: 0->0
[2022-02-20T04:53:40.699+0000][3152][gc,heap     ] GC(62) Humongous regions: 5->5
[2022-02-20T04:53:40.699+0000][3152][gc,metaspace] GC(62) Metaspace: 111603K(113408K)->111603K(113408K) NonClass: 96240K(97280K)->96240K(97280K) Class: 15362K(16128K)->15362K(16128K)
[2022-02-20T04:53:40.699+0000][3152][gc          ] GC(62) Pause Young (Normal) (G1 Evacuation Pause) 561M->93M(956M) 3.312ms
[2022-02-20T04:53:40.699+0000][3152][gc,cpu      ] GC(62) User=0.00s Sys=0.00s Real=0.00s
[2022-02-20T04:53:40.699+0000][3152][safepoint   ] Safepoint "G1CollectForAllocation", Time since last: 17115036045 ns, Reaching safepoint: 56457 ns, At safepoint: 3493639 ns, Total: 3550096 ns
[2022-02-20T04:54:06.935+0000][3152][safepoint   ] Safepoint "Cleanup", Time since last: 26231820706 ns, Reaching safepoint: 57483 ns, At safepoint: 7699 ns, Total: 65182 ns
[2022-02-20T04:54:42.242+0000][3152][safepoint   ] Safepoint "Cleanup", Time since last: 35306406596 ns, Reaching safepoint: 78013 ns, At safepoint: 12831 ns, Total: 90844 ns
[2022-02-20T04:54:56.365+0000][3152][safepoint   ] Safepoint "Cleanup", Time since last: 14122125459 ns, Reaching safepoint: 83145 ns, At safepoint: 9752 ns, Total: 92897 ns
[2022-02-20T04:55:47.818+0000][3152][safepoint   ] Safepoint "Cleanup", Time since last: 51263173130 ns, Reaching safepoint: 189105614 ns, At safepoint: 156539 ns, Total: 189262153 ns
[2022-02-20T04:55:55.628+0000][3152][safepoint   ] Safepoint "Cleanup", Time since last: 3999939437 ns, Reaching safepoint: 3771141215 ns, At safepoint: 38071277 ns, Total: 3809212492 ns
[2022-02-20T04:56:23.910+0000][3152][safepoint   ] Safepoint "Cleanup", Time since last: 28004850138 ns, Reaching safepoint: 277164625 ns, At safepoint: 117532 ns, Total: 277282157 ns
[2022-02-20T04:56:31.062+0000][3152][safepoint   ] Safepoint "Cleanup", Time since last: 7000041059 ns, Reaching safepoint: 151036903 ns, At safepoint: 162185 ns, Total: 151199088 ns
[2022-02-20T04:56:33.247+0000][3152][safepoint   ] Safepoint "Cleanup", Time since last: 1999929173 ns, Reaching safepoint: 185186496 ns, At safepoint: 593308 ns, Total: 185779804 ns
[2022-02-20T04:56:34.567+0000][3152][safepoint   ] Safepoint "Cleanup", Time since last: 1000229420 ns, Reaching safepoint: 318997966 ns, At safepoint: 561487 ns, Total: 319559453 ns
[2022-02-20T04:56:40.696+0000][3152][gc,start    ] GC(63) Pause Young (Normal) (G1 Evacuation Pause)
[2022-02-20T04:56:40.696+0000][3152][gc,task     ] GC(63) Using 2 workers of 2 for evacuation
[2022-02-20T04:56:40.696+0000][3152][gc,age      ] GC(63) Desired survivor size 37748736 bytes, new threshold 15 (max threshold 15)
[2022-02-20T04:56:42.472+0000][3152][gc,age      ] GC(63) Age table with threshold 15 (max threshold 15)
[2022-02-20T04:56:42.472+0000][3152][gc,age      ] GC(63) - age   1:      71088 bytes,      71088 total
[2022-02-20T04:56:42.472+0000][3152][gc,age      ] GC(63) - age   2:        728 bytes,      71816 total
[2022-02-20T04:56:42.472+0000][3152][gc,age      ] GC(63) - age   3:       2664 bytes,      74480 total
[2022-02-20T04:56:42.472+0000][3152][gc,age      ] GC(63) - age   4:        128 bytes,      74608 total
[2022-02-20T04:56:42.472+0000][3152][gc,age      ] GC(63) - age   5:       1152 bytes,      75760 total
[2022-02-20T04:56:42.472+0000][3152][gc,age      ] GC(63) - age   6:        128 bytes,      75888 total
[2022-02-20T04:56:42.472+0000][3152][gc,age      ] GC(63) - age   7:         72 bytes,      75960 total
[2022-02-20T04:56:42.472+0000][3152][gc,age      ] GC(63) - age  15:      39760 bytes,     115720 total
[2022-02-20T04:56:42.472+0000][3152][gc,mmu      ] GC(63) MMU target violated: 201.0ms (200.0ms/201.0ms)
[2022-02-20T04:56:42.472+0000][3152][gc,phases   ] GC(63)   Pre Evacuate Collection Set: 0.1ms
[2022-02-20T04:56:42.472+0000][3152][gc,phases   ] GC(63)   Merge Heap Roots: 0.1ms
[2022-02-20T04:56:42.472+0000][3152][gc,phases   ] GC(63)   Evacuate Collection Set: 1497.2ms
[2022-02-20T04:56:42.473+0000][3152][gc,phases   ] GC(63)   Post Evacuate Collection Set: 278.0ms
[2022-02-20T04:56:42.473+0000][3152][gc,phases   ] GC(63)   Other: 1.2ms
[2022-02-20T04:56:42.473+0000][3152][gc,heap     ] GC(63) Eden regions: 142->0(12)
[2022-02-20T04:56:42.473+0000][3152][gc,heap     ] GC(63) Survivor regions: 1->1(18)
[2022-02-20T04:56:42.473+0000][3152][gc,heap     ] GC(63) Old regions: 19->19
[2022-02-20T04:56:42.473+0000][3152][gc,heap     ] GC(63) Archive regions: 0->0
[2022-02-20T04:56:42.473+0000][3152][gc,heap     ] GC(63) Humongous regions: 5->5
[2022-02-20T04:56:42.473+0000][3152][gc,metaspace] GC(63) Metaspace: 112132K(113984K)->112132K(113984K) NonClass: 96706K(97792K)->96706K(97792K) Class: 15425K(16192K)->15425K(16192K)
[2022-02-20T04:56:42.473+0000][3152][gc          ] GC(63) Pause Young (Normal) (G1 Evacuation Pause) 661M->93M(956M) 1777.517ms
[2022-02-20T04:56:42.473+0000][3152][gc,cpu      ] GC(63) User=0.17s Sys=0.00s Real=1.78s
[2022-02-20T04:56:42.474+0000][3152][safepoint   ] Safepoint "G1CollectForAllocation", Time since last: 6052692520 ns, Reaching safepoint: 75989608 ns, At safepoint: 1778090000 ns, Total: 1854079608 ns
[2022-02-20T04:56:53.613+0000][3152][safepoint   ] Safepoint "Cleanup", Time since last: 11126319674 ns, Reaching safepoint: 12046306 ns, At safepoint: 744202 ns, Total: 12790508 ns
[2022-02-20T04:56:56.619+0000][3152][safepoint   ] Safepoint "Cleanup", Time since last: 3000321802 ns, Reaching safepoint: 5016942 ns, At safepoint: 317184 ns, Total: 5334126 ns
[2022-02-20T04:56:57.718+0000][3152][gc,start    ] GC(64) Pause Young (Normal) (G1 Evacuation Pause)
[2022-02-20T04:56:57.718+0000][3152][gc,task     ] GC(64) Using 2 workers of 2 for evacuation
[2022-02-20T04:56:57.718+0000][3152][gc,age      ] GC(64) Desired survivor size 4194304 bytes, new threshold 15 (max threshold 15)
[2022-02-20T04:56:57.878+0000][3152][gc,age      ] GC(64) Age table with threshold 15 (max threshold 15)
[2022-02-20T04:56:57.878+0000][3152][gc,age      ] GC(64) - age   1:     141784 bytes,     141784 total
[2022-02-20T04:56:57.878+0000][3152][gc,age      ] GC(64) - age   2:      58584 bytes,     200368 total
[2022-02-20T04:56:57.878+0000][3152][gc,age      ] GC(64) - age   3:        728 bytes,     201096 total
[2022-02-20T04:56:57.878+0000][3152][gc,age      ] GC(64) - age   4:       2664 bytes,     203760 total
[2022-02-20T04:56:57.879+0000][3152][gc,age      ] GC(64) - age   5:        128 bytes,     203888 total
[2022-02-20T04:56:57.879+0000][3152][gc,age      ] GC(64) - age   6:       1152 bytes,     205040 total
[2022-02-20T04:56:57.879+0000][3152][gc,age      ] GC(64) - age   7:        128 bytes,     205168 total
[2022-02-20T04:56:57.879+0000][3152][gc,age      ] GC(64) - age   8:         72 bytes,     205240 total
[2022-02-20T04:56:57.879+0000][3152][gc,phases   ] GC(64)   Pre Evacuate Collection Set: 0.1ms
[2022-02-20T04:56:57.879+0000][3152][gc,phases   ] GC(64)   Merge Heap Roots: 0.1ms
[2022-02-20T04:56:57.879+0000][3152][gc,phases   ] GC(64)   Evacuate Collection Set: 133.2ms
[2022-02-20T04:56:57.879+0000][3152][gc,phases   ] GC(64)   Post Evacuate Collection Set: 26.7ms
[2022-02-20T04:56:57.879+0000][3152][gc,phases   ] GC(64)   Other: 1.1ms
[2022-02-20T04:56:57.879+0000][3152][gc,heap     ] GC(64) Eden regions: 12->0(10)
[2022-02-20T04:56:57.879+0000][3152][gc,heap     ] GC(64) Survivor regions: 1->1(2)
[2022-02-20T04:56:57.879+0000][3152][gc,heap     ] GC(64) Old regions: 19->19
[2022-02-20T04:56:57.879+0000][3152][gc,heap     ] GC(64) Archive regions: 0->0
[2022-02-20T04:56:57.879+0000][3152][gc,heap     ] GC(64) Humongous regions: 5->5
[2022-02-20T04:56:57.879+0000][3152][gc,metaspace] GC(64) Metaspace: 112344K(114176K)->112344K(114176K) NonClass: 96893K(97920K)->96893K(97920K) Class: 15450K(16256K)->15450K(16256K)
[2022-02-20T04:56:57.880+0000][3152][gc          ] GC(64) Pause Young (Normal) (G1 Evacuation Pause) 141M->93M(956M) 161.847ms
[2022-02-20T04:56:57.880+0000][3152][gc,cpu      ] GC(64) User=0.00s Sys=0.00s Real=0.16s
[2022-02-20T04:56:57.880+0000][3152][safepoint   ] Safepoint "G1CollectForAllocation", Time since last: 1058350501 ns, Reaching safepoint: 40397804 ns, At safepoint: 162613593 ns, Total: 203011397 ns
[2022-02-20T04:57:00.953+0000][3152][safepoint   ] Safepoint "Cleanup", Time since last: 2999400534 ns, Reaching safepoint: 70324954 ns, At safepoint: 2072472 ns, Total: 72397426 ns
[2022-02-20T04:57:02.972+0000][3152][safepoint   ] Safepoint "Cleanup", Time since last: 1999672551 ns, Reaching safepoint: 183741 ns, At safepoint: 18803653 ns, Total: 18987394 ns
[2022-02-20T04:57:03.972+0000][3152][safepoint   ] Safepoint "Cleanup", Time since last: 1000041572 ns, Reaching safepoint: 204271 ns, At safepoint: 8212 ns, Total: 212483 ns
[2022-02-20T04:57:08.024+0000][3152][gc,start    ] GC(65) Pause Young (Normal) (G1 Evacuation Pause)
[2022-02-20T04:57:08.024+0000][3152][gc,task     ] GC(65) Using 2 workers of 2 for evacuation
[2022-02-20T04:57:08.024+0000][3152][gc,age      ] GC(65) Desired survivor size 4194304 bytes, new threshold 15 (max threshold 15)
[2022-02-20T04:57:08.812+0000][3152][gc,age      ] GC(65) Age table with threshold 15 (max threshold 15)
[2022-02-20T04:57:08.812+0000][3152][gc,age      ] GC(65) - age   1:     360824 bytes,     360824 total
[2022-02-20T04:57:08.812+0000][3152][gc,age      ] GC(65) - age   2:      59848 bytes,     420672 total
[2022-02-20T04:57:08.812+0000][3152][gc,age      ] GC(65) - age   3:      53488 bytes,     474160 total
[2022-02-20T04:57:08.812+0000][3152][gc,age      ] GC(65) - age   4:        728 bytes,     474888 total
[2022-02-20T04:57:08.812+0000][3152][gc,age      ] GC(65) - age   5:       2664 bytes,     477552 total
[2022-02-20T04:57:08.813+0000][3152][gc,age      ] GC(65) - age   6:        128 bytes,     477680 total
[2022-02-20T04:57:08.813+0000][3152][gc,age      ] GC(65) - age   7:       1152 bytes,     478832 total
[2022-02-20T04:57:08.813+0000][3152][gc,age      ] GC(65) - age   8:        128 bytes,     478960 total
[2022-02-20T04:57:08.813+0000][3152][gc,age      ] GC(65) - age   9:         72 bytes,     479032 total
[2022-02-20T04:57:08.813+0000][3152][gc,mmu      ] GC(65) MMU target violated: 201.0ms (200.0ms/201.0ms)
[2022-02-20T04:57:08.813+0000][3152][gc,phases   ] GC(65)   Pre Evacuate Collection Set: 0.1ms
[2022-02-20T04:57:08.813+0000][3152][gc,phases   ] GC(65)   Merge Heap Roots: 0.1ms
[2022-02-20T04:57:08.813+0000][3152][gc,phases   ] GC(65)   Evacuate Collection Set: 787.1ms
[2022-02-20T04:57:08.813+0000][3152][gc,phases   ] GC(65)   Post Evacuate Collection Set: 0.9ms
[2022-02-20T04:57:08.813+0000][3152][gc,phases   ] GC(65)   Other: 0.9ms
[2022-02-20T04:57:08.813+0000][3152][gc,heap     ] GC(65) Eden regions: 10->0(10)
[2022-02-20T04:57:08.813+0000][3152][gc,heap     ] GC(65) Survivor regions: 1->1(2)
[2022-02-20T04:57:08.813+0000][3152][gc,heap     ] GC(65) Old regions: 19->19
[2022-02-20T04:57:08.813+0000][3152][gc,heap     ] GC(65) Archive regions: 0->0
[2022-02-20T04:57:08.813+0000][3152][gc,heap     ] GC(65) Humongous regions: 5->5
[2022-02-20T04:57:08.813+0000][3152][gc,metaspace] GC(65) Metaspace: 112427K(114240K)->112427K(114240K) NonClass: 96965K(97984K)->96965K(97984K) Class: 15462K(16256K)->15462K(16256K)
[2022-02-20T04:57:08.813+0000][3152][gc          ] GC(65) Pause Young (Normal) (G1 Evacuation Pause) 133M->93M(956M) 789.394ms
[2022-02-20T04:57:08.813+0000][3152][gc,cpu      ] GC(65) User=0.02s Sys=0.00s Real=0.79s
[2022-02-20T04:57:08.813+0000][3152][safepoint   ] Safepoint "G1CollectForAllocation", Time since last: 4051970388 ns, Reaching safepoint: 50297 ns, At safepoint: 789751889 ns, Total: 789802186 ns
[2022-02-20T04:57:10.813+0000][3152][safepoint   ] Safepoint "Cleanup", Time since last: 1999308149 ns, Reaching safepoint: 93924 ns, At safepoint: 10265 ns, Total: 104189 ns
[2022-02-20T04:57:14.831+0000][3152][safepoint   ] Safepoint "Cleanup", Time since last: 4018031736 ns, Reaching safepoint: 95977 ns, At safepoint: 9238 ns, Total: 105215 ns
[2022-02-20T04:57:18.962+0000][3152][gc,start    ] GC(66) Pause Young (Normal) (G1 Evacuation Pause)
[2022-02-20T04:57:18.963+0000][3152][gc,task     ] GC(66) Using 2 workers of 2 for evacuation
[2022-02-20T04:57:18.963+0000][3152][gc,age      ] GC(66) Desired survivor size 4194304 bytes, new threshold 15 (max threshold 15)
[2022-02-20T04:57:19.008+0000][3152][gc,age      ] GC(66) Age table with threshold 15 (max threshold 15)
[2022-02-20T04:57:19.009+0000][3152][gc,age      ] GC(66) - age   1:       7856 bytes,       7856 total
[2022-02-20T04:57:19.009+0000][3152][gc,age      ] GC(66) - age   2:     335288 bytes,     343144 total
[2022-02-20T04:57:19.009+0000][3152][gc,age      ] GC(66) - age   3:      59848 bytes,     402992 total
[2022-02-20T04:57:19.009+0000][3152][gc,age      ] GC(66) - age   4:      53488 bytes,     456480 total
[2022-02-20T04:57:19.009+0000][3152][gc,age      ] GC(66) - age   5:        728 bytes,     457208 total
[2022-02-20T04:57:19.009+0000][3152][gc,age      ] GC(66) - age   6:       2664 bytes,     459872 total
[2022-02-20T04:57:19.009+0000][3152][gc,age      ] GC(66) - age   7:        128 bytes,     460000 total
[2022-02-20T04:57:19.009+0000][3152][gc,age      ] GC(66) - age   8:       1152 bytes,     461152 total
[2022-02-20T04:57:19.009+0000][3152][gc,age      ] GC(66) - age   9:        128 bytes,     461280 total
[2022-02-20T04:57:19.009+0000][3152][gc,age      ] GC(66) - age  10:         72 bytes,     461352 total
[2022-02-20T04:57:19.009+0000][3152][gc,phases   ] GC(66)   Pre Evacuate Collection Set: 0.1ms
[2022-02-20T04:57:19.009+0000][3152][gc,phases   ] GC(66)   Merge Heap Roots: 0.1ms
[2022-02-20T04:57:19.009+0000][3152][gc,phases   ] GC(66)   Evacuate Collection Set: 44.7ms
[2022-02-20T04:57:19.009+0000][3152][gc,phases   ] GC(66)   Post Evacuate Collection Set: 0.9ms
[2022-02-20T04:57:19.009+0000][3152][gc,phases   ] GC(66)   Other: 0.8ms
[2022-02-20T04:57:19.009+0000][3152][gc,heap     ] GC(66) Eden regions: 10->0(33)
[2022-02-20T04:57:19.009+0000][3152][gc,heap     ] GC(66) Survivor regions: 1->1(2)
[2022-02-20T04:57:19.009+0000][3152][gc,heap     ] GC(66) Old regions: 19->19
[2022-02-20T04:57:19.009+0000][3152][gc,heap     ] GC(66) Archive regions: 0->0
[2022-02-20T04:57:19.009+0000][3152][gc,heap     ] GC(66) Humongous regions: 5->5
[2022-02-20T04:57:19.009+0000][3152][gc,metaspace] GC(66) Metaspace: 112427K(114240K)->112427K(114240K) NonClass: 96965K(97984K)->96965K(97984K) Class: 15462K(16256K)->15462K(16256K)
[2022-02-20T04:57:19.009+0000][3152][gc          ] GC(66) Pause Young (Normal) (G1 Evacuation Pause) 133M->93M(956M) 46.795ms
[2022-02-20T04:57:19.009+0000][3152][gc,cpu      ] GC(66) User=0.05s Sys=0.00s Real=0.05s
[2022-02-20T04:57:19.009+0000][3152][safepoint   ] Safepoint "G1CollectForAllocation", Time since last: 4130790527 ns, Reaching safepoint: 87251 ns, At safepoint: 46978081 ns, Total: 47065332 ns
[2022-02-20T04:57:26.009+0000][3152][safepoint   ] Safepoint "Cleanup", Time since last: 6999423116 ns, Reaching safepoint: 73394 ns, At safepoint: 5645 ns, Total: 79039 ns
[2022-02-20T04:57:28.009+0000][3152][safepoint   ] Safepoint "Cleanup", Time since last: 2000032848 ns, Reaching safepoint: 111373 ns, At safepoint: 14884 ns, Total: 126257 ns
[2022-02-20T04:57:33.410+0000][3152][safepoint   ] Safepoint "Cleanup", Time since last: 5004415423 ns, Reaching safepoint: 395598332 ns, At safepoint: 1406284 ns, Total: 397004616 ns
[2022-02-20T04:57:58.463+0000][3152][safepoint   ] Safepoint "Cleanup", Time since last: 25052016580 ns, Reaching safepoint: 81605 ns, At safepoint: 5132 ns, Total: 86737 ns
[2022-02-20T04:57:59.493+0000][3152][gc,start    ] GC(67) Pause Young (Normal) (G1 Evacuation Pause)
[2022-02-20T04:57:59.493+0000][3152][gc,task     ] GC(67) Using 2 workers of 2 for evacuation
[2022-02-20T04:57:59.493+0000][3152][gc,age      ] GC(67) Desired survivor size 10485760 bytes, new threshold 15 (max threshold 15)
[2022-02-20T04:57:59.493+0000][3152][gc,age      ] GC(67) Age table with threshold 15 (max threshold 15)
[2022-02-20T04:57:59.493+0000][3152][gc,age      ] GC(67) - age   1:      58232 bytes,      58232 total
[2022-02-20T04:57:59.493+0000][3152][gc,age      ] GC(67) - age   3:     335288 bytes,     393520 total
[2022-02-20T04:57:59.493+0000][3152][gc,age      ] GC(67) - age   4:      55680 bytes,     449200 total
[2022-02-20T04:57:59.493+0000][3152][gc,age      ] GC(67) - age   5:      53120 bytes,     502320 total
[2022-02-20T04:57:59.493+0000][3152][gc,age      ] GC(67) - age   6:        728 bytes,     503048 total
[2022-02-20T04:57:59.493+0000][3152][gc,age      ] GC(67) - age   7:       2664 bytes,     505712 total
[2022-02-20T04:57:59.493+0000][3152][gc,age      ] GC(67) - age   8:        128 bytes,     505840 total
[2022-02-20T04:57:59.493+0000][3152][gc,age      ] GC(67) - age   9:       1152 bytes,     506992 total
[2022-02-20T04:57:59.493+0000][3152][gc,age      ] GC(67) - age  10:        128 bytes,     507120 total
[2022-02-20T04:57:59.493+0000][3152][gc,age      ] GC(67) - age  11:         72 bytes,     507192 total
[2022-02-20T04:57:59.493+0000][3152][gc,phases   ] GC(67)   Pre Evacuate Collection Set: 0.1ms
[2022-02-20T04:57:59.493+0000][3152][gc,phases   ] GC(67)   Merge Heap Roots: 0.1ms
[2022-02-20T04:57:59.493+0000][3152][gc,phases   ] GC(67)   Evacuate Collection Set: 2.1ms
[2022-02-20T04:57:59.493+0000][3152][gc,phases   ] GC(67)   Post Evacuate Collection Set: 1.0ms
[2022-02-20T04:57:59.493+0000][3152][gc,phases   ] GC(67)   Other: 0.7ms
[2022-02-20T04:57:59.493+0000][3152][gc,heap     ] GC(67) Eden regions: 33->0(91)
[2022-02-20T04:57:59.493+0000][3152][gc,heap     ] GC(67) Survivor regions: 1->1(5)
[2022-02-20T04:57:59.493+0000][3152][gc,heap     ] GC(67) Old regions: 19->19
[2022-02-20T04:57:59.493+0000][3152][gc,heap     ] GC(67) Archive regions: 0->0
[2022-02-20T04:57:59.493+0000][3152][gc,heap     ] GC(67) Humongous regions: 5->5
[2022-02-20T04:57:59.493+0000][3152][gc,metaspace] GC(67) Metaspace: 112434K(114240K)->112434K(114240K) NonClass: 96971K(97984K)->96971K(97984K) Class: 15462K(16256K)->15462K(16256K)
[2022-02-20T04:57:59.493+0000][3152][gc          ] GC(67) Pause Young (Normal) (G1 Evacuation Pause) 225M->93M(956M) 4.198ms
[2022-02-20T04:57:59.493+0000][3152][gc,cpu      ] GC(67) User=0.00s Sys=0.00s Real=0.00s
[2022-02-20T04:57:59.493+0000][3152][safepoint   ] Safepoint "G1CollectForAllocation", Time since last: 1038793922 ns, Reaching safepoint: 87252 ns, At safepoint: 4370770 ns, Total: 4458022 ns
[2022-02-20T04:58:56.012+0000][3152][safepoint   ] Safepoint "Cleanup", Time since last: 56504096186 ns, Reaching safepoint: 86737 ns, At safepoint: 7186 ns, Total: 93923 ns
[2022-02-20T04:58:58.040+0000][3152][safepoint   ] Safepoint "Cleanup", Time since last: 2027821318 ns, Reaching safepoint: 66208 ns, At safepoint: 6159 ns, Total: 72367 ns
[2022-02-20T04:59:26.340+0000][3152][safepoint   ] Safepoint "Cleanup", Time since last: 28299216587 ns, Reaching safepoint: 62616 ns, At safepoint: 3592 ns, Total: 66208 ns
[2022-02-20T04:59:51.020+0000][3152][gc,start    ] GC(68) Pause Young (Normal) (G1 Evacuation Pause)
[2022-02-20T04:59:51.020+0000][3152][gc,task     ] GC(68) Using 2 workers of 2 for evacuation
[2022-02-20T04:59:51.020+0000][3152][gc,age      ] GC(68) Desired survivor size 25165824 bytes, new threshold 15 (max threshold 15)
[2022-02-20T04:59:51.067+0000][3152][gc,age      ] GC(68) Age table with threshold 15 (max threshold 15)
[2022-02-20T04:59:51.067+0000][3152][gc,age      ] GC(68) - age   1:      12472 bytes,      12472 total
[2022-02-20T04:59:51.067+0000][3152][gc,age      ] GC(68) - age   2:      45960 bytes,      58432 total
[2022-02-20T04:59:51.067+0000][3152][gc,age      ] GC(68) - age   4:     335288 bytes,     393720 total
[2022-02-20T04:59:51.067+0000][3152][gc,age      ] GC(68) - age   5:      55680 bytes,     449400 total
[2022-02-20T04:59:51.067+0000][3152][gc,age      ] GC(68) - age   6:      53120 bytes,     502520 total
[2022-02-20T04:59:51.067+0000][3152][gc,age      ] GC(68) - age   7:        728 bytes,     503248 total
[2022-02-20T04:59:51.067+0000][3152][gc,age      ] GC(68) - age   8:       2664 bytes,     505912 total
[2022-02-20T04:59:51.067+0000][3152][gc,age      ] GC(68) - age   9:        128 bytes,     506040 total
[2022-02-20T04:59:51.067+0000][3152][gc,age      ] GC(68) - age  10:       1152 bytes,     507192 total
[2022-02-20T04:59:51.067+0000][3152][gc,age      ] GC(68) - age  11:        128 bytes,     507320 total
[2022-02-20T04:59:51.067+0000][3152][gc,age      ] GC(68) - age  12:         72 bytes,     507392 total
[2022-02-20T04:59:51.067+0000][3152][gc,phases   ] GC(68)   Pre Evacuate Collection Set: 0.1ms
[2022-02-20T04:59:51.067+0000][3152][gc,phases   ] GC(68)   Merge Heap Roots: 0.1ms
[2022-02-20T04:59:51.067+0000][3152][gc,phases   ] GC(68)   Evacuate Collection Set: 50.5ms
[2022-02-20T04:59:51.067+0000][3152][gc,phases   ] GC(68)   Post Evacuate Collection Set: 1.0ms
[2022-02-20T04:59:51.067+0000][3152][gc,phases   ] GC(68)   Other: 0.9ms
[2022-02-20T04:59:51.067+0000][3152][gc,heap     ] GC(68) Eden regions: 91->0(142)
[2022-02-20T04:59:51.067+0000][3152][gc,heap     ] GC(68) Survivor regions: 1->1(12)
[2022-02-20T04:59:51.067+0000][3152][gc,heap     ] GC(68) Old regions: 19->19
[2022-02-20T04:59:51.067+0000][3152][gc,heap     ] GC(68) Archive regions: 0->0
[2022-02-20T04:59:51.067+0000][3152][gc,heap     ] GC(68) Humongous regions: 5->5
[2022-02-20T04:59:51.067+0000][3152][gc,metaspace] GC(68) Metaspace: 112439K(114240K)->112439K(114240K) NonClass: 96977K(97984K)->96977K(97984K) Class: 15462K(16256K)->15462K(16256K)
[2022-02-20T04:59:51.067+0000][3152][gc          ] GC(68) Pause Young (Normal) (G1 Evacuation Pause) 457M->93M(956M) 52.842ms
[2022-02-20T04:59:51.067+0000][3152][gc,cpu      ] GC(68) User=0.02s Sys=0.00s Real=0.05s
[2022-02-20T04:59:51.067+0000][3152][safepoint   ] Safepoint "G1CollectForAllocation", Time since last: 24687740390 ns, Reaching safepoint: 94950 ns, At safepoint: 53044604 ns, Total: 53139554 ns
[2022-02-20T04:59:58.181+0000][3152][safepoint   ] Safepoint "Cleanup", Time since last: 7083406470 ns, Reaching safepoint: 15666717 ns, At safepoint: 146787 ns, Total: 15813504 ns
[2022-02-20T05:00:01.223+0000][3152][safepoint   ] Safepoint "Cleanup", Time since last: 3041696307 ns, Reaching safepoint: 133956 ns, At safepoint: 247896 ns, Total: 381852 ns
[2022-02-20T05:00:28.559+0000][3152][safepoint   ] Safepoint "Cleanup", Time since last: 27335451997 ns, Reaching safepoint: 78526 ns, At safepoint: 5645 ns, Total: 84171 ns
[2022-02-20T05:02:44.102+0000][3152][gc,start    ] GC(69) Pause Young (Normal) (G1 Evacuation Pause)
[2022-02-20T05:02:44.102+0000][3152][gc,task     ] GC(69) Using 2 workers of 2 for evacuation
[2022-02-20T05:02:44.102+0000][3152][gc,age      ] GC(69) Desired survivor size 37748736 bytes, new threshold 15 (max threshold 15)
[2022-02-20T05:02:44.242+0000][3152][gc,age      ] GC(69) Age table with threshold 15 (max threshold 15)
[2022-02-20T05:02:44.242+0000][3152][gc,age      ] GC(69) - age   1:      12760 bytes,      12760 total
[2022-02-20T05:02:44.242+0000][3152][gc,age      ] GC(69) - age   2:       1072 bytes,      13832 total
[2022-02-20T05:02:44.242+0000][3152][gc,age      ] GC(69) - age   3:      45776 bytes,      59608 total
[2022-02-20T05:02:44.242+0000][3152][gc,age      ] GC(69) - age   5:     335288 bytes,     394896 total
[2022-02-20T05:02:44.242+0000][3152][gc,age      ] GC(69) - age   6:      55680 bytes,     450576 total
[2022-02-20T05:02:44.242+0000][3152][gc,age      ] GC(69) - age   7:      52960 bytes,     503536 total
[2022-02-20T05:02:44.242+0000][3152][gc,age      ] GC(69) - age   8:        728 bytes,     504264 total
[2022-02-20T05:02:44.242+0000][3152][gc,age      ] GC(69) - age   9:       2664 bytes,     506928 total
[2022-02-20T05:02:44.242+0000][3152][gc,age      ] GC(69) - age  10:        128 bytes,     507056 total
[2022-02-20T05:02:44.242+0000][3152][gc,age      ] GC(69) - age  11:       1152 bytes,     508208 total
[2022-02-20T05:02:44.242+0000][3152][gc,age      ] GC(69) - age  12:        128 bytes,     508336 total
[2022-02-20T05:02:44.242+0000][3152][gc,age      ] GC(69) - age  13:         72 bytes,     508408 total
[2022-02-20T05:02:44.242+0000][3152][gc,phases   ] GC(69)   Pre Evacuate Collection Set: 0.1ms
[2022-02-20T05:02:44.242+0000][3152][gc,phases   ] GC(69)   Merge Heap Roots: 0.0ms
[2022-02-20T05:02:44.242+0000][3152][gc,phases   ] GC(69)   Evacuate Collection Set: 139.8ms
[2022-02-20T05:02:44.242+0000][3152][gc,phases   ] GC(69)   Post Evacuate Collection Set: 1.9ms
[2022-02-20T05:02:44.242+0000][3152][gc,phases   ] GC(69)   Other: 1.2ms
[2022-02-20T05:02:44.242+0000][3152][gc,heap     ] GC(69) Eden regions: 142->0(142)
[2022-02-20T05:02:44.242+0000][3152][gc,heap     ] GC(69) Survivor regions: 1->1(18)
[2022-02-20T05:02:44.242+0000][3152][gc,heap     ] GC(69) Old regions: 19->19
[2022-02-20T05:02:44.242+0000][3152][gc,heap     ] GC(69) Archive regions: 0->0
[2022-02-20T05:02:44.242+0000][3152][gc,heap     ] GC(69) Humongous regions: 5->5
[2022-02-20T05:02:44.242+0000][3152][gc,metaspace] GC(69) Metaspace: 112464K(114304K)->112464K(114304K) NonClass: 97001K(98048K)->97001K(98048K) Class: 15462K(16256K)->15462K(16256K)
[2022-02-20T05:02:44.242+0000][3152][gc          ] GC(69) Pause Young (Normal) (G1 Evacuation Pause) 661M->93M(956M) 143.626ms
[2022-02-20T05:02:44.242+0000][3152][gc,cpu      ] GC(69) User=0.00s Sys=0.00s Real=0.14s
[2022-02-20T05:02:44.242+0000][3152][safepoint   ] Safepoint "G1CollectForAllocation", Time since last: 135543193947 ns, Reaching safepoint: 46192 ns, At safepoint: 143901298 ns, Total: 143947490 ns
[2022-02-20T05:02:50.313+0000][3152][safepoint   ] Safepoint "Cleanup", Time since last: 6064018234 ns, Reaching safepoint: 90844 ns, At safepoint: 9752 ns, Total: 100596 ns
[2022-02-20T05:05:29.286+0000][3152][safepoint   ] Safepoint "Cleanup", Time since last: 158875329373 ns, Reaching safepoint: 93654890 ns, At safepoint: 523507 ns, Total: 94178397 ns
[2022-02-20T05:05:31.595+0000][3152][gc,start    ] GC(70) Pause Young (Normal) (G1 Evacuation Pause)
[2022-02-20T05:05:31.595+0000][3152][gc,task     ] GC(70) Using 2 workers of 2 for evacuation
[2022-02-20T05:05:31.595+0000][3152][gc,age      ] GC(70) Desired survivor size 37748736 bytes, new threshold 15 (max threshold 15)
[2022-02-20T05:05:31.860+0000][3152][gc,age      ] GC(70) Age table with threshold 15 (max threshold 15)
[2022-02-20T05:05:31.860+0000][3152][gc,age      ] GC(70) - age   1:      12984 bytes,      12984 total
[2022-02-20T05:05:31.860+0000][3152][gc,age      ] GC(70) - age   2:        240 bytes,      13224 total
[2022-02-20T05:05:31.860+0000][3152][gc,age      ] GC(70) - age   3:       1072 bytes,      14296 total
[2022-02-20T05:05:31.860+0000][3152][gc,age      ] GC(70) - age   4:      45648 bytes,      59944 total
[2022-02-20T05:05:31.860+0000][3152][gc,age      ] GC(70) - age   6:     334712 bytes,     394656 total
[2022-02-20T05:05:31.860+0000][3152][gc,age      ] GC(70) - age   7:      55616 bytes,     450272 total
[2022-02-20T05:05:31.860+0000][3152][gc,age      ] GC(70) - age   8:      52960 bytes,     503232 total
[2022-02-20T05:05:31.860+0000][3152][gc,age      ] GC(70) - age   9:        728 bytes,     503960 total
[2022-02-20T05:05:31.860+0000][3152][gc,age      ] GC(70) - age  10:       2664 bytes,     506624 total
[2022-02-20T05:05:31.860+0000][3152][gc,age      ] GC(70) - age  11:        128 bytes,     506752 total
[2022-02-20T05:05:31.860+0000][3152][gc,age      ] GC(70) - age  12:       1152 bytes,     507904 total
[2022-02-20T05:05:31.860+0000][3152][gc,age      ] GC(70) - age  13:        128 bytes,     508032 total
[2022-02-20T05:05:31.860+0000][3152][gc,age      ] GC(70) - age  14:         72 bytes,     508104 total
[2022-02-20T05:05:31.860+0000][3152][gc,mmu      ] GC(70) MMU target violated: 201.0ms (200.0ms/201.0ms)
[2022-02-20T05:05:31.860+0000][3152][gc,phases   ] GC(70)   Pre Evacuate Collection Set: 0.1ms
[2022-02-20T05:05:31.860+0000][3152][gc,phases   ] GC(70)   Merge Heap Roots: 0.1ms
[2022-02-20T05:05:31.860+0000][3152][gc,phases   ] GC(70)   Evacuate Collection Set: 206.0ms
[2022-02-20T05:05:31.860+0000][3152][gc,phases   ] GC(70)   Post Evacuate Collection Set: 2.0ms
[2022-02-20T05:05:31.860+0000][3152][gc,phases   ] GC(70)   Other: 63.6ms
[2022-02-20T05:05:31.860+0000][3152][gc,heap     ] GC(70) Eden regions: 142->0(142)
[2022-02-20T05:05:31.860+0000][3152][gc,heap     ] GC(70) Survivor regions: 1->1(18)
[2022-02-20T05:05:31.860+0000][3152][gc,heap     ] GC(70) Old regions: 19->19
[2022-02-20T05:05:31.860+0000][3152][gc,heap     ] GC(70) Archive regions: 0->0
[2022-02-20T05:05:31.860+0000][3152][gc,heap     ] GC(70) Humongous regions: 5->5
[2022-02-20T05:05:31.860+0000][3152][gc,metaspace] GC(70) Metaspace: 112475K(114304K)->112475K(114304K) NonClass: 97012K(98048K)->97012K(98048K) Class: 15463K(16256K)->15463K(16256K)
[2022-02-20T05:05:31.891+0000][3152][gc          ] GC(70) Pause Young (Normal) (G1 Evacuation Pause) 661M->93M(956M) 272.272ms
[2022-02-20T05:05:31.907+0000][3152][gc,cpu      ] GC(70) User=0.00s Sys=0.02s Real=0.31s
[2022-02-20T05:05:31.907+0000][3152][safepoint   ] Safepoint "G1CollectForAllocation", Time since last: 2315322639 ns, Reaching safepoint: 39006 ns, At safepoint: 305050098 ns, Total: 305089104 ns
[2022-02-20T05:06:08.398+0000][3152][safepoint   ] Safepoint "Cleanup", Time since last: 36490336163 ns, Reaching safepoint: 69288 ns, At safepoint: 7185 ns, Total: 76473 ns
[2022-02-20T05:07:29.172+0000][3152][safepoint   ] Safepoint "Cleanup", Time since last: 80772000895 ns, Reaching safepoint: 113940 ns, At safepoint: 7699 ns, Total: 121639 ns
[2022-02-20T05:07:51.386+0000][3152][safepoint   ] Safepoint "Cleanup", Time since last: 22213065298 ns, Reaching safepoint: 84171 ns, At safepoint: 10265 ns, Total: 94436 ns
[2022-02-20T05:08:24.218+0000][3152][gc,start    ] GC(71) Pause Young (Normal) (G1 Evacuation Pause)
[2022-02-20T05:08:24.218+0000][3152][gc,task     ] GC(71) Using 2 workers of 2 for evacuation
[2022-02-20T05:08:24.218+0000][3152][gc,age      ] GC(71) Desired survivor size 37748736 bytes, new threshold 15 (max threshold 15)
[2022-02-20T05:08:24.613+0000][3152][gc,age      ] GC(71) Age table with threshold 15 (max threshold 15)
[2022-02-20T05:08:24.613+0000][3152][gc,age      ] GC(71) - age   1:      13648 bytes,      13648 total
[2022-02-20T05:08:24.613+0000][3152][gc,age      ] GC(71) - age   2:       1264 bytes,      14912 total
[2022-02-20T05:08:24.613+0000][3152][gc,age      ] GC(71) - age   3:        112 bytes,      15024 total
[2022-02-20T05:08:24.613+0000][3152][gc,age      ] GC(71) - age   4:       1072 bytes,      16096 total
[2022-02-20T05:08:24.613+0000][3152][gc,age      ] GC(71) - age   5:      45648 bytes,      61744 total
[2022-02-20T05:08:24.613+0000][3152][gc,age      ] GC(71) - age   7:     334712 bytes,     396456 total
[2022-02-20T05:08:24.613+0000][3152][gc,age      ] GC(71) - age   8:      55616 bytes,     452072 total
[2022-02-20T05:08:24.613+0000][3152][gc,age      ] GC(71) - age   9:      52448 bytes,     504520 total
[2022-02-20T05:08:24.613+0000][3152][gc,age      ] GC(71) - age  10:        728 bytes,     505248 total
[2022-02-20T05:08:24.613+0000][3152][gc,age      ] GC(71) - age  11:       2272 bytes,     507520 total
[2022-02-20T05:08:24.613+0000][3152][gc,age      ] GC(71) - age  12:        128 bytes,     507648 total
[2022-02-20T05:08:24.613+0000][3152][gc,age      ] GC(71) - age  13:       1152 bytes,     508800 total
[2022-02-20T05:08:24.613+0000][3152][gc,age      ] GC(71) - age  15:         72 bytes,     508872 total
[2022-02-20T05:08:24.613+0000][3152][gc,mmu      ] GC(71) MMU target violated: 201.0ms (200.0ms/201.0ms)
[2022-02-20T05:08:24.613+0000][3152][gc,phases   ] GC(71)   Pre Evacuate Collection Set: 0.1ms
[2022-02-20T05:08:24.613+0000][3152][gc,phases   ] GC(71)   Merge Heap Roots: 0.1ms
[2022-02-20T05:08:24.613+0000][3152][gc,phases   ] GC(71)   Evacuate Collection Set: 404.2ms
[2022-02-20T05:08:24.613+0000][3152][gc,phases   ] GC(71)   Post Evacuate Collection Set: 2.0ms
[2022-02-20T05:08:24.613+0000][3152][gc,phases   ] GC(71)   Other: 1.4ms
[2022-02-20T05:08:24.613+0000][3152][gc,heap     ] GC(71) Eden regions: 142->0(142)
[2022-02-20T05:08:24.613+0000][3152][gc,heap     ] GC(71) Survivor regions: 1->1(18)
[2022-02-20T05:08:24.613+0000][3152][gc,heap     ] GC(71) Old regions: 19->19
[2022-02-20T05:08:24.613+0000][3152][gc,heap     ] GC(71) Archive regions: 0->0
[2022-02-20T05:08:24.613+0000][3152][gc,heap     ] GC(71) Humongous regions: 5->5
[2022-02-20T05:08:24.613+0000][3152][gc,metaspace] GC(71) Metaspace: 112482K(114304K)->112482K(114304K) NonClass: 97019K(98048K)->97019K(98048K) Class: 15463K(16256K)->15463K(16256K)
[2022-02-20T05:08:24.629+0000][3152][gc          ] GC(71) Pause Young (Normal) (G1 Evacuation Pause) 661M->93M(956M) 408.340ms
[2022-02-20T05:08:24.629+0000][3152][gc,cpu      ] GC(71) User=0.00s Sys=0.02s Real=0.41s
[2022-02-20T05:08:24.629+0000][3152][safepoint   ] Safepoint "G1CollectForAllocation", Time since last: 32833368747 ns, Reaching safepoint: 127284 ns, At safepoint: 408837928 ns, Total: 408965212 ns
[2022-02-20T05:09:59.695+0000][3152][safepoint   ] Safepoint "Cleanup", Time since last: 95063929443 ns, Reaching safepoint: 172963 ns, At safepoint: 13344 ns, Total: 186307 ns
[2022-02-20T05:10:56.461+0000][3152][safepoint   ] Safepoint "Cleanup", Time since last: 56733230069 ns, Reaching safepoint: 36168175 ns, At safepoint: 57483 ns, Total: 36225658 ns
[2022-02-20T05:11:17.031+0000][3152][gc,start    ] GC(72) Pause Young (Normal) (G1 Evacuation Pause)
[2022-02-20T05:11:17.031+0000][3152][gc,task     ] GC(72) Using 2 workers of 2 for evacuation
[2022-02-20T05:11:17.031+0000][3152][gc,age      ] GC(72) Desired survivor size 37748736 bytes, new threshold 15 (max threshold 15)
[2022-02-20T05:11:17.062+0000][3152][gc,age      ] GC(72) Age table with threshold 15 (max threshold 15)
[2022-02-20T05:11:17.062+0000][3152][gc,age      ] GC(72) - age   1:      12704 bytes,      12704 total
[2022-02-20T05:11:17.062+0000][3152][gc,age      ] GC(72) - age   2:       1160 bytes,      13864 total
[2022-02-20T05:11:17.062+0000][3152][gc,age      ] GC(72) - age   3:       1136 bytes,      15000 total
[2022-02-20T05:11:17.062+0000][3152][gc,age      ] GC(72) - age   4:        112 bytes,      15112 total
[2022-02-20T05:11:17.062+0000][3152][gc,age      ] GC(72) - age   5:       1072 bytes,      16184 total
[2022-02-20T05:11:17.062+0000][3152][gc,age      ] GC(72) - age   6:      45648 bytes,      61832 total
[2022-02-20T05:11:17.062+0000][3152][gc,age      ] GC(72) - age   8:     334712 bytes,     396544 total
[2022-02-20T05:11:17.062+0000][3152][gc,age      ] GC(72) - age   9:      55616 bytes,     452160 total
[2022-02-20T05:11:17.062+0000][3152][gc,age      ] GC(72) - age  10:      47736 bytes,     499896 total
[2022-02-20T05:11:17.062+0000][3152][gc,age      ] GC(72) - age  11:        728 bytes,     500624 total
[2022-02-20T05:11:17.062+0000][3152][gc,age      ] GC(72) - age  12:       2272 bytes,     502896 total
[2022-02-20T05:11:17.062+0000][3152][gc,age      ] GC(72) - age  13:        128 bytes,     503024 total
[2022-02-20T05:11:17.062+0000][3152][gc,age      ] GC(72) - age  14:       1152 bytes,     504176 total
[2022-02-20T05:11:17.062+0000][3152][gc,phases   ] GC(72)   Pre Evacuate Collection Set: 0.1ms
[2022-02-20T05:11:17.062+0000][3152][gc,phases   ] GC(72)   Merge Heap Roots: 0.1ms
[2022-02-20T05:11:17.062+0000][3152][gc,phases   ] GC(72)   Evacuate Collection Set: 28.2ms
[2022-02-20T05:11:17.062+0000][3152][gc,phases   ] GC(72)   Post Evacuate Collection Set: 1.1ms
[2022-02-20T05:11:17.062+0000][3152][gc,phases   ] GC(72)   Other: 0.9ms
[2022-02-20T05:11:17.062+0000][3152][gc,heap     ] GC(72) Eden regions: 142->0(142)
[2022-02-20T05:11:17.062+0000][3152][gc,heap     ] GC(72) Survivor regions: 1->1(18)
[2022-02-20T05:11:17.062+0000][3152][gc,heap     ] GC(72) Old regions: 19->19
[2022-02-20T05:11:17.062+0000][3152][gc,heap     ] GC(72) Archive regions: 0->0
[2022-02-20T05:11:17.062+0000][3152][gc,heap     ] GC(72) Humongous regions: 5->5
[2022-02-20T05:11:17.062+0000][3152][gc,metaspace] GC(72) Metaspace: 112514K(114368K)->112514K(114368K) NonClass: 97051K(98112K)->97051K(98112K) Class: 15463K(16256K)->15463K(16256K)
[2022-02-20T05:11:17.062+0000][3152][gc          ] GC(72) Pause Young (Normal) (G1 Evacuation Pause) 661M->93M(956M) 30.582ms
[2022-02-20T05:11:17.062+0000][3152][gc,cpu      ] GC(72) User=0.02s Sys=0.00s Real=0.03s
[2022-02-20T05:11:17.062+0000][3152][safepoint   ] Safepoint "G1CollectForAllocation", Time since last: 20576059409 ns, Reaching safepoint: 41059 ns, At safepoint: 30786832 ns, Total: 30827891 ns
[2022-02-20T05:11:34.353+0000][3152][safepoint   ] Safepoint "Cleanup", Time since last: 17216736005 ns, Reaching safepoint: 62409734 ns, At safepoint: 204270 ns, Total: 62614004 ns
[2022-02-20T05:11:35.601+0000][3152][safepoint   ] Safepoint "Cleanup", Time since last: 1013698947 ns, Reaching safepoint: 154841567 ns, At safepoint: 80488175 ns, Total: 235329742 ns
[2022-02-20T05:11:55.029+0000][3152][safepoint   ] Safepoint "Cleanup", Time since last: 19254706688 ns, Reaching safepoint: 171619966 ns, At safepoint: 302300 ns, Total: 171922266 ns
[2022-02-20T05:11:57.135+0000][3152][safepoint   ] Safepoint "Cleanup", Time since last: 2027629878 ns, Reaching safepoint: 78031286 ns, At safepoint: 571238 ns, Total: 78602524 ns
[2022-02-20T05:12:04.235+0000][3152][safepoint   ] Safepoint "Cleanup", Time since last: 7083663092 ns, Reaching safepoint: 15642594 ns, At safepoint: 130877 ns, Total: 15773471 ns
[2022-02-20T05:12:07.307+0000][3152][safepoint   ] Safepoint "Cleanup", Time since last: 3010263303 ns, Reaching safepoint: 62015564 ns, At safepoint: 259187 ns, Total: 62274751 ns
[2022-02-20T05:12:14.437+0000][3152][safepoint   ] Safepoint "Cleanup", Time since last: 7082828047 ns, Reaching safepoint: 46761493 ns, At safepoint: 191439 ns, Total: 46952932 ns
[2022-02-20T05:12:24.846+0000][3152][safepoint   ] Safepoint "Cleanup", Time since last: 6072121302 ns, Reaching safepoint: 4337572714 ns, At safepoint: 1024944 ns, Total: 4338597658 ns
[2022-02-20T05:14:36.650+0000][3152][gc,start    ] GC(73) Pause Young (Normal) (G1 Evacuation Pause)
[2022-02-20T05:14:36.650+0000][3152][gc,task     ] GC(73) Using 2 workers of 2 for evacuation
[2022-02-20T05:14:36.650+0000][3152][gc,age      ] GC(73) Desired survivor size 37748736 bytes, new threshold 15 (max threshold 15)
[2022-02-20T05:14:37.071+0000][3152][gc,age      ] GC(73) Age table with threshold 15 (max threshold 15)
[2022-02-20T05:14:37.071+0000][3152][gc,age      ] GC(73) - age   1:      45120 bytes,      45120 total
[2022-02-20T05:14:37.071+0000][3152][gc,age      ] GC(73) - age   2:       1112 bytes,      46232 total
[2022-02-20T05:14:37.071+0000][3152][gc,age      ] GC(73) - age   3:       1032 bytes,      47264 total
[2022-02-20T05:14:37.071+0000][3152][gc,age      ] GC(73) - age   4:       1072 bytes,      48336 total
[2022-02-20T05:14:37.071+0000][3152][gc,age      ] GC(73) - age   5:        112 bytes,      48448 total
[2022-02-20T05:14:37.071+0000][3152][gc,age      ] GC(73) - age   6:       1072 bytes,      49520 total
[2022-02-20T05:14:37.071+0000][3152][gc,age      ] GC(73) - age   7:      45648 bytes,      95168 total
[2022-02-20T05:14:37.071+0000][3152][gc,age      ] GC(73) - age   9:     334520 bytes,     429688 total
[2022-02-20T05:14:37.071+0000][3152][gc,age      ] GC(73) - age  10:      51792 bytes,     481480 total
[2022-02-20T05:14:37.071+0000][3152][gc,age      ] GC(73) - age  11:      47288 bytes,     528768 total
[2022-02-20T05:14:37.071+0000][3152][gc,age      ] GC(73) - age  12:        728 bytes,     529496 total
[2022-02-20T05:14:37.071+0000][3152][gc,age      ] GC(73) - age  13:       2272 bytes,     531768 total
[2022-02-20T05:14:37.071+0000][3152][gc,age      ] GC(73) - age  14:        128 bytes,     531896 total
[2022-02-20T05:14:37.071+0000][3152][gc,age      ] GC(73) - age  15:       1152 bytes,     533048 total
[2022-02-20T05:14:37.071+0000][3152][gc,mmu      ] GC(73) MMU target violated: 201.0ms (200.0ms/201.0ms)
[2022-02-20T05:14:37.071+0000][3152][gc,phases   ] GC(73)   Pre Evacuate Collection Set: 0.1ms
[2022-02-20T05:14:37.071+0000][3152][gc,phases   ] GC(73)   Merge Heap Roots: 0.2ms
[2022-02-20T05:14:37.071+0000][3152][gc,phases   ] GC(73)   Evacuate Collection Set: 417.1ms
[2022-02-20T05:14:37.071+0000][3152][gc,phases   ] GC(73)   Post Evacuate Collection Set: 1.4ms
[2022-02-20T05:14:37.071+0000][3152][gc,phases   ] GC(73)   Other: 1.1ms
[2022-02-20T05:14:37.071+0000][3152][gc,heap     ] GC(73) Eden regions: 142->0(142)
[2022-02-20T05:14:37.071+0000][3152][gc,heap     ] GC(73) Survivor regions: 1->1(18)
[2022-02-20T05:14:37.071+0000][3152][gc,heap     ] GC(73) Old regions: 19->19
[2022-02-20T05:14:37.071+0000][3152][gc,heap     ] GC(73) Archive regions: 0->0
[2022-02-20T05:14:37.071+0000][3152][gc,heap     ] GC(73) Humongous regions: 5->5
[2022-02-20T05:14:37.071+0000][3152][gc,metaspace] GC(73) Metaspace: 112679K(114560K)->112679K(114560K) NonClass: 97193K(98240K)->97193K(98240K) Class: 15486K(16320K)->15486K(16320K)
[2022-02-20T05:14:37.071+0000][3152][gc          ] GC(73) Pause Young (Normal) (G1 Evacuation Pause) 661M->93M(956M) 420.168ms
[2022-02-20T05:14:37.071+0000][3152][gc,cpu      ] GC(73) User=0.05s Sys=0.02s Real=0.42s
[2022-02-20T05:14:37.071+0000][3152][safepoint   ] Safepoint "G1CollectForAllocation", Time since last: 131806242873 ns, Reaching safepoint: 116506 ns, At safepoint: 420461322 ns, Total: 420577828 ns
[2022-02-20T05:14:57.326+0000][3152][safepoint   ] Safepoint "Cleanup", Time since last: 20247759441 ns, Reaching safepoint: 285363 ns, At safepoint: 10778 ns, Total: 296141 ns
[2022-02-20T05:15:27.759+0000][3152][safepoint   ] Safepoint "Cleanup", Time since last: 30354088846 ns, Reaching safepoint: 78069266 ns, At safepoint: 151406 ns, Total: 78220672 ns
[2022-02-20T05:15:57.132+0000][3152][safepoint   ] Safepoint "Cleanup", Time since last: 29371561662 ns, Reaching safepoint: 66209 ns, At safepoint: 12318 ns, Total: 78527 ns
[2022-02-20T05:16:29.506+0000][3152][safepoint   ] Safepoint "Cleanup", Time since last: 32373491966 ns, Reaching safepoint: 78013 ns, At safepoint: 5645 ns, Total: 83658 ns
[2022-02-20T05:16:59.826+0000][3152][safepoint   ] Safepoint "Cleanup", Time since last: 30319432683 ns, Reaching safepoint: 86225 ns, At safepoint: 4619 ns, Total: 90844 ns
[2022-02-20T05:17:24.405+0000][3152][gc,start    ] GC(74) Pause Young (Normal) (G1 Evacuation Pause)
[2022-02-20T05:17:24.405+0000][3152][gc,task     ] GC(74) Using 2 workers of 2 for evacuation
[2022-02-20T05:17:24.405+0000][3152][gc,age      ] GC(74) Desired survivor size 37748736 bytes, new threshold 15 (max threshold 15)
[2022-02-20T05:17:24.468+0000][3152][gc,age      ] GC(74) Age table with threshold 15 (max threshold 15)
[2022-02-20T05:17:24.468+0000][3152][gc,age      ] GC(74) - age   1:       8784 bytes,       8784 total
[2022-02-20T05:17:24.468+0000][3152][gc,age      ] GC(74) - age   2:      33112 bytes,      41896 total
[2022-02-20T05:17:24.468+0000][3152][gc,age      ] GC(74) - age   3:       1112 bytes,      43008 total
[2022-02-20T05:17:24.468+0000][3152][gc,age      ] GC(74) - age   4:        520 bytes,      43528 total
[2022-02-20T05:17:24.468+0000][3152][gc,age      ] GC(74) - age   5:       1072 bytes,      44600 total
[2022-02-20T05:17:24.468+0000][3152][gc,age      ] GC(74) - age   6:        112 bytes,      44712 total
[2022-02-20T05:17:24.468+0000][3152][gc,age      ] GC(74) - age   7:       1072 bytes,      45784 total
[2022-02-20T05:17:24.468+0000][3152][gc,age      ] GC(74) - age   8:      45648 bytes,      91432 total
[2022-02-20T05:17:24.468+0000][3152][gc,age      ] GC(74) - age  10:     334072 bytes,     425504 total
[2022-02-20T05:17:24.468+0000][3152][gc,age      ] GC(74) - age  11:      51792 bytes,     477296 total
[2022-02-20T05:17:24.468+0000][3152][gc,age      ] GC(74) - age  12:      47288 bytes,     524584 total
[2022-02-20T05:17:24.468+0000][3152][gc,age      ] GC(74) - age  13:        728 bytes,     525312 total
[2022-02-20T05:17:24.468+0000][3152][gc,age      ] GC(74) - age  14:       2272 bytes,     527584 total
[2022-02-20T05:17:24.468+0000][3152][gc,age      ] GC(74) - age  15:        128 bytes,     527712 total
[2022-02-20T05:17:24.468+0000][3152][gc,phases   ] GC(74)   Pre Evacuate Collection Set: 0.1ms
[2022-02-20T05:17:24.468+0000][3152][gc,phases   ] GC(74)   Merge Heap Roots: 0.1ms
[2022-02-20T05:17:24.468+0000][3152][gc,phases   ] GC(74)   Evacuate Collection Set: 67.2ms
[2022-02-20T05:17:24.468+0000][3152][gc,phases   ] GC(74)   Post Evacuate Collection Set: 1.9ms
[2022-02-20T05:17:24.468+0000][3152][gc,phases   ] GC(74)   Other: 50.2ms
[2022-02-20T05:17:24.468+0000][3152][gc,heap     ] GC(74) Eden regions: 142->0(142)
[2022-02-20T05:17:24.468+0000][3152][gc,heap     ] GC(74) Survivor regions: 1->1(18)
[2022-02-20T05:17:24.468+0000][3152][gc,heap     ] GC(74) Old regions: 19->19
[2022-02-20T05:17:24.468+0000][3152][gc,heap     ] GC(74) Archive regions: 0->0
[2022-02-20T05:17:24.468+0000][3152][gc,heap     ] GC(74) Humongous regions: 5->5
[2022-02-20T05:17:24.468+0000][3152][gc,metaspace] GC(74) Metaspace: 112685K(114624K)->112685K(114624K) NonClass: 97198K(98304K)->97198K(98304K) Class: 15486K(16320K)->15486K(16320K)
[2022-02-20T05:17:24.468+0000][3152][gc          ] GC(74) Pause Young (Normal) (G1 Evacuation Pause) 661M->93M(956M) 71.409ms
[2022-02-20T05:17:24.468+0000][3152][gc,cpu      ] GC(74) User=0.03s Sys=0.00s Real=0.06s
[2022-02-20T05:17:24.468+0000][3152][safepoint   ] Safepoint "G1CollectForAllocation", Time since last: 24532482583 ns, Reaching safepoint: 50811 ns, At safepoint: 120444077 ns, Total: 120494888 ns
[2022-02-20T05:17:59.943+0000][3152][safepoint   ] Safepoint "Cleanup", Time since last: 35461938988 ns, Reaching safepoint: 124205 ns, At safepoint: 291008 ns, Total: 415213 ns
[2022-02-20T05:18:27.283+0000][3152][safepoint   ] Safepoint "Cleanup", Time since last: 27339275651 ns, Reaching safepoint: 102649 ns, At safepoint: 7185 ns, Total: 109834 ns
[2022-02-20T05:19:57.271+0000][3152][safepoint   ] Safepoint "Cleanup", Time since last: 89986418586 ns, Reaching safepoint: 97003 ns, At safepoint: 10778 ns, Total: 107781 ns
[2022-02-20T05:20:16.628+0000][3152][gc,start    ] GC(75) Pause Young (Normal) (G1 Evacuation Pause)
[2022-02-20T05:20:16.628+0000][3152][gc,task     ] GC(75) Using 2 workers of 2 for evacuation
[2022-02-20T05:20:16.628+0000][3152][gc,age      ] GC(75) Desired survivor size 37748736 bytes, new threshold 15 (max threshold 15)
[2022-02-20T05:20:16.644+0000][3152][gc,age      ] GC(75) Age table with threshold 15 (max threshold 15)
[2022-02-20T05:20:16.644+0000][3152][gc,age      ] GC(75) - age   1:      12000 bytes,      12000 total
[2022-02-20T05:20:16.644+0000][3152][gc,age      ] GC(75) - age   2:        720 bytes,      12720 total
[2022-02-20T05:20:16.644+0000][3152][gc,age      ] GC(75) - age   3:      32952 bytes,      45672 total
[2022-02-20T05:20:16.644+0000][3152][gc,age      ] GC(75) - age   4:        984 bytes,      46656 total
[2022-02-20T05:20:16.644+0000][3152][gc,age      ] GC(75) - age   5:        520 bytes,      47176 total
[2022-02-20T05:20:16.644+0000][3152][gc,age      ] GC(75) - age   6:       1072 bytes,      48248 total
[2022-02-20T05:20:16.644+0000][3152][gc,age      ] GC(75) - age   7:        112 bytes,      48360 total
[2022-02-20T05:20:16.644+0000][3152][gc,age      ] GC(75) - age   8:       1072 bytes,      49432 total
[2022-02-20T05:20:16.644+0000][3152][gc,age      ] GC(75) - age   9:      45648 bytes,      95080 total
[2022-02-20T05:20:16.644+0000][3152][gc,age      ] GC(75) - age  11:     334072 bytes,     429152 total
[2022-02-20T05:20:16.644+0000][3152][gc,age      ] GC(75) - age  12:      51792 bytes,     480944 total
[2022-02-20T05:20:16.644+0000][3152][gc,age      ] GC(75) - age  13:      47288 bytes,     528232 total
[2022-02-20T05:20:16.644+0000][3152][gc,age      ] GC(75) - age  14:        728 bytes,     528960 total
[2022-02-20T05:20:16.644+0000][3152][gc,age      ] GC(75) - age  15:       2272 bytes,     531232 total
[2022-02-20T05:20:16.644+0000][3152][gc,phases   ] GC(75)   Pre Evacuate Collection Set: 0.1ms
[2022-02-20T05:20:16.644+0000][3152][gc,phases   ] GC(75)   Merge Heap Roots: 0.1ms
[2022-02-20T05:20:16.644+0000][3152][gc,phases   ] GC(75)   Evacuate Collection Set: 2.2ms
[2022-02-20T05:20:16.644+0000][3152][gc,phases   ] GC(75)   Post Evacuate Collection Set: 1.1ms
[2022-02-20T05:20:16.644+0000][3152][gc,phases   ] GC(75)   Other: 18.7ms
[2022-02-20T05:20:16.644+0000][3152][gc,heap     ] GC(75) Eden regions: 142->0(142)
[2022-02-20T05:20:16.644+0000][3152][gc,heap     ] GC(75) Survivor regions: 1->1(18)
[2022-02-20T05:20:16.644+0000][3152][gc,heap     ] GC(75) Old regions: 19->19
[2022-02-20T05:20:16.644+0000][3152][gc,heap     ] GC(75) Archive regions: 0->0
[2022-02-20T05:20:16.644+0000][3152][gc,heap     ] GC(75) Humongous regions: 5->5
[2022-02-20T05:20:16.644+0000][3152][gc,metaspace] GC(75) Metaspace: 112703K(114624K)->112703K(114624K) NonClass: 97217K(98304K)->97217K(98304K) Class: 15486K(16320K)->15486K(16320K)
[2022-02-20T05:20:16.644+0000][3152][gc          ] GC(75) Pause Young (Normal) (G1 Evacuation Pause) 661M->93M(956M) 22.478ms
[2022-02-20T05:20:16.644+0000][3152][gc,cpu      ] GC(75) User=0.00s Sys=0.00s Real=0.02s
[2022-02-20T05:20:16.644+0000][3152][safepoint   ] Safepoint "G1CollectForAllocation", Time since last: 19362595322 ns, Reaching safepoint: 73393 ns, At safepoint: 22644245 ns, Total: 22717638 ns
[2022-02-20T05:20:57.231+0000][3152][safepoint   ] Safepoint "Cleanup", Time since last: 40525753978 ns, Reaching safepoint: 46823082 ns, At safepoint: 493739 ns, Total: 47316821 ns
[2022-02-20T05:21:08.386+0000][3152][safepoint   ] Safepoint "Cleanup", Time since last: 11154258524 ns, Reaching safepoint: 61590 ns, At safepoint: 6158 ns, Total: 67748 ns
[2022-02-20T05:21:21.547+0000][3152][safepoint   ] Safepoint "Cleanup", Time since last: 13160489798 ns, Reaching safepoint: 102648 ns, At safepoint: 10778 ns, Total: 113426 ns
[2022-02-20T05:23:01.654+0000][3152][safepoint   ] Safepoint "Cleanup", Time since last: 100026641374 ns, Reaching safepoint: 62473376 ns, At safepoint: 29901488 ns, Total: 92374864 ns
[2022-02-20T05:23:03.688+0000][3152][safepoint   ] Safepoint "Cleanup", Time since last: 2003975574 ns, Reaching safepoint: 15631816 ns, At safepoint: 114453 ns, Total: 15746269 ns
[2022-02-20T05:23:10.103+0000][3152][gc,start    ] GC(76) Pause Young (Normal) (G1 Evacuation Pause)
[2022-02-20T05:23:10.103+0000][3152][gc,task     ] GC(76) Using 2 workers of 2 for evacuation
[2022-02-20T05:23:10.103+0000][3152][gc,age      ] GC(76) Desired survivor size 37748736 bytes, new threshold 15 (max threshold 15)
[2022-02-20T05:23:10.415+0000][3152][gc,age      ] GC(76) Age table with threshold 15 (max threshold 15)
[2022-02-20T05:23:10.415+0000][3152][gc,age      ] GC(76) - age   1:     106752 bytes,     106752 total
[2022-02-20T05:23:10.415+0000][3152][gc,age      ] GC(76) - age   2:        288 bytes,     107040 total
[2022-02-20T05:23:10.415+0000][3152][gc,age      ] GC(76) - age   3:        720 bytes,     107760 total
[2022-02-20T05:23:10.415+0000][3152][gc,age      ] GC(76) - age   4:      31560 bytes,     139320 total
[2022-02-20T05:23:10.415+0000][3152][gc,age      ] GC(76) - age   5:        984 bytes,     140304 total
[2022-02-20T05:23:10.415+0000][3152][gc,age      ] GC(76) - age   7:       1072 bytes,     141376 total
[2022-02-20T05:23:10.415+0000][3152][gc,age      ] GC(76) - age   8:        112 bytes,     141488 total
[2022-02-20T05:23:10.415+0000][3152][gc,age      ] GC(76) - age   9:       1072 bytes,     142560 total
[2022-02-20T05:23:10.415+0000][3152][gc,age      ] GC(76) - age  10:      45648 bytes,     188208 total
[2022-02-20T05:23:10.415+0000][3152][gc,age      ] GC(76) - age  12:     333968 bytes,     522176 total
[2022-02-20T05:23:10.415+0000][3152][gc,age      ] GC(76) - age  13:      51792 bytes,     573968 total
[2022-02-20T05:23:10.415+0000][3152][gc,age      ] GC(76) - age  14:      47288 bytes,     621256 total
[2022-02-20T05:23:10.415+0000][3152][gc,age      ] GC(76) - age  15:        728 bytes,     621984 total
[2022-02-20T05:23:10.415+0000][3152][gc,mmu      ] GC(76) MMU target violated: 201.0ms (200.0ms/201.0ms)
[2022-02-20T05:23:10.415+0000][3152][gc,phases   ] GC(76)   Pre Evacuate Collection Set: 0.1ms
[2022-02-20T05:23:10.415+0000][3152][gc,phases   ] GC(76)   Merge Heap Roots: 0.1ms
[2022-02-20T05:23:10.415+0000][3152][gc,phases   ] GC(76)   Evacuate Collection Set: 312.7ms
[2022-02-20T05:23:10.415+0000][3152][gc,phases   ] GC(76)   Post Evacuate Collection Set: 1.1ms
[2022-02-20T05:23:10.415+0000][3152][gc,phases   ] GC(76)   Other: 0.8ms
[2022-02-20T05:23:10.415+0000][3152][gc,heap     ] GC(76) Eden regions: 142->0(142)
[2022-02-20T05:23:10.415+0000][3152][gc,heap     ] GC(76) Survivor regions: 1->1(18)
[2022-02-20T05:23:10.415+0000][3152][gc,heap     ] GC(76) Old regions: 19->19
[2022-02-20T05:23:10.415+0000][3152][gc,heap     ] GC(76) Archive regions: 0->0
[2022-02-20T05:23:10.415+0000][3152][gc,heap     ] GC(76) Humongous regions: 5->5
[2022-02-20T05:23:10.415+0000][3152][gc,metaspace] GC(76) Metaspace: 112750K(114624K)->112750K(114624K) NonClass: 97260K(98304K)->97260K(98304K) Class: 15490K(16320K)->15490K(16320K)
[2022-02-20T05:23:10.431+0000][3152][gc          ] GC(76) Pause Young (Normal) (G1 Evacuation Pause) 661M->94M(956M) 315.077ms
[2022-02-20T05:23:10.431+0000][3152][gc,cpu      ] GC(76) User=0.05s Sys=0.00s Real=0.33s
[2022-02-20T05:23:10.431+0000][3152][safepoint   ] Safepoint "G1CollectForAllocation", Time since last: 5299499897 ns, Reaching safepoint: 1115793077 ns, At safepoint: 330616230 ns, Total: 1446409307 ns
[2022-02-20T05:23:14.538+0000][3152][safepoint   ] Safepoint "Cleanup", Time since last: 4025732935 ns, Reaching safepoint: 62443608 ns, At safepoint: 25845849 ns, Total: 88289457 ns
[2022-02-20T05:23:24.640+0000][3152][safepoint   ] Safepoint "Cleanup", Time since last: 10091700976 ns, Reaching safepoint: 64156 ns, At safepoint: 6159 ns, Total: 70315 ns
[2022-02-20T05:23:28.711+0000][3152][safepoint   ] Safepoint "Cleanup", Time since last: 4055850498 ns, Reaching safepoint: 15594863 ns, At safepoint: 548656 ns, Total: 16143519 ns
[2022-02-20T05:23:35.825+0000][3152][safepoint   ] Safepoint "Cleanup", Time since last: 7097335350 ns, Reaching safepoint: 15749862 ns, At safepoint: 185280 ns, Total: 15935142 ns
[2022-02-20T05:23:38.869+0000][3152][safepoint   ] Safepoint "Cleanup", Time since last: 3027974264 ns, Reaching safepoint: 15690326 ns, At safepoint: 59536 ns, Total: 15749862 ns
[2022-02-20T05:23:40.913+0000][3152][safepoint   ] Safepoint "Cleanup", Time since last: 2027802842 ns, Reaching safepoint: 15670822 ns, At safepoint: 178095 ns, Total: 15848917 ns
[2022-02-20T05:23:41.942+0000][3152][safepoint   ] Safepoint "Cleanup", Time since last: 1013758483 ns, Reaching safepoint: 15603588 ns, At safepoint: 134983 ns, Total: 15738571 ns
[2022-02-20T05:23:43.034+0000][3152][safepoint   ] Safepoint "Cleanup", Time since last: 1013851379 ns, Reaching safepoint: 77991253 ns, At safepoint: 176555 ns, Total: 78167808 ns
[2022-02-20T05:23:44.035+0000][3152][safepoint   ] Safepoint "Cleanup", Time since last: 1000175529 ns, Reaching safepoint: 778075 ns, At safepoint: 113426 ns, Total: 891501 ns
[2022-02-20T05:23:45.065+0000][3152][safepoint   ] Safepoint "Cleanup", Time since last: 1014063349 ns, Reaching safepoint: 15643108 ns, At safepoint: 316670 ns, Total: 15959778 ns
[2022-02-20T05:23:46.096+0000][3152][safepoint   ] Safepoint "Cleanup", Time since last: 1014678726 ns, Reaching safepoint: 15620012 ns, At safepoint: 213509 ns, Total: 15833521 ns
[2022-02-20T05:24:30.650+0000][3152][safepoint   ] Safepoint "Cleanup", Time since last: 44552833661 ns, Reaching safepoint: 101622 ns, At safepoint: 8212 ns, Total: 109834 ns
[2022-02-20T05:25:12.028+0000][3152][safepoint   ] Safepoint "Cleanup", Time since last: 41376630955 ns, Reaching safepoint: 54404 ns, At safepoint: 4619 ns, Total: 59023 ns
[2022-02-20T05:26:02.635+0000][3152][gc,start    ] GC(77) Pause Young (Normal) (G1 Evacuation Pause)
[2022-02-20T05:26:02.635+0000][3152][gc,task     ] GC(77) Using 2 workers of 2 for evacuation
[2022-02-20T05:26:02.635+0000][3152][gc,age      ] GC(77) Desired survivor size 37748736 bytes, new threshold 15 (max threshold 15)
[2022-02-20T05:26:03.730+0000][3152][gc,age      ] GC(77) Age table with threshold 15 (max threshold 15)
[2022-02-20T05:26:03.730+0000][3152][gc,age      ] GC(77) - age   1:     168808 bytes,     168808 total
[2022-02-20T05:26:03.730+0000][3152][gc,age      ] GC(77) - age   2:      10072 bytes,     178880 total
[2022-02-20T05:26:03.730+0000][3152][gc,age      ] GC(77) - age   3:        128 bytes,     179008 total
[2022-02-20T05:26:03.730+0000][3152][gc,age      ] GC(77) - age   4:        592 bytes,     179600 total
[2022-02-20T05:26:03.730+0000][3152][gc,age      ] GC(77) - age   5:      31256 bytes,     210856 total
[2022-02-20T05:26:03.730+0000][3152][gc,age      ] GC(77) - age   6:        984 bytes,     211840 total
[2022-02-20T05:26:03.730+0000][3152][gc,age      ] GC(77) - age   8:       1072 bytes,     212912 total
[2022-02-20T05:26:03.730+0000][3152][gc,age      ] GC(77) - age   9:        112 bytes,     213024 total
[2022-02-20T05:26:03.730+0000][3152][gc,age      ] GC(77) - age  10:       1072 bytes,     214096 total
[2022-02-20T05:26:03.730+0000][3152][gc,age      ] GC(77) - age  11:      45648 bytes,     259744 total
[2022-02-20T05:26:03.730+0000][3152][gc,age      ] GC(77) - age  13:     333424 bytes,     593168 total
[2022-02-20T05:26:03.730+0000][3152][gc,age      ] GC(77) - age  14:      51672 bytes,     644840 total
[2022-02-20T05:26:03.730+0000][3152][gc,age      ] GC(77) - age  15:      47192 bytes,     692032 total
[2022-02-20T05:26:03.730+0000][3152][gc,mmu      ] GC(77) MMU target violated: 201.0ms (200.0ms/201.0ms)
[2022-02-20T05:26:03.730+0000][3152][gc,phases   ] GC(77)   Pre Evacuate Collection Set: 0.1ms
[2022-02-20T05:26:03.730+0000][3152][gc,phases   ] GC(77)   Merge Heap Roots: 0.2ms
[2022-02-20T05:26:03.730+0000][3152][gc,phases   ] GC(77)   Evacuate Collection Set: 1087.2ms
[2022-02-20T05:26:03.730+0000][3152][gc,phases   ] GC(77)   Post Evacuate Collection Set: 1.2ms
[2022-02-20T05:26:03.730+0000][3152][gc,phases   ] GC(77)   Other: 1.0ms
[2022-02-20T05:26:03.730+0000][3152][gc,heap     ] GC(77) Eden regions: 142->0(142)
[2022-02-20T05:26:03.730+0000][3152][gc,heap     ] GC(77) Survivor regions: 1->1(18)
[2022-02-20T05:26:03.730+0000][3152][gc,heap     ] GC(77) Old regions: 19->19
[2022-02-20T05:26:03.730+0000][3152][gc,heap     ] GC(77) Archive regions: 0->0
[2022-02-20T05:26:03.730+0000][3152][gc,heap     ] GC(77) Humongous regions: 5->5
[2022-02-20T05:26:03.730+0000][3152][gc,metaspace] GC(77) Metaspace: 113144K(115008K)->113144K(115008K) NonClass: 97588K(98624K)->97588K(98624K) Class: 15555K(16384K)->15555K(16384K)
[2022-02-20T05:26:03.730+0000][3152][gc          ] GC(77) Pause Young (Normal) (G1 Evacuation Pause) 662M->94M(956M) 1089.982ms
[2022-02-20T05:26:03.730+0000][3152][gc,cpu      ] GC(77) User=0.03s Sys=0.00s Real=1.10s
[2022-02-20T05:26:03.730+0000][3152][safepoint   ] Safepoint "G1CollectForAllocation", Time since last: 50614389873 ns, Reaching safepoint: 93410 ns, At safepoint: 1090259793 ns, Total: 1090353203 ns
[2022-02-20T05:26:32.014+0000][3152][safepoint   ] Safepoint "Cleanup", Time since last: 28279530671 ns, Reaching safepoint: 79552 ns, At safepoint: 6159 ns, Total: 85711 ns
[2022-02-20T05:27:27.521+0000][3152][safepoint   ] Safepoint "Cleanup", Time since last: 55506306720 ns, Reaching safepoint: 77499 ns, At safepoint: 5133 ns, Total: 82632 ns
[2022-02-20T05:28:52.004+0000][3152][gc,start    ] GC(78) Pause Young (Normal) (G1 Evacuation Pause)
[2022-02-20T05:28:52.004+0000][3152][gc,task     ] GC(78) Using 2 workers of 2 for evacuation
[2022-02-20T05:28:52.004+0000][3152][gc,age      ] GC(78) Desired survivor size 37748736 bytes, new threshold 15 (max threshold 15)
[2022-02-20T05:28:52.097+0000][3152][gc,age      ] GC(78) Age table with threshold 15 (max threshold 15)
[2022-02-20T05:28:52.097+0000][3152][gc,age      ] GC(78) - age   1:       8552 bytes,       8552 total
[2022-02-20T05:28:52.097+0000][3152][gc,age      ] GC(78) - age   2:     152896 bytes,     161448 total
[2022-02-20T05:28:52.097+0000][3152][gc,age      ] GC(78) - age   3:      10072 bytes,     171520 total
[2022-02-20T05:28:52.097+0000][3152][gc,age      ] GC(78) - age   4:        128 bytes,     171648 total
[2022-02-20T05:28:52.097+0000][3152][gc,age      ] GC(78) - age   5:        208 bytes,     171856 total
[2022-02-20T05:28:52.097+0000][3152][gc,age      ] GC(78) - age   6:      30360 bytes,     202216 total
[2022-02-20T05:28:52.097+0000][3152][gc,age      ] GC(78) - age   7:        984 bytes,     203200 total
[2022-02-20T05:28:52.097+0000][3152][gc,age      ] GC(78) - age   9:       1072 bytes,     204272 total
[2022-02-20T05:28:52.097+0000][3152][gc,age      ] GC(78) - age  10:        112 bytes,     204384 total
[2022-02-20T05:28:52.097+0000][3152][gc,age      ] GC(78) - age  11:       1072 bytes,     205456 total
[2022-02-20T05:28:52.097+0000][3152][gc,age      ] GC(78) - age  12:      45648 bytes,     251104 total
[2022-02-20T05:28:52.097+0000][3152][gc,age      ] GC(78) - age  14:     333424 bytes,     584528 total
[2022-02-20T05:28:52.097+0000][3152][gc,age      ] GC(78) - age  15:      51672 bytes,     636200 total
[2022-02-20T05:28:52.097+0000][3152][gc,phases   ] GC(78)   Pre Evacuate Collection Set: 0.1ms
[2022-02-20T05:28:52.097+0000][3152][gc,phases   ] GC(78)   Merge Heap Roots: 0.2ms
[2022-02-20T05:28:52.097+0000][3152][gc,phases   ] GC(78)   Evacuate Collection Set: 94.2ms
[2022-02-20T05:28:52.097+0000][3152][gc,phases   ] GC(78)   Post Evacuate Collection Set: 2.1ms
[2022-02-20T05:28:52.097+0000][3152][gc,phases   ] GC(78)   Other: 1.4ms
[2022-02-20T05:28:52.097+0000][3152][gc,heap     ] GC(78) Eden regions: 142->0(142)
[2022-02-20T05:28:52.097+0000][3152][gc,heap     ] GC(78) Survivor regions: 1->1(18)
[2022-02-20T05:28:52.097+0000][3152][gc,heap     ] GC(78) Old regions: 19->19
[2022-02-20T05:28:52.097+0000][3152][gc,heap     ] GC(78) Archive regions: 0->0
[2022-02-20T05:28:52.097+0000][3152][gc,heap     ] GC(78) Humongous regions: 5->5
[2022-02-20T05:28:52.097+0000][3152][gc,metaspace] GC(78) Metaspace: 113144K(115008K)->113144K(115008K) NonClass: 97589K(98624K)->97589K(98624K) Class: 15555K(16384K)->15555K(16384K)
[2022-02-20T05:28:52.097+0000][3152][gc          ] GC(78) Pause Young (Normal) (G1 Evacuation Pause) 662M->94M(956M) 98.932ms
[2022-02-20T05:28:52.097+0000][3152][gc,cpu      ] GC(78) User=0.00s Sys=0.00s Real=0.09s
[2022-02-20T05:28:52.097+0000][3152][safepoint   ] Safepoint "G1CollectForAllocation", Time since last: 84482243874 ns, Reaching safepoint: 274585 ns, At safepoint: 100692466 ns, Total: 100967051 ns
[2022-02-20T05:29:25.441+0000][3152][safepoint   ] Safepoint "Cleanup", Time since last: 33333390303 ns, Reaching safepoint: 65695 ns, At safepoint: 6672 ns, Total: 72367 ns
[2022-02-20T05:31:00.109+0000][3152][safepoint   ] Safepoint "Cleanup", Time since last: 94479562697 ns, Reaching safepoint: 187191221 ns, At safepoint: 767297 ns, Total: 187958518 ns
[2022-02-20T05:31:18.315+0000][3152][safepoint   ] Safepoint "Cleanup", Time since last: 18204075861 ns, Reaching safepoint: 107781 ns, At safepoint: 10778 ns, Total: 118559 ns
[2022-02-20T05:31:43.516+0000][3152][gc,start    ] GC(79) Pause Young (Normal) (G1 Evacuation Pause)
[2022-02-20T05:31:43.516+0000][3152][gc,task     ] GC(79) Using 2 workers of 2 for evacuation
[2022-02-20T05:31:43.516+0000][3152][gc,age      ] GC(79) Desired survivor size 37748736 bytes, new threshold 15 (max threshold 15)
[2022-02-20T05:31:44.234+0000][3152][gc,age      ] GC(79) Age table with threshold 15 (max threshold 15)
[2022-02-20T05:31:44.234+0000][3152][gc,age      ] GC(79) - age   1:      11904 bytes,      11904 total
[2022-02-20T05:31:44.234+0000][3152][gc,age      ] GC(79) - age   2:        512 bytes,      12416 total
[2022-02-20T05:31:44.234+0000][3152][gc,age      ] GC(79) - age   3:     152768 bytes,     165184 total
[2022-02-20T05:31:44.234+0000][3152][gc,age      ] GC(79) - age   4:      10072 bytes,     175256 total
[2022-02-20T05:31:44.234+0000][3152][gc,age      ] GC(79) - age   5:        128 bytes,     175384 total
[2022-02-20T05:31:44.234+0000][3152][gc,age      ] GC(79) - age   6:        208 bytes,     175592 total
[2022-02-20T05:31:44.234+0000][3152][gc,age      ] GC(79) - age   7:      30360 bytes,     205952 total
[2022-02-20T05:31:44.234+0000][3152][gc,age      ] GC(79) - age   8:        984 bytes,     206936 total
[2022-02-20T05:31:44.234+0000][3152][gc,age      ] GC(79) - age  10:       1072 bytes,     208008 total
[2022-02-20T05:31:44.234+0000][3152][gc,age      ] GC(79) - age  11:        112 bytes,     208120 total
[2022-02-20T05:31:44.234+0000][3152][gc,age      ] GC(79) - age  12:       1072 bytes,     209192 total
[2022-02-20T05:31:44.234+0000][3152][gc,age      ] GC(79) - age  13:      45648 bytes,     254840 total
[2022-02-20T05:31:44.234+0000][3152][gc,age      ] GC(79) - age  15:     333424 bytes,     588264 total
[2022-02-20T05:31:44.234+0000][3152][gc,mmu      ] GC(79) MMU target violated: 201.0ms (200.0ms/201.0ms)
[2022-02-20T05:31:44.234+0000][3152][gc,phases   ] GC(79)   Pre Evacuate Collection Set: 0.1ms
[2022-02-20T05:31:44.234+0000][3152][gc,phases   ] GC(79)   Merge Heap Roots: 0.1ms
[2022-02-20T05:31:44.234+0000][3152][gc,phases   ] GC(79)   Evacuate Collection Set: 725.0ms
[2022-02-20T05:31:44.234+0000][3152][gc,phases   ] GC(79)   Post Evacuate Collection Set: 1.1ms
[2022-02-20T05:31:44.234+0000][3152][gc,phases   ] GC(79)   Other: 0.8ms
[2022-02-20T05:31:44.234+0000][3152][gc,heap     ] GC(79) Eden regions: 142->0(142)
[2022-02-20T05:31:44.234+0000][3152][gc,heap     ] GC(79) Survivor regions: 1->1(18)
[2022-02-20T05:31:44.234+0000][3152][gc,heap     ] GC(79) Old regions: 19->19
[2022-02-20T05:31:44.234+0000][3152][gc,heap     ] GC(79) Archive regions: 0->0
[2022-02-20T05:31:44.234+0000][3152][gc,heap     ] GC(79) Humongous regions: 5->5
[2022-02-20T05:31:44.234+0000][3152][gc,metaspace] GC(79) Metaspace: 113150K(115008K)->113150K(115008K) NonClass: 97594K(98624K)->97594K(98624K) Class: 15555K(16384K)->15555K(16384K)
[2022-02-20T05:31:44.312+0000][3152][gc          ] GC(79) Pause Young (Normal) (G1 Evacuation Pause) 662M->94M(956M) 802.258ms
[2022-02-20T05:31:44.312+0000][3152][gc,cpu      ] GC(79) User=0.02s Sys=0.00s Real=0.80s
[2022-02-20T05:31:44.343+0000][3152][safepoint   ] Safepoint "G1CollectForAllocation", Time since last: 25204789268 ns, Reaching safepoint: 47219 ns, At safepoint: 827720003 ns, Total: 827767222 ns
[2022-02-20T05:34:28.199+0000][3152][safepoint   ] Safepoint "Cleanup", Time since last: 163847903765 ns, Reaching safepoint: 172450 ns, At safepoint: 10265 ns, Total: 182715 ns
[2022-02-20T05:34:36.658+0000][3152][gc,start    ] GC(80) Pause Young (Normal) (G1 Evacuation Pause)
[2022-02-20T05:34:36.658+0000][3152][gc,task     ] GC(80) Using 2 workers of 2 for evacuation
[2022-02-20T05:34:36.658+0000][3152][gc,age      ] GC(80) Desired survivor size 37748736 bytes, new threshold 15 (max threshold 15)
[2022-02-20T05:34:37.016+0000][3152][gc,age      ] GC(80) Age table with threshold 15 (max threshold 15)
[2022-02-20T05:34:37.016+0000][3152][gc,age      ] GC(80) - age   1:      11872 bytes,      11872 total
[2022-02-20T05:34:37.016+0000][3152][gc,age      ] GC(80) - age   2:        328 bytes,      12200 total
[2022-02-20T05:34:37.016+0000][3152][gc,age      ] GC(80) - age   3:        384 bytes,      12584 total
[2022-02-20T05:34:37.016+0000][3152][gc,age      ] GC(80) - age   4:     152768 bytes,     165352 total
[2022-02-20T05:34:37.016+0000][3152][gc,age      ] GC(80) - age   5:      10072 bytes,     175424 total
[2022-02-20T05:34:37.016+0000][3152][gc,age      ] GC(80) - age   6:        128 bytes,     175552 total
[2022-02-20T05:34:37.016+0000][3152][gc,age      ] GC(80) - age   7:         80 bytes,     175632 total
[2022-02-20T05:34:37.016+0000][3152][gc,age      ] GC(80) - age   8:      30360 bytes,     205992 total
[2022-02-20T05:34:37.016+0000][3152][gc,age      ] GC(80) - age   9:        984 bytes,     206976 total
[2022-02-20T05:34:37.016+0000][3152][gc,age      ] GC(80) - age  11:       1072 bytes,     208048 total
[2022-02-20T05:34:37.016+0000][3152][gc,age      ] GC(80) - age  12:        112 bytes,     208160 total
[2022-02-20T05:34:37.016+0000][3152][gc,age      ] GC(80) - age  13:       1072 bytes,     209232 total
[2022-02-20T05:34:37.016+0000][3152][gc,age      ] GC(80) - age  14:      45648 bytes,     254880 total
[2022-02-20T05:34:37.016+0000][3152][gc,mmu      ] GC(80) MMU target violated: 201.0ms (200.0ms/201.0ms)
[2022-02-20T05:34:37.016+0000][3152][gc,phases   ] GC(80)   Pre Evacuate Collection Set: 0.1ms
[2022-02-20T05:34:37.016+0000][3152][gc,phases   ] GC(80)   Merge Heap Roots: 0.1ms
[2022-02-20T05:34:37.016+0000][3152][gc,phases   ] GC(80)   Evacuate Collection Set: 357.3ms
[2022-02-20T05:34:37.016+0000][3152][gc,phases   ] GC(80)   Post Evacuate Collection Set: 2.0ms
[2022-02-20T05:34:37.016+0000][3152][gc,phases   ] GC(80)   Other: 1.4ms
[2022-02-20T05:34:37.016+0000][3152][gc,heap     ] GC(80) Eden regions: 142->0(142)
[2022-02-20T05:34:37.016+0000][3152][gc,heap     ] GC(80) Survivor regions: 1->1(18)
[2022-02-20T05:34:37.016+0000][3152][gc,heap     ] GC(80) Old regions: 19->19
[2022-02-20T05:34:37.016+0000][3152][gc,heap     ] GC(80) Archive regions: 0->0
[2022-02-20T05:34:37.016+0000][3152][gc,heap     ] GC(80) Humongous regions: 5->5
[2022-02-20T05:34:37.016+0000][3152][gc,metaspace] GC(80) Metaspace: 113155K(115072K)->113155K(115072K) NonClass: 97600K(98688K)->97600K(98688K) Class: 15555K(16384K)->15555K(16384K)
[2022-02-20T05:34:37.016+0000][3152][gc          ] GC(80) Pause Young (Normal) (G1 Evacuation Pause) 662M->94M(956M) 361.480ms
[2022-02-20T05:34:37.016+0000][3152][gc,cpu      ] GC(80) User=0.00s Sys=0.00s Real=0.36s
[2022-02-20T05:34:37.016+0000][3152][safepoint   ] Safepoint "G1CollectForAllocation", Time since last: 8465002530 ns, Reaching safepoint: 90844 ns, At safepoint: 361868058 ns, Total: 361958902 ns
[2022-02-20T05:35:54.006+0000][3152][safepoint   ] Safepoint "Cleanup", Time since last: 76868099844 ns, Reaching safepoint: 109447351 ns, At safepoint: 838637 ns, Total: 110285988 ns
[2022-02-20T05:36:03.185+0000][3152][safepoint   ] Safepoint "Cleanup", Time since last: 9115100714 ns, Reaching safepoint: 62384071 ns, At safepoint: 121639 ns, Total: 62505710 ns
[2022-02-20T05:36:15.361+0000][3152][safepoint   ] Safepoint "Cleanup", Time since last: 11130446141 ns, Reaching safepoint: 1045225359 ns, At safepoint: 1743484 ns, Total: 1046968843 ns
[2022-02-20T05:36:19.432+0000][3152][safepoint   ] Safepoint "Cleanup", Time since last: 4054187081 ns, Reaching safepoint: 15593323 ns, At safepoint: 489120 ns, Total: 16082443 ns
[2022-02-20T05:36:23.539+0000][3152][safepoint   ] Safepoint "Cleanup", Time since last: 4043773397 ns, Reaching safepoint: 62546256 ns, At safepoint: 504004 ns, Total: 63050260 ns
[2022-02-20T05:36:27.361+0000][3152][safepoint   ] Safepoint "Cleanup", Time since last: 3041495115 ns, Reaching safepoint: 779860173 ns, At safepoint: 637960 ns, Total: 780498133 ns
[2022-02-20T05:36:28.391+0000][3152][safepoint   ] Safepoint "Cleanup", Time since last: 1013301697 ns, Reaching safepoint: 15666204 ns, At safepoint: 489633 ns, Total: 16155837 ns
[2022-02-20T05:36:30.451+0000][3152][safepoint   ] Safepoint "Cleanup", Time since last: 2028391529 ns, Reaching safepoint: 31251829 ns, At safepoint: 599467 ns, Total: 31851296 ns
[2022-02-20T05:36:31.480+0000][3152][safepoint   ] Safepoint "Cleanup", Time since last: 1013366365 ns, Reaching safepoint: 15573307 ns, At safepoint: 309485 ns, Total: 15882792 ns
[2022-02-20T05:36:32.572+0000][3152][safepoint   ] Safepoint "Cleanup", Time since last: 1013693301 ns, Reaching safepoint: 78009216 ns, At safepoint: 524020 ns, Total: 78533236 ns
[2022-02-20T05:36:34.616+0000][3152][safepoint   ] Safepoint "Cleanup", Time since last: 2027336304 ns, Reaching safepoint: 16093221 ns, At safepoint: 1762987 ns, Total: 17856208 ns
[2022-02-20T05:36:35.646+0000][3152][safepoint   ] Safepoint "Cleanup", Time since last: 1011800464 ns, Reaching safepoint: 15618985 ns, At safepoint: 10744212 ns, Total: 26363197 ns
[2022-02-20T05:36:36.692+0000][3152][safepoint   ] Safepoint "Cleanup", Time since last: 1004180357 ns, Reaching safepoint: 31294428 ns, At safepoint: 620509 ns, Total: 31914937 ns
[2022-02-20T05:36:37.722+0000][3152][safepoint   ] Safepoint "Cleanup", Time since last: 1013314529 ns, Reaching safepoint: 15569200 ns, At safepoint: 505544 ns, Total: 16074744 ns
[2022-02-20T05:36:49.956+0000][3152][safepoint   ] Safepoint "Cleanup", Time since last: 12141029194 ns, Reaching safepoint: 93073900 ns, At safepoint: 1136831 ns, Total: 94210731 ns
[2022-02-20T05:36:52.016+0000][3152][safepoint   ] Safepoint "Cleanup", Time since last: 2026862582 ns, Reaching safepoint: 31238484 ns, At safepoint: 1190722 ns, Total: 32429206 ns
[2022-02-20T05:36:58.103+0000][3152][safepoint   ] Safepoint "Cleanup", Time since last: 6070733495 ns, Reaching safepoint: 15636949 ns, At safepoint: 145247 ns, Total: 15782196 ns
[2022-02-20T05:37:01.192+0000][3152][safepoint   ] Safepoint "Cleanup", Time since last: 3041773293 ns, Reaching safepoint: 46834887 ns, At safepoint: 941799 ns, Total: 47776686 ns
[2022-02-20T05:37:09.351+0000][3152][safepoint   ] Safepoint "Cleanup", Time since last: 8110809496 ns, Reaching safepoint: 46872353 ns, At safepoint: 408028 ns, Total: 47280381 ns
[2022-02-20T05:37:14.411+0000][3152][safepoint   ] Safepoint "Cleanup", Time since last: 5059286142 ns, Reaching safepoint: 205297 ns, At safepoint: 10778 ns, Total: 216075 ns
[2022-02-20T05:37:23.586+0000][3152][safepoint   ] Safepoint "Cleanup", Time since last: 9127738275 ns, Reaching safepoint: 46889804 ns, At safepoint: 327961 ns, Total: 47217765 ns
[2022-02-20T05:37:24.475+0000][3152][gc,start    ] GC(81) Pause Young (Normal) (G1 Evacuation Pause)
[2022-02-20T05:37:24.475+0000][3152][gc,task     ] GC(81) Using 2 workers of 2 for evacuation
[2022-02-20T05:37:24.475+0000][3152][gc,age      ] GC(81) Desired survivor size 37748736 bytes, new threshold 15 (max threshold 15)
[2022-02-20T05:37:26.175+0000][3152][gc,age      ] GC(81) Age table with threshold 15 (max threshold 15)
[2022-02-20T05:37:26.175+0000][3152][gc,age      ] GC(81) - age   1:     228528 bytes,     228528 total
[2022-02-20T05:37:26.175+0000][3152][gc,age      ] GC(81) - age   2:        384 bytes,     228912 total
[2022-02-20T05:37:26.175+0000][3152][gc,age      ] GC(81) - age   3:        296 bytes,     229208 total
[2022-02-20T05:37:26.175+0000][3152][gc,age      ] GC(81) - age   5:     148952 bytes,     378160 total
[2022-02-20T05:37:26.175+0000][3152][gc,age      ] GC(81) - age   6:       8392 bytes,     386552 total
[2022-02-20T05:37:26.175+0000][3152][gc,age      ] GC(81) - age   7:        128 bytes,     386680 total
[2022-02-20T05:37:26.175+0000][3152][gc,age      ] GC(81) - age   8:         80 bytes,     386760 total
[2022-02-20T05:37:26.175+0000][3152][gc,age      ] GC(81) - age   9:      30336 bytes,     417096 total
[2022-02-20T05:37:26.175+0000][3152][gc,age      ] GC(81) - age  10:        984 bytes,     418080 total
[2022-02-20T05:37:26.175+0000][3152][gc,age      ] GC(81) - age  12:       1072 bytes,     419152 total
[2022-02-20T05:37:26.175+0000][3152][gc,age      ] GC(81) - age  13:        112 bytes,     419264 total
[2022-02-20T05:37:26.175+0000][3152][gc,age      ] GC(81) - age  14:       1072 bytes,     420336 total
[2022-02-20T05:37:26.175+0000][3152][gc,age      ] GC(81) - age  15:      45504 bytes,     465840 total
[2022-02-20T05:37:26.175+0000][3152][gc,mmu      ] GC(81) MMU target violated: 201.0ms (200.0ms/201.0ms)
[2022-02-20T05:37:26.175+0000][3152][gc,phases   ] GC(81)   Pre Evacuate Collection Set: 54.3ms
[2022-02-20T05:37:26.175+0000][3152][gc,phases   ] GC(81)   Merge Heap Roots: 0.1ms
[2022-02-20T05:37:26.175+0000][3152][gc,phases   ] GC(81)   Evacuate Collection Set: 1649.2ms
[2022-02-20T05:37:26.175+0000][3152][gc,phases   ] GC(81)   Post Evacuate Collection Set: 1.4ms
[2022-02-20T05:37:26.175+0000][3152][gc,phases   ] GC(81)   Other: 1.0ms
[2022-02-20T05:37:26.175+0000][3152][gc,heap     ] GC(81) Eden regions: 142->0(142)
[2022-02-20T05:37:26.175+0000][3152][gc,heap     ] GC(81) Survivor regions: 1->1(18)
[2022-02-20T05:37:26.175+0000][3152][gc,heap     ] GC(81) Old regions: 19->19
[2022-02-20T05:37:26.175+0000][3152][gc,heap     ] GC(81) Archive regions: 0->0
[2022-02-20T05:37:26.175+0000][3152][gc,heap     ] GC(81) Humongous regions: 5->5
[2022-02-20T05:37:26.175+0000][3152][gc,metaspace] GC(81) Metaspace: 113355K(115200K)->113355K(115200K) NonClass: 97770K(98816K)->97770K(98816K) Class: 15584K(16384K)->15584K(16384K)
[2022-02-20T05:37:26.191+0000][3152][gc          ] GC(81) Pause Young (Normal) (G1 Evacuation Pause) 662M->94M(956M) 1725.464ms
[2022-02-20T05:37:26.191+0000][3152][gc,cpu      ] GC(81) User=0.03s Sys=0.00s Real=1.72s
[2022-02-20T05:37:26.191+0000][3152][safepoint   ] Safepoint "G1CollectForAllocation", Time since last: 870360676 ns, Reaching safepoint: 18324285 ns, At safepoint: 1725931766 ns, Total: 1744256051 ns
[2022-02-20T05:37:27.284+0000][3152][safepoint   ] Safepoint "Cleanup", Time since last: 1004969210 ns, Reaching safepoint: 78040011 ns, At safepoint: 532745 ns, Total: 78572756 ns
[2022-02-20T05:37:28.329+0000][3152][safepoint   ] Safepoint "Cleanup", Time since last: 1013491597 ns, Reaching safepoint: 31160984 ns, At safepoint: 194006 ns, Total: 31354990 ns
[2022-02-20T05:37:29.405+0000][3152][safepoint   ] Safepoint "Cleanup", Time since last: 1013686628 ns, Reaching safepoint: 62444121 ns, At safepoint: 775509 ns, Total: 63219630 ns
[2022-02-20T05:37:30.420+0000][3152][safepoint   ] Safepoint "Cleanup", Time since last: 1014273265 ns, Reaching safepoint: 246356 ns, At safepoint: 186820 ns, Total: 433176 ns
[2022-02-20T05:37:33.497+0000][3152][safepoint   ] Safepoint "Cleanup", Time since last: 3028875004 ns, Reaching safepoint: 46767652 ns, At safepoint: 487067 ns, Total: 47254719 ns
[2022-02-20T05:37:53.769+0000][3152][safepoint   ] Safepoint "Cleanup", Time since last: 20271581576 ns, Reaching safepoint: 82119 ns, At safepoint: 6672 ns, Total: 88791 ns
[2022-02-20T05:37:56.812+0000][3152][safepoint   ] Safepoint "Cleanup", Time since last: 3042810042 ns, Reaching safepoint: 72880 ns, At safepoint: 6159 ns, Total: 79039 ns
[2022-02-20T05:37:57.843+0000][3152][safepoint   ] Safepoint "Cleanup", Time since last: 1014865033 ns, Reaching safepoint: 15610260 ns, At safepoint: 977213 ns, Total: 16587473 ns
[2022-02-20T05:37:58.858+0000][3152][safepoint   ] Safepoint "Cleanup", Time since last: 1013984310 ns, Reaching safepoint: 92383 ns, At safepoint: 334121 ns, Total: 426504 ns
[2022-02-20T05:38:28.226+0000][3152][safepoint   ] Safepoint "Cleanup", Time since last: 29367204236 ns, Reaching safepoint: 79040 ns, At safepoint: 7698 ns, Total: 86738 ns
[2022-02-20T05:39:02.667+0000][3152][safepoint   ] Safepoint "Cleanup", Time since last: 34440381791 ns, Reaching safepoint: 112913 ns, At safepoint: 10778 ns, Total: 123691 ns
[2022-02-20T05:39:28.984+0000][3152][safepoint   ] Safepoint "Cleanup", Time since last: 26315890285 ns, Reaching safepoint: 56970 ns, At safepoint: 3593 ns, Total: 60563 ns
[2022-02-20T05:40:18.539+0000][3152][gc,start    ] GC(82) Pause Young (Normal) (G1 Evacuation Pause)
[2022-02-20T05:40:18.539+0000][3152][gc,task     ] GC(82) Using 2 workers of 2 for evacuation
[2022-02-20T05:40:18.539+0000][3152][gc,age      ] GC(82) Desired survivor size 37748736 bytes, new threshold 15 (max threshold 15)
[2022-02-20T05:40:18.742+0000][3152][gc,age      ] GC(82) Age table with threshold 15 (max threshold 15)
[2022-02-20T05:40:18.742+0000][3152][gc,age      ] GC(82) - age   1:      61904 bytes,      61904 total
[2022-02-20T05:40:18.742+0000][3152][gc,age      ] GC(82) - age   2:     189616 bytes,     251520 total
[2022-02-20T05:40:18.742+0000][3152][gc,age      ] GC(82) - age   3:        384 bytes,     251904 total
[2022-02-20T05:40:18.742+0000][3152][gc,age      ] GC(82) - age   4:        168 bytes,     252072 total
[2022-02-20T05:40:18.742+0000][3152][gc,age      ] GC(82) - age   6:     148848 bytes,     400920 total
[2022-02-20T05:40:18.742+0000][3152][gc,age      ] GC(82) - age   7:       8304 bytes,     409224 total
[2022-02-20T05:40:18.742+0000][3152][gc,age      ] GC(82) - age   8:        128 bytes,     409352 total
[2022-02-20T05:40:18.742+0000][3152][gc,age      ] GC(82) - age   9:         80 bytes,     409432 total
[2022-02-20T05:40:18.742+0000][3152][gc,age      ] GC(82) - age  10:      30336 bytes,     439768 total
[2022-02-20T05:40:18.742+0000][3152][gc,age      ] GC(82) - age  11:        984 bytes,     440752 total
[2022-02-20T05:40:18.742+0000][3152][gc,age      ] GC(82) - age  13:       1072 bytes,     441824 total
[2022-02-20T05:40:18.742+0000][3152][gc,age      ] GC(82) - age  14:        112 bytes,     441936 total
[2022-02-20T05:40:18.742+0000][3152][gc,age      ] GC(82) - age  15:       1072 bytes,     443008 total
[2022-02-20T05:40:18.742+0000][3152][gc,mmu      ] GC(82) MMU target violated: 200.9ms (200.0ms/201.0ms)
[2022-02-20T05:40:18.742+0000][3152][gc,phases   ] GC(82)   Pre Evacuate Collection Set: 0.1ms
[2022-02-20T05:40:18.742+0000][3152][gc,phases   ] GC(82)   Merge Heap Roots: 0.1ms
[2022-02-20T05:40:18.742+0000][3152][gc,phases   ] GC(82)   Evacuate Collection Set: 197.7ms
[2022-02-20T05:40:18.742+0000][3152][gc,phases   ] GC(82)   Post Evacuate Collection Set: 2.0ms
[2022-02-20T05:40:18.742+0000][3152][gc,phases   ] GC(82)   Other: 1.5ms
[2022-02-20T05:40:18.742+0000][3152][gc,heap     ] GC(82) Eden regions: 142->0(142)
[2022-02-20T05:40:18.742+0000][3152][gc,heap     ] GC(82) Survivor regions: 1->1(18)
[2022-02-20T05:40:18.742+0000][3152][gc,heap     ] GC(82) Old regions: 19->19
[2022-02-20T05:40:18.742+0000][3152][gc,heap     ] GC(82) Archive regions: 0->0
[2022-02-20T05:40:18.742+0000][3152][gc,heap     ] GC(82) Humongous regions: 5->5
[2022-02-20T05:40:18.742+0000][3152][gc,metaspace] GC(82) Metaspace: 113381K(115264K)->113381K(115264K) NonClass: 97792K(98880K)->97792K(98880K) Class: 15589K(16384K)->15589K(16384K)
[2022-02-20T05:40:18.742+0000][3152][gc          ] GC(82) Pause Young (Normal) (G1 Evacuation Pause) 662M->94M(956M) 202.054ms
[2022-02-20T05:40:18.742+0000][3152][gc,cpu      ] GC(82) User=0.02s Sys=0.00s Real=0.20s
[2022-02-20T05:40:18.742+0000][3152][safepoint   ] Safepoint "G1CollectForAllocation", Time since last: 49560181236 ns, Reaching safepoint: 89817 ns, At safepoint: 210379502 ns, Total: 210469319 ns
[2022-02-20T05:40:23.772+0000][3152][safepoint   ] Safepoint "Cleanup", Time since last: 5016662920 ns, Reaching safepoint: 66208 ns, At safepoint: 6159 ns, Total: 72367 ns
[2022-02-20T05:40:52.037+0000][3152][safepoint   ] Safepoint "Cleanup", Time since last: 28263706902 ns, Reaching safepoint: 52351 ns, At safepoint: 8211 ns, Total: 60562 ns
[2022-02-20T05:41:28.365+0000][3152][safepoint   ] Safepoint "Cleanup", Time since last: 36327770815 ns, Reaching safepoint: 57483 ns, At safepoint: 4106 ns, Total: 61589 ns
[2022-02-20T05:41:36.439+0000][3152][safepoint   ] Safepoint "Cleanup", Time since last: 8072966612 ns, Reaching safepoint: 652331 ns, At safepoint: 7185 ns, Total: 659516 ns
[2022-02-20T05:41:37.454+0000][3152][safepoint   ] Safepoint "Cleanup", Time since last: 1015130892 ns, Reaching safepoint: 57483 ns, At safepoint: 3593 ns, Total: 61076 ns
[2022-02-20T05:41:38.574+0000][3152][safepoint   ] Safepoint "Cleanup", Time since last: 1010579461 ns, Reaching safepoint: 109136839 ns, At safepoint: 5671839 ns, Total: 114808678 ns
[2022-02-20T05:41:40.604+0000][3152][safepoint   ] Safepoint "Cleanup", Time since last: 2008710746 ns, Reaching safepoint: 15740111 ns, At safepoint: 205297 ns, Total: 15945408 ns
[2022-02-20T05:41:46.209+0000][3152][safepoint   ] Safepoint "Cleanup", Time since last: 4043966376 ns, Reaching safepoint: 1560033423 ns, At safepoint: 587149 ns, Total: 1560620572 ns
[2022-02-20T05:41:53.274+0000][3152][safepoint   ] Safepoint "Cleanup", Time since last: 7064487851 ns, Reaching safepoint: 108294 ns, At safepoint: 9751 ns, Total: 118045 ns
[2022-02-20T05:42:31.767+0000][3152][safepoint   ] Safepoint "Cleanup", Time since last: 38491710113 ns, Reaching safepoint: 85198 ns, At safepoint: 7699 ns, Total: 92897 ns
[2022-02-20T05:43:02.153+0000][3152][safepoint   ] Safepoint "Cleanup", Time since last: 30385610640 ns, Reaching safepoint: 65695 ns, At safepoint: 5132 ns, Total: 70827 ns
[2022-02-20T05:43:07.488+0000][3152][gc,start    ] GC(83) Pause Young (Normal) (G1 Evacuation Pause)
[2022-02-20T05:43:07.488+0000][3152][gc,task     ] GC(83) Using 2 workers of 2 for evacuation
[2022-02-20T05:43:07.488+0000][3152][gc,age      ] GC(83) Desired survivor size 37748736 bytes, new threshold 15 (max threshold 15)
[2022-02-20T05:43:07.863+0000][3152][gc,age      ] GC(83) Age table with threshold 15 (max threshold 15)
[2022-02-20T05:43:07.863+0000][3152][gc,age      ] GC(83) - age   1:      90672 bytes,      90672 total
[2022-02-20T05:43:07.863+0000][3152][gc,age      ] GC(83) - age   2:      47664 bytes,     138336 total
[2022-02-20T05:43:07.863+0000][3152][gc,age      ] GC(83) - age   3:     183600 bytes,     321936 total
[2022-02-20T05:43:07.863+0000][3152][gc,age      ] GC(83) - age   4:        256 bytes,     322192 total
[2022-02-20T05:43:07.863+0000][3152][gc,age      ] GC(83) - age   5:        168 bytes,     322360 total
[2022-02-20T05:43:07.863+0000][3152][gc,age      ] GC(83) - age   7:     145256 bytes,     467616 total
[2022-02-20T05:43:07.863+0000][3152][gc,age      ] GC(83) - age   8:       8304 bytes,     475920 total
[2022-02-20T05:43:07.863+0000][3152][gc,age      ] GC(83) - age   9:        128 bytes,     476048 total
[2022-02-20T05:43:07.863+0000][3152][gc,age      ] GC(83) - age  10:         80 bytes,     476128 total
[2022-02-20T05:43:07.863+0000][3152][gc,age      ] GC(83) - age  11:      30336 bytes,     506464 total
[2022-02-20T05:43:07.863+0000][3152][gc,age      ] GC(83) - age  12:        984 bytes,     507448 total
[2022-02-20T05:43:07.863+0000][3152][gc,age      ] GC(83) - age  14:       1072 bytes,     508520 total
[2022-02-20T05:43:07.863+0000][3152][gc,age      ] GC(83) - age  15:        112 bytes,     508632 total
[2022-02-20T05:43:07.863+0000][3152][gc,mmu      ] GC(83) MMU target violated: 201.0ms (200.0ms/201.0ms)
[2022-02-20T05:43:07.863+0000][3152][gc,phases   ] GC(83)   Pre Evacuate Collection Set: 0.1ms
[2022-02-20T05:43:07.863+0000][3152][gc,phases   ] GC(83)   Merge Heap Roots: 0.1ms
[2022-02-20T05:43:07.863+0000][3152][gc,phases   ] GC(83)   Evacuate Collection Set: 375.4ms
[2022-02-20T05:43:07.863+0000][3152][gc,phases   ] GC(83)   Post Evacuate Collection Set: 2.0ms
[2022-02-20T05:43:07.863+0000][3152][gc,phases   ] GC(83)   Other: 1.3ms
[2022-02-20T05:43:07.863+0000][3152][gc,heap     ] GC(83) Eden regions: 142->0(142)
[2022-02-20T05:43:07.863+0000][3152][gc,heap     ] GC(83) Survivor regions: 1->1(18)
[2022-02-20T05:43:07.863+0000][3152][gc,heap     ] GC(83) Old regions: 19->19
[2022-02-20T05:43:07.863+0000][3152][gc,heap     ] GC(83) Archive regions: 0->0
[2022-02-20T05:43:07.863+0000][3152][gc,heap     ] GC(83) Humongous regions: 5->5
[2022-02-20T05:43:07.863+0000][3152][gc,metaspace] GC(83) Metaspace: 113458K(115328K)->113458K(115328K) NonClass: 97861K(98944K)->97861K(98944K) Class: 15597K(16384K)->15597K(16384K)
[2022-02-20T05:43:07.863+0000][3152][gc          ] GC(83) Pause Young (Normal) (G1 Evacuation Pause) 662M->94M(956M) 379.482ms
[2022-02-20T05:43:07.863+0000][3152][gc,cpu      ] GC(83) User=0.00s Sys=0.00s Real=0.38s
[2022-02-20T05:43:07.863+0000][3152][safepoint   ] Safepoint "G1CollectForAllocation", Time since last: 5343860444 ns, Reaching safepoint: 35927 ns, At safepoint: 379895175 ns, Total: 379931102 ns
[2022-02-20T05:43:58.477+0000][3152][safepoint   ] Safepoint "Cleanup", Time since last: 50599245637 ns, Reaching safepoint: 80065 ns, At safepoint: 6159 ns, Total: 86224 ns
[2022-02-20T05:44:16.702+0000][3152][safepoint   ] Safepoint "Cleanup", Time since last: 18224717948 ns, Reaching safepoint: 67235 ns, At safepoint: 4619 ns, Total: 71854 ns
[2022-02-20T05:46:00.349+0000][3152][gc,start    ] GC(84) Pause Young (Normal) (G1 Evacuation Pause)
[2022-02-20T05:46:00.349+0000][3152][gc,task     ] GC(84) Using 2 workers of 2 for evacuation
[2022-02-20T05:46:00.349+0000][3152][gc,age      ] GC(84) Desired survivor size 37748736 bytes, new threshold 15 (max threshold 15)
[2022-02-20T05:46:00.380+0000][3152][gc,age      ] GC(84) Age table with threshold 15 (max threshold 15)
[2022-02-20T05:46:00.380+0000][3152][gc,age      ] GC(84) - age   1:      11712 bytes,      11712 total
[2022-02-20T05:46:00.380+0000][3152][gc,age      ] GC(84) - age   2:      77360 bytes,      89072 total
[2022-02-20T05:46:00.380+0000][3152][gc,age      ] GC(84) - age   3:      47536 bytes,     136608 total
[2022-02-20T05:46:00.380+0000][3152][gc,age      ] GC(84) - age   4:     183600 bytes,     320208 total
[2022-02-20T05:46:00.380+0000][3152][gc,age      ] GC(84) - age   5:        256 bytes,     320464 total
[2022-02-20T05:46:00.380+0000][3152][gc,age      ] GC(84) - age   6:        168 bytes,     320632 total
[2022-02-20T05:46:00.380+0000][3152][gc,age      ] GC(84) - age   8:     145256 bytes,     465888 total
[2022-02-20T05:46:00.380+0000][3152][gc,age      ] GC(84) - age   9:       8304 bytes,     474192 total
[2022-02-20T05:46:00.380+0000][3152][gc,age      ] GC(84) - age  10:        128 bytes,     474320 total
[2022-02-20T05:46:00.380+0000][3152][gc,age      ] GC(84) - age  11:         80 bytes,     474400 total
[2022-02-20T05:46:00.380+0000][3152][gc,age      ] GC(84) - age  12:      30336 bytes,     504736 total
[2022-02-20T05:46:00.380+0000][3152][gc,age      ] GC(84) - age  13:        984 bytes,     505720 total
[2022-02-20T05:46:00.380+0000][3152][gc,age      ] GC(84) - age  15:       1072 bytes,     506792 total
[2022-02-20T05:46:00.380+0000][3152][gc,phases   ] GC(84)   Pre Evacuate Collection Set: 0.1ms
[2022-02-20T05:46:00.380+0000][3152][gc,phases   ] GC(84)   Merge Heap Roots: 0.1ms
[2022-02-20T05:46:00.380+0000][3152][gc,phases   ] GC(84)   Evacuate Collection Set: 24.1ms
[2022-02-20T05:46:00.380+0000][3152][gc,phases   ] GC(84)   Post Evacuate Collection Set: 1.4ms
[2022-02-20T05:46:00.380+0000][3152][gc,phases   ] GC(84)   Other: 21.5ms
[2022-02-20T05:46:00.380+0000][3152][gc,heap     ] GC(84) Eden regions: 142->0(142)
[2022-02-20T05:46:00.380+0000][3152][gc,heap     ] GC(84) Survivor regions: 1->1(18)
[2022-02-20T05:46:00.380+0000][3152][gc,heap     ] GC(84) Old regions: 19->19
[2022-02-20T05:46:00.380+0000][3152][gc,heap     ] GC(84) Archive regions: 0->0
[2022-02-20T05:46:00.380+0000][3152][gc,heap     ] GC(84) Humongous regions: 5->5
[2022-02-20T05:46:00.380+0000][3152][gc,metaspace] GC(84) Metaspace: 113463K(115328K)->113463K(115328K) NonClass: 97865K(98944K)->97865K(98944K) Class: 15597K(16384K)->15597K(16384K)
[2022-02-20T05:46:00.380+0000][3152][gc          ] GC(84) Pause Young (Normal) (G1 Evacuation Pause) 662M->94M(956M) 27.051ms
[2022-02-20T05:46:00.380+0000][3152][gc,cpu      ] GC(84) User=0.03s Sys=0.00s Real=0.03s
[2022-02-20T05:46:00.380+0000][3152][safepoint   ] Safepoint "G1CollectForAllocation", Time since last: 103632651542 ns, Reaching safepoint: 232499 ns, At safepoint: 47753591 ns, Total: 47986090 ns
[2022-02-20T05:46:31.752+0000][3152][safepoint   ] Safepoint "Cleanup", Time since last: 31365984259 ns, Reaching safepoint: 75447 ns, At safepoint: 6159 ns, Total: 81606 ns
[2022-02-20T05:46:41.831+0000][3152][safepoint   ] Safepoint "Cleanup", Time since last: 10078651282 ns, Reaching safepoint: 57996 ns, At safepoint: 3079 ns, Total: 61075 ns
[2022-02-20T05:46:42.846+0000][3152][safepoint   ] Safepoint "Cleanup", Time since last: 1014969735 ns, Reaching safepoint: 76986 ns, At safepoint: 8212 ns, Total: 85198 ns
[2022-02-20T05:46:57.006+0000][3152][safepoint   ] Safepoint "Cleanup", Time since last: 14158799177 ns, Reaching safepoint: 63642 ns, At safepoint: 5133 ns, Total: 68775 ns
[2022-02-20T05:46:58.006+0000][3152][safepoint   ] Safepoint "Cleanup", Time since last: 1000330528 ns, Reaching safepoint: 64668 ns, At safepoint: 6159 ns, Total: 70827 ns
[2022-02-20T05:48:52.709+0000][3152][gc,start    ] GC(85) Pause Young (Normal) (G1 Evacuation Pause)
[2022-02-20T05:48:52.709+0000][3152][gc,task     ] GC(85) Using 2 workers of 2 for evacuation
[2022-02-20T05:48:52.709+0000][3152][gc,age      ] GC(85) Desired survivor size 37748736 bytes, new threshold 15 (max threshold 15)
[2022-02-20T05:48:52.772+0000][3152][gc,age      ] GC(85) Age table with threshold 15 (max threshold 15)
[2022-02-20T05:48:52.772+0000][3152][gc,age      ] GC(85) - age   1:      34504 bytes,      34504 total
[2022-02-20T05:48:52.772+0000][3152][gc,age      ] GC(85) - age   2:        128 bytes,      34632 total
[2022-02-20T05:48:52.772+0000][3152][gc,age      ] GC(85) - age   3:      71328 bytes,     105960 total
[2022-02-20T05:48:52.772+0000][3152][gc,age      ] GC(85) - age   4:      47504 bytes,     153464 total
[2022-02-20T05:48:52.772+0000][3152][gc,age      ] GC(85) - age   5:     182824 bytes,     336288 total
[2022-02-20T05:48:52.772+0000][3152][gc,age      ] GC(85) - age   6:        128 bytes,     336416 total
[2022-02-20T05:48:52.772+0000][3152][gc,age      ] GC(85) - age   7:        168 bytes,     336584 total
[2022-02-20T05:48:52.772+0000][3152][gc,age      ] GC(85) - age   9:     145256 bytes,     481840 total
[2022-02-20T05:48:52.772+0000][3152][gc,age      ] GC(85) - age  10:       8304 bytes,     490144 total
[2022-02-20T05:48:52.772+0000][3152][gc,age      ] GC(85) - age  11:        128 bytes,     490272 total
[2022-02-20T05:48:52.772+0000][3152][gc,age      ] GC(85) - age  12:         80 bytes,     490352 total
[2022-02-20T05:48:52.772+0000][3152][gc,age      ] GC(85) - age  13:      30336 bytes,     520688 total
[2022-02-20T05:48:52.772+0000][3152][gc,age      ] GC(85) - age  14:        984 bytes,     521672 total
[2022-02-20T05:48:52.772+0000][3152][gc,phases   ] GC(85)   Pre Evacuate Collection Set: 0.1ms
[2022-02-20T05:48:52.772+0000][3152][gc,phases   ] GC(85)   Merge Heap Roots: 0.1ms
[2022-02-20T05:48:52.772+0000][3152][gc,phases   ] GC(85)   Evacuate Collection Set: 55.4ms
[2022-02-20T05:48:52.772+0000][3152][gc,phases   ] GC(85)   Post Evacuate Collection Set: 2.1ms
[2022-02-20T05:48:52.772+0000][3152][gc,phases   ] GC(85)   Other: 1.1ms
[2022-02-20T05:48:52.772+0000][3152][gc,heap     ] GC(85) Eden regions: 142->0(142)
[2022-02-20T05:48:52.772+0000][3152][gc,heap     ] GC(85) Survivor regions: 1->1(18)
[2022-02-20T05:48:52.772+0000][3152][gc,heap     ] GC(85) Old regions: 19->19
[2022-02-20T05:48:52.772+0000][3152][gc,heap     ] GC(85) Archive regions: 0->0
[2022-02-20T05:48:52.772+0000][3152][gc,heap     ] GC(85) Humongous regions: 5->5
[2022-02-20T05:48:52.772+0000][3152][gc,metaspace] GC(85) Metaspace: 113463K(115328K)->113463K(115328K) NonClass: 97866K(98944K)->97866K(98944K) Class: 15597K(16384K)->15597K(16384K)
[2022-02-20T05:48:52.772+0000][3152][gc          ] GC(85) Pause Young (Normal) (G1 Evacuation Pause) 662M->94M(956M) 59.075ms
[2022-02-20T05:48:52.772+0000][3152][gc,cpu      ] GC(85) User=0.06s Sys=0.00s Real=0.06s
[2022-02-20T05:48:52.772+0000][3152][safepoint   ] Safepoint "G1CollectForAllocation", Time since last: 114705080790 ns, Reaching safepoint: 131903 ns, At safepoint: 59289734 ns, Total: 59421637 ns
[2022-02-20T05:49:57.543+0000][3152][safepoint   ] Safepoint "Cleanup", Time since last: 64768201877 ns, Reaching safepoint: 85711 ns, At safepoint: 9239 ns, Total: 94950 ns
[2022-02-20T05:49:58.543+0000][3152][safepoint   ] Safepoint "Cleanup", Time since last: 1000259187 ns, Reaching safepoint: 63642 ns, At safepoint: 6159 ns, Total: 69801 ns
[2022-02-20T05:50:58.353+0000][3152][safepoint   ] Safepoint "Cleanup", Time since last: 59621485959 ns, Reaching safepoint: 171660513 ns, At safepoint: 17233132 ns, Total: 188893645 ns
[2022-02-20T05:51:01.397+0000][3152][safepoint   ] Safepoint "Cleanup", Time since last: 3042386617 ns, Reaching safepoint: 88791 ns, At safepoint: 5133 ns, Total: 93924 ns
[2022-02-20T05:51:02.585+0000][3152][safepoint   ] Safepoint "Cleanup", Time since last: 1000253541 ns, Reaching safepoint: 187150675 ns, At safepoint: 2188464 ns, Total: 189339139 ns
[2022-02-20T05:51:05.613+0000][3152][safepoint   ] Safepoint "Cleanup", Time since last: 3027407132 ns, Reaching safepoint: 79039 ns, At safepoint: 5646 ns, Total: 84685 ns
[2022-02-20T05:51:17.746+0000][3152][safepoint   ] Safepoint "Cleanup", Time since last: 12131575273 ns, Reaching safepoint: 115480 ns, At safepoint: 5132 ns, Total: 120612 ns
[2022-02-20T05:51:28.874+0000][3152][safepoint   ] Safepoint "Cleanup", Time since last: 11127426224 ns, Reaching safepoint: 50298 ns, At safepoint: 3079 ns, Total: 53377 ns
[2022-02-20T05:51:31.917+0000][3152][safepoint   ] Safepoint "Cleanup", Time since last: 3043532174 ns, Reaching safepoint: 64155 ns, At safepoint: 6159 ns, Total: 70314 ns
[2022-02-20T05:51:40.255+0000][3152][gc,start    ] GC(86) Pause Young (Normal) (G1 Evacuation Pause)
[2022-02-20T05:51:40.255+0000][3152][gc,task     ] GC(86) Using 2 workers of 2 for evacuation
[2022-02-20T05:51:40.255+0000][3152][gc,age      ] GC(86) Desired survivor size 37748736 bytes, new threshold 15 (max threshold 15)
[2022-02-20T05:51:40.411+0000][3152][gc,age      ] GC(86) Age table with threshold 15 (max threshold 15)
[2022-02-20T05:51:40.411+0000][3152][gc,age      ] GC(86) - age   1:      78696 bytes,      78696 total
[2022-02-20T05:51:40.411+0000][3152][gc,age      ] GC(86) - age   2:      16248 bytes,      94944 total
[2022-02-20T05:51:40.411+0000][3152][gc,age      ] GC(86) - age   3:        128 bytes,      95072 total
[2022-02-20T05:51:40.411+0000][3152][gc,age      ] GC(86) - age   4:      68752 bytes,     163824 total
[2022-02-20T05:51:40.411+0000][3152][gc,age      ] GC(86) - age   5:      47472 bytes,     211296 total
[2022-02-20T05:51:40.411+0000][3152][gc,age      ] GC(86) - age   6:     182304 bytes,     393600 total
[2022-02-20T05:51:40.411+0000][3152][gc,age      ] GC(86) - age   7:        128 bytes,     393728 total
[2022-02-20T05:51:40.411+0000][3152][gc,age      ] GC(86) - age   8:        168 bytes,     393896 total
[2022-02-20T05:51:40.411+0000][3152][gc,age      ] GC(86) - age  10:     145256 bytes,     539152 total
[2022-02-20T05:51:40.411+0000][3152][gc,age      ] GC(86) - age  11:       8304 bytes,     547456 total
[2022-02-20T05:51:40.411+0000][3152][gc,age      ] GC(86) - age  13:         80 bytes,     547536 total
[2022-02-20T05:51:40.411+0000][3152][gc,age      ] GC(86) - age  14:      30336 bytes,     577872 total
[2022-02-20T05:51:40.411+0000][3152][gc,age      ] GC(86) - age  15:        984 bytes,     578856 total
[2022-02-20T05:51:40.411+0000][3152][gc,phases   ] GC(86)   Pre Evacuate Collection Set: 0.1ms
[2022-02-20T05:51:40.411+0000][3152][gc,phases   ] GC(86)   Merge Heap Roots: 0.1ms
[2022-02-20T05:51:40.411+0000][3152][gc,phases   ] GC(86)   Evacuate Collection Set: 121.3ms
[2022-02-20T05:51:40.411+0000][3152][gc,phases   ] GC(86)   Post Evacuate Collection Set: 34.6ms
[2022-02-20T05:51:40.411+0000][3152][gc,phases   ] GC(86)   Other: 1.2ms
[2022-02-20T05:51:40.411+0000][3152][gc,heap     ] GC(86) Eden regions: 142->0(142)
[2022-02-20T05:51:40.411+0000][3152][gc,heap     ] GC(86) Survivor regions: 1->1(18)
[2022-02-20T05:51:40.411+0000][3152][gc,heap     ] GC(86) Old regions: 19->19
[2022-02-20T05:51:40.411+0000][3152][gc,heap     ] GC(86) Archive regions: 0->0
[2022-02-20T05:51:40.411+0000][3152][gc,heap     ] GC(86) Humongous regions: 5->5
[2022-02-20T05:51:40.411+0000][3152][gc,metaspace] GC(86) Metaspace: 113505K(115392K)->113505K(115392K) NonClass: 97908K(99008K)->97908K(99008K) Class: 15597K(16384K)->15597K(16384K)
[2022-02-20T05:51:40.411+0000][3152][gc          ] GC(86) Pause Young (Normal) (G1 Evacuation Pause) 662M->94M(956M) 157.911ms
[2022-02-20T05:51:40.411+0000][3152][gc,cpu      ] GC(86) User=0.03s Sys=0.00s Real=0.16s
[2022-02-20T05:51:40.411+0000][3152][safepoint   ] Safepoint "G1CollectForAllocation", Time since last: 8346413310 ns, Reaching safepoint: 44652 ns, At safepoint: 158201251 ns, Total: 158245903 ns
[2022-02-20T05:54:32.828+0000][3152][gc,start    ] GC(87) Pause Young (Normal) (G1 Evacuation Pause)
[2022-02-20T05:54:32.828+0000][3152][gc,task     ] GC(87) Using 2 workers of 2 for evacuation
[2022-02-20T05:54:32.828+0000][3152][gc,age      ] GC(87) Desired survivor size 37748736 bytes, new threshold 15 (max threshold 15)
[2022-02-20T05:54:32.844+0000][3152][gc,age      ] GC(87) Age table with threshold 15 (max threshold 15)
[2022-02-20T05:54:32.844+0000][3152][gc,age      ] GC(87) - age   1:      11832 bytes,      11832 total
[2022-02-20T05:54:32.844+0000][3152][gc,age      ] GC(87) - age   2:      66632 bytes,      78464 total
[2022-02-20T05:54:32.844+0000][3152][gc,age      ] GC(87) - age   3:      16120 bytes,      94584 total
[2022-02-20T05:54:32.844+0000][3152][gc,age      ] GC(87) - age   4:        128 bytes,      94712 total
[2022-02-20T05:54:32.844+0000][3152][gc,age      ] GC(87) - age   5:      68752 bytes,     163464 total
[2022-02-20T05:54:32.844+0000][3152][gc,age      ] GC(87) - age   6:      47472 bytes,     210936 total
[2022-02-20T05:54:32.844+0000][3152][gc,age      ] GC(87) - age   7:     181184 bytes,     392120 total
[2022-02-20T05:54:32.844+0000][3152][gc,age      ] GC(87) - age   8:        128 bytes,     392248 total
[2022-02-20T05:54:32.844+0000][3152][gc,age      ] GC(87) - age   9:        168 bytes,     392416 total
[2022-02-20T05:54:32.844+0000][3152][gc,age      ] GC(87) - age  11:     145256 bytes,     537672 total
[2022-02-20T05:54:32.844+0000][3152][gc,age      ] GC(87) - age  12:       8304 bytes,     545976 total
[2022-02-20T05:54:32.844+0000][3152][gc,age      ] GC(87) - age  14:         80 bytes,     546056 total
[2022-02-20T05:54:32.844+0000][3152][gc,age      ] GC(87) - age  15:      30336 bytes,     576392 total
[2022-02-20T05:54:32.844+0000][3152][gc,phases   ] GC(87)   Pre Evacuate Collection Set: 0.1ms
[2022-02-20T05:54:32.844+0000][3152][gc,phases   ] GC(87)   Merge Heap Roots: 0.1ms
[2022-02-20T05:54:32.844+0000][3152][gc,phases   ] GC(87)   Evacuate Collection Set: 12.0ms
[2022-02-20T05:54:32.844+0000][3152][gc,phases   ] GC(87)   Post Evacuate Collection Set: 1.1ms
[2022-02-20T05:54:32.844+0000][3152][gc,phases   ] GC(87)   Other: 0.9ms
[2022-02-20T05:54:32.844+0000][3152][gc,heap     ] GC(87) Eden regions: 142->0(142)
[2022-02-20T05:54:32.844+0000][3152][gc,heap     ] GC(87) Survivor regions: 1->1(18)
[2022-02-20T05:54:32.844+0000][3152][gc,heap     ] GC(87) Old regions: 19->19
[2022-02-20T05:54:32.844+0000][3152][gc,heap     ] GC(87) Archive regions: 0->0
[2022-02-20T05:54:32.844+0000][3152][gc,heap     ] GC(87) Humongous regions: 5->5
[2022-02-20T05:54:32.844+0000][3152][gc,metaspace] GC(87) Metaspace: 113509K(115392K)->113509K(115392K) NonClass: 97912K(99008K)->97912K(99008K) Class: 15597K(16384K)->15597K(16384K)
[2022-02-20T05:54:32.844+0000][3152][gc          ] GC(87) Pause Young (Normal) (G1 Evacuation Pause) 662M->94M(956M) 14.524ms
[2022-02-20T05:54:32.844+0000][3152][gc,cpu      ] GC(87) User=0.02s Sys=0.00s Real=0.02s
[2022-02-20T05:54:32.844+0000][3152][safepoint   ] Safepoint "G1CollectForAllocation", Time since last: 172409879808 ns, Reaching safepoint: 113427 ns, At safepoint: 14737235 ns, Total: 14850662 ns
[2022-02-20T05:56:20.030+0000][3152][safepoint   ] Safepoint "Cleanup", Time since last: 107176258650 ns, Reaching safepoint: 138575 ns, At safepoint: 6672 ns, Total: 145247 ns
[2022-02-20T05:57:25.121+0000][3152][gc,start    ] GC(88) Pause Young (Normal) (G1 Evacuation Pause)
[2022-02-20T05:57:25.121+0000][3152][gc,task     ] GC(88) Using 2 workers of 2 for evacuation
[2022-02-20T05:57:25.121+0000][3152][gc,age      ] GC(88) Desired survivor size 37748736 bytes, new threshold 15 (max threshold 15)
[2022-02-20T05:57:25.215+0000][3152][gc,age      ] GC(88) Age table with threshold 15 (max threshold 15)
[2022-02-20T05:57:25.215+0000][3152][gc,age      ] GC(88) - age   1:      37960 bytes,      37960 total
[2022-02-20T05:57:25.215+0000][3152][gc,age      ] GC(88) - age   2:        256 bytes,      38216 total
[2022-02-20T05:57:25.215+0000][3152][gc,age      ] GC(88) - age   3:      59448 bytes,      97664 total
[2022-02-20T05:57:25.215+0000][3152][gc,age      ] GC(88) - age   4:        232 bytes,      97896 total
[2022-02-20T05:57:25.215+0000][3152][gc,age      ] GC(88) - age   6:      68752 bytes,     166648 total
[2022-02-20T05:57:25.215+0000][3152][gc,age      ] GC(88) - age   7:      47120 bytes,     213768 total
[2022-02-20T05:57:25.215+0000][3152][gc,age      ] GC(88) - age   8:     181184 bytes,     394952 total
[2022-02-20T05:57:25.215+0000][3152][gc,age      ] GC(88) - age   9:        128 bytes,     395080 total
[2022-02-20T05:57:25.215+0000][3152][gc,age      ] GC(88) - age  10:        168 bytes,     395248 total
[2022-02-20T05:57:25.215+0000][3152][gc,age      ] GC(88) - age  12:     145256 bytes,     540504 total
[2022-02-20T05:57:25.215+0000][3152][gc,age      ] GC(88) - age  13:       8304 bytes,     548808 total
[2022-02-20T05:57:25.215+0000][3152][gc,age      ] GC(88) - age  15:         80 bytes,     548888 total
[2022-02-20T05:57:25.215+0000][3152][gc,phases   ] GC(88)   Pre Evacuate Collection Set: 0.1ms
[2022-02-20T05:57:25.215+0000][3152][gc,phases   ] GC(88)   Merge Heap Roots: 0.1ms
[2022-02-20T05:57:25.215+0000][3152][gc,phases   ] GC(88)   Evacuate Collection Set: 63.8ms
[2022-02-20T05:57:25.215+0000][3152][gc,phases   ] GC(88)   Post Evacuate Collection Set: 24.5ms
[2022-02-20T05:57:25.215+0000][3152][gc,phases   ] GC(88)   Other: 1.5ms
[2022-02-20T05:57:25.215+0000][3152][gc,heap     ] GC(88) Eden regions: 142->0(142)
[2022-02-20T05:57:25.215+0000][3152][gc,heap     ] GC(88) Survivor regions: 1->1(18)
[2022-02-20T05:57:25.215+0000][3152][gc,heap     ] GC(88) Old regions: 19->19
[2022-02-20T05:57:25.215+0000][3152][gc,heap     ] GC(88) Archive regions: 0->0
[2022-02-20T05:57:25.215+0000][3152][gc,heap     ] GC(88) Humongous regions: 5->5
[2022-02-20T05:57:25.215+0000][3152][gc,metaspace] GC(88) Metaspace: 113510K(115392K)->113510K(115392K) NonClass: 97913K(99008K)->97913K(99008K) Class: 15597K(16384K)->15597K(16384K)
[2022-02-20T05:57:25.215+0000][3152][gc          ] GC(88) Pause Young (Normal) (G1 Evacuation Pause) 662M->94M(956M) 90.945ms
[2022-02-20T05:57:25.215+0000][3152][gc,cpu      ] GC(88) User=0.03s Sys=0.00s Real=0.09s
[2022-02-20T05:57:25.215+0000][3152][safepoint   ] Safepoint "G1CollectForAllocation", Time since last: 65094397038 ns, Reaching safepoint: 91357 ns, At safepoint: 91351459 ns, Total: 91442816 ns
[2022-02-20T05:57:28.257+0000][3152][safepoint   ] Safepoint "Cleanup", Time since last: 3039666947 ns, Reaching safepoint: 92384 ns, At safepoint: 7185 ns, Total: 99569 ns
[2022-02-20T05:58:35.979+0000][3152][safepoint   ] Safepoint "Cleanup", Time since last: 67689087651 ns, Reaching safepoint: 31251828 ns, At safepoint: 1978035 ns, Total: 33229863 ns
[2022-02-20T05:58:37.994+0000][3152][safepoint   ] Safepoint "Cleanup", Time since last: 2019734675 ns, Reaching safepoint: 46192 ns, At safepoint: 4106 ns, Total: 50298 ns
[2022-02-20T05:58:40.100+0000][3152][safepoint   ] Safepoint "Cleanup", Time since last: 2021518190 ns, Reaching safepoint: 78154977 ns, At safepoint: 691337 ns, Total: 78846314 ns
[2022-02-20T05:58:42.128+0000][3152][safepoint   ] Safepoint "Cleanup", Time since last: 2027201835 ns, Reaching safepoint: 75960 ns, At safepoint: 12317 ns, Total: 88277 ns
[2022-02-20T05:58:44.157+0000][3152][safepoint   ] Safepoint "Cleanup", Time since last: 2029539140 ns, Reaching safepoint: 70827 ns, At safepoint: 4619 ns, Total: 75446 ns
[2022-02-20T05:59:02.383+0000][3152][safepoint   ] Safepoint "Cleanup", Time since last: 18224606574 ns, Reaching safepoint: 63129 ns, At safepoint: 8212 ns, Total: 71341 ns
[2022-02-20T06:00:12.748+0000][3152][gc,start    ] GC(89) Pause Young (Normal) (G1 Evacuation Pause)
[2022-02-20T06:00:12.748+0000][3152][gc,task     ] GC(89) Using 2 workers of 2 for evacuation
[2022-02-20T06:00:12.748+0000][3152][gc,age      ] GC(89) Desired survivor size 37748736 bytes, new threshold 15 (max threshold 15)
[2022-02-20T06:00:12.795+0000][3152][gc,age      ] GC(89) Age table with threshold 15 (max threshold 15)
[2022-02-20T06:00:12.795+0000][3152][gc,age      ] GC(89) - age   1:      57072 bytes,      57072 total
[2022-02-20T06:00:12.795+0000][3152][gc,age      ] GC(89) - age   2:      18856 bytes,      75928 total
[2022-02-20T06:00:12.795+0000][3152][gc,age      ] GC(89) - age   3:        128 bytes,      76056 total
[2022-02-20T06:00:12.795+0000][3152][gc,age      ] GC(89) - age   4:      56824 bytes,     132880 total
[2022-02-20T06:00:12.795+0000][3152][gc,age      ] GC(89) - age   5:        232 bytes,     133112 total
[2022-02-20T06:00:12.795+0000][3152][gc,age      ] GC(89) - age   7:      67456 bytes,     200568 total
[2022-02-20T06:00:12.795+0000][3152][gc,age      ] GC(89) - age   8:      38688 bytes,     239256 total
[2022-02-20T06:00:12.795+0000][3152][gc,age      ] GC(89) - age   9:     181184 bytes,     420440 total
[2022-02-20T06:00:12.795+0000][3152][gc,age      ] GC(89) - age  10:        128 bytes,     420568 total
[2022-02-20T06:00:12.795+0000][3152][gc,age      ] GC(89) - age  11:        168 bytes,     420736 total
[2022-02-20T06:00:12.795+0000][3152][gc,age      ] GC(89) - age  13:     145256 bytes,     565992 total
[2022-02-20T06:00:12.795+0000][3152][gc,age      ] GC(89) - age  14:       8304 bytes,     574296 total
[2022-02-20T06:00:12.795+0000][3152][gc,phases   ] GC(89)   Pre Evacuate Collection Set: 0.1ms
[2022-02-20T06:00:12.795+0000][3152][gc,phases   ] GC(89)   Merge Heap Roots: 0.1ms
[2022-02-20T06:00:12.795+0000][3152][gc,phases   ] GC(89)   Evacuate Collection Set: 56.2ms
[2022-02-20T06:00:12.795+0000][3152][gc,phases   ] GC(89)   Post Evacuate Collection Set: 1.5ms
[2022-02-20T06:00:12.795+0000][3152][gc,phases   ] GC(89)   Other: 0.8ms
[2022-02-20T06:00:12.795+0000][3152][gc,heap     ] GC(89) Eden regions: 142->0(142)
[2022-02-20T06:00:12.795+0000][3152][gc,heap     ] GC(89) Survivor regions: 1->1(18)
[2022-02-20T06:00:12.795+0000][3152][gc,heap     ] GC(89) Old regions: 19->19
[2022-02-20T06:00:12.795+0000][3152][gc,heap     ] GC(89) Archive regions: 0->0
[2022-02-20T06:00:12.795+0000][3152][gc,heap     ] GC(89) Humongous regions: 5->5
[2022-02-20T06:00:12.795+0000][3152][gc,metaspace] GC(89) Metaspace: 113558K(115456K)->113558K(115456K) NonClass: 97959K(99072K)->97959K(99072K) Class: 15598K(16384K)->15598K(16384K)
[2022-02-20T06:00:12.811+0000][3152][gc          ] GC(89) Pause Young (Normal) (G1 Evacuation Pause) 662M->94M(956M) 74.321ms
[2022-02-20T06:00:12.811+0000][3152][gc,cpu      ] GC(89) User=0.02s Sys=0.00s Real=0.06s
[2022-02-20T06:00:12.811+0000][3152][safepoint   ] Safepoint "G1CollectForAllocation", Time since last: 70366770034 ns, Reaching safepoint: 44652 ns, At safepoint: 74557149 ns, Total: 74601801 ns
[2022-02-20T06:02:02.472+0000][3152][safepoint   ] Safepoint "Cleanup", Time since last: 109643683683 ns, Reaching safepoint: 118045 ns, At safepoint: 13345 ns, Total: 131390 ns
[2022-02-20T06:02:28.773+0000][3152][safepoint   ] Safepoint "Cleanup", Time since last: 26299708273 ns, Reaching safepoint: 80579 ns, At safepoint: 10265 ns, Total: 90844 ns
[2022-02-20T06:03:05.038+0000][3152][gc,start    ] GC(90) Pause Young (Normal) (G1 Evacuation Pause)
[2022-02-20T06:03:05.038+0000][3152][gc,task     ] GC(90) Using 2 workers of 2 for evacuation
[2022-02-20T06:03:05.038+0000][3152][gc,age      ] GC(90) Desired survivor size 37748736 bytes, new threshold 15 (max threshold 15)
[2022-02-20T06:03:05.256+0000][3152][gc,age      ] GC(90) Age table with threshold 15 (max threshold 15)
[2022-02-20T06:03:05.256+0000][3152][gc,age      ] GC(90) - age   1:      11640 bytes,      11640 total
[2022-02-20T06:03:05.256+0000][3152][gc,age      ] GC(90) - age   2:      45040 bytes,      56680 total
[2022-02-20T06:03:05.256+0000][3152][gc,age      ] GC(90) - age   3:      18856 bytes,      75536 total
[2022-02-20T06:03:05.256+0000][3152][gc,age      ] GC(90) - age   4:        128 bytes,      75664 total
[2022-02-20T06:03:05.256+0000][3152][gc,age      ] GC(90) - age   5:      56824 bytes,     132488 total
[2022-02-20T06:03:05.256+0000][3152][gc,age      ] GC(90) - age   6:        232 bytes,     132720 total
[2022-02-20T06:03:05.256+0000][3152][gc,age      ] GC(90) - age   8:      67456 bytes,     200176 total
[2022-02-20T06:03:05.256+0000][3152][gc,age      ] GC(90) - age   9:      38688 bytes,     238864 total
[2022-02-20T06:03:05.256+0000][3152][gc,age      ] GC(90) - age  10:     181184 bytes,     420048 total
[2022-02-20T06:03:05.256+0000][3152][gc,age      ] GC(90) - age  11:        128 bytes,     420176 total
[2022-02-20T06:03:05.256+0000][3152][gc,age      ] GC(90) - age  12:        168 bytes,     420344 total
[2022-02-20T06:03:05.256+0000][3152][gc,age      ] GC(90) - age  14:     145256 bytes,     565600 total
[2022-02-20T06:03:05.256+0000][3152][gc,age      ] GC(90) - age  15:       8304 bytes,     573904 total
[2022-02-20T06:03:05.256+0000][3152][gc,mmu      ] GC(90) MMU target violated: 201.0ms (200.0ms/201.0ms)
[2022-02-20T06:03:05.256+0000][3152][gc,phases   ] GC(90)   Pre Evacuate Collection Set: 0.1ms
[2022-02-20T06:03:05.256+0000][3152][gc,phases   ] GC(90)   Merge Heap Roots: 0.1ms
[2022-02-20T06:03:05.256+0000][3152][gc,phases   ] GC(90)   Evacuate Collection Set: 216.2ms
[2022-02-20T06:03:05.256+0000][3152][gc,phases   ] GC(90)   Post Evacuate Collection Set: 1.1ms
[2022-02-20T06:03:05.256+0000][3152][gc,phases   ] GC(90)   Other: 1.0ms
[2022-02-20T06:03:05.256+0000][3152][gc,heap     ] GC(90) Eden regions: 142->0(142)
[2022-02-20T06:03:05.256+0000][3152][gc,heap     ] GC(90) Survivor regions: 1->1(18)
[2022-02-20T06:03:05.256+0000][3152][gc,heap     ] GC(90) Old regions: 19->19
[2022-02-20T06:03:05.256+0000][3152][gc,heap     ] GC(90) Archive regions: 0->0
[2022-02-20T06:03:05.256+0000][3152][gc,heap     ] GC(90) Humongous regions: 5->5
[2022-02-20T06:03:05.256+0000][3152][gc,metaspace] GC(90) Metaspace: 113558K(115456K)->113558K(115456K) NonClass: 97960K(99072K)->97960K(99072K) Class: 15598K(16384K)->15598K(16384K)
[2022-02-20T06:03:05.256+0000][3152][gc          ] GC(90) Pause Young (Normal) (G1 Evacuation Pause) 662M->94M(956M) 218.846ms
[2022-02-20T06:03:05.256+0000][3152][gc,cpu      ] GC(90) User=0.03s Sys=0.00s Real=0.22s
[2022-02-20T06:03:05.272+0000][3152][safepoint   ] Safepoint "G1CollectForAllocation", Time since last: 36272419187 ns, Reaching safepoint: 81606 ns, At safepoint: 232686032 ns, Total: 232767638 ns
