[2022-02-19T17:01:49.832+0000][4672][gc] Using G1
[2022-02-19T17:04:46.217+0000][4672][gc,init] Version: 17.0.1+12 (release)
[2022-02-19T17:05:00.993+0000][4672][gc,init] CPUs: 2 total, 2 available
[2022-02-19T17:05:01.601+0000][4672][gc,init] Memory: 1908M
[2022-02-19T17:05:01.601+0000][4672][gc,init] Large Page Support: Disabled
[2022-02-19T17:05:01.601+0000][4672][gc,init] NUMA Support: Disabled
[2022-02-19T17:05:02.225+0000][4672][gc,init] Compressed Oops: Enabled (32-bit)
[2022-02-19T17:05:02.225+0000][4672][gc,init] Heap Region Size: 4M
[2022-02-19T17:05:02.225+0000][4672][gc,init] Heap Min Capacity: 956M
[2022-02-19T17:05:02.225+0000][4672][gc,init] Heap Initial Capacity: 956M
[2022-02-19T17:05:02.225+0000][4672][gc,init] Heap Max Capacity: 956M
[2022-02-19T17:05:03.255+0000][4672][gc,init] Pre-touch: Enabled
[2022-02-19T17:05:03.255+0000][4672][gc,init] Parallel Workers: 2
[2022-02-19T17:05:03.255+0000][4672][gc,init] Concurrent Workers: 1
[2022-02-19T17:05:03.255+0000][4672][gc,init] Concurrent Refinement Workers: 2
[2022-02-19T17:05:03.255+0000][4672][gc,init] Periodic GC: Disabled
[2022-02-19T17:05:24.783+0000][4672][gc,metaspace] CDS archive(s) mapped at: [0x0000000800000000-0x0000000800bc0000-0x0000000800bc0000), size 12320768, SharedBaseAddress: 0x0000000800000000, ArchiveRelocationMode: 0.
[2022-02-19T17:05:24.783+0000][4672][gc,metaspace] Compressed class space mapped at: 0x0000000800c00000-0x0000000840c00000, reserved size: 1073741824
[2022-02-19T17:05:24.783+0000][4672][gc,metaspace] Narrow klass base: 0x0000000800000000, Narrow klass shift: 0, Narrow klass range: 0x100000000
[2022-02-19T17:10:35.984+0000][4672][safepoint   ] Safepoint "Cleanup", Time since last: 81002820793 ns, Reaching safepoint: 5458622718 ns, At safepoint: 153460 ns, Total: 5458776178 ns
[2022-02-19T17:10:38.162+0000][4672][safepoint   ] Safepoint "Cleanup", Time since last: 1999527815 ns, Reaching safepoint: 178060530 ns, At safepoint: 24123 ns, Total: 178084653 ns
[2022-02-19T17:10:56.452+0000][4672][safepoint   ] Safepoint "Cleanup", Time since last: 18000654387 ns, Reaching safepoint: 289097962 ns, At safepoint: 40546 ns, Total: 289138508 ns
[2022-02-19T17:10:58.465+0000][4672][safepoint   ] Safepoint "Cleanup", Time since last: 1999940977 ns, Reaching safepoint: 13103653 ns, At safepoint: 17963 ns, Total: 13121616 ns
[2022-02-19T17:11:11.905+0000][4672][safepoint   ] Safepoint "Cleanup", Time since last: 13000433179 ns, Reaching safepoint: 429671092 ns, At safepoint: 9448837 ns, Total: 439119929 ns
[2022-02-19T17:11:24.589+0000][4672][safepoint   ] Safepoint "Cleanup", Time since last: 12683380825 ns, Reaching safepoint: 101623 ns, At safepoint: 7699 ns, Total: 109322 ns
[2022-02-19T17:11:28.589+0000][4672][safepoint   ] Safepoint "Cleanup", Time since last: 4000057996 ns, Reaching safepoint: 52864 ns, At safepoint: 4620 ns, Total: 57484 ns
[2022-02-19T17:11:30.589+0000][4672][safepoint   ] Safepoint "Cleanup", Time since last: 2000019503 ns, Reaching safepoint: 106755 ns, At safepoint: 7185 ns, Total: 113940 ns
[2022-02-19T17:11:34.662+0000][4672][safepoint   ] Safepoint "Cleanup", Time since last: 4000048245 ns, Reaching safepoint: 73054238 ns, At safepoint: 128824 ns, Total: 73183062 ns
[2022-02-19T17:12:03.024+0000][4672][safepoint   ] Safepoint "Cleanup", Time since last: 28000947963 ns, Reaching safepoint: 360084850 ns, At safepoint: 42086 ns, Total: 360126936 ns
[2022-02-19T17:12:07.024+0000][4672][safepoint   ] Safepoint "Cleanup", Time since last: 4000052864 ns, Reaching safepoint: 89305 ns, At safepoint: 7185 ns, Total: 96490 ns
[2022-02-19T17:12:23.025+0000][4672][safepoint   ] Safepoint "Cleanup", Time since last: 16000558411 ns, Reaching safepoint: 60563 ns, At safepoint: 7698 ns, Total: 68261 ns
[2022-02-19T17:12:30.025+0000][4672][safepoint   ] Safepoint "Cleanup", Time since last: 7000196573 ns, Reaching safepoint: 105728 ns, At safepoint: 7186 ns, Total: 112914 ns
[2022-02-19T17:12:31.468+0000][4672][safepoint   ] Safepoint "Cleanup", Time since last: 1443059596 ns, Reaching safepoint: 41059 ns, At safepoint: 132931 ns, Total: 173990 ns
[2022-02-19T17:12:33.063+0000][4672][safepoint   ] Safepoint "Cleanup", Time since last: 1589760356 ns, Reaching safepoint: 5008756 ns, At safepoint: 14884 ns, Total: 5023640 ns
[2022-02-19T17:12:35.288+0000][4672][safepoint   ] Safepoint "Cleanup", Time since last: 2000064668 ns, Reaching safepoint: 224250509 ns, At safepoint: 544040 ns, Total: 224794549 ns
[2022-02-19T17:12:37.473+0000][4672][safepoint   ] Safepoint "Cleanup", Time since last: 2000328476 ns, Reaching safepoint: 184003392 ns, At safepoint: 63642 ns, Total: 184067034 ns
[2022-02-19T17:12:39.563+0000][4672][safepoint   ] Safepoint "Cleanup", Time since last: 1999968692 ns, Reaching safepoint: 90088833 ns, At safepoint: 20529 ns, Total: 90109362 ns
[2022-02-19T17:12:41.563+0000][4672][safepoint   ] Safepoint "Cleanup", Time since last: 2000322318 ns, Reaching safepoint: 53378 ns, At safepoint: 4106 ns, Total: 57484 ns
[2022-02-19T17:12:43.563+0000][4672][safepoint   ] Safepoint "Cleanup", Time since last: 1999710529 ns, Reaching safepoint: 84173 ns, At safepoint: 6159 ns, Total: 90332 ns
[2022-02-19T17:12:45.563+0000][4672][safepoint   ] Safepoint "Cleanup", Time since last: 2000020529 ns, Reaching safepoint: 69802 ns, At safepoint: 6159 ns, Total: 75961 ns
[2022-02-19T17:12:49.540+0000][4672][safepoint   ] Safepoint "ICBufferFull", Time since last: 3977446484 ns, Reaching safepoint: 72367 ns, At safepoint: 18477 ns, Total: 90844 ns
[2022-02-19T17:12:49.544+0000][4672][safepoint   ] Safepoint "ICBufferFull", Time since last: 3485445 ns, Reaching safepoint: 36954 ns, At safepoint: 5646 ns, Total: 42600 ns
[2022-02-19T17:12:50.590+0000][4672][safepoint   ] Safepoint "Cleanup", Time since last: 1000171423 ns, Reaching safepoint: 45850724 ns, At safepoint: 126258 ns, Total: 45976982 ns
[2022-02-19T17:12:52.591+0000][4672][safepoint   ] Safepoint "Cleanup", Time since last: 1999949189 ns, Reaching safepoint: 112914 ns, At safepoint: 7185 ns, Total: 120099 ns
[2022-02-19T17:12:55.199+0000][4672][safepoint   ] Safepoint "Cleanup", Time since last: 2000136524 ns, Reaching safepoint: 607905612 ns, At safepoint: 40033 ns, Total: 607945645 ns
[2022-02-19T17:12:57.263+0000][4672][safepoint   ] Safepoint "Cleanup", Time since last: 1999991788 ns, Reaching safepoint: 64030881 ns, At safepoint: 859172 ns, Total: 64890053 ns
[2022-02-19T17:12:58.264+0000][4672][safepoint   ] Safepoint "Cleanup", Time since last: 1000115480 ns, Reaching safepoint: 67235 ns, At safepoint: 4106 ns, Total: 71341 ns
[2022-02-19T17:13:00.264+0000][4672][safepoint   ] Safepoint "Cleanup", Time since last: 2000039520 ns, Reaching safepoint: 126771 ns, At safepoint: 17964 ns, Total: 144735 ns
[2022-02-19T17:13:01.882+0000][4672][safepoint   ] Safepoint "Cleanup", Time since last: 1617920044 ns, Reaching safepoint: 92898 ns, At safepoint: 7698 ns, Total: 100596 ns
[2022-02-19T17:13:09.235+0000][4672][safepoint   ] Safepoint "Cleanup", Time since last: 7000187848 ns, Reaching safepoint: 352083876 ns, At safepoint: 42086 ns, Total: 352125962 ns
[2022-02-19T17:13:11.235+0000][4672][safepoint   ] Safepoint "Cleanup", Time since last: 1999939438 ns, Reaching safepoint: 54917 ns, At safepoint: 6672 ns, Total: 61589 ns
[2022-02-19T17:13:12.290+0000][4672][safepoint   ] Safepoint "Cleanup", Time since last: 1000105728 ns, Reaching safepoint: 54920273 ns, At safepoint: 64156 ns, Total: 54984429 ns
[2022-02-19T17:13:14.290+0000][4672][safepoint   ] Safepoint "Cleanup", Time since last: 1999987168 ns, Reaching safepoint: 94951 ns, At safepoint: 17963 ns, Total: 112914 ns
[2022-02-19T17:13:16.000+0000][4672][safepoint   ] Safepoint "Cleanup", Time since last: 1709707718 ns, Reaching safepoint: 51324 ns, At safepoint: 963874 ns, Total: 1015198 ns
[2022-02-19T17:13:20.987+0000][4672][safepoint   ] Safepoint "Cleanup", Time since last: 4621422427 ns, Reaching safepoint: 364999169 ns, At safepoint: 272019 ns, Total: 365271188 ns
[2022-02-19T17:13:22.987+0000][4672][safepoint   ] Safepoint "Cleanup", Time since last: 1999838841 ns, Reaching safepoint: 131904 ns, At safepoint: 7186 ns, Total: 139090 ns
[2022-02-19T17:13:27.341+0000][4672][safepoint   ] Safepoint "Cleanup", Time since last: 4122017278 ns, Reaching safepoint: 231077177 ns, At safepoint: 40547 ns, Total: 231117724 ns
[2022-02-19T17:13:29.426+0000][4672][safepoint   ] Safepoint "Cleanup", Time since last: 1999995380 ns, Reaching safepoint: 85053388 ns, At safepoint: 20530 ns, Total: 85073918 ns
[2022-02-19T17:13:31.069+0000][4672][safepoint   ] Safepoint "Cleanup", Time since last: 1598931014 ns, Reaching safepoint: 44049234 ns, At safepoint: 16424 ns, Total: 44065658 ns
[2022-02-19T17:13:35.492+0000][4672][safepoint   ] Safepoint "Cleanup", Time since last: 4000139089 ns, Reaching safepoint: 423134920 ns, At safepoint: 425480 ns, Total: 423560400 ns
[2022-02-19T17:13:41.058+0000][4672][safepoint   ] Safepoint "Cleanup", Time since last: 5565642983 ns, Reaching safepoint: 80066 ns, At safepoint: 4619 ns, Total: 84685 ns
[2022-02-19T17:13:42.545+0000][4672][safepoint   ] Safepoint "Cleanup", Time since last: 1487439360 ns, Reaching safepoint: 93411 ns, At safepoint: 17450 ns, Total: 110861 ns
[2022-02-19T17:13:44.546+0000][4672][safepoint   ] Safepoint "Cleanup", Time since last: 1999599669 ns, Reaching safepoint: 90845 ns, At safepoint: 5132 ns, Total: 95977 ns
[2022-02-19T17:13:46.582+0000][4672][safepoint   ] Safepoint "Cleanup", Time since last: 2000005646 ns, Reaching safepoint: 35975380 ns, At safepoint: 18477 ns, Total: 35993857 ns
[2022-02-19T17:13:48.582+0000][4672][safepoint   ] Safepoint "Cleanup", Time since last: 2000011292 ns, Reaching safepoint: 98029 ns, At safepoint: 7186 ns, Total: 105215 ns
[2022-02-19T17:13:50.583+0000][4672][safepoint   ] Safepoint "Cleanup", Time since last: 1999957914 ns, Reaching safepoint: 172450 ns, At safepoint: 1389354 ns, Total: 1561804 ns
[2022-02-19T17:13:51.809+0000][4672][safepoint   ] Safepoint "Cleanup", Time since last: 1225510011 ns, Reaching safepoint: 87252 ns, At safepoint: 7185 ns, Total: 94437 ns
[2022-02-19T17:13:53.809+0000][4672][safepoint   ] Safepoint "Cleanup", Time since last: 1999981010 ns, Reaching safepoint: 122666 ns, At safepoint: 7698 ns, Total: 130364 ns
[2022-02-19T17:13:58.017+0000][4672][safepoint   ] Safepoint "Cleanup", Time since last: 4208288082 ns, Reaching safepoint: 31822 ns, At safepoint: 336688 ns, Total: 368510 ns
[2022-02-19T17:13:59.019+0000][4672][safepoint   ] Safepoint "Cleanup", Time since last: 1001184569 ns, Reaching safepoint: 72881 ns, At safepoint: 1054718 ns, Total: 1127599 ns
[2022-02-19T17:13:59.906+0000][4672][gc,start    ] GC(0) Pause Young (Normal) (G1 Evacuation Pause)
[2022-02-19T17:13:59.931+0000][4672][gc,task     ] GC(0) Using 2 workers of 2 for evacuation
[2022-02-19T17:13:59.932+0000][4672][gc,age      ] GC(0) Desired survivor size 4194304 bytes, new threshold 15 (max threshold 15)
[2022-02-19T17:14:00.007+0000][4672][gc,age      ] GC(0) Age table with threshold 15 (max threshold 15)
[2022-02-19T17:14:00.007+0000][4672][gc,age      ] GC(0) - age   1:    6169056 bytes,    6169056 total
[2022-02-19T17:14:00.021+0000][4672][gc,phases   ] GC(0)   Pre Evacuate Collection Set: 0.5ms
[2022-02-19T17:14:00.022+0000][4672][gc,phases   ] GC(0)   Merge Heap Roots: 0.4ms
[2022-02-19T17:14:00.022+0000][4672][gc,phases   ] GC(0)   Evacuate Collection Set: 46.4ms
[2022-02-19T17:14:00.022+0000][4672][gc,phases   ] GC(0)   Post Evacuate Collection Set: 27.7ms
[2022-02-19T17:14:00.038+0000][4672][gc,phases   ] GC(0)   Other: 27.0ms
[2022-02-19T17:14:00.038+0000][4672][gc,heap     ] GC(0) Eden regions: 11->0(9)
[2022-02-19T17:14:00.038+0000][4672][gc,heap     ] GC(0) Survivor regions: 0->2(2)
[2022-02-19T17:14:00.038+0000][4672][gc,heap     ] GC(0) Old regions: 0->0
[2022-02-19T17:14:00.038+0000][4672][gc,heap     ] GC(0) Archive regions: 0->0
[2022-02-19T17:14:00.038+0000][4672][gc,heap     ] GC(0) Humongous regions: 0->0
[2022-02-19T17:14:00.038+0000][4672][gc,metaspace] GC(0) Metaspace: 11741K(12032K)->11741K(12032K) NonClass: 10296K(10432K)->10296K(10432K) Class: 1444K(1600K)->1444K(1600K)
[2022-02-19T17:14:00.044+0000][4672][gc          ] GC(0) Pause Young (Normal) (G1 Evacuation Pause) 44M->5M(956M) 137.720ms
[2022-02-19T17:14:00.044+0000][4672][gc,cpu      ] GC(0) User=0.03s Sys=0.02s Real=0.14s
[2022-02-19T17:14:00.044+0000][4672][safepoint   ] Safepoint "G1CollectForAllocation", Time since last: 813132189 ns, Reaching safepoint: 192980 ns, At safepoint: 211065250 ns, Total: 211258230 ns
[2022-02-19T17:14:01.283+0000][4672][safepoint   ] Safepoint "Cleanup", Time since last: 1238807158 ns, Reaching safepoint: 154486 ns, At safepoint: 20017 ns, Total: 174503 ns
[2022-02-19T17:14:03.284+0000][4672][safepoint   ] Safepoint "Cleanup", Time since last: 1999917367 ns, Reaching safepoint: 84173 ns, At safepoint: 7698 ns, Total: 91871 ns
[2022-02-19T17:14:05.284+0000][4672][safepoint   ] Safepoint "Cleanup", Time since last: 1999986143 ns, Reaching safepoint: 103162 ns, At safepoint: 33874 ns, Total: 137036 ns
[2022-02-19T17:14:06.290+0000][4672][safepoint   ] Safepoint "Cleanup", Time since last: 1004859402 ns, Reaching safepoint: 1111688 ns, At safepoint: 7185 ns, Total: 1118873 ns
[2022-02-19T17:14:55.928+0000][4672][safepoint   ] Safepoint "Cleanup", Time since last: 49626930571 ns, Reaching safepoint: 10083720 ns, At safepoint: 20017 ns, Total: 10103737 ns
[2022-02-19T17:14:57.362+0000][4672][safepoint   ] Safepoint "Cleanup", Time since last: 1433991587 ns, Reaching safepoint: 29255 ns, At safepoint: 11291 ns, Total: 40546 ns
[2022-02-19T17:14:59.187+0000][4672][safepoint   ] Safepoint "Cleanup", Time since last: 1672987618 ns, Reaching safepoint: 152028241 ns, At safepoint: 134470 ns, Total: 152162711 ns
[2022-02-19T17:15:01.217+0000][4672][safepoint   ] Safepoint "Cleanup", Time since last: 1999955348 ns, Reaching safepoint: 19953418 ns, At safepoint: 10258224 ns, Total: 30211642 ns
[2022-02-19T17:15:03.217+0000][4672][safepoint   ] Safepoint "Cleanup", Time since last: 1999778278 ns, Reaching safepoint: 73907 ns, At safepoint: 3080 ns, Total: 76987 ns
[2022-02-19T17:15:05.217+0000][4672][safepoint   ] Safepoint "Cleanup", Time since last: 2000089818 ns, Reaching safepoint: 83145 ns, At safepoint: 4619 ns, Total: 87764 ns
[2022-02-19T17:15:07.217+0000][4672][safepoint   ] Safepoint "Cleanup", Time since last: 1999957914 ns, Reaching safepoint: 55431 ns, At safepoint: 194006 ns, Total: 249437 ns
[2022-02-19T17:15:09.044+0000][4672][gc,start    ] GC(1) Pause Young (Normal) (G1 Evacuation Pause)
[2022-02-19T17:15:09.044+0000][4672][gc,task     ] GC(1) Using 2 workers of 2 for evacuation
[2022-02-19T17:15:09.045+0000][4672][gc,age      ] GC(1) Desired survivor size 4194304 bytes, new threshold 1 (max threshold 15)
[2022-02-19T17:15:10.844+0000][4672][gc,age      ] GC(1) Age table with threshold 1 (max threshold 15)
[2022-02-19T17:15:10.844+0000][4672][gc,age      ] GC(1) - age   1:    1743176 bytes,    1743176 total
[2022-02-19T17:15:10.844+0000][4672][gc,mmu      ] GC(1) MMU target violated: 201.0ms (200.0ms/201.0ms)
[2022-02-19T17:15:10.844+0000][4672][gc,phases   ] GC(1)   Pre Evacuate Collection Set: 0.1ms
[2022-02-19T17:15:10.844+0000][4672][gc,phases   ] GC(1)   Merge Heap Roots: 0.0ms
[2022-02-19T17:15:10.844+0000][4672][gc,phases   ] GC(1)   Evacuate Collection Set: 1798.2ms
[2022-02-19T17:15:10.844+0000][4672][gc,phases   ] GC(1)   Post Evacuate Collection Set: 1.1ms
[2022-02-19T17:15:10.844+0000][4672][gc,phases   ] GC(1)   Other: 0.6ms
[2022-02-19T17:15:10.844+0000][4672][gc,heap     ] GC(1) Eden regions: 9->0(10)
[2022-02-19T17:15:10.845+0000][4672][gc,heap     ] GC(1) Survivor regions: 2->1(2)
[2022-02-19T17:15:10.845+0000][4672][gc,heap     ] GC(1) Old regions: 0->2
[2022-02-19T17:15:10.845+0000][4672][gc,heap     ] GC(1) Archive regions: 0->0
[2022-02-19T17:15:10.845+0000][4672][gc,heap     ] GC(1) Humongous regions: 0->0
[2022-02-19T17:15:10.845+0000][4672][gc,metaspace] GC(1) Metaspace: 14452K(14720K)->14452K(14720K) NonClass: 12730K(12864K)->12730K(12864K) Class: 1721K(1856K)->1721K(1856K)
[2022-02-19T17:15:10.874+0000][4672][gc          ] GC(1) Pause Young (Normal) (G1 Evacuation Pause) 41M->7M(956M) 1830.098ms
[2022-02-19T17:15:10.905+0000][4672][gc,cpu      ] GC(1) User=0.02s Sys=0.05s Real=1.86s
[2022-02-19T17:15:10.906+0000][4672][safepoint   ] Safepoint "G1CollectForAllocation", Time since last: 1827465064 ns, Reaching safepoint: 48758 ns, At safepoint: 1861979749 ns, Total: 1862028507 ns
[2022-02-19T17:15:12.907+0000][4672][safepoint   ] Safepoint "Cleanup", Time since last: 1999484703 ns, Reaching safepoint: 178096 ns, At safepoint: 8725 ns, Total: 186821 ns
[2022-02-19T17:15:14.907+0000][4672][safepoint   ] Safepoint "Cleanup", Time since last: 1999889652 ns, Reaching safepoint: 84172 ns, At safepoint: 7186 ns, Total: 91358 ns
[2022-02-19T17:15:16.921+0000][4672][safepoint   ] Safepoint "Cleanup", Time since last: 2012525226 ns, Reaching safepoint: 1782499 ns, At safepoint: 297169 ns, Total: 2079668 ns
[2022-02-19T17:15:18.881+0000][4672][safepoint   ] Safepoint "Cleanup", Time since last: 1959469571 ns, Reaching safepoint: 235066 ns, At safepoint: 7699 ns, Total: 242765 ns
[2022-02-19T17:15:19.396+0000][4672][gc,start    ] GC(2) Pause Young (Normal) (G1 Evacuation Pause)
[2022-02-19T17:15:19.396+0000][4672][gc,task     ] GC(2) Using 2 workers of 2 for evacuation
[2022-02-19T17:15:19.396+0000][4672][gc,age      ] GC(2) Desired survivor size 4194304 bytes, new threshold 15 (max threshold 15)
[2022-02-19T17:15:19.404+0000][4672][gc,age      ] GC(2) Age table with threshold 15 (max threshold 15)
[2022-02-19T17:15:19.404+0000][4672][gc,age      ] GC(2) - age   1:     811680 bytes,     811680 total
[2022-02-19T17:15:19.404+0000][4672][gc,age      ] GC(2) - age   2:    1695144 bytes,    2506824 total
[2022-02-19T17:15:19.404+0000][4672][gc,phases   ] GC(2)   Pre Evacuate Collection Set: 0.1ms
[2022-02-19T17:15:19.404+0000][4672][gc,phases   ] GC(2)   Merge Heap Roots: 0.0ms
[2022-02-19T17:15:19.404+0000][4672][gc,phases   ] GC(2)   Evacuate Collection Set: 6.9ms
[2022-02-19T17:15:19.404+0000][4672][gc,phases   ] GC(2)   Post Evacuate Collection Set: 0.9ms
[2022-02-19T17:15:19.404+0000][4672][gc,phases   ] GC(2)   Other: 0.4ms
[2022-02-19T17:15:19.404+0000][4672][gc,heap     ] GC(2) Eden regions: 10->0(10)
[2022-02-19T17:15:19.404+0000][4672][gc,heap     ] GC(2) Survivor regions: 1->1(2)
[2022-02-19T17:15:19.405+0000][4672][gc,heap     ] GC(2) Old regions: 2->2
[2022-02-19T17:15:19.405+0000][4672][gc,heap     ] GC(2) Archive regions: 0->0
[2022-02-19T17:15:19.405+0000][4672][gc,heap     ] GC(2) Humongous regions: 0->0
[2022-02-19T17:15:19.405+0000][4672][gc,metaspace] GC(2) Metaspace: 14948K(15232K)->14948K(15232K) NonClass: 13200K(13376K)->13200K(13376K) Class: 1747K(1856K)->1747K(1856K)
[2022-02-19T17:15:19.405+0000][4672][gc          ] GC(2) Pause Young (Normal) (G1 Evacuation Pause) 47M->8M(956M) 8.603ms
[2022-02-19T17:15:19.405+0000][4672][gc,cpu      ] GC(2) User=0.00s Sys=0.00s Real=0.01s
[2022-02-19T17:15:19.405+0000][4672][safepoint   ] Safepoint "G1CollectForAllocation", Time since last: 515029347 ns, Reaching safepoint: 177070 ns, At safepoint: 8741585 ns, Total: 8918655 ns
[2022-02-19T17:15:20.859+0000][4672][gc,start    ] GC(3) Pause Young (Normal) (G1 Evacuation Pause)
[2022-02-19T17:15:20.859+0000][4672][gc,task     ] GC(3) Using 2 workers of 2 for evacuation
[2022-02-19T17:15:20.859+0000][4672][gc,age      ] GC(3) Desired survivor size 4194304 bytes, new threshold 15 (max threshold 15)
[2022-02-19T17:15:20.865+0000][4672][gc,age      ] GC(3) Age table with threshold 15 (max threshold 15)
[2022-02-19T17:15:20.865+0000][4672][gc,age      ] GC(3) - age   1:     117792 bytes,     117792 total
[2022-02-19T17:15:20.865+0000][4672][gc,age      ] GC(3) - age   2:     809056 bytes,     926848 total
[2022-02-19T17:15:20.865+0000][4672][gc,age      ] GC(3) - age   3:    1695144 bytes,    2621992 total
[2022-02-19T17:15:20.865+0000][4672][gc,phases   ] GC(3)   Pre Evacuate Collection Set: 0.1ms
[2022-02-19T17:15:20.865+0000][4672][gc,phases   ] GC(3)   Merge Heap Roots: 0.0ms
[2022-02-19T17:15:20.865+0000][4672][gc,phases   ] GC(3)   Evacuate Collection Set: 4.7ms
[2022-02-19T17:15:20.865+0000][4672][gc,phases   ] GC(3)   Post Evacuate Collection Set: 0.4ms
[2022-02-19T17:15:20.865+0000][4672][gc,phases   ] GC(3)   Other: 0.5ms
[2022-02-19T17:15:20.865+0000][4672][gc,heap     ] GC(3) Eden regions: 10->0(10)
[2022-02-19T17:15:20.865+0000][4672][gc,heap     ] GC(3) Survivor regions: 1->1(2)
[2022-02-19T17:15:20.865+0000][4672][gc,heap     ] GC(3) Old regions: 2->2
[2022-02-19T17:15:20.865+0000][4672][gc,heap     ] GC(3) Archive regions: 0->0
[2022-02-19T17:15:20.865+0000][4672][gc,heap     ] GC(3) Humongous regions: 0->0
[2022-02-19T17:15:20.865+0000][4672][gc,metaspace] GC(3) Metaspace: 14980K(15232K)->14980K(15232K) NonClass: 13232K(13376K)->13232K(13376K) Class: 1747K(1856K)->1747K(1856K)
[2022-02-19T17:15:20.865+0000][4672][gc          ] GC(3) Pause Young (Normal) (G1 Evacuation Pause) 48M->8M(956M) 5.997ms
[2022-02-19T17:15:20.865+0000][4672][gc,cpu      ] GC(3) User=0.00s Sys=0.00s Real=0.01s
[2022-02-19T17:15:20.865+0000][4672][safepoint   ] Safepoint "G1CollectForAllocation", Time since last: 1454470054 ns, Reaching safepoint: 92898 ns, At safepoint: 6138921 ns, Total: 6231819 ns
[2022-02-19T17:15:21.907+0000][4672][gc,start    ] GC(4) Pause Young (Normal) (G1 Evacuation Pause)
[2022-02-19T17:15:21.907+0000][4672][gc,task     ] GC(4) Using 2 workers of 2 for evacuation
[2022-02-19T17:15:21.907+0000][4672][gc,age      ] GC(4) Desired survivor size 4194304 bytes, new threshold 15 (max threshold 15)
[2022-02-19T17:15:21.913+0000][4672][gc,age      ] GC(4) Age table with threshold 15 (max threshold 15)
[2022-02-19T17:15:21.913+0000][4672][gc,age      ] GC(4) - age   1:     382560 bytes,     382560 total
[2022-02-19T17:15:21.913+0000][4672][gc,age      ] GC(4) - age   2:     114648 bytes,     497208 total
[2022-02-19T17:15:21.913+0000][4672][gc,age      ] GC(4) - age   3:     791624 bytes,    1288832 total
[2022-02-19T17:15:21.913+0000][4672][gc,age      ] GC(4) - age   4:    1694904 bytes,    2983736 total
[2022-02-19T17:15:21.913+0000][4672][gc,phases   ] GC(4)   Pre Evacuate Collection Set: 0.1ms
[2022-02-19T17:15:21.913+0000][4672][gc,phases   ] GC(4)   Merge Heap Roots: 0.0ms
[2022-02-19T17:15:21.913+0000][4672][gc,phases   ] GC(4)   Evacuate Collection Set: 5.5ms
[2022-02-19T17:15:21.913+0000][4672][gc,phases   ] GC(4)   Post Evacuate Collection Set: 0.4ms
[2022-02-19T17:15:21.913+0000][4672][gc,phases   ] GC(4)   Other: 0.6ms
[2022-02-19T17:15:21.913+0000][4672][gc,heap     ] GC(4) Eden regions: 10->0(10)
[2022-02-19T17:15:21.913+0000][4672][gc,heap     ] GC(4) Survivor regions: 1->1(2)
[2022-02-19T17:15:21.913+0000][4672][gc,heap     ] GC(4) Old regions: 2->2
[2022-02-19T17:15:21.913+0000][4672][gc,heap     ] GC(4) Archive regions: 0->0
[2022-02-19T17:15:21.913+0000][4672][gc,heap     ] GC(4) Humongous regions: 0->0
[2022-02-19T17:15:21.913+0000][4672][gc,metaspace] GC(4) Metaspace: 15839K(16128K)->15839K(16128K) NonClass: 13983K(14144K)->13983K(14144K) Class: 1855K(1984K)->1855K(1984K)
[2022-02-19T17:15:21.913+0000][4672][gc          ] GC(4) Pause Young (Normal) (G1 Evacuation Pause) 48M->9M(956M) 6.787ms
[2022-02-19T17:15:21.913+0000][4672][gc,cpu      ] GC(4) User=0.00s Sys=0.00s Real=0.01s
[2022-02-19T17:15:21.913+0000][4672][safepoint   ] Safepoint "G1CollectForAllocation", Time since last: 1041073954 ns, Reaching safepoint: 63643 ns, At safepoint: 6954980 ns, Total: 7018623 ns
[2022-02-19T17:15:22.373+0000][4672][gc,start    ] GC(5) Pause Young (Normal) (G1 Evacuation Pause)
[2022-02-19T17:15:22.373+0000][4672][gc,task     ] GC(5) Using 2 workers of 2 for evacuation
[2022-02-19T17:15:22.373+0000][4672][gc,age      ] GC(5) Desired survivor size 4194304 bytes, new threshold 15 (max threshold 15)
[2022-02-19T17:15:22.386+0000][4672][gc,age      ] GC(5) Age table with threshold 15 (max threshold 15)
[2022-02-19T17:15:22.386+0000][4672][gc,age      ] GC(5) - age   1:    2542544 bytes,    2542544 total
[2022-02-19T17:15:22.386+0000][4672][gc,age      ] GC(5) - age   2:     362760 bytes,    2905304 total
[2022-02-19T17:15:22.386+0000][4672][gc,age      ] GC(5) - age   3:     114648 bytes,    3019952 total
[2022-02-19T17:15:22.386+0000][4672][gc,age      ] GC(5) - age   4:     791624 bytes,    3811576 total
[2022-02-19T17:15:22.386+0000][4672][gc,age      ] GC(5) - age   5:    1694904 bytes,    5506480 total
[2022-02-19T17:15:22.386+0000][4672][gc,phases   ] GC(5)   Pre Evacuate Collection Set: 0.1ms
[2022-02-19T17:15:22.386+0000][4672][gc,phases   ] GC(5)   Merge Heap Roots: 0.1ms
[2022-02-19T17:15:22.387+0000][4672][gc,phases   ] GC(5)   Evacuate Collection Set: 12.4ms
[2022-02-19T17:15:22.387+0000][4672][gc,phases   ] GC(5)   Post Evacuate Collection Set: 0.6ms
[2022-02-19T17:15:22.387+0000][4672][gc,phases   ] GC(5)   Other: 0.7ms
[2022-02-19T17:15:22.387+0000][4672][gc,heap     ] GC(5) Eden regions: 10->0(9)
[2022-02-19T17:15:22.387+0000][4672][gc,heap     ] GC(5) Survivor regions: 1->2(2)
[2022-02-19T17:15:22.387+0000][4672][gc,heap     ] GC(5) Old regions: 2->2
[2022-02-19T17:15:22.387+0000][4672][gc,heap     ] GC(5) Archive regions: 0->0
[2022-02-19T17:15:22.387+0000][4672][gc,heap     ] GC(5) Humongous regions: 0->0
[2022-02-19T17:15:22.387+0000][4672][gc,metaspace] GC(5) Metaspace: 15904K(16192K)->15904K(16192K) NonClass: 14043K(14208K)->14043K(14208K) Class: 1861K(1984K)->1861K(1984K)
[2022-02-19T17:15:22.387+0000][4672][gc          ] GC(5) Pause Young (Normal) (G1 Evacuation Pause) 49M->11M(956M) 14.149ms
[2022-02-19T17:15:22.387+0000][4672][gc,cpu      ] GC(5) User=0.00s Sys=0.00s Real=0.01s
[2022-02-19T17:15:22.387+0000][4672][safepoint   ] Safepoint "G1CollectForAllocation", Time since last: 459154439 ns, Reaching safepoint: 89305 ns, At safepoint: 14354944 ns, Total: 14444249 ns
[2022-02-19T17:15:23.115+0000][4672][gc,start    ] GC(6) Pause Young (Normal) (G1 Evacuation Pause)
[2022-02-19T17:15:23.115+0000][4672][gc,task     ] GC(6) Using 2 workers of 2 for evacuation
[2022-02-19T17:15:23.115+0000][4672][gc,age      ] GC(6) Desired survivor size 4194304 bytes, new threshold 5 (max threshold 15)
[2022-02-19T17:15:23.399+0000][4672][gc,age      ] GC(6) Age table with threshold 5 (max threshold 15)
[2022-02-19T17:15:23.399+0000][4672][gc,age      ] GC(6) - age   1:    2793176 bytes,    2793176 total
[2022-02-19T17:15:23.399+0000][4672][gc,age      ] GC(6) - age   2:      25040 bytes,    2818216 total
[2022-02-19T17:15:23.399+0000][4672][gc,age      ] GC(6) - age   3:     362760 bytes,    3180976 total
[2022-02-19T17:15:23.399+0000][4672][gc,age      ] GC(6) - age   4:     114648 bytes,    3295624 total
[2022-02-19T17:15:23.399+0000][4672][gc,age      ] GC(6) - age   5:     791624 bytes,    4087248 total
[2022-02-19T17:15:23.399+0000][4672][gc,mmu      ] GC(6) MMU target violated: 201.0ms (200.0ms/201.0ms)
[2022-02-19T17:15:23.399+0000][4672][gc,phases   ] GC(6)   Pre Evacuate Collection Set: 0.1ms
[2022-02-19T17:15:23.399+0000][4672][gc,phases   ] GC(6)   Merge Heap Roots: 0.0ms
[2022-02-19T17:15:23.399+0000][4672][gc,phases   ] GC(6)   Evacuate Collection Set: 283.4ms
[2022-02-19T17:15:23.399+0000][4672][gc,phases   ] GC(6)   Post Evacuate Collection Set: 0.4ms
[2022-02-19T17:15:23.400+0000][4672][gc,phases   ] GC(6)   Other: 0.5ms
[2022-02-19T17:15:23.400+0000][4672][gc,heap     ] GC(6) Eden regions: 9->0(9)
[2022-02-19T17:15:23.400+0000][4672][gc,heap     ] GC(6) Survivor regions: 2->2(2)
[2022-02-19T17:15:23.400+0000][4672][gc,heap     ] GC(6) Old regions: 2->2
[2022-02-19T17:15:23.400+0000][4672][gc,heap     ] GC(6) Archive regions: 0->0
[2022-02-19T17:15:23.400+0000][4672][gc,heap     ] GC(6) Humongous regions: 0->0
[2022-02-19T17:15:23.400+0000][4672][gc,metaspace] GC(6) Metaspace: 16397K(16704K)->16397K(16704K) NonClass: 14488K(14656K)->14488K(14656K) Class: 1908K(2048K)->1908K(2048K)
[2022-02-19T17:15:23.400+0000][4672][gc          ] GC(6) Pause Young (Normal) (G1 Evacuation Pause) 47M->11M(956M) 284.655ms
[2022-02-19T17:15:23.400+0000][4672][gc,cpu      ] GC(6) User=0.02s Sys=0.00s Real=0.29s
[2022-02-19T17:15:23.400+0000][4672][safepoint   ] Safepoint "G1CollectForAllocation", Time since last: 727989497 ns, Reaching safepoint: 57483 ns, At safepoint: 284801590 ns, Total: 284859073 ns
[2022-02-19T17:15:23.657+0000][4672][gc,start    ] GC(7) Pause Young (Normal) (G1 Evacuation Pause)
[2022-02-19T17:15:23.657+0000][4672][gc,task     ] GC(7) Using 2 workers of 2 for evacuation
[2022-02-19T17:15:23.657+0000][4672][gc,age      ] GC(7) Desired survivor size 4194304 bytes, new threshold 15 (max threshold 15)
[2022-02-19T17:15:23.661+0000][4672][gc,age      ] GC(7) Age table with threshold 15 (max threshold 15)
[2022-02-19T17:15:23.661+0000][4672][gc,age      ] GC(7) - age   1:      40680 bytes,      40680 total
[2022-02-19T17:15:23.661+0000][4672][gc,age      ] GC(7) - age   2:     795216 bytes,     835896 total
[2022-02-19T17:15:23.661+0000][4672][gc,age      ] GC(7) - age   3:      25040 bytes,     860936 total
[2022-02-19T17:15:23.661+0000][4672][gc,age      ] GC(7) - age   4:     362760 bytes,    1223696 total
[2022-02-19T17:15:23.661+0000][4672][gc,age      ] GC(7) - age   5:     114648 bytes,    1338344 total
[2022-02-19T17:15:23.661+0000][4672][gc,age      ] GC(7) - age   6:     791624 bytes,    2129968 total
[2022-02-19T17:15:23.661+0000][4672][gc,phases   ] GC(7)   Pre Evacuate Collection Set: 0.1ms
[2022-02-19T17:15:23.661+0000][4672][gc,phases   ] GC(7)   Merge Heap Roots: 0.0ms
[2022-02-19T17:15:23.661+0000][4672][gc,phases   ] GC(7)   Evacuate Collection Set: 3.2ms
[2022-02-19T17:15:23.661+0000][4672][gc,phases   ] GC(7)   Post Evacuate Collection Set: 0.4ms
[2022-02-19T17:15:23.661+0000][4672][gc,phases   ] GC(7)   Other: 0.6ms
[2022-02-19T17:15:23.661+0000][4672][gc,heap     ] GC(7) Eden regions: 9->0(12)
[2022-02-19T17:15:23.661+0000][4672][gc,heap     ] GC(7) Survivor regions: 2->1(2)
[2022-02-19T17:15:23.661+0000][4672][gc,heap     ] GC(7) Old regions: 2->2
[2022-02-19T17:15:23.661+0000][4672][gc,heap     ] GC(7) Archive regions: 0->0
[2022-02-19T17:15:23.661+0000][4672][gc,heap     ] GC(7) Humongous regions: 0->0
[2022-02-19T17:15:23.661+0000][4672][gc,metaspace] GC(7) Metaspace: 16428K(16704K)->16428K(16704K) NonClass: 14516K(14656K)->14516K(14656K) Class: 1911K(2048K)->1911K(2048K)
[2022-02-19T17:15:23.662+0000][4672][gc          ] GC(7) Pause Young (Normal) (G1 Evacuation Pause) 47M->9M(956M) 4.645ms
[2022-02-19T17:15:23.662+0000][4672][gc,cpu      ] GC(7) User=0.00s Sys=0.00s Real=0.00s
[2022-02-19T17:15:23.662+0000][4672][safepoint   ] Safepoint "G1CollectForAllocation", Time since last: 256937016 ns, Reaching safepoint: 86739 ns, At safepoint: 4810643 ns, Total: 4897382 ns
[2022-02-19T17:15:25.506+0000][4672][safepoint   ] Safepoint "Cleanup", Time since last: 1844725486 ns, Reaching safepoint: 121126 ns, At safepoint: 15397 ns, Total: 136523 ns
[2022-02-19T17:15:25.761+0000][4672][gc,start    ] GC(8) Pause Young (Normal) (G1 Evacuation Pause)
[2022-02-19T17:15:25.761+0000][4672][gc,task     ] GC(8) Using 2 workers of 2 for evacuation
[2022-02-19T17:15:25.761+0000][4672][gc,age      ] GC(8) Desired survivor size 4194304 bytes, new threshold 15 (max threshold 15)
[2022-02-19T17:15:25.778+0000][4672][gc,age      ] GC(8) Age table with threshold 15 (max threshold 15)
[2022-02-19T17:15:25.778+0000][4672][gc,age      ] GC(8) - age   1:    1208968 bytes,    1208968 total
[2022-02-19T17:15:25.778+0000][4672][gc,age      ] GC(8) - age   2:      35552 bytes,    1244520 total
[2022-02-19T17:15:25.778+0000][4672][gc,age      ] GC(8) - age   3:     794680 bytes,    2039200 total
[2022-02-19T17:15:25.778+0000][4672][gc,age      ] GC(8) - age   4:      25040 bytes,    2064240 total
[2022-02-19T17:15:25.778+0000][4672][gc,age      ] GC(8) - age   5:     362760 bytes,    2427000 total
[2022-02-19T17:15:25.778+0000][4672][gc,age      ] GC(8) - age   6:     114648 bytes,    2541648 total
[2022-02-19T17:15:25.778+0000][4672][gc,age      ] GC(8) - age   7:     791440 bytes,    3333088 total
[2022-02-19T17:15:25.778+0000][4672][gc,phases   ] GC(8)   Pre Evacuate Collection Set: 0.1ms
[2022-02-19T17:15:25.778+0000][4672][gc,phases   ] GC(8)   Merge Heap Roots: 0.0ms
[2022-02-19T17:15:25.778+0000][4672][gc,phases   ] GC(8)   Evacuate Collection Set: 16.1ms
[2022-02-19T17:15:25.778+0000][4672][gc,phases   ] GC(8)   Post Evacuate Collection Set: 0.5ms
[2022-02-19T17:15:25.778+0000][4672][gc,phases   ] GC(8)   Other: 0.6ms
[2022-02-19T17:15:25.778+0000][4672][gc,heap     ] GC(8) Eden regions: 12->0(40)
[2022-02-19T17:15:25.778+0000][4672][gc,heap     ] GC(8) Survivor regions: 1->1(2)
[2022-02-19T17:15:25.779+0000][4672][gc,heap     ] GC(8) Old regions: 2->2
[2022-02-19T17:15:25.779+0000][4672][gc,heap     ] GC(8) Archive regions: 0->0
[2022-02-19T17:15:25.779+0000][4672][gc,heap     ] GC(8) Humongous regions: 0->0
[2022-02-19T17:15:25.779+0000][4672][gc,metaspace] GC(8) Metaspace: 20018K(20416K)->20018K(20416K) NonClass: 17690K(17920K)->17690K(17920K) Class: 2328K(2496K)->2328K(2496K)
[2022-02-19T17:15:25.779+0000][4672][gc          ] GC(8) Pause Young (Normal) (G1 Evacuation Pause) 57M->10M(956M) 17.631ms
[2022-02-19T17:15:25.779+0000][4672][gc,cpu      ] GC(8) User=0.03s Sys=0.00s Real=0.02s
[2022-02-19T17:15:25.779+0000][4672][safepoint   ] Safepoint "G1CollectForAllocation", Time since last: 253549601 ns, Reaching safepoint: 997235 ns, At safepoint: 17787012 ns, Total: 18784247 ns
[2022-02-19T17:15:27.122+0000][4672][safepoint   ] Safepoint "Cleanup", Time since last: 1333862146 ns, Reaching safepoint: 9117794 ns, At safepoint: 19503 ns, Total: 9137297 ns
[2022-02-19T17:15:27.340+0000][4672][gc,start    ] GC(9) Pause Young (Normal) (G1 Evacuation Pause)
[2022-02-19T17:15:27.340+0000][4672][gc,task     ] GC(9) Using 2 workers of 2 for evacuation
[2022-02-19T17:15:27.340+0000][4672][gc,age      ] GC(9) Desired survivor size 12582912 bytes, new threshold 15 (max threshold 15)
[2022-02-19T17:15:27.351+0000][4672][gc,age      ] GC(9) Age table with threshold 15 (max threshold 15)
[2022-02-19T17:15:27.351+0000][4672][gc,age      ] GC(9) - age   1:    2063744 bytes,    2063744 total
[2022-02-19T17:15:27.351+0000][4672][gc,age      ] GC(9) - age   2:    1195456 bytes,    3259200 total
[2022-02-19T17:15:27.351+0000][4672][gc,age      ] GC(9) - age   3:      35552 bytes,    3294752 total
[2022-02-19T17:15:27.351+0000][4672][gc,age      ] GC(9) - age   4:     794680 bytes,    4089432 total
[2022-02-19T17:15:27.351+0000][4672][gc,age      ] GC(9) - age   5:      25040 bytes,    4114472 total
[2022-02-19T17:15:27.351+0000][4672][gc,age      ] GC(9) - age   6:     362760 bytes,    4477232 total
[2022-02-19T17:15:27.351+0000][4672][gc,age      ] GC(9) - age   7:     114648 bytes,    4591880 total
[2022-02-19T17:15:27.351+0000][4672][gc,age      ] GC(9) - age   8:     791248 bytes,    5383128 total
[2022-02-19T17:15:27.351+0000][4672][gc,phases   ] GC(9)   Pre Evacuate Collection Set: 0.0ms
[2022-02-19T17:15:27.351+0000][4672][gc,phases   ] GC(9)   Merge Heap Roots: 0.0ms
[2022-02-19T17:15:27.351+0000][4672][gc,phases   ] GC(9)   Evacuate Collection Set: 10.2ms
[2022-02-19T17:15:27.351+0000][4672][gc,phases   ] GC(9)   Post Evacuate Collection Set: 0.6ms
[2022-02-19T17:15:27.351+0000][4672][gc,phases   ] GC(9)   Other: 0.6ms
[2022-02-19T17:15:27.352+0000][4672][gc,heap     ] GC(9) Eden regions: 40->0(32)
[2022-02-19T17:15:27.352+0000][4672][gc,heap     ] GC(9) Survivor regions: 1->2(6)
[2022-02-19T17:15:27.352+0000][4672][gc,heap     ] GC(9) Old regions: 2->2
[2022-02-19T17:15:27.352+0000][4672][gc,heap     ] GC(9) Archive regions: 0->0
[2022-02-19T17:15:27.352+0000][4672][gc,heap     ] GC(9) Humongous regions: 0->0
[2022-02-19T17:15:27.352+0000][4672][gc,metaspace] GC(9) Metaspace: 20686K(21120K)->20686K(21120K) NonClass: 18244K(18496K)->18244K(18496K) Class: 2442K(2624K)->2442K(2624K)
[2022-02-19T17:15:27.352+0000][4672][gc          ] GC(9) Pause Young (Normal) (G1 Evacuation Pause) 170M->12M(956M) 11.888ms
[2022-02-19T17:15:27.352+0000][4672][gc,cpu      ] GC(9) User=0.02s Sys=0.02s Real=0.01s
[2022-02-19T17:15:27.352+0000][4672][safepoint   ] Safepoint "G1CollectForAllocation", Time since last: 217994568 ns, Reaching safepoint: 41060 ns, At safepoint: 12061765 ns, Total: 12102825 ns
[2022-02-19T17:15:29.353+0000][4672][safepoint   ] Safepoint "Cleanup", Time since last: 1999826011 ns, Reaching safepoint: 59536 ns, At safepoint: 5646 ns, Total: 65182 ns
[2022-02-19T17:15:30.287+0000][4672][gc,start    ] GC(10) Pause Young (Concurrent Start) (Metadata GC Threshold)
[2022-02-19T17:15:30.287+0000][4672][gc,task     ] GC(10) Using 2 workers of 2 for evacuation
[2022-02-19T17:15:30.287+0000][4672][gc,age      ] GC(10) Desired survivor size 10485760 bytes, new threshold 15 (max threshold 15)
[2022-02-19T17:15:30.341+0000][4672][gc,age      ] GC(10) Age table with threshold 15 (max threshold 15)
[2022-02-19T17:15:30.342+0000][4672][gc,age      ] GC(10) - age   1:     520856 bytes,     520856 total
[2022-02-19T17:15:30.342+0000][4672][gc,age      ] GC(10) - age   2:    1886856 bytes,    2407712 total
[2022-02-19T17:15:30.342+0000][4672][gc,age      ] GC(10) - age   3:    1195112 bytes,    3602824 total
[2022-02-19T17:15:30.342+0000][4672][gc,age      ] GC(10) - age   4:      35552 bytes,    3638376 total
[2022-02-19T17:15:30.342+0000][4672][gc,age      ] GC(10) - age   5:     792840 bytes,    4431216 total
[2022-02-19T17:15:30.342+0000][4672][gc,age      ] GC(10) - age   6:      25040 bytes,    4456256 total
[2022-02-19T17:15:30.342+0000][4672][gc,age      ] GC(10) - age   7:     362760 bytes,    4819016 total
[2022-02-19T17:15:30.342+0000][4672][gc,age      ] GC(10) - age   8:     114648 bytes,    4933664 total
[2022-02-19T17:15:30.342+0000][4672][gc,age      ] GC(10) - age   9:     791248 bytes,    5724912 total
[2022-02-19T17:15:30.342+0000][4672][gc,phases   ] GC(10)   Pre Evacuate Collection Set: 20.4ms
[2022-02-19T17:15:30.342+0000][4672][gc,phases   ] GC(10)   Merge Heap Roots: 0.1ms
[2022-02-19T17:15:30.342+0000][4672][gc,phases   ] GC(10)   Evacuate Collection Set: 8.3ms
[2022-02-19T17:15:30.342+0000][4672][gc,phases   ] GC(10)   Post Evacuate Collection Set: 0.4ms
[2022-02-19T17:15:30.342+0000][4672][gc,phases   ] GC(10)   Other: 26.0ms
[2022-02-19T17:15:30.342+0000][4672][gc,heap     ] GC(10) Eden regions: 15->0(33)
[2022-02-19T17:15:30.342+0000][4672][gc,heap     ] GC(10) Survivor regions: 2->2(5)
[2022-02-19T17:15:30.342+0000][4672][gc,heap     ] GC(10) Old regions: 2->2
[2022-02-19T17:15:30.342+0000][4672][gc,heap     ] GC(10) Archive regions: 0->0
[2022-02-19T17:15:30.342+0000][4672][gc,heap     ] GC(10) Humongous regions: 0->0
[2022-02-19T17:15:30.342+0000][4672][gc,metaspace] GC(10) Metaspace: 21099K(21504K)->21099K(21504K) NonClass: 18587K(18816K)->18587K(18816K) Class: 2512K(2688K)->2512K(2688K)
[2022-02-19T17:15:30.342+0000][4672][gc          ] GC(10) Pause Young (Concurrent Start) (Metadata GC Threshold) 72M->13M(956M) 55.409ms
[2022-02-19T17:15:30.342+0000][4672][gc,cpu      ] GC(10) User=0.00s Sys=0.00s Real=0.06s
[2022-02-19T17:15:30.343+0000][4672][safepoint   ] Safepoint "CollectForMetadataAllocation", Time since last: 934191752 ns, Reaching safepoint: 52351 ns, At safepoint: 56087904 ns, Total: 56140255 ns
[2022-02-19T17:15:30.360+0000][4672][gc          ] GC(11) Concurrent Mark Cycle
[2022-02-19T17:15:30.360+0000][4672][gc,marking  ] GC(11) Concurrent Clear Claimed Marks
[2022-02-19T17:15:30.360+0000][4672][gc,marking  ] GC(11) Concurrent Clear Claimed Marks 0.060ms
[2022-02-19T17:15:30.360+0000][4672][gc,marking  ] GC(11) Concurrent Scan Root Regions
[2022-02-19T17:15:30.396+0000][4672][gc,marking  ] GC(11) Concurrent Scan Root Regions 36.175ms
[2022-02-19T17:15:30.396+0000][4672][gc,marking  ] GC(11) Concurrent Mark
[2022-02-19T17:15:30.396+0000][4672][gc,marking  ] GC(11) Concurrent Mark From Roots
[2022-02-19T17:15:30.396+0000][4672][gc,task     ] GC(11) Using 1 workers of 1 for marking
[2022-02-19T17:15:30.443+0000][4672][gc,marking  ] GC(11) Concurrent Mark From Roots 46.764ms
[2022-02-19T17:15:30.443+0000][4672][gc,marking  ] GC(11) Concurrent Preclean
[2022-02-19T17:15:30.443+0000][4672][gc,marking  ] GC(11) Concurrent Preclean 0.147ms
[2022-02-19T17:15:30.445+0000][4672][gc,start    ] GC(11) Pause Remark
[2022-02-19T17:15:30.468+0000][4672][gc          ] GC(11) Pause Remark 15M->15M(956M) 23.169ms
[2022-02-19T17:15:30.468+0000][4672][gc,cpu      ] GC(11) User=0.02s Sys=0.00s Real=0.02s
[2022-02-19T17:15:30.469+0000][4672][safepoint   ] Safepoint "G1Concurrent", Time since last: 100545682 ns, Reaching safepoint: 1258990 ns, At safepoint: 23931578 ns, Total: 25190568 ns
[2022-02-19T17:15:30.469+0000][4672][gc,marking  ] GC(11) Concurrent Mark 72.530ms
[2022-02-19T17:15:30.469+0000][4672][gc,marking  ] GC(11) Concurrent Rebuild Remembered Sets
[2022-02-19T17:15:30.469+0000][4672][gc,marking  ] GC(11) Concurrent Rebuild Remembered Sets 0.030ms
[2022-02-19T17:15:30.469+0000][4672][gc,start    ] GC(11) Pause Cleanup
[2022-02-19T17:15:30.469+0000][4672][gc          ] GC(11) Pause Cleanup 15M->15M(956M) 0.043ms
[2022-02-19T17:15:30.469+0000][4672][gc,cpu      ] GC(11) User=0.00s Sys=0.00s Real=0.00s
[2022-02-19T17:15:30.470+0000][4672][safepoint   ] Safepoint "G1Concurrent", Time since last: 209917 ns, Reaching safepoint: 37467 ns, At safepoint: 662086 ns, Total: 699553 ns
[2022-02-19T17:15:30.470+0000][4672][gc,marking  ] GC(11) Concurrent Cleanup for Next Mark
[2022-02-19T17:15:30.476+0000][4672][gc,marking  ] GC(11) Concurrent Cleanup for Next Mark 6.375ms
[2022-02-19T17:15:30.476+0000][4672][gc          ] GC(11) Concurrent Mark Cycle 133.690ms
[2022-02-19T17:15:31.090+0000][4672][safepoint   ] Safepoint "ICBufferFull", Time since last: 620040259 ns, Reaching safepoint: 76986 ns, At safepoint: 3080 ns, Total: 80066 ns
[2022-02-19T17:15:31.092+0000][4672][safepoint   ] Safepoint "ICBufferFull", Time since last: 2575976 ns, Reaching safepoint: 31307 ns, At safepoint: 2053 ns, Total: 33360 ns
[2022-02-19T17:15:31.118+0000][4672][safepoint   ] Safepoint "ICBufferFull", Time since last: 25999955 ns, Reaching safepoint: 38494 ns, At safepoint: 3079 ns, Total: 41573 ns
[2022-02-19T17:15:31.120+0000][4672][safepoint   ] Safepoint "ICBufferFull", Time since last: 1542301 ns, Reaching safepoint: 27202 ns, At safepoint: 3079 ns, Total: 30281 ns
[2022-02-19T17:15:31.125+0000][4672][safepoint   ] Safepoint "ICBufferFull", Time since last: 5271537 ns, Reaching safepoint: 41573 ns, At safepoint: 3593 ns, Total: 45166 ns
[2022-02-19T17:15:32.524+0000][4672][gc,start    ] GC(12) Pause Young (Normal) (G1 Evacuation Pause)
[2022-02-19T17:15:32.524+0000][4672][gc,task     ] GC(12) Using 2 workers of 2 for evacuation
[2022-02-19T17:15:32.524+0000][4672][gc,age      ] GC(12) Desired survivor size 10485760 bytes, new threshold 15 (max threshold 15)
[2022-02-19T17:15:32.543+0000][4672][gc,age      ] GC(12) Age table with threshold 15 (max threshold 15)
[2022-02-19T17:15:32.543+0000][4672][gc,age      ] GC(12) - age   1:    2522832 bytes,    2522832 total
[2022-02-19T17:15:32.543+0000][4672][gc,age      ] GC(12) - age   2:     505928 bytes,    3028760 total
[2022-02-19T17:15:32.543+0000][4672][gc,age      ] GC(12) - age   3:    1886664 bytes,    4915424 total
[2022-02-19T17:15:32.543+0000][4672][gc,age      ] GC(12) - age   4:    1195080 bytes,    6110504 total
[2022-02-19T17:15:32.544+0000][4672][gc,age      ] GC(12) - age   5:      35552 bytes,    6146056 total
[2022-02-19T17:15:32.544+0000][4672][gc,age      ] GC(12) - age   6:     792312 bytes,    6938368 total
[2022-02-19T17:15:32.544+0000][4672][gc,age      ] GC(12) - age   7:      24904 bytes,    6963272 total
[2022-02-19T17:15:32.544+0000][4672][gc,age      ] GC(12) - age   8:     362120 bytes,    7325392 total
[2022-02-19T17:15:32.544+0000][4672][gc,age      ] GC(12) - age   9:     114648 bytes,    7440040 total
[2022-02-19T17:15:32.544+0000][4672][gc,age      ] GC(12) - age  10:     789568 bytes,    8229608 total
[2022-02-19T17:15:32.544+0000][4672][gc,phases   ] GC(12)   Pre Evacuate Collection Set: 0.1ms
[2022-02-19T17:15:32.544+0000][4672][gc,phases   ] GC(12)   Merge Heap Roots: 0.1ms
[2022-02-19T17:15:32.544+0000][4672][gc,phases   ] GC(12)   Evacuate Collection Set: 18.1ms
[2022-02-19T17:15:32.544+0000][4672][gc,phases   ] GC(12)   Post Evacuate Collection Set: 0.7ms
[2022-02-19T17:15:32.544+0000][4672][gc,phases   ] GC(12)   Other: 0.9ms
[2022-02-19T17:15:32.544+0000][4672][gc,heap     ] GC(12) Eden regions: 33->0(59)
[2022-02-19T17:15:32.544+0000][4672][gc,heap     ] GC(12) Survivor regions: 2->3(5)
[2022-02-19T17:15:32.544+0000][4672][gc,heap     ] GC(12) Old regions: 2->2
[2022-02-19T17:15:32.544+0000][4672][gc,heap     ] GC(12) Archive regions: 0->0
[2022-02-19T17:15:32.544+0000][4672][gc,heap     ] GC(12) Humongous regions: 0->0
[2022-02-19T17:15:32.544+0000][4672][gc,metaspace] GC(12) Metaspace: 22390K(22848K)->22390K(22848K) NonClass: 19709K(19968K)->19709K(19968K) Class: 2681K(2880K)->2681K(2880K)
[2022-02-19T17:15:32.544+0000][4672][gc          ] GC(12) Pause Young (Normal) (G1 Evacuation Pause) 145M->15M(956M) 20.079ms
[2022-02-19T17:15:32.544+0000][4672][gc,cpu      ] GC(12) User=0.05s Sys=0.00s Real=0.02s
[2022-02-19T17:15:32.544+0000][4672][safepoint   ] Safepoint "G1CollectForAllocation", Time since last: 1398722944 ns, Reaching safepoint: 98030 ns, At safepoint: 20280355 ns, Total: 20378385 ns
[2022-02-19T17:15:34.544+0000][4672][safepoint   ] Safepoint "Cleanup", Time since last: 1999434404 ns, Reaching safepoint: 70828 ns, At safepoint: 4106 ns, Total: 74934 ns
[2022-02-19T17:15:34.613+0000][4672][gc,start    ] GC(13) Pause Young (Normal) (G1 Evacuation Pause)
[2022-02-19T17:15:34.613+0000][4672][gc,task     ] GC(13) Using 2 workers of 2 for evacuation
[2022-02-19T17:15:34.613+0000][4672][gc,age      ] GC(13) Desired survivor size 16777216 bytes, new threshold 15 (max threshold 15)
[2022-02-19T17:15:34.627+0000][4672][gc,age      ] GC(13) Age table with threshold 15 (max threshold 15)
[2022-02-19T17:15:34.628+0000][4672][gc,age      ] GC(13) - age   1:    2065424 bytes,    2065424 total
[2022-02-19T17:15:34.628+0000][4672][gc,age      ] GC(13) - age   2:     878648 bytes,    2944072 total
[2022-02-19T17:15:34.628+0000][4672][gc,age      ] GC(13) - age   3:     505256 bytes,    3449328 total
[2022-02-19T17:15:34.628+0000][4672][gc,age      ] GC(13) - age   4:    1885624 bytes,    5334952 total
[2022-02-19T17:15:34.628+0000][4672][gc,age      ] GC(13) - age   5:    1195080 bytes,    6530032 total
[2022-02-19T17:15:34.628+0000][4672][gc,age      ] GC(13) - age   6:      35552 bytes,    6565584 total
[2022-02-19T17:15:34.628+0000][4672][gc,age      ] GC(13) - age   7:     792312 bytes,    7357896 total
[2022-02-19T17:15:34.628+0000][4672][gc,age      ] GC(13) - age   8:      24904 bytes,    7382800 total
[2022-02-19T17:15:34.628+0000][4672][gc,age      ] GC(13) - age   9:     362120 bytes,    7744920 total
[2022-02-19T17:15:34.628+0000][4672][gc,age      ] GC(13) - age  10:     114648 bytes,    7859568 total
[2022-02-19T17:15:34.628+0000][4672][gc,age      ] GC(13) - age  11:     789568 bytes,    8649136 total
[2022-02-19T17:15:34.628+0000][4672][gc,phases   ] GC(13)   Pre Evacuate Collection Set: 0.1ms
[2022-02-19T17:15:34.628+0000][4672][gc,phases   ] GC(13)   Merge Heap Roots: 0.0ms
[2022-02-19T17:15:34.628+0000][4672][gc,phases   ] GC(13)   Evacuate Collection Set: 13.9ms
[2022-02-19T17:15:34.628+0000][4672][gc,phases   ] GC(13)   Post Evacuate Collection Set: 0.7ms
[2022-02-19T17:15:34.628+0000][4672][gc,phases   ] GC(13)   Other: 0.7ms
[2022-02-19T17:15:34.628+0000][4672][gc,heap     ] GC(13) Eden regions: 59->0(140)
[2022-02-19T17:15:34.628+0000][4672][gc,heap     ] GC(13) Survivor regions: 3->3(8)
[2022-02-19T17:15:34.628+0000][4672][gc,heap     ] GC(13) Old regions: 2->2
[2022-02-19T17:15:34.628+0000][4672][gc,heap     ] GC(13) Archive regions: 0->0
[2022-02-19T17:15:34.628+0000][4672][gc,heap     ] GC(13) Humongous regions: 0->0
[2022-02-19T17:15:34.628+0000][4672][gc,metaspace] GC(13) Metaspace: 22564K(23104K)->22564K(23104K) NonClass: 19863K(20160K)->19863K(20160K) Class: 2701K(2944K)->2701K(2944K)
[2022-02-19T17:15:34.628+0000][4672][gc          ] GC(13) Pause Young (Normal) (G1 Evacuation Pause) 251M->16M(956M) 15.677ms
[2022-02-19T17:15:34.628+0000][4672][gc,cpu      ] GC(13) User=0.03s Sys=0.00s Real=0.02s
[2022-02-19T17:15:34.628+0000][4672][safepoint   ] Safepoint "G1CollectForAllocation", Time since last: 68818941 ns, Reaching safepoint: 32335 ns, At safepoint: 15828469 ns, Total: 15860804 ns
[2022-02-19T17:15:35.737+0000][4672][safepoint   ] Safepoint "Cleanup", Time since last: 1108329040 ns, Reaching safepoint: 155000 ns, At safepoint: 8725 ns, Total: 163725 ns
[2022-02-19T17:15:36.814+0000][4672][safepoint   ] Safepoint "Cleanup", Time since last: 1076093160 ns, Reaching safepoint: 173477 ns, At safepoint: 1262582 ns, Total: 1436059 ns
[2022-02-19T17:15:38.692+0000][4672][safepoint   ] Safepoint "Cleanup", Time since last: 1877383765 ns, Reaching safepoint: 219669 ns, At safepoint: 23096 ns, Total: 242765 ns
[2022-02-19T17:15:40.692+0000][4672][safepoint   ] Safepoint "Cleanup", Time since last: 1999842434 ns, Reaching safepoint: 342847 ns, At safepoint: 11805 ns, Total: 354652 ns
[2022-02-19T17:16:10.700+0000][4672][safepoint   ] Safepoint "Cleanup", Time since last: 30000845827 ns, Reaching safepoint: 6021902 ns, At safepoint: 440364 ns, Total: 6462266 ns
[2022-02-19T17:17:13.469+0000][4672][gc,start    ] GC(14) Pause Young (Normal) (G1 Evacuation Pause)
[2022-02-19T17:17:13.469+0000][4672][gc,task     ] GC(14) Using 2 workers of 2 for evacuation
[2022-02-19T17:17:13.469+0000][4672][gc,age      ] GC(14) Desired survivor size 37748736 bytes, new threshold 15 (max threshold 15)
[2022-02-19T17:17:28.729+0000][4672][gc,age      ] GC(14) Age table with threshold 15 (max threshold 15)
[2022-02-19T17:17:28.729+0000][4672][gc,age      ] GC(14) - age   1:    4707496 bytes,    4707496 total
[2022-02-19T17:17:28.729+0000][4672][gc,age      ] GC(14) - age   2:    2048576 bytes,    6756072 total
[2022-02-19T17:17:28.729+0000][4672][gc,age      ] GC(14) - age   3:     876856 bytes,    7632928 total
[2022-02-19T17:17:28.729+0000][4672][gc,age      ] GC(14) - age   4:     502168 bytes,    8135096 total
[2022-02-19T17:17:28.729+0000][4672][gc,age      ] GC(14) - age   5:    1885272 bytes,   10020368 total
[2022-02-19T17:17:28.729+0000][4672][gc,age      ] GC(14) - age   6:    1193728 bytes,   11214096 total
[2022-02-19T17:17:28.729+0000][4672][gc,age      ] GC(14) - age   7:      35200 bytes,   11249296 total
[2022-02-19T17:17:28.729+0000][4672][gc,age      ] GC(14) - age   8:     791416 bytes,   12040712 total
[2022-02-19T17:17:28.729+0000][4672][gc,age      ] GC(14) - age   9:      24872 bytes,   12065584 total
[2022-02-19T17:17:28.729+0000][4672][gc,age      ] GC(14) - age  10:     361608 bytes,   12427192 total
[2022-02-19T17:17:28.729+0000][4672][gc,age      ] GC(14) - age  11:     114648 bytes,   12541840 total
[2022-02-19T17:17:28.729+0000][4672][gc,age      ] GC(14) - age  12:     789472 bytes,   13331312 total
[2022-02-19T17:17:28.729+0000][4672][gc,mmu      ] GC(14) MMU target violated: 201.0ms (200.0ms/201.0ms)
[2022-02-19T17:17:28.729+0000][4672][gc,phases   ] GC(14)   Pre Evacuate Collection Set: 0.1ms
[2022-02-19T17:17:28.729+0000][4672][gc,phases   ] GC(14)   Merge Heap Roots: 0.1ms
[2022-02-19T17:17:28.729+0000][4672][gc,phases   ] GC(14)   Evacuate Collection Set: 15256.8ms
[2022-02-19T17:17:28.729+0000][4672][gc,phases   ] GC(14)   Post Evacuate Collection Set: 1.6ms
[2022-02-19T17:17:28.729+0000][4672][gc,phases   ] GC(14)   Other: 1.0ms
[2022-02-19T17:17:28.729+0000][4672][gc,heap     ] GC(14) Eden regions: 140->0(7)
[2022-02-19T17:17:28.729+0000][4672][gc,heap     ] GC(14) Survivor regions: 3->4(18)
[2022-02-19T17:17:28.729+0000][4672][gc,heap     ] GC(14) Old regions: 2->2
[2022-02-19T17:17:28.729+0000][4672][gc,heap     ] GC(14) Archive regions: 0->0
[2022-02-19T17:17:28.729+0000][4672][gc,heap     ] GC(14) Humongous regions: 0->0
[2022-02-19T17:17:28.729+0000][4672][gc,metaspace] GC(14) Metaspace: 27973K(28608K)->27973K(28608K) NonClass: 24640K(25024K)->24640K(25024K) Class: 3332K(3584K)->3332K(3584K)
[2022-02-19T17:17:28.729+0000][4672][gc          ] GC(14) Pause Young (Normal) (G1 Evacuation Pause) 576M->20M(956M) 15259.889ms
[2022-02-19T17:17:28.730+0000][4672][gc,cpu      ] GC(14) User=0.56s Sys=0.03s Real=15.26s
[2022-02-19T17:17:28.730+0000][4672][safepoint   ] Safepoint "G1CollectForAllocation", Time since last: 62768509147 ns, Reaching safepoint: 89817 ns, At safepoint: 15260187396 ns, Total: 15260277213 ns
[2022-02-19T17:17:32.797+0000][4672][gc,start    ] GC(15) Pause Young (Normal) (G1 Evacuation Pause)
[2022-02-19T17:17:32.797+0000][4672][gc,task     ] GC(15) Using 2 workers of 2 for evacuation
[2022-02-19T17:17:32.797+0000][4672][gc,age      ] GC(15) Desired survivor size 4194304 bytes, new threshold 1 (max threshold 15)
[2022-02-19T17:17:45.227+0000][4672][gc,age      ] GC(15) Age table with threshold 1 (max threshold 15)
[2022-02-19T17:17:45.227+0000][4672][gc,age      ] GC(15) - age   1:    2182080 bytes,    2182080 total
[2022-02-19T17:17:45.227+0000][4672][gc,mmu      ] GC(15) MMU target violated: 201.0ms (200.0ms/201.0ms)
[2022-02-19T17:17:45.227+0000][4672][gc,phases   ] GC(15)   Pre Evacuate Collection Set: 0.1ms
[2022-02-19T17:17:45.227+0000][4672][gc,phases   ] GC(15)   Merge Heap Roots: 0.1ms
[2022-02-19T17:17:45.228+0000][4672][gc,phases   ] GC(15)   Evacuate Collection Set: 12429.6ms
[2022-02-19T17:17:45.228+0000][4672][gc,phases   ] GC(15)   Post Evacuate Collection Set: 0.5ms
[2022-02-19T17:17:45.228+0000][4672][gc,phases   ] GC(15)   Other: 0.5ms
[2022-02-19T17:17:45.228+0000][4672][gc,heap     ] GC(15) Eden regions: 7->0(10)
[2022-02-19T17:17:45.228+0000][4672][gc,heap     ] GC(15) Survivor regions: 4->1(2)
[2022-02-19T17:17:45.228+0000][4672][gc,heap     ] GC(15) Old regions: 2->5
[2022-02-19T17:17:45.228+0000][4672][gc,heap     ] GC(15) Archive regions: 0->0
[2022-02-19T17:17:45.228+0000][4672][gc,heap     ] GC(15) Humongous regions: 0->0
[2022-02-19T17:17:45.228+0000][4672][gc,metaspace] GC(15) Metaspace: 27980K(28608K)->27980K(28608K) NonClass: 24646K(25024K)->24646K(25024K) Class: 3333K(3584K)->3333K(3584K)
[2022-02-19T17:17:45.228+0000][4672][gc          ] GC(15) Pause Young (Normal) (G1 Evacuation Pause) 48M->22M(956M) 12431.012ms
[2022-02-19T17:17:45.228+0000][4672][gc,cpu      ] GC(15) User=0.06s Sys=0.03s Real=12.43s
[2022-02-19T17:17:45.228+0000][4672][safepoint   ] Safepoint "G1CollectForAllocation", Time since last: 4066375384 ns, Reaching safepoint: 86225 ns, At safepoint: 12431238028 ns, Total: 12431324253 ns
[2022-02-19T17:17:46.903+0000][4672][gc,start    ] GC(16) Pause Young (Normal) (G1 Evacuation Pause)
[2022-02-19T17:17:46.903+0000][4672][gc,task     ] GC(16) Using 2 workers of 2 for evacuation
[2022-02-19T17:17:46.903+0000][4672][gc,age      ] GC(16) Desired survivor size 4194304 bytes, new threshold 15 (max threshold 15)
[2022-02-19T17:17:46.904+0000][4672][gc,age      ] GC(16) Age table with threshold 15 (max threshold 15)
[2022-02-19T17:17:46.904+0000][4672][gc,age      ] GC(16) - age   1:     398984 bytes,     398984 total
[2022-02-19T17:17:46.904+0000][4672][gc,age      ] GC(16) - age   2:      17896 bytes,     416880 total
[2022-02-19T17:17:46.904+0000][4672][gc,phases   ] GC(16)   Pre Evacuate Collection Set: 0.1ms
[2022-02-19T17:17:46.904+0000][4672][gc,phases   ] GC(16)   Merge Heap Roots: 0.0ms
[2022-02-19T17:17:46.904+0000][4672][gc,phases   ] GC(16)   Evacuate Collection Set: 0.8ms
[2022-02-19T17:17:46.904+0000][4672][gc,phases   ] GC(16)   Post Evacuate Collection Set: 0.3ms
[2022-02-19T17:17:46.904+0000][4672][gc,phases   ] GC(16)   Other: 0.4ms
[2022-02-19T17:17:46.905+0000][4672][gc,heap     ] GC(16) Eden regions: 10->0(10)
[2022-02-19T17:17:46.905+0000][4672][gc,heap     ] GC(16) Survivor regions: 1->1(2)
[2022-02-19T17:17:46.905+0000][4672][gc,heap     ] GC(16) Old regions: 5->5
[2022-02-19T17:17:46.905+0000][4672][gc,heap     ] GC(16) Archive regions: 0->0
[2022-02-19T17:17:46.905+0000][4672][gc,heap     ] GC(16) Humongous regions: 0->0
[2022-02-19T17:17:46.905+0000][4672][gc,metaspace] GC(16) Metaspace: 28005K(28608K)->28005K(28608K) NonClass: 24666K(25024K)->24666K(25024K) Class: 3338K(3584K)->3338K(3584K)
[2022-02-19T17:17:46.905+0000][4672][gc          ] GC(16) Pause Young (Normal) (G1 Evacuation Pause) 62M->19M(956M) 1.959ms
[2022-02-19T17:17:46.905+0000][4672][gc,cpu      ] GC(16) User=0.00s Sys=0.00s Real=0.00s
[2022-02-19T17:17:46.905+0000][4672][safepoint   ] Safepoint "G1CollectForAllocation", Time since last: 1674846078 ns, Reaching safepoint: 46705 ns, At safepoint: 2112003 ns, Total: 2158708 ns
[2022-02-19T17:17:56.602+0000][4672][gc,start    ] GC(17) Pause Young (Normal) (G1 Evacuation Pause)
[2022-02-19T17:17:56.602+0000][4672][gc,task     ] GC(17) Using 2 workers of 2 for evacuation
[2022-02-19T17:17:56.602+0000][4672][gc,age      ] GC(17) Desired survivor size 4194304 bytes, new threshold 15 (max threshold 15)
[2022-02-19T17:17:56.602+0000][4672][gc,age      ] GC(17) Age table with threshold 15 (max threshold 15)
[2022-02-19T17:17:56.602+0000][4672][gc,age      ] GC(17) - age   1:     610192 bytes,     610192 total
[2022-02-19T17:17:56.602+0000][4672][gc,age      ] GC(17) - age   2:     253896 bytes,     864088 total
[2022-02-19T17:17:56.602+0000][4672][gc,age      ] GC(17) - age   3:      17896 bytes,     881984 total
[2022-02-19T17:17:56.602+0000][4672][gc,phases   ] GC(17)   Pre Evacuate Collection Set: 0.1ms
[2022-02-19T17:17:56.602+0000][4672][gc,phases   ] GC(17)   Merge Heap Roots: 0.0ms
[2022-02-19T17:17:56.602+0000][4672][gc,phases   ] GC(17)   Evacuate Collection Set: 2.8ms
[2022-02-19T17:17:56.602+0000][4672][gc,phases   ] GC(17)   Post Evacuate Collection Set: 0.8ms
[2022-02-19T17:17:56.602+0000][4672][gc,phases   ] GC(17)   Other: 0.7ms
[2022-02-19T17:17:56.602+0000][4672][gc,heap     ] GC(17) Eden regions: 10->0(10)
[2022-02-19T17:17:56.602+0000][4672][gc,heap     ] GC(17) Survivor regions: 1->1(2)
[2022-02-19T17:17:56.602+0000][4672][gc,heap     ] GC(17) Old regions: 5->5
[2022-02-19T17:17:56.602+0000][4672][gc,heap     ] GC(17) Archive regions: 0->0
[2022-02-19T17:17:56.602+0000][4672][gc,heap     ] GC(17) Humongous regions: 0->0
[2022-02-19T17:17:56.602+0000][4672][gc,metaspace] GC(17) Metaspace: 28005K(28608K)->28005K(28608K) NonClass: 24667K(25024K)->24667K(25024K) Class: 3338K(3584K)->3338K(3584K)
[2022-02-19T17:17:56.602+0000][4672][gc          ] GC(17) Pause Young (Normal) (G1 Evacuation Pause) 59M->19M(956M) 5.071ms
[2022-02-19T17:17:56.602+0000][4672][gc,cpu      ] GC(17) User=0.00s Sys=0.00s Real=0.00s
[2022-02-19T17:17:56.602+0000][4672][safepoint   ] Safepoint "G1CollectForAllocation", Time since last: 9704601958 ns, Reaching safepoint: 105215 ns, At safepoint: 5331074 ns, Total: 5436289 ns
[2022-02-19T17:17:57.482+0000][4672][gc,start    ] GC(18) Pause Young (Normal) (G1 Evacuation Pause)
[2022-02-19T17:17:57.482+0000][4672][gc,task     ] GC(18) Using 2 workers of 2 for evacuation
[2022-02-19T17:17:57.482+0000][4672][gc,age      ] GC(18) Desired survivor size 4194304 bytes, new threshold 15 (max threshold 15)
[2022-02-19T17:17:57.484+0000][4672][gc,age      ] GC(18) Age table with threshold 15 (max threshold 15)
[2022-02-19T17:17:57.484+0000][4672][gc,age      ] GC(18) - age   1:     884616 bytes,     884616 total
[2022-02-19T17:17:57.484+0000][4672][gc,age      ] GC(18) - age   2:       2016 bytes,     886632 total
[2022-02-19T17:17:57.484+0000][4672][gc,age      ] GC(18) - age   3:     242144 bytes,    1128776 total
[2022-02-19T17:17:57.484+0000][4672][gc,age      ] GC(18) - age   4:      17896 bytes,    1146672 total
[2022-02-19T17:17:57.485+0000][4672][gc,phases   ] GC(18)   Pre Evacuate Collection Set: 0.1ms
[2022-02-19T17:17:57.485+0000][4672][gc,phases   ] GC(18)   Merge Heap Roots: 0.0ms
[2022-02-19T17:17:57.485+0000][4672][gc,phases   ] GC(18)   Evacuate Collection Set: 1.5ms
[2022-02-19T17:17:57.485+0000][4672][gc,phases   ] GC(18)   Post Evacuate Collection Set: 0.5ms
[2022-02-19T17:17:57.485+0000][4672][gc,phases   ] GC(18)   Other: 1.0ms
[2022-02-19T17:17:57.485+0000][4672][gc,heap     ] GC(18) Eden regions: 10->0(10)
[2022-02-19T17:17:57.485+0000][4672][gc,heap     ] GC(18) Survivor regions: 1->1(2)
[2022-02-19T17:17:57.485+0000][4672][gc,heap     ] GC(18) Old regions: 5->5
[2022-02-19T17:17:57.485+0000][4672][gc,heap     ] GC(18) Archive regions: 0->0
[2022-02-19T17:17:57.485+0000][4672][gc,heap     ] GC(18) Humongous regions: 0->0
[2022-02-19T17:17:57.485+0000][4672][gc,metaspace] GC(18) Metaspace: 28013K(28608K)->28013K(28608K) NonClass: 24675K(25024K)->24675K(25024K) Class: 3338K(3584K)->3338K(3584K)
[2022-02-19T17:17:57.485+0000][4672][gc          ] GC(18) Pause Young (Normal) (G1 Evacuation Pause) 59M->20M(956M) 3.593ms
[2022-02-19T17:17:57.486+0000][4672][gc,cpu      ] GC(18) User=0.03s Sys=0.00s Real=0.00s
[2022-02-19T17:17:57.486+0000][4672][safepoint   ] Safepoint "G1CollectForAllocation", Time since last: 865768522 ns, Reaching safepoint: 84172 ns, At safepoint: 4238889 ns, Total: 4323061 ns
[2022-02-19T17:18:02.486+0000][4672][safepoint   ] Safepoint "Cleanup", Time since last: 5000171424 ns, Reaching safepoint: 97516 ns, At safepoint: 7699 ns, Total: 105215 ns
[2022-02-19T17:18:04.486+0000][4672][safepoint   ] Safepoint "Cleanup", Time since last: 2000008725 ns, Reaching safepoint: 63129 ns, At safepoint: 5646 ns, Total: 68775 ns
[2022-02-19T17:18:07.486+0000][4672][safepoint   ] Safepoint "Cleanup", Time since last: 3000025662 ns, Reaching safepoint: 86225 ns, At safepoint: 7699 ns, Total: 93924 ns
[2022-02-19T17:18:10.486+0000][4672][safepoint   ] Safepoint "Cleanup", Time since last: 3000118560 ns, Reaching safepoint: 90844 ns, At safepoint: 7185 ns, Total: 98029 ns
[2022-02-19T17:18:12.487+0000][4672][safepoint   ] Safepoint "Cleanup", Time since last: 1999875795 ns, Reaching safepoint: 61076 ns, At safepoint: 4619 ns, Total: 65695 ns
[2022-02-19T17:18:14.488+0000][4672][safepoint   ] Safepoint "Cleanup", Time since last: 1999977931 ns, Reaching safepoint: 870976 ns, At safepoint: 823758 ns, Total: 1694734 ns
[2022-02-19T17:18:15.431+0000][4672][gc,start    ] GC(19) Pause Young (Normal) (G1 Evacuation Pause)
[2022-02-19T17:18:15.431+0000][4672][gc,task     ] GC(19) Using 2 workers of 2 for evacuation
[2022-02-19T17:18:15.431+0000][4672][gc,age      ] GC(19) Desired survivor size 4194304 bytes, new threshold 15 (max threshold 15)
[2022-02-19T17:18:15.441+0000][4672][gc,age      ] GC(19) Age table with threshold 15 (max threshold 15)
[2022-02-19T17:18:15.441+0000][4672][gc,age      ] GC(19) - age   1:    2948968 bytes,    2948968 total
[2022-02-19T17:18:15.441+0000][4672][gc,age      ] GC(19) - age   2:     877056 bytes,    3826024 total
[2022-02-19T17:18:15.441+0000][4672][gc,age      ] GC(19) - age   3:       2016 bytes,    3828040 total
[2022-02-19T17:18:15.441+0000][4672][gc,age      ] GC(19) - age   4:     240968 bytes,    4069008 total
[2022-02-19T17:18:15.441+0000][4672][gc,age      ] GC(19) - age   5:      17896 bytes,    4086904 total
[2022-02-19T17:18:15.441+0000][4672][gc,phases   ] GC(19)   Pre Evacuate Collection Set: 0.1ms
[2022-02-19T17:18:15.441+0000][4672][gc,phases   ] GC(19)   Merge Heap Roots: 0.1ms
[2022-02-19T17:18:15.441+0000][4672][gc,phases   ] GC(19)   Evacuate Collection Set: 9.1ms
[2022-02-19T17:18:15.441+0000][4672][gc,phases   ] GC(19)   Post Evacuate Collection Set: 0.5ms
[2022-02-19T17:18:15.441+0000][4672][gc,phases   ] GC(19)   Other: 0.7ms
[2022-02-19T17:18:15.441+0000][4672][gc,heap     ] GC(19) Eden regions: 10->0(10)
[2022-02-19T17:18:15.441+0000][4672][gc,heap     ] GC(19) Survivor regions: 1->1(2)
[2022-02-19T17:18:15.441+0000][4672][gc,heap     ] GC(19) Old regions: 5->5
[2022-02-19T17:18:15.441+0000][4672][gc,heap     ] GC(19) Archive regions: 0->0
[2022-02-19T17:18:15.441+0000][4672][gc,heap     ] GC(19) Humongous regions: 0->0
[2022-02-19T17:18:15.441+0000][4672][gc,metaspace] GC(19) Metaspace: 29238K(29888K)->29238K(29888K) NonClass: 25734K(26112K)->25734K(26112K) Class: 3504K(3776K)->3504K(3776K)
[2022-02-19T17:18:15.441+0000][4672][gc          ] GC(19) Pause Young (Normal) (G1 Evacuation Pause) 60M->22M(956M) 10.758ms
[2022-02-19T17:18:15.442+0000][4672][gc,cpu      ] GC(19) User=0.03s Sys=0.00s Real=0.01s
[2022-02-19T17:18:15.442+0000][4672][safepoint   ] Safepoint "G1CollectForAllocation", Time since last: 942373388 ns, Reaching safepoint: 57483 ns, At safepoint: 10958290 ns, Total: 11015773 ns
[2022-02-19T17:18:17.162+0000][4672][gc,start    ] GC(20) Pause Young (Normal) (G1 Evacuation Pause)
[2022-02-19T17:18:17.162+0000][4672][gc,task     ] GC(20) Using 2 workers of 2 for evacuation
[2022-02-19T17:18:17.162+0000][4672][gc,age      ] GC(20) Desired survivor size 4194304 bytes, new threshold 15 (max threshold 15)
[2022-02-19T17:18:17.166+0000][4672][gc,age      ] GC(20) Age table with threshold 15 (max threshold 15)
[2022-02-19T17:18:17.166+0000][4672][gc,age      ] GC(20) - age   1:     335424 bytes,     335424 total
[2022-02-19T17:18:17.166+0000][4672][gc,age      ] GC(20) - age   2:     952312 bytes,    1287736 total
[2022-02-19T17:18:17.166+0000][4672][gc,age      ] GC(20) - age   3:     876536 bytes,    2164272 total
[2022-02-19T17:18:17.166+0000][4672][gc,age      ] GC(20) - age   4:       2016 bytes,    2166288 total
[2022-02-19T17:18:17.166+0000][4672][gc,age      ] GC(20) - age   5:     240968 bytes,    2407256 total
[2022-02-19T17:18:17.166+0000][4672][gc,age      ] GC(20) - age   6:      17896 bytes,    2425152 total
[2022-02-19T17:18:17.166+0000][4672][gc,phases   ] GC(20)   Pre Evacuate Collection Set: 0.1ms
[2022-02-19T17:18:17.166+0000][4672][gc,phases   ] GC(20)   Merge Heap Roots: 0.0ms
[2022-02-19T17:18:17.166+0000][4672][gc,phases   ] GC(20)   Evacuate Collection Set: 3.2ms
[2022-02-19T17:18:17.166+0000][4672][gc,phases   ] GC(20)   Post Evacuate Collection Set: 0.6ms
[2022-02-19T17:18:17.166+0000][4672][gc,phases   ] GC(20)   Other: 0.5ms
[2022-02-19T17:18:17.166+0000][4672][gc,heap     ] GC(20) Eden regions: 10->0(10)
[2022-02-19T17:18:17.166+0000][4672][gc,heap     ] GC(20) Survivor regions: 1->1(2)
[2022-02-19T17:18:17.166+0000][4672][gc,heap     ] GC(20) Old regions: 5->5
[2022-02-19T17:18:17.166+0000][4672][gc,heap     ] GC(20) Archive regions: 0->0
[2022-02-19T17:18:17.166+0000][4672][gc,heap     ] GC(20) Humongous regions: 0->0
[2022-02-19T17:18:17.167+0000][4672][gc,metaspace] GC(20) Metaspace: 29305K(29952K)->29305K(29952K) NonClass: 25792K(26176K)->25792K(26176K) Class: 3513K(3776K)->3513K(3776K)
[2022-02-19T17:18:17.167+0000][4672][gc          ] GC(20) Pause Young (Normal) (G1 Evacuation Pause) 62M->21M(956M) 4.723ms
[2022-02-19T17:18:17.167+0000][4672][gc,cpu      ] GC(20) User=0.00s Sys=0.00s Real=0.01s
[2022-02-19T17:18:17.167+0000][4672][safepoint   ] Safepoint "G1CollectForAllocation", Time since last: 1720251305 ns, Reaching safepoint: 29255 ns, At safepoint: 4860942 ns, Total: 4890197 ns
[2022-02-19T17:18:18.480+0000][4672][gc,start    ] GC(21) Pause Young (Normal) (G1 Evacuation Pause)
[2022-02-19T17:18:18.480+0000][4672][gc,task     ] GC(21) Using 2 workers of 2 for evacuation
[2022-02-19T17:18:18.480+0000][4672][gc,age      ] GC(21) Desired survivor size 4194304 bytes, new threshold 15 (max threshold 15)
[2022-02-19T17:18:18.488+0000][4672][gc,age      ] GC(21) Age table with threshold 15 (max threshold 15)
[2022-02-19T17:18:18.488+0000][4672][gc,age      ] GC(21) - age   1:    1511768 bytes,    1511768 total
[2022-02-19T17:18:18.488+0000][4672][gc,age      ] GC(21) - age   2:     137624 bytes,    1649392 total
[2022-02-19T17:18:18.488+0000][4672][gc,age      ] GC(21) - age   3:     952312 bytes,    2601704 total
[2022-02-19T17:18:18.488+0000][4672][gc,age      ] GC(21) - age   4:     876536 bytes,    3478240 total
[2022-02-19T17:18:18.488+0000][4672][gc,age      ] GC(21) - age   5:       2016 bytes,    3480256 total
[2022-02-19T17:18:18.488+0000][4672][gc,age      ] GC(21) - age   6:     240968 bytes,    3721224 total
[2022-02-19T17:18:18.488+0000][4672][gc,age      ] GC(21) - age   7:      17896 bytes,    3739120 total
[2022-02-19T17:18:18.489+0000][4672][gc,phases   ] GC(21)   Pre Evacuate Collection Set: 0.1ms
[2022-02-19T17:18:18.489+0000][4672][gc,phases   ] GC(21)   Merge Heap Roots: 0.0ms
[2022-02-19T17:18:18.489+0000][4672][gc,phases   ] GC(21)   Evacuate Collection Set: 7.6ms
[2022-02-19T17:18:18.489+0000][4672][gc,phases   ] GC(21)   Post Evacuate Collection Set: 0.4ms
[2022-02-19T17:18:18.489+0000][4672][gc,phases   ] GC(21)   Other: 0.7ms
[2022-02-19T17:18:18.489+0000][4672][gc,heap     ] GC(21) Eden regions: 10->0(10)
[2022-02-19T17:18:18.489+0000][4672][gc,heap     ] GC(21) Survivor regions: 1->1(2)
[2022-02-19T17:18:18.489+0000][4672][gc,heap     ] GC(21) Old regions: 5->5
[2022-02-19T17:18:18.489+0000][4672][gc,heap     ] GC(21) Archive regions: 0->0
[2022-02-19T17:18:18.489+0000][4672][gc,heap     ] GC(21) Humongous regions: 0->0
[2022-02-19T17:18:18.489+0000][4672][gc,metaspace] GC(21) Metaspace: 29305K(29952K)->29305K(29952K) NonClass: 25792K(26176K)->25792K(26176K) Class: 3513K(3776K)->3513K(3776K)
[2022-02-19T17:18:18.489+0000][4672][gc          ] GC(21) Pause Young (Normal) (G1 Evacuation Pause) 61M->22M(956M) 9.149ms
[2022-02-19T17:18:18.489+0000][4672][gc,cpu      ] GC(21) User=0.03s Sys=0.00s Real=0.01s
[2022-02-19T17:18:18.489+0000][4672][safepoint   ] Safepoint "G1CollectForAllocation", Time since last: 1313193265 ns, Reaching safepoint: 26689 ns, At safepoint: 9296403 ns, Total: 9323092 ns
[2022-02-19T17:18:19.827+0000][4672][gc,start    ] GC(22) Pause Young (Normal) (G1 Evacuation Pause)
[2022-02-19T17:18:19.827+0000][4672][gc,task     ] GC(22) Using 2 workers of 2 for evacuation
[2022-02-19T17:18:19.827+0000][4672][gc,age      ] GC(22) Desired survivor size 4194304 bytes, new threshold 15 (max threshold 15)
[2022-02-19T17:18:19.834+0000][4672][gc,age      ] GC(22) Age table with threshold 15 (max threshold 15)
[2022-02-19T17:18:19.834+0000][4672][gc,age      ] GC(22) - age   1:    2154616 bytes,    2154616 total
[2022-02-19T17:18:19.834+0000][4672][gc,age      ] GC(22) - age   2:        544 bytes,    2155160 total
[2022-02-19T17:18:19.834+0000][4672][gc,age      ] GC(22) - age   3:     124536 bytes,    2279696 total
[2022-02-19T17:18:19.835+0000][4672][gc,age      ] GC(22) - age   4:     952312 bytes,    3232008 total
[2022-02-19T17:18:19.835+0000][4672][gc,age      ] GC(22) - age   5:     876536 bytes,    4108544 total
[2022-02-19T17:18:19.835+0000][4672][gc,age      ] GC(22) - age   6:       2016 bytes,    4110560 total
[2022-02-19T17:18:19.835+0000][4672][gc,age      ] GC(22) - age   7:     240968 bytes,    4351528 total
[2022-02-19T17:18:19.835+0000][4672][gc,age      ] GC(22) - age   8:      17896 bytes,    4369424 total
[2022-02-19T17:18:19.835+0000][4672][gc,phases   ] GC(22)   Pre Evacuate Collection Set: 0.0ms
[2022-02-19T17:18:19.835+0000][4672][gc,phases   ] GC(22)   Merge Heap Roots: 0.0ms
[2022-02-19T17:18:19.835+0000][4672][gc,phases   ] GC(22)   Evacuate Collection Set: 6.4ms
[2022-02-19T17:18:19.835+0000][4672][gc,phases   ] GC(22)   Post Evacuate Collection Set: 0.4ms
[2022-02-19T17:18:19.835+0000][4672][gc,phases   ] GC(22)   Other: 0.6ms
[2022-02-19T17:18:19.835+0000][4672][gc,heap     ] GC(22) Eden regions: 10->0(9)
[2022-02-19T17:18:19.835+0000][4672][gc,heap     ] GC(22) Survivor regions: 1->2(2)
[2022-02-19T17:18:19.835+0000][4672][gc,heap     ] GC(22) Old regions: 5->5
[2022-02-19T17:18:19.835+0000][4672][gc,heap     ] GC(22) Archive regions: 0->0
[2022-02-19T17:18:19.835+0000][4672][gc,heap     ] GC(22) Humongous regions: 0->0
[2022-02-19T17:18:19.835+0000][4672][gc,metaspace] GC(22) Metaspace: 29378K(30080K)->29378K(30080K) NonClass: 25855K(26304K)->25855K(26304K) Class: 3523K(3776K)->3523K(3776K)
[2022-02-19T17:18:19.835+0000][4672][gc          ] GC(22) Pause Young (Normal) (G1 Evacuation Pause) 62M->23M(956M) 7.817ms
[2022-02-19T17:18:19.835+0000][4672][gc,cpu      ] GC(22) User=0.00s Sys=0.00s Real=0.01s
[2022-02-19T17:18:19.835+0000][4672][safepoint   ] Safepoint "G1CollectForAllocation", Time since last: 1338086151 ns, Reaching safepoint: 38493 ns, At safepoint: 7958887 ns, Total: 7997380 ns
[2022-02-19T17:18:20.562+0000][4672][gc,start    ] GC(23) Pause Young (Normal) (G1 Evacuation Pause)
[2022-02-19T17:18:20.562+0000][4672][gc,task     ] GC(23) Using 2 workers of 2 for evacuation
[2022-02-19T17:18:20.562+0000][4672][gc,age      ] GC(23) Desired survivor size 4194304 bytes, new threshold 7 (max threshold 15)
[2022-02-19T17:18:20.793+0000][4672][gc,age      ] GC(23) Age table with threshold 7 (max threshold 15)
[2022-02-19T17:18:20.793+0000][4672][gc,age      ] GC(23) - age   1:      50216 bytes,      50216 total
[2022-02-19T17:18:20.793+0000][4672][gc,age      ] GC(23) - age   2:     390792 bytes,     441008 total
[2022-02-19T17:18:20.793+0000][4672][gc,age      ] GC(23) - age   3:        544 bytes,     441552 total
[2022-02-19T17:18:20.793+0000][4672][gc,age      ] GC(23) - age   4:     124536 bytes,     566088 total
[2022-02-19T17:18:20.793+0000][4672][gc,age      ] GC(23) - age   5:     952312 bytes,    1518400 total
[2022-02-19T17:18:20.793+0000][4672][gc,age      ] GC(23) - age   6:     876536 bytes,    2394936 total
[2022-02-19T17:18:20.793+0000][4672][gc,age      ] GC(23) - age   7:       2016 bytes,    2396952 total
[2022-02-19T17:18:20.793+0000][4672][gc,mmu      ] GC(23) MMU target violated: 201.0ms (200.0ms/201.0ms)
[2022-02-19T17:18:20.793+0000][4672][gc,phases   ] GC(23)   Pre Evacuate Collection Set: 0.1ms
[2022-02-19T17:18:20.793+0000][4672][gc,phases   ] GC(23)   Merge Heap Roots: 0.0ms
[2022-02-19T17:18:20.793+0000][4672][gc,phases   ] GC(23)   Evacuate Collection Set: 235.3ms
[2022-02-19T17:18:20.793+0000][4672][gc,phases   ] GC(23)   Post Evacuate Collection Set: 0.6ms
[2022-02-19T17:18:20.793+0000][4672][gc,phases   ] GC(23)   Other: 0.9ms
[2022-02-19T17:18:20.793+0000][4672][gc,heap     ] GC(23) Eden regions: 9->0(10)
[2022-02-19T17:18:20.793+0000][4672][gc,heap     ] GC(23) Survivor regions: 2->1(2)
[2022-02-19T17:18:20.793+0000][4672][gc,heap     ] GC(23) Old regions: 5->5
[2022-02-19T17:18:20.793+0000][4672][gc,heap     ] GC(23) Archive regions: 0->0
[2022-02-19T17:18:20.793+0000][4672][gc,heap     ] GC(23) Humongous regions: 0->0
[2022-02-19T17:18:20.793+0000][4672][gc,metaspace] GC(23) Metaspace: 29436K(30144K)->29436K(30144K) NonClass: 25901K(26368K)->25901K(26368K) Class: 3534K(3776K)->3534K(3776K)
[2022-02-19T17:18:20.793+0000][4672][gc          ] GC(23) Pause Young (Normal) (G1 Evacuation Pause) 59M->21M(956M) 237.520ms
[2022-02-19T17:18:20.793+0000][4672][gc,cpu      ] GC(23) User=0.00s Sys=0.00s Real=0.23s
[2022-02-19T17:18:20.793+0000][4672][safepoint   ] Safepoint "G1CollectForAllocation", Time since last: 727181650 ns, Reaching safepoint: 35414 ns, At safepoint: 237847903 ns, Total: 237883317 ns
[2022-02-19T17:18:22.823+0000][4672][safepoint   ] Safepoint "Cleanup", Time since last: 2007085857 ns, Reaching safepoint: 15539000 ns, At safepoint: 363377 ns, Total: 15902377 ns
[2022-02-19T17:18:23.516+0000][4672][gc,start    ] GC(24) Pause Young (Normal) (G1 Evacuation Pause)
[2022-02-19T17:18:23.516+0000][4672][gc,task     ] GC(24) Using 2 workers of 2 for evacuation
[2022-02-19T17:18:23.516+0000][4672][gc,age      ] GC(24) Desired survivor size 4194304 bytes, new threshold 15 (max threshold 15)
[2022-02-19T17:18:23.532+0000][4672][gc,age      ] GC(24) Age table with threshold 15 (max threshold 15)
[2022-02-19T17:18:23.532+0000][4672][gc,age      ] GC(24) - age   1:     602952 bytes,     602952 total
[2022-02-19T17:18:23.532+0000][4672][gc,age      ] GC(24) - age   2:      44920 bytes,     647872 total
[2022-02-19T17:18:23.532+0000][4672][gc,age      ] GC(24) - age   3:     390792 bytes,    1038664 total
[2022-02-19T17:18:23.532+0000][4672][gc,age      ] GC(24) - age   4:        544 bytes,    1039208 total
[2022-02-19T17:18:23.532+0000][4672][gc,age      ] GC(24) - age   5:     124472 bytes,    1163680 total
[2022-02-19T17:18:23.532+0000][4672][gc,age      ] GC(24) - age   6:     952312 bytes,    2115992 total
[2022-02-19T17:18:23.532+0000][4672][gc,age      ] GC(24) - age   7:     876536 bytes,    2992528 total
[2022-02-19T17:18:23.532+0000][4672][gc,age      ] GC(24) - age   8:       2016 bytes,    2994544 total
[2022-02-19T17:18:23.532+0000][4672][gc,phases   ] GC(24)   Pre Evacuate Collection Set: 0.1ms
[2022-02-19T17:18:23.532+0000][4672][gc,phases   ] GC(24)   Merge Heap Roots: 0.1ms
[2022-02-19T17:18:23.532+0000][4672][gc,phases   ] GC(24)   Evacuate Collection Set: 6.1ms
[2022-02-19T17:18:23.532+0000][4672][gc,phases   ] GC(24)   Post Evacuate Collection Set: 0.6ms
[2022-02-19T17:18:23.532+0000][4672][gc,phases   ] GC(24)   Other: 1.0ms
[2022-02-19T17:18:23.532+0000][4672][gc,heap     ] GC(24) Eden regions: 10->0(10)
[2022-02-19T17:18:23.532+0000][4672][gc,heap     ] GC(24) Survivor regions: 1->1(2)
[2022-02-19T17:18:23.532+0000][4672][gc,heap     ] GC(24) Old regions: 5->5
[2022-02-19T17:18:23.532+0000][4672][gc,heap     ] GC(24) Archive regions: 0->0
[2022-02-19T17:18:23.532+0000][4672][gc,heap     ] GC(24) Humongous regions: 0->0
[2022-02-19T17:18:23.532+0000][4672][gc,metaspace] GC(24) Metaspace: 29555K(30208K)->29555K(30208K) NonClass: 25997K(26432K)->25997K(26432K) Class: 3558K(3776K)->3558K(3776K)
[2022-02-19T17:18:23.532+0000][4672][gc          ] GC(24) Pause Young (Normal) (G1 Evacuation Pause) 61M->22M(956M) 8.630ms
[2022-02-19T17:18:23.532+0000][4672][gc,cpu      ] GC(24) User=0.03s Sys=0.00s Real=0.02s
[2022-02-19T17:18:23.532+0000][4672][safepoint   ] Safepoint "G1CollectForAllocation", Time since last: 706292587 ns, Reaching safepoint: 83145 ns, At safepoint: 8877082 ns, Total: 8960227 ns
[2022-02-19T17:18:24.489+0000][4672][gc,start    ] GC(25) Pause Young (Normal) (G1 Evacuation Pause)
[2022-02-19T17:18:24.489+0000][4672][gc,task     ] GC(25) Using 2 workers of 2 for evacuation
[2022-02-19T17:18:24.489+0000][4672][gc,age      ] GC(25) Desired survivor size 4194304 bytes, new threshold 15 (max threshold 15)
[2022-02-19T17:18:24.489+0000][4672][gc,age      ] GC(25) Age table with threshold 15 (max threshold 15)
[2022-02-19T17:18:24.489+0000][4672][gc,age      ] GC(25) - age   1:     669976 bytes,     669976 total
[2022-02-19T17:18:24.489+0000][4672][gc,age      ] GC(25) - age   2:      53408 bytes,     723384 total
[2022-02-19T17:18:24.489+0000][4672][gc,age      ] GC(25) - age   3:      44920 bytes,     768304 total
[2022-02-19T17:18:24.489+0000][4672][gc,age      ] GC(25) - age   4:     390792 bytes,    1159096 total
[2022-02-19T17:18:24.489+0000][4672][gc,age      ] GC(25) - age   5:        544 bytes,    1159640 total
[2022-02-19T17:18:24.489+0000][4672][gc,age      ] GC(25) - age   6:     124472 bytes,    1284112 total
[2022-02-19T17:18:24.489+0000][4672][gc,age      ] GC(25) - age   7:     952312 bytes,    2236424 total
[2022-02-19T17:18:24.489+0000][4672][gc,age      ] GC(25) - age   8:     876536 bytes,    3112960 total
[2022-02-19T17:18:24.489+0000][4672][gc,age      ] GC(25) - age   9:       2016 bytes,    3114976 total
[2022-02-19T17:18:24.489+0000][4672][gc,phases   ] GC(25)   Pre Evacuate Collection Set: 0.1ms
[2022-02-19T17:18:24.489+0000][4672][gc,phases   ] GC(25)   Merge Heap Roots: 0.0ms
[2022-02-19T17:18:24.489+0000][4672][gc,phases   ] GC(25)   Evacuate Collection Set: 3.9ms
[2022-02-19T17:18:24.489+0000][4672][gc,phases   ] GC(25)   Post Evacuate Collection Set: 0.4ms
[2022-02-19T17:18:24.489+0000][4672][gc,phases   ] GC(25)   Other: 0.6ms
[2022-02-19T17:18:24.489+0000][4672][gc,heap     ] GC(25) Eden regions: 10->0(10)
[2022-02-19T17:18:24.489+0000][4672][gc,heap     ] GC(25) Survivor regions: 1->1(2)
[2022-02-19T17:18:24.489+0000][4672][gc,heap     ] GC(25) Old regions: 5->5
[2022-02-19T17:18:24.489+0000][4672][gc,heap     ] GC(25) Archive regions: 0->0
[2022-02-19T17:18:24.489+0000][4672][gc,heap     ] GC(25) Humongous regions: 0->0
[2022-02-19T17:18:24.489+0000][4672][gc,metaspace] GC(25) Metaspace: 29573K(30272K)->29573K(30272K) NonClass: 26012K(26432K)->26012K(26432K) Class: 3560K(3840K)->3560K(3840K)
[2022-02-19T17:18:24.489+0000][4672][gc          ] GC(25) Pause Young (Normal) (G1 Evacuation Pause) 62M->22M(956M) 5.316ms
[2022-02-19T17:18:24.489+0000][4672][gc,cpu      ] GC(25) User=0.00s Sys=0.00s Real=0.00s
[2022-02-19T17:18:24.489+0000][4672][safepoint   ] Safepoint "G1CollectForAllocation", Time since last: 952664459 ns, Reaching safepoint: 30795 ns, At safepoint: 5455792 ns, Total: 5486587 ns
[2022-02-19T17:18:25.954+0000][4672][gc,start    ] GC(26) Pause Young (Normal) (G1 Evacuation Pause)
[2022-02-19T17:18:25.954+0000][4672][gc,task     ] GC(26) Using 2 workers of 2 for evacuation
[2022-02-19T17:18:25.954+0000][4672][gc,age      ] GC(26) Desired survivor size 4194304 bytes, new threshold 15 (max threshold 15)
[2022-02-19T17:18:25.954+0000][4672][gc,age      ] GC(26) Age table with threshold 15 (max threshold 15)
[2022-02-19T17:18:25.954+0000][4672][gc,age      ] GC(26) - age   1:     353312 bytes,     353312 total
[2022-02-19T17:18:25.954+0000][4672][gc,age      ] GC(26) - age   2:      21680 bytes,     374992 total
[2022-02-19T17:18:25.954+0000][4672][gc,age      ] GC(26) - age   3:      53296 bytes,     428288 total
[2022-02-19T17:18:25.954+0000][4672][gc,age      ] GC(26) - age   4:      44920 bytes,     473208 total
[2022-02-19T17:18:25.954+0000][4672][gc,age      ] GC(26) - age   5:     390792 bytes,     864000 total
[2022-02-19T17:18:25.954+0000][4672][gc,age      ] GC(26) - age   6:        544 bytes,     864544 total
[2022-02-19T17:18:25.954+0000][4672][gc,age      ] GC(26) - age   7:     124472 bytes,     989016 total
[2022-02-19T17:18:25.954+0000][4672][gc,age      ] GC(26) - age   8:     952312 bytes,    1941328 total
[2022-02-19T17:18:25.954+0000][4672][gc,age      ] GC(26) - age   9:     876536 bytes,    2817864 total
[2022-02-19T17:18:25.954+0000][4672][gc,age      ] GC(26) - age  10:       2016 bytes,    2819880 total
[2022-02-19T17:18:25.954+0000][4672][gc,phases   ] GC(26)   Pre Evacuate Collection Set: 0.1ms
[2022-02-19T17:18:25.954+0000][4672][gc,phases   ] GC(26)   Merge Heap Roots: 0.1ms
[2022-02-19T17:18:25.954+0000][4672][gc,phases   ] GC(26)   Evacuate Collection Set: 5.3ms
[2022-02-19T17:18:25.954+0000][4672][gc,phases   ] GC(26)   Post Evacuate Collection Set: 0.7ms
[2022-02-19T17:18:25.954+0000][4672][gc,phases   ] GC(26)   Other: 1.1ms
[2022-02-19T17:18:25.954+0000][4672][gc,heap     ] GC(26) Eden regions: 10->0(10)
[2022-02-19T17:18:25.954+0000][4672][gc,heap     ] GC(26) Survivor regions: 1->1(2)
[2022-02-19T17:18:25.954+0000][4672][gc,heap     ] GC(26) Old regions: 5->5
[2022-02-19T17:18:25.954+0000][4672][gc,heap     ] GC(26) Archive regions: 0->0
[2022-02-19T17:18:25.954+0000][4672][gc,heap     ] GC(26) Humongous regions: 0->0
[2022-02-19T17:18:25.954+0000][4672][gc,metaspace] GC(26) Metaspace: 29620K(30336K)->29620K(30336K) NonClass: 26054K(26496K)->26054K(26496K) Class: 3566K(3840K)->3566K(3840K)
[2022-02-19T17:18:25.954+0000][4672][gc          ] GC(26) Pause Young (Normal) (G1 Evacuation Pause) 62M->22M(956M) 7.959ms
[2022-02-19T17:18:25.954+0000][4672][gc,cpu      ] GC(26) User=0.00s Sys=0.00s Real=0.00s
[2022-02-19T17:18:25.954+0000][4672][safepoint   ] Safepoint "G1CollectForAllocation", Time since last: 1458298861 ns, Reaching safepoint: 77500 ns, At safepoint: 8202165 ns, Total: 8279665 ns
[2022-02-19T17:18:26.312+0000][4672][gc,start    ] GC(27) Pause Young (Normal) (G1 Evacuation Pause)
[2022-02-19T17:18:26.312+0000][4672][gc,task     ] GC(27) Using 2 workers of 2 for evacuation
[2022-02-19T17:18:26.312+0000][4672][gc,age      ] GC(27) Desired survivor size 4194304 bytes, new threshold 15 (max threshold 15)
[2022-02-19T17:18:26.312+0000][4672][gc,age      ] GC(27) Age table with threshold 15 (max threshold 15)
[2022-02-19T17:18:26.312+0000][4672][gc,age      ] GC(27) - age   1:     423104 bytes,     423104 total
[2022-02-19T17:18:26.312+0000][4672][gc,age      ] GC(27) - age   2:     160736 bytes,     583840 total
[2022-02-19T17:18:26.312+0000][4672][gc,age      ] GC(27) - age   3:      21680 bytes,     605520 total
[2022-02-19T17:18:26.312+0000][4672][gc,age      ] GC(27) - age   4:      53296 bytes,     658816 total
[2022-02-19T17:18:26.312+0000][4672][gc,age      ] GC(27) - age   5:      44920 bytes,     703736 total
[2022-02-19T17:18:26.312+0000][4672][gc,age      ] GC(27) - age   6:     390792 bytes,    1094528 total
[2022-02-19T17:18:26.312+0000][4672][gc,age      ] GC(27) - age   7:        544 bytes,    1095072 total
[2022-02-19T17:18:26.312+0000][4672][gc,age      ] GC(27) - age   8:     124472 bytes,    1219544 total
[2022-02-19T17:18:26.312+0000][4672][gc,age      ] GC(27) - age   9:     952312 bytes,    2171856 total
[2022-02-19T17:18:26.312+0000][4672][gc,age      ] GC(27) - age  10:     876536 bytes,    3048392 total
[2022-02-19T17:18:26.312+0000][4672][gc,age      ] GC(27) - age  11:       2016 bytes,    3050408 total
[2022-02-19T17:18:26.312+0000][4672][gc,phases   ] GC(27)   Pre Evacuate Collection Set: 0.1ms
[2022-02-19T17:18:26.312+0000][4672][gc,phases   ] GC(27)   Merge Heap Roots: 0.1ms
[2022-02-19T17:18:26.312+0000][4672][gc,phases   ] GC(27)   Evacuate Collection Set: 5.9ms
[2022-02-19T17:18:26.312+0000][4672][gc,phases   ] GC(27)   Post Evacuate Collection Set: 0.6ms
[2022-02-19T17:18:26.312+0000][4672][gc,phases   ] GC(27)   Other: 1.2ms
[2022-02-19T17:18:26.312+0000][4672][gc,heap     ] GC(27) Eden regions: 10->0(22)
[2022-02-19T17:18:26.312+0000][4672][gc,heap     ] GC(27) Survivor regions: 1->1(2)
[2022-02-19T17:18:26.312+0000][4672][gc,heap     ] GC(27) Old regions: 5->5
[2022-02-19T17:18:26.312+0000][4672][gc,heap     ] GC(27) Archive regions: 0->0
[2022-02-19T17:18:26.312+0000][4672][gc,heap     ] GC(27) Humongous regions: 0->0
[2022-02-19T17:18:26.312+0000][4672][gc,metaspace] GC(27) Metaspace: 29625K(30336K)->29625K(30336K) NonClass: 26057K(26496K)->26057K(26496K) Class: 3567K(3840K)->3567K(3840K)
[2022-02-19T17:18:26.312+0000][4672][gc          ] GC(27) Pause Young (Normal) (G1 Evacuation Pause) 62M->22M(956M) 8.516ms
[2022-02-19T17:18:26.312+0000][4672][gc,cpu      ] GC(27) User=0.00s Sys=0.00s Real=0.00s
[2022-02-19T17:18:26.312+0000][4672][safepoint   ] Safepoint "G1CollectForAllocation", Time since last: 351580896 ns, Reaching safepoint: 44139 ns, At safepoint: 8751337 ns, Total: 8795476 ns
[2022-02-19T17:18:26.845+0000][4672][gc,start    ] GC(28) Pause Young (Normal) (G1 Evacuation Pause)
[2022-02-19T17:18:26.845+0000][4672][gc,task     ] GC(28) Using 2 workers of 2 for evacuation
[2022-02-19T17:18:26.845+0000][4672][gc,age      ] GC(28) Desired survivor size 6291456 bytes, new threshold 15 (max threshold 15)
[2022-02-19T17:18:26.845+0000][4672][gc,age      ] GC(28) Age table with threshold 15 (max threshold 15)
[2022-02-19T17:18:26.845+0000][4672][gc,age      ] GC(28) - age   1:    1480264 bytes,    1480264 total
[2022-02-19T17:18:26.845+0000][4672][gc,age      ] GC(28) - age   2:      20472 bytes,    1500736 total
[2022-02-19T17:18:26.845+0000][4672][gc,age      ] GC(28) - age   3:     160736 bytes,    1661472 total
[2022-02-19T17:18:26.845+0000][4672][gc,age      ] GC(28) - age   4:      21680 bytes,    1683152 total
[2022-02-19T17:18:26.845+0000][4672][gc,age      ] GC(28) - age   5:      53296 bytes,    1736448 total
[2022-02-19T17:18:26.845+0000][4672][gc,age      ] GC(28) - age   6:      44920 bytes,    1781368 total
[2022-02-19T17:18:26.845+0000][4672][gc,age      ] GC(28) - age   7:     390792 bytes,    2172160 total
[2022-02-19T17:18:26.845+0000][4672][gc,age      ] GC(28) - age   8:        544 bytes,    2172704 total
[2022-02-19T17:18:26.845+0000][4672][gc,age      ] GC(28) - age   9:     124472 bytes,    2297176 total
[2022-02-19T17:18:26.845+0000][4672][gc,age      ] GC(28) - age  10:     952312 bytes,    3249488 total
[2022-02-19T17:18:26.845+0000][4672][gc,age      ] GC(28) - age  11:     876536 bytes,    4126024 total
[2022-02-19T17:18:26.845+0000][4672][gc,age      ] GC(28) - age  12:       2016 bytes,    4128040 total
[2022-02-19T17:18:26.845+0000][4672][gc,phases   ] GC(28)   Pre Evacuate Collection Set: 0.0ms
[2022-02-19T17:18:26.845+0000][4672][gc,phases   ] GC(28)   Merge Heap Roots: 0.0ms
[2022-02-19T17:18:26.845+0000][4672][gc,phases   ] GC(28)   Evacuate Collection Set: 5.9ms
[2022-02-19T17:18:26.845+0000][4672][gc,phases   ] GC(28)   Post Evacuate Collection Set: 0.5ms
[2022-02-19T17:18:26.845+0000][4672][gc,phases   ] GC(28)   Other: 0.7ms
[2022-02-19T17:18:26.845+0000][4672][gc,heap     ] GC(28) Eden regions: 22->0(19)
[2022-02-19T17:18:26.845+0000][4672][gc,heap     ] GC(28) Survivor regions: 1->2(3)
[2022-02-19T17:18:26.845+0000][4672][gc,heap     ] GC(28) Old regions: 5->5
[2022-02-19T17:18:26.845+0000][4672][gc,heap     ] GC(28) Archive regions: 0->0
[2022-02-19T17:18:26.845+0000][4672][gc,heap     ] GC(28) Humongous regions: 0->0
[2022-02-19T17:18:26.845+0000][4672][gc,metaspace] GC(28) Metaspace: 29630K(30336K)->29630K(30336K) NonClass: 26060K(26496K)->26060K(26496K) Class: 3569K(3840K)->3569K(3840K)
[2022-02-19T17:18:26.845+0000][4672][gc          ] GC(28) Pause Young (Normal) (G1 Evacuation Pause) 110M->23M(956M) 7.469ms
[2022-02-19T17:18:26.845+0000][4672][gc,cpu      ] GC(28) User=0.00s Sys=0.00s Real=0.00s
[2022-02-19T17:18:26.845+0000][4672][safepoint   ] Safepoint "G1CollectForAllocation", Time since last: 527665948 ns, Reaching safepoint: 42599 ns, At safepoint: 7605261 ns, Total: 7647860 ns
[2022-02-19T17:18:28.850+0000][4672][safepoint   ] Safepoint "Cleanup", Time since last: 1990867836 ns, Reaching safepoint: 53377 ns, At safepoint: 7186 ns, Total: 60563 ns
[2022-02-19T17:18:29.807+0000][4672][gc,start    ] GC(29) Pause Young (Normal) (G1 Evacuation Pause)
[2022-02-19T17:18:29.807+0000][4672][gc,task     ] GC(29) Using 2 workers of 2 for evacuation
[2022-02-19T17:18:29.807+0000][4672][gc,age      ] GC(29) Desired survivor size 6291456 bytes, new threshold 15 (max threshold 15)
[2022-02-19T17:18:29.814+0000][4672][gc,age      ] GC(29) Age table with threshold 15 (max threshold 15)
[2022-02-19T17:18:29.814+0000][4672][gc,age      ] GC(29) - age   1:    1730640 bytes,    1730640 total
[2022-02-19T17:18:29.814+0000][4672][gc,age      ] GC(29) - age   2:      30824 bytes,    1761464 total
[2022-02-19T17:18:29.814+0000][4672][gc,age      ] GC(29) - age   3:      20472 bytes,    1781936 total
[2022-02-19T17:18:29.814+0000][4672][gc,age      ] GC(29) - age   4:     160736 bytes,    1942672 total
[2022-02-19T17:18:29.814+0000][4672][gc,age      ] GC(29) - age   5:      21680 bytes,    1964352 total
[2022-02-19T17:18:29.814+0000][4672][gc,age      ] GC(29) - age   6:      53040 bytes,    2017392 total
[2022-02-19T17:18:29.814+0000][4672][gc,age      ] GC(29) - age   7:      44920 bytes,    2062312 total
[2022-02-19T17:18:29.814+0000][4672][gc,age      ] GC(29) - age   8:     390792 bytes,    2453104 total
[2022-02-19T17:18:29.814+0000][4672][gc,age      ] GC(29) - age   9:        544 bytes,    2453648 total
[2022-02-19T17:18:29.814+0000][4672][gc,age      ] GC(29) - age  10:     124472 bytes,    2578120 total
[2022-02-19T17:18:29.814+0000][4672][gc,age      ] GC(29) - age  11:     952312 bytes,    3530432 total
[2022-02-19T17:18:29.814+0000][4672][gc,age      ] GC(29) - age  12:     876536 bytes,    4406968 total
[2022-02-19T17:18:29.814+0000][4672][gc,age      ] GC(29) - age  13:       2016 bytes,    4408984 total
[2022-02-19T17:18:29.814+0000][4672][gc,phases   ] GC(29)   Pre Evacuate Collection Set: 0.1ms
[2022-02-19T17:18:29.814+0000][4672][gc,phases   ] GC(29)   Merge Heap Roots: 0.1ms
[2022-02-19T17:18:29.814+0000][4672][gc,phases   ] GC(29)   Evacuate Collection Set: 6.3ms
[2022-02-19T17:18:29.815+0000][4672][gc,phases   ] GC(29)   Post Evacuate Collection Set: 0.7ms
[2022-02-19T17:18:29.815+0000][4672][gc,phases   ] GC(29)   Other: 0.8ms
[2022-02-19T17:18:29.815+0000][4672][gc,heap     ] GC(29) Eden regions: 19->0(44)
[2022-02-19T17:18:29.815+0000][4672][gc,heap     ] GC(29) Survivor regions: 2->2(3)
[2022-02-19T17:18:29.815+0000][4672][gc,heap     ] GC(29) Old regions: 5->5
[2022-02-19T17:18:29.815+0000][4672][gc,heap     ] GC(29) Archive regions: 0->0
[2022-02-19T17:18:29.815+0000][4672][gc,heap     ] GC(29) Humongous regions: 0->0
[2022-02-19T17:18:29.815+0000][4672][gc,metaspace] GC(29) Metaspace: 29657K(30336K)->29657K(30336K) NonClass: 26081K(26496K)->26081K(26496K) Class: 3575K(3840K)->3575K(3840K)
[2022-02-19T17:18:29.815+0000][4672][gc          ] GC(29) Pause Young (Normal) (G1 Evacuation Pause) 99M->23M(956M) 8.173ms
[2022-02-19T17:18:29.815+0000][4672][gc,cpu      ] GC(29) User=0.00s Sys=0.00s Real=0.01s
[2022-02-19T17:18:29.815+0000][4672][safepoint   ] Safepoint "G1CollectForAllocation", Time since last: 956810450 ns, Reaching safepoint: 92897 ns, At safepoint: 8361271 ns, Total: 8454168 ns
[2022-02-19T17:18:31.815+0000][4672][safepoint   ] Safepoint "Cleanup", Time since last: 1999718229 ns, Reaching safepoint: 45166 ns, At safepoint: 3079 ns, Total: 48245 ns
[2022-02-19T17:18:34.816+0000][4672][safepoint   ] Safepoint "Cleanup", Time since last: 3000118560 ns, Reaching safepoint: 60562 ns, At safepoint: 5646 ns, Total: 66208 ns
[2022-02-19T17:18:36.816+0000][4672][safepoint   ] Safepoint "Cleanup", Time since last: 2000019503 ns, Reaching safepoint: 101623 ns, At safepoint: 8212 ns, Total: 109835 ns
[2022-02-19T17:18:38.816+0000][4672][safepoint   ] Safepoint "Cleanup", Time since last: 1999967152 ns, Reaching safepoint: 56970 ns, At safepoint: 5133 ns, Total: 62103 ns
[2022-02-19T17:18:40.816+0000][4672][safepoint   ] Safepoint "Cleanup", Time since last: 2000040546 ns, Reaching safepoint: 153974 ns, At safepoint: 8725 ns, Total: 162699 ns
[2022-02-19T17:19:10.818+0000][4672][safepoint   ] Safepoint "Cleanup", Time since last: 30001519204 ns, Reaching safepoint: 116507 ns, At safepoint: 6672 ns, Total: 123179 ns
[2022-02-19T17:19:12.911+0000][4672][safepoint   ] Safepoint "Cleanup", Time since last: 2002070430 ns, Reaching safepoint: 90917722 ns, At safepoint: 334636 ns, Total: 91252358 ns
[2022-02-19T17:19:14.911+0000][4672][safepoint   ] Safepoint "Cleanup", Time since last: 1999778278 ns, Reaching safepoint: 232500 ns, At safepoint: 11805 ns, Total: 244305 ns
[2022-02-19T17:19:28.167+0000][4672][safepoint   ] Safepoint "Cleanup", Time since last: 13000277665 ns, Reaching safepoint: 255047763 ns, At safepoint: 48245 ns, Total: 255096008 ns
[2022-02-19T17:19:30.167+0000][4672][safepoint   ] Safepoint "Cleanup", Time since last: 1999987682 ns, Reaching safepoint: 91871 ns, At safepoint: 8212 ns, Total: 100083 ns
[2022-02-19T17:19:40.252+0000][4672][safepoint   ] Safepoint "Cleanup", Time since last: 10084412858 ns, Reaching safepoint: 85198 ns, At safepoint: 8212 ns, Total: 93410 ns
[2022-02-19T17:19:43.252+0000][4672][safepoint   ] Safepoint "Cleanup", Time since last: 2999838841 ns, Reaching safepoint: 61077 ns, At safepoint: 5645 ns, Total: 66722 ns
[2022-02-19T17:20:01.342+0000][4672][safepoint   ] Safepoint "Cleanup", Time since last: 18000692368 ns, Reaching safepoint: 88852425 ns, At safepoint: 871490 ns, Total: 89723915 ns
[2022-02-19T17:20:02.343+0000][4672][safepoint   ] Safepoint "Cleanup", Time since last: 1000346953 ns, Reaching safepoint: 56971 ns, At safepoint: 8211 ns, Total: 65182 ns
[2022-02-19T17:20:03.355+0000][4672][safepoint   ] Safepoint "Cleanup", Time since last: 1011745094 ns, Reaching safepoint: 62103 ns, At safepoint: 5132 ns, Total: 67235 ns
[2022-02-19T17:20:07.686+0000][4672][safepoint   ] Safepoint "Cleanup", Time since last: 4009799897 ns, Reaching safepoint: 321221440 ns, At safepoint: 28229 ns, Total: 321249669 ns
[2022-02-19T17:20:28.687+0000][4672][safepoint   ] Safepoint "Cleanup", Time since last: 21000657979 ns, Reaching safepoint: 118560 ns, At safepoint: 15910 ns, Total: 134470 ns
[2022-02-19T17:20:35.688+0000][4672][safepoint   ] Safepoint "Cleanup", Time since last: 7000095464 ns, Reaching safepoint: 52351 ns, At safepoint: 4619 ns, Total: 56970 ns
[2022-02-19T17:20:48.986+0000][4672][safepoint   ] Safepoint "Cleanup", Time since last: 13000487069 ns, Reaching safepoint: 293017613 ns, At safepoint: 5331074 ns, Total: 298348687 ns
[2022-02-19T17:20:50.986+0000][4672][safepoint   ] Safepoint "Cleanup", Time since last: 1999758775 ns, Reaching safepoint: 48758 ns, At safepoint: 7699 ns, Total: 56457 ns
[2022-02-19T17:20:52.043+0000][4672][gc,start    ] GC(30) Pause Young (Normal) (G1 Evacuation Pause)
[2022-02-19T17:20:52.043+0000][4672][gc,task     ] GC(30) Using 2 workers of 2 for evacuation
[2022-02-19T17:20:52.044+0000][4672][gc,age      ] GC(30) Desired survivor size 12582912 bytes, new threshold 15 (max threshold 15)
[2022-02-19T17:20:53.817+0000][4672][gc,age      ] GC(30) Age table with threshold 15 (max threshold 15)
[2022-02-19T17:20:53.817+0000][4672][gc,age      ] GC(30) - age   1:    1193544 bytes,    1193544 total
[2022-02-19T17:20:53.817+0000][4672][gc,age      ] GC(30) - age   2:     167664 bytes,    1361208 total
[2022-02-19T17:20:53.817+0000][4672][gc,age      ] GC(30) - age   3:      30824 bytes,    1392032 total
[2022-02-19T17:20:53.817+0000][4672][gc,age      ] GC(30) - age   4:      20472 bytes,    1412504 total
[2022-02-19T17:20:53.817+0000][4672][gc,age      ] GC(30) - age   5:     160624 bytes,    1573128 total
[2022-02-19T17:20:53.817+0000][4672][gc,age      ] GC(30) - age   6:      21680 bytes,    1594808 total
[2022-02-19T17:20:53.817+0000][4672][gc,age      ] GC(30) - age   7:      53040 bytes,    1647848 total
[2022-02-19T17:20:53.817+0000][4672][gc,age      ] GC(30) - age   8:      44920 bytes,    1692768 total
[2022-02-19T17:20:53.817+0000][4672][gc,age      ] GC(30) - age   9:     390624 bytes,    2083392 total
[2022-02-19T17:20:53.817+0000][4672][gc,age      ] GC(30) - age  10:        544 bytes,    2083936 total
[2022-02-19T17:20:53.817+0000][4672][gc,age      ] GC(30) - age  11:     124472 bytes,    2208408 total
[2022-02-19T17:20:53.817+0000][4672][gc,age      ] GC(30) - age  12:     951944 bytes,    3160352 total
[2022-02-19T17:20:53.817+0000][4672][gc,age      ] GC(30) - age  13:     876536 bytes,    4036888 total
[2022-02-19T17:20:53.817+0000][4672][gc,age      ] GC(30) - age  14:       2016 bytes,    4038904 total
[2022-02-19T17:20:53.817+0000][4672][gc,mmu      ] GC(30) MMU target violated: 201.0ms (200.0ms/201.0ms)
[2022-02-19T17:20:53.817+0000][4672][gc,phases   ] GC(30)   Pre Evacuate Collection Set: 0.1ms
[2022-02-19T17:20:53.817+0000][4672][gc,phases   ] GC(30)   Merge Heap Roots: 0.1ms
[2022-02-19T17:20:53.817+0000][4672][gc,phases   ] GC(30)   Evacuate Collection Set: 1771.9ms
[2022-02-19T17:20:53.817+0000][4672][gc,phases   ] GC(30)   Post Evacuate Collection Set: 0.9ms
[2022-02-19T17:20:53.817+0000][4672][gc,phases   ] GC(30)   Other: 1.0ms
[2022-02-19T17:20:53.817+0000][4672][gc,heap     ] GC(30) Eden regions: 44->0(113)
[2022-02-19T17:20:53.817+0000][4672][gc,heap     ] GC(30) Survivor regions: 2->2(6)
[2022-02-19T17:20:53.817+0000][4672][gc,heap     ] GC(30) Old regions: 5->5
[2022-02-19T17:20:53.817+0000][4672][gc,heap     ] GC(30) Archive regions: 0->0
[2022-02-19T17:20:53.817+0000][4672][gc,heap     ] GC(30) Humongous regions: 0->0
[2022-02-19T17:20:53.817+0000][4672][gc,metaspace] GC(30) Metaspace: 32606K(33408K)->32606K(33408K) NonClass: 28651K(29120K)->28651K(29120K) Class: 3954K(4288K)->3954K(4288K)
[2022-02-19T17:20:53.818+0000][4672][gc          ] GC(30) Pause Young (Normal) (G1 Evacuation Pause) 199M->23M(956M) 1774.274ms
[2022-02-19T17:20:53.818+0000][4672][gc,cpu      ] GC(30) User=1.51s Sys=0.02s Real=1.78s
[2022-02-19T17:20:53.818+0000][4672][safepoint   ] Safepoint "G1CollectForAllocation", Time since last: 1056532374 ns, Reaching safepoint: 76987 ns, At safepoint: 1774543366 ns, Total: 1774620353 ns
[2022-02-19T17:20:58.898+0000][4672][safepoint   ] Safepoint "Cleanup", Time since last: 5000122665 ns, Reaching safepoint: 80038986 ns, At safepoint: 8726 ns, Total: 80047712 ns
[2022-02-19T17:21:05.898+0000][4672][safepoint   ] Safepoint "Cleanup", Time since last: 7000197086 ns, Reaching safepoint: 54917 ns, At safepoint: 4106 ns, Total: 59023 ns
[2022-02-19T17:21:08.898+0000][4672][safepoint   ] Safepoint "Cleanup", Time since last: 3000048758 ns, Reaching safepoint: 45166 ns, At safepoint: 3592 ns, Total: 48758 ns
[2022-02-19T17:21:14.899+0000][4672][safepoint   ] Safepoint "Cleanup", Time since last: 6000206325 ns, Reaching safepoint: 62616 ns, At safepoint: 6158 ns, Total: 68774 ns
[2022-02-19T17:21:17.242+0000][4672][safepoint   ] Safepoint "Cleanup", Time since last: 2000045166 ns, Reaching safepoint: 343037937 ns, At safepoint: 78013 ns, Total: 343115950 ns
[2022-02-19T17:21:19.248+0000][4672][safepoint   ] Safepoint "Cleanup", Time since last: 1999955861 ns, Reaching safepoint: 6056289 ns, At safepoint: 19503 ns, Total: 6075792 ns
[2022-02-19T17:21:20.130+0000][4672][safepoint   ] Safepoint "ICBufferFull", Time since last: 882707654 ns, Reaching safepoint: 80066 ns, At safepoint: 7185 ns, Total: 87251 ns
[2022-02-19T17:21:20.276+0000][4672][safepoint   ] Safepoint "ICBufferFull", Time since last: 145963227 ns, Reaching safepoint: 79040 ns, At safepoint: 7699 ns, Total: 86739 ns
[2022-02-19T17:21:20.280+0000][4672][safepoint   ] Safepoint "ICBufferFull", Time since last: 3064584 ns, Reaching safepoint: 158593 ns, At safepoint: 5646 ns, Total: 164239 ns
[2022-02-19T17:21:22.280+0000][4672][safepoint   ] Safepoint "Cleanup", Time since last: 1999990248 ns, Reaching safepoint: 63642 ns, At safepoint: 4106 ns, Total: 67748 ns
[2022-02-19T17:21:24.280+0000][4672][safepoint   ] Safepoint "Cleanup", Time since last: 1999946623 ns, Reaching safepoint: 187334 ns, At safepoint: 3080 ns, Total: 190414 ns
[2022-02-19T17:21:26.280+0000][4672][safepoint   ] Safepoint "Cleanup", Time since last: 1999931738 ns, Reaching safepoint: 59537 ns, At safepoint: 7698 ns, Total: 67235 ns
[2022-02-19T17:21:26.929+0000][4672][gc,start    ] GC(31) Pause Young (Concurrent Start) (Metadata GC Threshold)
[2022-02-19T17:21:26.930+0000][4672][gc,task     ] GC(31) Using 2 workers of 2 for evacuation
[2022-02-19T17:21:26.930+0000][4672][gc,age      ] GC(31) Desired survivor size 31457280 bytes, new threshold 15 (max threshold 15)
[2022-02-19T17:21:27.391+0000][4672][gc,age      ] GC(31) Age table with threshold 15 (max threshold 15)
[2022-02-19T17:21:27.391+0000][4672][gc,age      ] GC(31) - age   1:    1219336 bytes,    1219336 total
[2022-02-19T17:21:27.391+0000][4672][gc,age      ] GC(31) - age   2:    1163032 bytes,    2382368 total
[2022-02-19T17:21:27.391+0000][4672][gc,age      ] GC(31) - age   3:     167632 bytes,    2550000 total
[2022-02-19T17:21:27.391+0000][4672][gc,age      ] GC(31) - age   4:      30824 bytes,    2580824 total
[2022-02-19T17:21:27.391+0000][4672][gc,age      ] GC(31) - age   5:      20472 bytes,    2601296 total
[2022-02-19T17:21:27.391+0000][4672][gc,age      ] GC(31) - age   6:     160592 bytes,    2761888 total
[2022-02-19T17:21:27.391+0000][4672][gc,age      ] GC(31) - age   7:      21648 bytes,    2783536 total
[2022-02-19T17:21:27.391+0000][4672][gc,age      ] GC(31) - age   8:      53040 bytes,    2836576 total
[2022-02-19T17:21:27.391+0000][4672][gc,age      ] GC(31) - age   9:      44856 bytes,    2881432 total
[2022-02-19T17:21:27.391+0000][4672][gc,age      ] GC(31) - age  10:     389528 bytes,    3270960 total
[2022-02-19T17:21:27.392+0000][4672][gc,age      ] GC(31) - age  11:        544 bytes,    3271504 total
[2022-02-19T17:21:27.392+0000][4672][gc,age      ] GC(31) - age  12:     123152 bytes,    3394656 total
[2022-02-19T17:21:27.392+0000][4672][gc,age      ] GC(31) - age  13:     947288 bytes,    4341944 total
[2022-02-19T17:21:27.392+0000][4672][gc,age      ] GC(31) - age  14:     876464 bytes,    5218408 total
[2022-02-19T17:21:27.392+0000][4672][gc,age      ] GC(31) - age  15:       2016 bytes,    5220424 total
[2022-02-19T17:21:27.392+0000][4672][gc,mmu      ] GC(31) MMU target violated: 201.0ms (200.0ms/201.0ms)
[2022-02-19T17:21:27.392+0000][4672][gc,phases   ] GC(31)   Pre Evacuate Collection Set: 0.1ms
[2022-02-19T17:21:27.392+0000][4672][gc,phases   ] GC(31)   Merge Heap Roots: 0.2ms
[2022-02-19T17:21:27.392+0000][4672][gc,phases   ] GC(31)   Evacuate Collection Set: 369.1ms
[2022-02-19T17:21:27.392+0000][4672][gc,phases   ] GC(31)   Post Evacuate Collection Set: 0.8ms
[2022-02-19T17:21:27.392+0000][4672][gc,phases   ] GC(31)   Other: 92.3ms
[2022-02-19T17:21:27.392+0000][4672][gc,heap     ] GC(31) Eden regions: 5->0(9)
[2022-02-19T17:21:27.392+0000][4672][gc,heap     ] GC(31) Survivor regions: 2->2(15)
[2022-02-19T17:21:27.392+0000][4672][gc,heap     ] GC(31) Old regions: 5->5
[2022-02-19T17:21:27.392+0000][4672][gc,heap     ] GC(31) Archive regions: 0->0
[2022-02-19T17:21:27.392+0000][4672][gc,heap     ] GC(31) Humongous regions: 0->0
[2022-02-19T17:21:27.393+0000][4672][gc,metaspace] GC(31) Metaspace: 35304K(36096K)->35304K(36096K) NonClass: 30970K(31424K)->30970K(31424K) Class: 4334K(4672K)->4334K(4672K)
[2022-02-19T17:21:27.393+0000][4672][gc          ] GC(31) Pause Young (Concurrent Start) (Metadata GC Threshold) 41M->24M(956M) 463.220ms
[2022-02-19T17:21:27.393+0000][4672][gc,cpu      ] GC(31) User=0.03s Sys=0.00s Real=0.46s
[2022-02-19T17:21:27.396+0000][4672][safepoint   ] Safepoint "CollectForMetadataAllocation", Time since last: 648737829 ns, Reaching safepoint: 68261 ns, At safepoint: 466544138 ns, Total: 466612399 ns
[2022-02-19T17:21:27.442+0000][4672][gc          ] GC(32) Concurrent Mark Cycle
[2022-02-19T17:21:27.442+0000][4672][gc,marking  ] GC(32) Concurrent Clear Claimed Marks
[2022-02-19T17:21:27.442+0000][4672][gc,marking  ] GC(32) Concurrent Clear Claimed Marks 0.102ms
[2022-02-19T17:21:27.442+0000][4672][gc,marking  ] GC(32) Concurrent Scan Root Regions
[2022-02-19T17:21:27.962+0000][4672][gc,marking  ] GC(32) Concurrent Scan Root Regions 520.523ms
[2022-02-19T17:21:27.962+0000][4672][gc,marking  ] GC(32) Concurrent Mark
[2022-02-19T17:21:27.963+0000][4672][gc,marking  ] GC(32) Concurrent Mark From Roots
[2022-02-19T17:21:27.963+0000][4672][gc,task     ] GC(32) Using 1 workers of 1 for marking
[2022-02-19T17:21:29.440+0000][4672][safepoint   ] Safepoint "Cleanup", Time since last: 1999726441 ns, Reaching safepoint: 44405426 ns, At safepoint: 13345 ns, Total: 44418771 ns
[2022-02-19T17:21:29.681+0000][4672][safepoint   ] Safepoint "CollectForMetadataAllocation", Time since last: 231433882 ns, Reaching safepoint: 9061850 ns, At safepoint: 73908 ns, Total: 9135758 ns
[2022-02-19T17:21:30.726+0000][4672][gc,marking  ] GC(32) Concurrent Mark From Roots 2763.831ms
[2022-02-19T17:21:30.726+0000][4672][gc,marking  ] GC(32) Concurrent Preclean
[2022-02-19T17:21:30.727+0000][4672][gc,marking  ] GC(32) Concurrent Preclean 0.295ms
[2022-02-19T17:21:30.727+0000][4672][gc,start    ] GC(32) Pause Remark
[2022-02-19T17:21:32.768+0000][4672][gc,mmu      ] GC(32) MMU target violated: 201.0ms (200.0ms/201.0ms)
[2022-02-19T17:21:32.768+0000][4672][gc          ] GC(32) Pause Remark 28M->28M(956M) 2041.402ms
[2022-02-19T17:21:32.768+0000][4672][gc,cpu      ] GC(32) User=0.00s Sys=0.00s Real=2.04s
[2022-02-19T17:21:32.768+0000][4672][safepoint   ] Safepoint "G1Concurrent", Time since last: 1046248488 ns, Reaching safepoint: 48758 ns, At safepoint: 2041699600 ns, Total: 2041748358 ns
[2022-02-19T17:21:32.769+0000][4672][gc,marking  ] GC(32) Concurrent Mark 4806.241ms
[2022-02-19T17:21:32.769+0000][4672][gc,marking  ] GC(32) Concurrent Rebuild Remembered Sets
[2022-02-19T17:21:32.807+0000][4672][gc,marking  ] GC(32) Concurrent Rebuild Remembered Sets 38.807ms
[2022-02-19T17:21:32.808+0000][4672][gc,start    ] GC(32) Pause Cleanup
[2022-02-19T17:21:32.808+0000][4672][gc          ] GC(32) Pause Cleanup 28M->28M(956M) 0.190ms
[2022-02-19T17:21:32.808+0000][4672][gc,cpu      ] GC(32) User=0.00s Sys=0.00s Real=0.00s
[2022-02-19T17:21:32.808+0000][4672][safepoint   ] Safepoint "G1Concurrent", Time since last: 39203691 ns, Reaching safepoint: 62102 ns, At safepoint: 325398 ns, Total: 387500 ns
[2022-02-19T17:21:32.808+0000][4672][gc,marking  ] GC(32) Concurrent Cleanup for Next Mark
[2022-02-19T17:21:45.863+0000][4672][safepoint   ] Safepoint "Cleanup", Time since last: 13000032847 ns, Reaching safepoint: 54099081 ns, At safepoint: 10265 ns, Total: 54109346 ns
[2022-02-19T17:21:45.863+0000][4672][gc,marking  ] GC(32) Concurrent Cleanup for Next Mark 13054.260ms
[2022-02-19T17:21:45.863+0000][4672][gc          ] GC(32) Concurrent Mark Cycle 18421.151ms
[2022-02-19T17:21:51.060+0000][4672][safepoint   ] Safepoint "Cleanup", Time since last: 5000125745 ns, Reaching safepoint: 197037243 ns, At safepoint: 97003 ns, Total: 197134246 ns
[2022-02-19T17:21:54.060+0000][4672][safepoint   ] Safepoint "Cleanup", Time since last: 2999960994 ns, Reaching safepoint: 53377 ns, At safepoint: 3593 ns, Total: 56970 ns
[2022-02-19T17:21:56.325+0000][4672][safepoint   ] Safepoint "Cleanup", Time since last: 2000072368 ns, Reaching safepoint: 263646152 ns, At safepoint: 2039635 ns, Total: 265685787 ns
[2022-02-19T17:22:03.149+0000][4672][safepoint   ] Safepoint "Cleanup", Time since last: 6675690879 ns, Reaching safepoint: 145946290 ns, At safepoint: 1429900 ns, Total: 147376190 ns
[2022-02-19T17:22:05.582+0000][4672][safepoint   ] Safepoint "Cleanup", Time since last: 1999798808 ns, Reaching safepoint: 431837498 ns, At safepoint: 950530 ns, Total: 432788028 ns
[2022-02-19T17:22:06.589+0000][4672][safepoint   ] Safepoint "Cleanup", Time since last: 1001292863 ns, Reaching safepoint: 691341 ns, At safepoint: 5387531 ns, Total: 6078872 ns
[2022-02-19T17:22:08.687+0000][4672][safepoint   ] Safepoint "Cleanup", Time since last: 1000103162 ns, Reaching safepoint: 1064706311 ns, At safepoint: 33366044 ns, Total: 1098072355 ns
[2022-02-19T17:22:10.767+0000][4672][safepoint   ] Safepoint "Cleanup", Time since last: 1999703344 ns, Reaching safepoint: 74030943 ns, At safepoint: 6048077 ns, Total: 80079020 ns
[2022-02-19T17:22:14.366+0000][4672][safepoint   ] Safepoint "Cleanup", Time since last: 2000009751 ns, Reaching safepoint: 1599035203 ns, At safepoint: 779105 ns, Total: 1599814308 ns
[2022-02-19T17:22:16.366+0000][4672][safepoint   ] Safepoint "Cleanup", Time since last: 1999337915 ns, Reaching safepoint: 81605 ns, At safepoint: 7186 ns, Total: 88791 ns
[2022-02-19T17:22:18.366+0000][4672][safepoint   ] Safepoint "Cleanup", Time since last: 1999979983 ns, Reaching safepoint: 64156 ns, At safepoint: 419321 ns, Total: 483477 ns
[2022-02-19T17:22:20.367+0000][4672][safepoint   ] Safepoint "Cleanup", Time since last: 1999542699 ns, Reaching safepoint: 59536 ns, At safepoint: 3593 ns, Total: 63129 ns
[2022-02-19T17:22:21.367+0000][4672][safepoint   ] Safepoint "Cleanup", Time since last: 1000021556 ns, Reaching safepoint: 85712 ns, At safepoint: 7699 ns, Total: 93411 ns
[2022-02-19T17:22:22.371+0000][4672][safepoint   ] Safepoint "Cleanup", Time since last: 1004750080 ns, Reaching safepoint: 62616 ns, At safepoint: 4619 ns, Total: 67235 ns
[2022-02-19T17:22:22.939+0000][4672][gc,start    ] GC(33) Pause Young (Concurrent Start) (G1 Evacuation Pause)
[2022-02-19T17:22:22.939+0000][4672][gc,task     ] GC(33) Using 2 workers of 2 for evacuation
[2022-02-19T17:22:22.939+0000][4672][gc,age      ] GC(33) Desired survivor size 4194304 bytes, new threshold 13 (max threshold 15)
[2022-02-19T17:22:25.497+0000][4672][gc,age      ] GC(33) Age table with threshold 13 (max threshold 15)
[2022-02-19T17:22:25.497+0000][4672][gc,age      ] GC(33) - age   1:    5046152 bytes,    5046152 total
[2022-02-19T17:22:25.497+0000][4672][gc,age      ] GC(33) - age   2:    1176560 bytes,    6222712 total
[2022-02-19T17:22:25.497+0000][4672][gc,age      ] GC(33) - age   3:    1149016 bytes,    7371728 total
[2022-02-19T17:22:25.497+0000][4672][gc,age      ] GC(33) - age   4:     165752 bytes,    7537480 total
[2022-02-19T17:22:25.497+0000][4672][gc,age      ] GC(33) - age   5:      29528 bytes,    7567008 total
[2022-02-19T17:22:25.497+0000][4672][gc,age      ] GC(33) - age   6:      19872 bytes,    7586880 total
[2022-02-19T17:22:25.497+0000][4672][gc,age      ] GC(33) - age   7:     159016 bytes,    7745896 total
[2022-02-19T17:22:25.497+0000][4672][gc,age      ] GC(33) - age   8:      21376 bytes,    7767272 total
[2022-02-19T17:22:25.497+0000][4672][gc,age      ] GC(33) - age   9:      51600 bytes,    7818872 total
[2022-02-19T17:22:25.497+0000][4672][gc,age      ] GC(33) - age  10:      43664 bytes,    7862536 total
[2022-02-19T17:22:25.497+0000][4672][gc,age      ] GC(33) - age  11:     388320 bytes,    8250856 total
[2022-02-19T17:22:25.497+0000][4672][gc,age      ] GC(33) - age  12:        144 bytes,    8251000 total
[2022-02-19T17:22:25.497+0000][4672][gc,age      ] GC(33) - age  13:     122376 bytes,    8373376 total
[2022-02-19T17:22:25.497+0000][4672][gc,mmu      ] GC(33) MMU target violated: 201.0ms (200.0ms/201.0ms)
[2022-02-19T17:22:25.497+0000][4672][gc,phases   ] GC(33)   Pre Evacuate Collection Set: 0.1ms
[2022-02-19T17:22:25.497+0000][4672][gc,phases   ] GC(33)   Merge Heap Roots: 0.1ms
[2022-02-19T17:22:25.497+0000][4672][gc,phases   ] GC(33)   Evacuate Collection Set: 2556.3ms
[2022-02-19T17:22:25.497+0000][4672][gc,phases   ] GC(33)   Post Evacuate Collection Set: 1.8ms
[2022-02-19T17:22:25.497+0000][4672][gc,phases   ] GC(33)   Other: 1.3ms
[2022-02-19T17:22:25.497+0000][4672][gc,heap     ] GC(33) Eden regions: 12->0(9)
[2022-02-19T17:22:25.497+0000][4672][gc,heap     ] GC(33) Survivor regions: 2->2(2)
[2022-02-19T17:22:25.497+0000][4672][gc,heap     ] GC(33) Old regions: 5->6
[2022-02-19T17:22:25.497+0000][4672][gc,heap     ] GC(33) Archive regions: 0->0
[2022-02-19T17:22:25.497+0000][4672][gc,heap     ] GC(33) Humongous regions: 0->0
[2022-02-19T17:22:25.497+0000][4672][gc,metaspace] GC(33) Metaspace: 38625K(39808K)->38625K(39808K) NonClass: 33796K(34496K)->33796K(34496K) Class: 4828K(5312K)->4828K(5312K)
[2022-02-19T17:22:25.497+0000][4672][gc          ] GC(33) Pause Young (Concurrent Start) (G1 Evacuation Pause) 72M->30M(956M) 2560.248ms
[2022-02-19T17:22:25.497+0000][4672][gc,cpu      ] GC(33) User=0.08s Sys=0.00s Real=2.56s
[2022-02-19T17:22:25.497+0000][4672][gc          ] GC(34) Concurrent Mark Cycle
[2022-02-19T17:22:25.497+0000][4672][gc,marking  ] GC(34) Concurrent Clear Claimed Marks
[2022-02-19T17:22:25.497+0000][4672][gc,marking  ] GC(34) Concurrent Clear Claimed Marks 0.122ms
[2022-02-19T17:22:25.497+0000][4672][gc,marking  ] GC(34) Concurrent Scan Root Regions
[2022-02-19T17:22:25.544+0000][4672][gc,marking  ] GC(34) Concurrent Scan Root Regions 50.175ms
[2022-02-19T17:22:25.544+0000][4672][gc,marking  ] GC(34) Concurrent Mark
[2022-02-19T17:22:25.544+0000][4672][gc,marking  ] GC(34) Concurrent Mark From Roots
[2022-02-19T17:22:25.544+0000][4672][gc,task     ] GC(34) Using 1 workers of 1 for marking
[2022-02-19T17:22:25.544+0000][4672][safepoint   ] Safepoint "G1CollectForAllocation", Time since last: 569876740 ns, Reaching safepoint: 64668 ns, At safepoint: 2611187813 ns, Total: 2611252481 ns
[2022-02-19T17:22:25.638+0000][4672][gc,marking  ] GC(34) Concurrent Mark From Roots 89.196ms
[2022-02-19T17:22:25.638+0000][4672][gc,marking  ] GC(34) Concurrent Preclean
[2022-02-19T17:22:25.638+0000][4672][gc,marking  ] GC(34) Concurrent Preclean 0.217ms
[2022-02-19T17:22:28.905+0000][4672][gc,start    ] GC(34) Pause Remark
[2022-02-19T17:22:28.905+0000][4672][gc          ] GC(34) Pause Remark 38M->38M(956M) 11.566ms
[2022-02-19T17:22:28.905+0000][4672][gc,cpu      ] GC(34) User=0.00s Sys=0.00s Real=0.00s
[2022-02-19T17:22:28.905+0000][4672][safepoint   ] Safepoint "G1Concurrent", Time since last: 89501167 ns, Reaching safepoint: 3262514448 ns, At safepoint: 11916518 ns, Total: 3274430966 ns
[2022-02-19T17:22:28.905+0000][4672][gc,marking  ] GC(34) Concurrent Mark 3364.258ms
[2022-02-19T17:22:28.905+0000][4672][gc,marking  ] GC(34) Concurrent Rebuild Remembered Sets
[2022-02-19T17:22:28.983+0000][4672][gc,marking  ] GC(34) Concurrent Rebuild Remembered Sets 72.190ms
[2022-02-19T17:22:29.061+0000][4672][gc,start    ] GC(34) Pause Cleanup
[2022-02-19T17:22:29.061+0000][4672][gc          ] GC(34) Pause Cleanup 42M->42M(956M) 0.262ms
[2022-02-19T17:22:29.061+0000][4672][gc,cpu      ] GC(34) User=0.00s Sys=0.00s Real=0.00s
[2022-02-19T17:22:29.061+0000][4672][safepoint   ] Safepoint "G1Concurrent", Time since last: 72625678 ns, Reaching safepoint: 71504238 ns, At safepoint: 904851 ns, Total: 72409089 ns
[2022-02-19T17:22:29.061+0000][4672][gc,marking  ] GC(34) Concurrent Cleanup for Next Mark
[2022-02-19T17:22:30.028+0000][4672][gc,start    ] GC(35) Pause Young (Normal) (G1 Evacuation Pause)
[2022-02-19T17:22:30.028+0000][4672][gc,task     ] GC(35) Using 2 workers of 2 for evacuation
[2022-02-19T17:22:30.028+0000][4672][gc,age      ] GC(35) Desired survivor size 4194304 bytes, new threshold 1 (max threshold 15)
[2022-02-19T17:22:32.399+0000][4672][gc,age      ] GC(35) Age table with threshold 1 (max threshold 15)
[2022-02-19T17:22:32.399+0000][4672][gc,age      ] GC(35) - age   1:    2324712 bytes,    2324712 total
[2022-02-19T17:22:32.399+0000][4672][gc,mmu      ] GC(35) MMU target violated: 201.0ms (200.0ms/201.0ms)
[2022-02-19T17:22:32.399+0000][4672][gc,phases   ] GC(35)   Pre Evacuate Collection Set: 0.1ms
[2022-02-19T17:22:32.399+0000][4672][gc,phases   ] GC(35)   Merge Heap Roots: 0.1ms
[2022-02-19T17:22:32.399+0000][4672][gc,phases   ] GC(35)   Evacuate Collection Set: 2323.1ms
[2022-02-19T17:22:32.399+0000][4672][gc,phases   ] GC(35)   Post Evacuate Collection Set: 1.6ms
[2022-02-19T17:22:32.399+0000][4672][gc,phases   ] GC(35)   Other: 33.9ms
[2022-02-19T17:22:32.399+0000][4672][gc,heap     ] GC(35) Eden regions: 9->0(10)
[2022-02-19T17:22:32.399+0000][4672][gc,heap     ] GC(35) Survivor regions: 2->1(2)
[2022-02-19T17:22:32.399+0000][4672][gc,heap     ] GC(35) Old regions: 6->8
[2022-02-19T17:22:32.399+0000][4672][gc,heap     ] GC(35) Archive regions: 0->0
[2022-02-19T17:22:32.399+0000][4672][gc,heap     ] GC(35) Humongous regions: 0->0
[2022-02-19T17:22:32.399+0000][4672][gc,metaspace] GC(35) Metaspace: 38678K(39808K)->38678K(39808K) NonClass: 33839K(34496K)->33839K(34496K) Class: 4838K(5312K)->4838K(5312K)
[2022-02-19T17:22:32.399+0000][4672][gc          ] GC(35) Pause Young (Normal) (G1 Evacuation Pause) 66M->33M(956M) 2359.351ms
[2022-02-19T17:22:32.399+0000][4672][gc,cpu      ] GC(35) User=0.22s Sys=0.02s Real=2.37s
[2022-02-19T17:22:32.430+0000][4672][safepoint   ] Safepoint "G1CollectForAllocation", Time since last: 980226218 ns, Reaching safepoint: 331556 ns, At safepoint: 2394751969 ns, Total: 2395083525 ns
[2022-02-19T17:22:33.336+0000][4672][gc,start    ] GC(36) Pause Young (Normal) (G1 Evacuation Pause)
[2022-02-19T17:22:33.336+0000][4672][gc,task     ] GC(36) Using 2 workers of 2 for evacuation
[2022-02-19T17:22:33.336+0000][4672][gc,age      ] GC(36) Desired survivor size 4194304 bytes, new threshold 15 (max threshold 15)
[2022-02-19T17:22:33.352+0000][4672][gc,age      ] GC(36) Age table with threshold 15 (max threshold 15)
[2022-02-19T17:22:33.352+0000][4672][gc,age      ] GC(36) - age   1:    2397504 bytes,    2397504 total
[2022-02-19T17:22:33.352+0000][4672][gc,age      ] GC(36) - age   2:    1965760 bytes,    4363264 total
[2022-02-19T17:22:33.352+0000][4672][gc,phases   ] GC(36)   Pre Evacuate Collection Set: 0.0ms
[2022-02-19T17:22:33.352+0000][4672][gc,phases   ] GC(36)   Merge Heap Roots: 0.0ms
[2022-02-19T17:22:33.352+0000][4672][gc,phases   ] GC(36)   Evacuate Collection Set: 10.4ms
[2022-02-19T17:22:33.352+0000][4672][gc,phases   ] GC(36)   Post Evacuate Collection Set: 0.5ms
[2022-02-19T17:22:33.352+0000][4672][gc,phases   ] GC(36)   Other: 0.5ms
[2022-02-19T17:22:33.352+0000][4672][gc,heap     ] GC(36) Eden regions: 10->0(9)
[2022-02-19T17:22:33.352+0000][4672][gc,heap     ] GC(36) Survivor regions: 1->2(2)
[2022-02-19T17:22:33.352+0000][4672][gc,heap     ] GC(36) Old regions: 8->8
[2022-02-19T17:22:33.352+0000][4672][gc,heap     ] GC(36) Archive regions: 0->0
[2022-02-19T17:22:33.352+0000][4672][gc,heap     ] GC(36) Humongous regions: 0->0
[2022-02-19T17:22:33.352+0000][4672][gc,metaspace] GC(36) Metaspace: 38712K(39872K)->38712K(39872K) NonClass: 33870K(34560K)->33870K(34560K) Class: 4842K(5312K)->4842K(5312K)
[2022-02-19T17:22:33.352+0000][4672][gc          ] GC(36) Pause Young (Normal) (G1 Evacuation Pause) 73M->35M(956M) 11.832ms
[2022-02-19T17:22:33.352+0000][4672][gc,cpu      ] GC(36) User=0.03s Sys=0.00s Real=0.02s
[2022-02-19T17:22:33.352+0000][4672][safepoint   ] Safepoint "G1CollectForAllocation", Time since last: 885100401 ns, Reaching safepoint: 22108533 ns, At safepoint: 11992991 ns, Total: 34101524 ns
[2022-02-19T17:22:34.426+0000][4672][safepoint   ] Safepoint "Cleanup", Time since last: 1006736338 ns, Reaching safepoint: 72289503 ns, At safepoint: 9238 ns, Total: 72298741 ns
[2022-02-19T17:22:35.899+0000][4672][gc,start    ] GC(37) Pause Young (Normal) (G1 Evacuation Pause)
[2022-02-19T17:22:35.899+0000][4672][gc,task     ] GC(37) Using 2 workers of 2 for evacuation
[2022-02-19T17:22:35.899+0000][4672][gc,age      ] GC(37) Desired survivor size 4194304 bytes, new threshold 2 (max threshold 15)
[2022-02-19T17:22:36.707+0000][4672][gc,age      ] GC(37) Age table with threshold 2 (max threshold 15)
[2022-02-19T17:22:36.707+0000][4672][gc,age      ] GC(37) - age   1:    2539304 bytes,    2539304 total
[2022-02-19T17:22:36.707+0000][4672][gc,age      ] GC(37) - age   2:    2028184 bytes,    4567488 total
[2022-02-19T17:22:36.707+0000][4672][gc,mmu      ] GC(37) MMU target violated: 201.0ms (200.0ms/201.0ms)
[2022-02-19T17:22:36.707+0000][4672][gc,phases   ] GC(37)   Pre Evacuate Collection Set: 0.0ms
[2022-02-19T17:22:36.707+0000][4672][gc,phases   ] GC(37)   Merge Heap Roots: 0.0ms
[2022-02-19T17:22:36.707+0000][4672][gc,phases   ] GC(37)   Evacuate Collection Set: 762.6ms
[2022-02-19T17:22:36.707+0000][4672][gc,phases   ] GC(37)   Post Evacuate Collection Set: 0.9ms
[2022-02-19T17:22:36.707+0000][4672][gc,phases   ] GC(37)   Other: 45.6ms
[2022-02-19T17:22:36.707+0000][4672][gc,heap     ] GC(37) Eden regions: 9->0(9)
[2022-02-19T17:22:36.707+0000][4672][gc,heap     ] GC(37) Survivor regions: 2->2(2)
[2022-02-19T17:22:36.707+0000][4672][gc,heap     ] GC(37) Old regions: 8->9
[2022-02-19T17:22:36.707+0000][4672][gc,heap     ] GC(37) Archive regions: 0->0
[2022-02-19T17:22:36.707+0000][4672][gc,heap     ] GC(37) Humongous regions: 0->0
[2022-02-19T17:22:36.707+0000][4672][gc,metaspace] GC(37) Metaspace: 38864K(40000K)->38864K(40000K) NonClass: 33996K(34624K)->33996K(34624K) Class: 4868K(5376K)->4868K(5376K)
[2022-02-19T17:22:36.707+0000][4672][gc          ] GC(37) Pause Young (Normal) (G1 Evacuation Pause) 71M->37M(956M) 809.826ms
[2022-02-19T17:22:36.707+0000][4672][gc,cpu      ] GC(37) User=0.02s Sys=0.00s Real=0.81s
[2022-02-19T17:22:36.707+0000][4672][safepoint   ] Safepoint "G1CollectForAllocation", Time since last: 1454198548 ns, Reaching safepoint: 13005623 ns, At safepoint: 810384277 ns, Total: 823389900 ns
[2022-02-19T17:22:37.949+0000][4672][safepoint   ] Safepoint "Cleanup", Time since last: 1000472185 ns, Reaching safepoint: 236705420 ns, At safepoint: 14884 ns, Total: 236720304 ns
[2022-02-19T17:22:38.011+0000][4672][gc,start    ] GC(38) Pause Young (Normal) (G1 Evacuation Pause)
[2022-02-19T17:22:38.011+0000][4672][gc,task     ] GC(38) Using 2 workers of 2 for evacuation
[2022-02-19T17:22:38.011+0000][4672][gc,age      ] GC(38) Desired survivor size 4194304 bytes, new threshold 2 (max threshold 15)
[2022-02-19T17:22:38.840+0000][4672][gc,age      ] GC(38) Age table with threshold 2 (max threshold 15)
[2022-02-19T17:22:38.840+0000][4672][gc,age      ] GC(38) - age   1:    2106216 bytes,    2106216 total
[2022-02-19T17:22:38.840+0000][4672][gc,age      ] GC(38) - age   2:    1969672 bytes,    4075888 total
[2022-02-19T17:22:38.840+0000][4672][gc,mmu      ] GC(38) MMU target violated: 201.0ms (200.0ms/201.0ms)
[2022-02-19T17:22:38.840+0000][4672][gc,phases   ] GC(38)   Pre Evacuate Collection Set: 0.1ms
[2022-02-19T17:22:38.840+0000][4672][gc,phases   ] GC(38)   Merge Heap Roots: 0.0ms
[2022-02-19T17:22:38.840+0000][4672][gc,phases   ] GC(38)   Evacuate Collection Set: 733.9ms
[2022-02-19T17:22:38.840+0000][4672][gc,phases   ] GC(38)   Post Evacuate Collection Set: 0.9ms
[2022-02-19T17:22:38.840+0000][4672][gc,phases   ] GC(38)   Other: 98.5ms
[2022-02-19T17:22:38.840+0000][4672][gc,heap     ] GC(38) Eden regions: 9->0(10)
[2022-02-19T17:22:38.840+0000][4672][gc,heap     ] GC(38) Survivor regions: 2->1(2)
[2022-02-19T17:22:38.840+0000][4672][gc,heap     ] GC(38) Old regions: 9->9
[2022-02-19T17:22:38.840+0000][4672][gc,heap     ] GC(38) Archive regions: 0->0
[2022-02-19T17:22:38.840+0000][4672][gc,heap     ] GC(38) Humongous regions: 0->0
[2022-02-19T17:22:38.840+0000][4672][gc,metaspace] GC(38) Metaspace: 38873K(40000K)->38873K(40000K) NonClass: 34002K(34624K)->34002K(34624K) Class: 4870K(5376K)->4870K(5376K)
[2022-02-19T17:22:38.840+0000][4672][gc          ] GC(38) Pause Young (Normal) (G1 Evacuation Pause) 73M->38M(956M) 834.051ms
[2022-02-19T17:22:38.840+0000][4672][gc,cpu      ] GC(38) User=0.05s Sys=0.00s Real=0.83s
[2022-02-19T17:22:38.840+0000][4672][safepoint   ] Safepoint "G1CollectForAllocation", Time since last: 62140600 ns, Reaching safepoint: 4794220 ns, At safepoint: 834358968 ns, Total: 839153188 ns
[2022-02-19T17:22:40.925+0000][4672][safepoint   ] Safepoint "Cleanup", Time since last: 2010580028 ns, Reaching safepoint: 63646974 ns, At safepoint: 16423 ns, Total: 63663397 ns
[2022-02-19T17:22:41.939+0000][4672][safepoint   ] Safepoint "Cleanup", Time since last: 1012689978 ns, Reaching safepoint: 150381 ns, At safepoint: 7185 ns, Total: 157566 ns
[2022-02-19T17:22:43.982+0000][4672][safepoint   ] Safepoint "Cleanup", Time since last: 2027835318 ns, Reaching safepoint: 16685589 ns, At safepoint: 12318 ns, Total: 16697907 ns
[2022-02-19T17:22:46.010+0000][4672][safepoint   ] Safepoint "Cleanup", Time since last: 2026963315 ns, Reaching safepoint: 14064960 ns, At safepoint: 6672 ns, Total: 14071632 ns
[2022-02-19T17:22:46.946+0000][4672][gc,marking  ] GC(34) Concurrent Cleanup for Next Mark 17895.478ms
[2022-02-19T17:22:46.946+0000][4672][gc          ] GC(34) Concurrent Mark Cycle 21455.428ms
[2022-02-19T17:22:50.066+0000][4672][safepoint   ] Safepoint "Cleanup", Time since last: 4041767862 ns, Reaching safepoint: 61589 ns, At safepoint: 4619 ns, Total: 66208 ns
[2022-02-19T17:22:51.080+0000][4672][safepoint   ] Safepoint "Cleanup", Time since last: 1013904828 ns, Reaching safepoint: 47732 ns, At safepoint: 4619 ns, Total: 52351 ns
[2022-02-19T17:22:52.094+0000][4672][safepoint   ] Safepoint "Cleanup", Time since last: 1013981815 ns, Reaching safepoint: 89305 ns, At safepoint: 4619 ns, Total: 93924 ns
[2022-02-19T17:22:54.122+0000][4672][safepoint   ] Safepoint "Cleanup", Time since last: 2027802470 ns, Reaching safepoint: 60050 ns, At safepoint: 4619 ns, Total: 64669 ns
[2022-02-19T17:22:56.900+0000][4672][gc,start    ] GC(39) Pause Young (Normal) (G1 Evacuation Pause)
[2022-02-19T17:22:56.900+0000][4672][gc,task     ] GC(39) Using 2 workers of 2 for evacuation
[2022-02-19T17:22:56.900+0000][4672][gc,age      ] GC(39) Desired survivor size 4194304 bytes, new threshold 15 (max threshold 15)
[2022-02-19T17:22:56.931+0000][4672][gc,age      ] GC(39) Age table with threshold 15 (max threshold 15)
[2022-02-19T17:22:56.931+0000][4672][gc,age      ] GC(39) - age   1:    3009816 bytes,    3009816 total
[2022-02-19T17:22:56.931+0000][4672][gc,age      ] GC(39) - age   2:    1794280 bytes,    4804096 total
[2022-02-19T17:22:56.931+0000][4672][gc,age      ] GC(39) - age   3:    1969584 bytes,    6773680 total
[2022-02-19T17:22:56.931+0000][4672][gc,phases   ] GC(39)   Pre Evacuate Collection Set: 0.1ms
[2022-02-19T17:22:56.931+0000][4672][gc,phases   ] GC(39)   Merge Heap Roots: 0.1ms
[2022-02-19T17:22:56.931+0000][4672][gc,phases   ] GC(39)   Evacuate Collection Set: 23.6ms
[2022-02-19T17:22:56.931+0000][4672][gc,phases   ] GC(39)   Post Evacuate Collection Set: 0.6ms
[2022-02-19T17:22:56.931+0000][4672][gc,phases   ] GC(39)   Other: 0.6ms
[2022-02-19T17:22:56.931+0000][4672][gc,heap     ] GC(39) Eden regions: 10->0(9)
[2022-02-19T17:22:56.931+0000][4672][gc,heap     ] GC(39) Survivor regions: 1->2(2)
[2022-02-19T17:22:56.931+0000][4672][gc,heap     ] GC(39) Old regions: 9->9
[2022-02-19T17:22:56.931+0000][4672][gc,heap     ] GC(39) Archive regions: 0->0
[2022-02-19T17:22:56.931+0000][4672][gc,heap     ] GC(39) Humongous regions: 0->0
[2022-02-19T17:22:56.931+0000][4672][gc,metaspace] GC(39) Metaspace: 41544K(42688K)->41544K(42688K) NonClass: 36230K(36928K)->36230K(36928K) Class: 5313K(5760K)->5313K(5760K)
[2022-02-19T17:22:56.931+0000][4672][gc          ] GC(39) Pause Young (Normal) (G1 Evacuation Pause) 78M->41M(956M) 25.329ms
[2022-02-19T17:22:56.931+0000][4672][gc,cpu      ] GC(39) User=0.06s Sys=0.00s Real=0.03s
[2022-02-19T17:22:56.931+0000][4672][safepoint   ] Safepoint "G1CollectForAllocation", Time since last: 2788343492 ns, Reaching safepoint: 76987 ns, At safepoint: 25554459 ns, Total: 25631446 ns
[2022-02-19T17:22:57.946+0000][4672][safepoint   ] Safepoint "Cleanup", Time since last: 1010025210 ns, Reaching safepoint: 59023 ns, At safepoint: 4619 ns, Total: 63642 ns
[2022-02-19T17:22:59.460+0000][4672][safepoint   ] Safepoint "Cleanup", Time since last: 1514052643 ns, Reaching safepoint: 74420 ns, At safepoint: 5133 ns, Total: 79553 ns
[2022-02-19T17:23:00.475+0000][4672][safepoint   ] Safepoint "Cleanup", Time since last: 1014915407 ns, Reaching safepoint: 56970 ns, At safepoint: 7699 ns, Total: 64669 ns
[2022-02-19T17:23:01.489+0000][4672][safepoint   ] Safepoint "Cleanup", Time since last: 1013896616 ns, Reaching safepoint: 61076 ns, At safepoint: 3593 ns, Total: 64669 ns
[2022-02-19T17:23:02.519+0000][4672][safepoint   ] Safepoint "Cleanup", Time since last: 1013921765 ns, Reaching safepoint: 15600075 ns, At safepoint: 139603 ns, Total: 15739678 ns
[2022-02-19T17:23:02.909+0000][4672][gc,start    ] GC(40) Pause Young (Normal) (G1 Evacuation Pause)
[2022-02-19T17:23:02.909+0000][4672][gc,task     ] GC(40) Using 2 workers of 2 for evacuation
[2022-02-19T17:23:02.909+0000][4672][gc,age      ] GC(40) Desired survivor size 4194304 bytes, new threshold 2 (max threshold 15)
[2022-02-19T17:23:03.395+0000][4672][gc,age      ] GC(40) Age table with threshold 2 (max threshold 15)
[2022-02-19T17:23:03.395+0000][4672][gc,age      ] GC(40) - age   1:    1106360 bytes,    1106360 total
[2022-02-19T17:23:03.395+0000][4672][gc,age      ] GC(40) - age   2:    2981888 bytes,    4088248 total
[2022-02-19T17:23:03.395+0000][4672][gc,mmu      ] GC(40) MMU target violated: 201.0ms (200.0ms/201.0ms)
[2022-02-19T17:23:03.395+0000][4672][gc,phases   ] GC(40)   Pre Evacuate Collection Set: 0.1ms
[2022-02-19T17:23:03.395+0000][4672][gc,phases   ] GC(40)   Merge Heap Roots: 0.0ms
[2022-02-19T17:23:03.395+0000][4672][gc,phases   ] GC(40)   Evacuate Collection Set: 472.3ms
[2022-02-19T17:23:03.395+0000][4672][gc,phases   ] GC(40)   Post Evacuate Collection Set: 1.4ms
[2022-02-19T17:23:03.395+0000][4672][gc,phases   ] GC(40)   Other: 0.6ms
[2022-02-19T17:23:03.395+0000][4672][gc,heap     ] GC(40) Eden regions: 9->0(9)
[2022-02-19T17:23:03.395+0000][4672][gc,heap     ] GC(40) Survivor regions: 2->2(2)
[2022-02-19T17:23:03.395+0000][4672][gc,heap     ] GC(40) Old regions: 9->10
[2022-02-19T17:23:03.395+0000][4672][gc,heap     ] GC(40) Archive regions: 0->0
[2022-02-19T17:23:03.395+0000][4672][gc,heap     ] GC(40) Humongous regions: 0->0
[2022-02-19T17:23:03.395+0000][4672][gc,metaspace] GC(40) Metaspace: 44446K(45568K)->44446K(45568K) NonClass: 38776K(39424K)->38776K(39424K) Class: 5670K(6144K)->5670K(6144K)
[2022-02-19T17:23:03.395+0000][4672][gc          ] GC(40) Pause Young (Normal) (G1 Evacuation Pause) 77M->42M(956M) 475.057ms
[2022-02-19T17:23:03.395+0000][4672][gc,cpu      ] GC(40) User=0.08s Sys=0.02s Real=0.49s
[2022-02-19T17:23:03.473+0000][4672][safepoint   ] Safepoint "G1CollectForAllocation", Time since last: 401992827 ns, Reaching safepoint: 69288 ns, At safepoint: 557211910 ns, Total: 557281198 ns
[2022-02-19T17:23:03.551+0000][4672][gc,start    ] GC(41) Pause Young (Normal) (G1 Evacuation Pause)
[2022-02-19T17:23:03.551+0000][4672][gc,task     ] GC(41) Using 2 workers of 2 for evacuation
[2022-02-19T17:23:03.551+0000][4672][gc,age      ] GC(41) Desired survivor size 4194304 bytes, new threshold 15 (max threshold 15)
[2022-02-19T17:23:03.566+0000][4672][gc,age      ] GC(41) Age table with threshold 15 (max threshold 15)
[2022-02-19T17:23:03.566+0000][4672][gc,age      ] GC(41) - age   1:      32728 bytes,      32728 total
[2022-02-19T17:23:03.566+0000][4672][gc,age      ] GC(41) - age   2:    1040800 bytes,    1073528 total
[2022-02-19T17:23:03.566+0000][4672][gc,age      ] GC(41) - age   3:    2981888 bytes,    4055416 total
[2022-02-19T17:23:03.566+0000][4672][gc,phases   ] GC(41)   Pre Evacuate Collection Set: 0.1ms
[2022-02-19T17:23:03.566+0000][4672][gc,phases   ] GC(41)   Merge Heap Roots: 0.1ms
[2022-02-19T17:23:03.566+0000][4672][gc,phases   ] GC(41)   Evacuate Collection Set: 11.9ms
[2022-02-19T17:23:03.566+0000][4672][gc,phases   ] GC(41)   Post Evacuate Collection Set: 0.5ms
[2022-02-19T17:23:03.566+0000][4672][gc,phases   ] GC(41)   Other: 0.5ms
[2022-02-19T17:23:03.566+0000][4672][gc,heap     ] GC(41) Eden regions: 9->0(9)
[2022-02-19T17:23:03.566+0000][4672][gc,heap     ] GC(41) Survivor regions: 2->2(2)
[2022-02-19T17:23:03.566+0000][4672][gc,heap     ] GC(41) Old regions: 10->10
[2022-02-19T17:23:03.566+0000][4672][gc,heap     ] GC(41) Archive regions: 0->0
[2022-02-19T17:23:03.566+0000][4672][gc,heap     ] GC(41) Humongous regions: 0->0
[2022-02-19T17:23:03.566+0000][4672][gc,metaspace] GC(41) Metaspace: 44469K(45568K)->44469K(45568K) NonClass: 38794K(39424K)->38794K(39424K) Class: 5674K(6144K)->5674K(6144K)
[2022-02-19T17:23:03.566+0000][4672][gc          ] GC(41) Pause Young (Normal) (G1 Evacuation Pause) 78M->42M(956M) 13.250ms
[2022-02-19T17:23:03.566+0000][4672][gc,cpu      ] GC(41) User=0.03s Sys=0.00s Real=0.01s
[2022-02-19T17:23:03.566+0000][4672][safepoint   ] Safepoint "G1CollectForAllocation", Time since last: 79231139 ns, Reaching safepoint: 34388 ns, At safepoint: 13392096 ns, Total: 13426484 ns
[2022-02-19T17:23:04.581+0000][4672][safepoint   ] Safepoint "Cleanup", Time since last: 1010082181 ns, Reaching safepoint: 195546 ns, At safepoint: 5132 ns, Total: 200678 ns
[2022-02-19T17:23:05.582+0000][4672][safepoint   ] Safepoint "Cleanup", Time since last: 1000215050 ns, Reaching safepoint: 125745 ns, At safepoint: 8085145 ns, Total: 8210890 ns
[2022-02-19T17:23:06.941+0000][4672][gc,start    ] GC(42) Pause Young (Normal) (G1 Evacuation Pause)
[2022-02-19T17:23:06.941+0000][4672][gc,task     ] GC(42) Using 2 workers of 2 for evacuation
[2022-02-19T17:23:06.941+0000][4672][gc,age      ] GC(42) Desired survivor size 4194304 bytes, new threshold 15 (max threshold 15)
[2022-02-19T17:23:06.988+0000][4672][gc,age      ] GC(42) Age table with threshold 15 (max threshold 15)
[2022-02-19T17:23:06.988+0000][4672][gc,age      ] GC(42) - age   1:    3025680 bytes,    3025680 total
[2022-02-19T17:23:06.988+0000][4672][gc,age      ] GC(42) - age   2:      31784 bytes,    3057464 total
[2022-02-19T17:23:06.988+0000][4672][gc,age      ] GC(42) - age   3:    1039400 bytes,    4096864 total
[2022-02-19T17:23:06.988+0000][4672][gc,age      ] GC(42) - age   4:    2980872 bytes,    7077736 total
[2022-02-19T17:23:06.988+0000][4672][gc,phases   ] GC(42)   Pre Evacuate Collection Set: 0.1ms
[2022-02-19T17:23:06.988+0000][4672][gc,phases   ] GC(42)   Merge Heap Roots: 0.1ms
[2022-02-19T17:23:06.988+0000][4672][gc,phases   ] GC(42)   Evacuate Collection Set: 36.8ms
[2022-02-19T17:23:06.988+0000][4672][gc,phases   ] GC(42)   Post Evacuate Collection Set: 0.8ms
[2022-02-19T17:23:06.988+0000][4672][gc,phases   ] GC(42)   Other: 0.5ms
[2022-02-19T17:23:06.988+0000][4672][gc,heap     ] GC(42) Eden regions: 9->0(9)
[2022-02-19T17:23:06.988+0000][4672][gc,heap     ] GC(42) Survivor regions: 2->2(2)
[2022-02-19T17:23:06.988+0000][4672][gc,heap     ] GC(42) Old regions: 10->10
[2022-02-19T17:23:06.988+0000][4672][gc,heap     ] GC(42) Archive regions: 0->0
[2022-02-19T17:23:06.988+0000][4672][gc,heap     ] GC(42) Humongous regions: 0->0
[2022-02-19T17:23:06.988+0000][4672][gc,metaspace] GC(42) Metaspace: 50052K(51264K)->50052K(51264K) NonClass: 43574K(44288K)->43574K(44288K) Class: 6478K(6976K)->6478K(6976K)
[2022-02-19T17:23:06.988+0000][4672][gc          ] GC(42) Pause Young (Normal) (G1 Evacuation Pause) 78M->45M(956M) 38.489ms
[2022-02-19T17:23:06.988+0000][4672][gc,cpu      ] GC(42) User=0.09s Sys=0.00s Real=0.05s
[2022-02-19T17:23:06.988+0000][4672][safepoint   ] Safepoint "G1CollectForAllocation", Time since last: 1360434883 ns, Reaching safepoint: 219155 ns, At safepoint: 38630910 ns, Total: 38850065 ns
[2022-02-19T17:23:09.003+0000][4672][safepoint   ] Safepoint "Cleanup", Time since last: 2014096781 ns, Reaching safepoint: 85712 ns, At safepoint: 3593 ns, Total: 89305 ns
[2022-02-19T17:23:10.018+0000][4672][safepoint   ] Safepoint "Cleanup", Time since last: 1014596682 ns, Reaching safepoint: 118046 ns, At safepoint: 5646 ns, Total: 123692 ns
[2022-02-19T17:23:10.938+0000][4672][gc,start    ] GC(43) Pause Young (Normal) (G1 Evacuation Pause)
[2022-02-19T17:23:10.938+0000][4672][gc,task     ] GC(43) Using 2 workers of 2 for evacuation
[2022-02-19T17:23:10.938+0000][4672][gc,age      ] GC(43) Desired survivor size 4194304 bytes, new threshold 4 (max threshold 15)
[2022-02-19T17:23:11.079+0000][4672][gc,age      ] GC(43) Age table with threshold 4 (max threshold 15)
[2022-02-19T17:23:11.079+0000][4672][gc,age      ] GC(43) - age   1:    2329776 bytes,    2329776 total
[2022-02-19T17:23:11.079+0000][4672][gc,age      ] GC(43) - age   2:    2968880 bytes,    5298656 total
[2022-02-19T17:23:11.079+0000][4672][gc,age      ] GC(43) - age   3:      31784 bytes,    5330440 total
[2022-02-19T17:23:11.079+0000][4672][gc,age      ] GC(43) - age   4:    1038336 bytes,    6368776 total
[2022-02-19T17:23:11.079+0000][4672][gc,phases   ] GC(43)   Pre Evacuate Collection Set: 0.1ms
[2022-02-19T17:23:11.079+0000][4672][gc,phases   ] GC(43)   Merge Heap Roots: 0.1ms
[2022-02-19T17:23:11.079+0000][4672][gc,phases   ] GC(43)   Evacuate Collection Set: 139.9ms
[2022-02-19T17:23:11.079+0000][4672][gc,phases   ] GC(43)   Post Evacuate Collection Set: 1.5ms
[2022-02-19T17:23:11.079+0000][4672][gc,phases   ] GC(43)   Other: 0.7ms
[2022-02-19T17:23:11.079+0000][4672][gc,heap     ] GC(43) Eden regions: 9->0(9)
[2022-02-19T17:23:11.079+0000][4672][gc,heap     ] GC(43) Survivor regions: 2->2(2)
[2022-02-19T17:23:11.079+0000][4672][gc,heap     ] GC(43) Old regions: 10->11
[2022-02-19T17:23:11.079+0000][4672][gc,heap     ] GC(43) Archive regions: 0->0
[2022-02-19T17:23:11.079+0000][4672][gc,heap     ] GC(43) Humongous regions: 0->0
[2022-02-19T17:23:11.079+0000][4672][gc,metaspace] GC(43) Metaspace: 57282K(58624K)->57282K(58624K) NonClass: 49613K(50368K)->49613K(50368K) Class: 7669K(8256K)->7669K(8256K)
[2022-02-19T17:23:11.079+0000][4672][gc          ] GC(43) Pause Young (Normal) (G1 Evacuation Pause) 81M->47M(956M) 142.786ms
[2022-02-19T17:23:11.079+0000][4672][gc,cpu      ] GC(43) User=0.02s Sys=0.00s Real=0.14s
[2022-02-19T17:23:11.079+0000][4672][safepoint   ] Safepoint "G1CollectForAllocation", Time since last: 925571806 ns, Reaching safepoint: 63129 ns, At safepoint: 143132682 ns, Total: 143195811 ns
[2022-02-19T17:23:11.952+0000][4672][gc,start    ] GC(44) Pause Young (Normal) (G1 Evacuation Pause)
[2022-02-19T17:23:11.952+0000][4672][gc,task     ] GC(44) Using 2 workers of 2 for evacuation
[2022-02-19T17:23:11.952+0000][4672][gc,age      ] GC(44) Desired survivor size 4194304 bytes, new threshold 2 (max threshold 15)
[2022-02-19T17:23:12.857+0000][4672][gc,age      ] GC(44) Age table with threshold 2 (max threshold 15)
[2022-02-19T17:23:12.857+0000][4672][gc,age      ] GC(44) - age   1:     297480 bytes,     297480 total
[2022-02-19T17:23:12.857+0000][4672][gc,age      ] GC(44) - age   2:    2240848 bytes,    2538328 total
[2022-02-19T17:23:12.857+0000][4672][gc,mmu      ] GC(44) MMU target violated: 201.0ms (200.0ms/201.0ms)
[2022-02-19T17:23:12.857+0000][4672][gc,phases   ] GC(44)   Pre Evacuate Collection Set: 0.1ms
[2022-02-19T17:23:12.857+0000][4672][gc,phases   ] GC(44)   Merge Heap Roots: 0.1ms
[2022-02-19T17:23:12.857+0000][4672][gc,phases   ] GC(44)   Evacuate Collection Set: 879.7ms
[2022-02-19T17:23:12.857+0000][4672][gc,phases   ] GC(44)   Post Evacuate Collection Set: 21.2ms
[2022-02-19T17:23:12.857+0000][4672][gc,phases   ] GC(44)   Other: 1.1ms
[2022-02-19T17:23:12.857+0000][4672][gc,heap     ] GC(44) Eden regions: 9->0(10)
[2022-02-19T17:23:12.857+0000][4672][gc,heap     ] GC(44) Survivor regions: 2->1(2)
[2022-02-19T17:23:12.857+0000][4672][gc,heap     ] GC(44) Old regions: 11->12
[2022-02-19T17:23:12.857+0000][4672][gc,heap     ] GC(44) Archive regions: 0->0
[2022-02-19T17:23:12.857+0000][4672][gc,heap     ] GC(44) Humongous regions: 0->0
[2022-02-19T17:23:12.857+0000][4672][gc,metaspace] GC(44) Metaspace: 57831K(59200K)->57831K(59200K) NonClass: 50102K(50880K)->50102K(50880K) Class: 7729K(8320K)->7729K(8320K)
[2022-02-19T17:23:12.857+0000][4672][gc          ] GC(44) Pause Young (Normal) (G1 Evacuation Pause) 83M->48M(956M) 902.854ms
[2022-02-19T17:23:12.857+0000][4672][gc,cpu      ] GC(44) User=0.16s Sys=0.03s Real=0.91s
[2022-02-19T17:23:12.857+0000][4672][safepoint   ] Safepoint "G1CollectForAllocation", Time since last: 872097857 ns, Reaching safepoint: 2082234 ns, At safepoint: 909023254 ns, Total: 911105488 ns
[2022-02-19T17:23:13.169+0000][4672][gc,start    ] GC(45) Pause Young (Normal) (G1 Evacuation Pause)
[2022-02-19T17:23:13.169+0000][4672][gc,task     ] GC(45) Using 2 workers of 2 for evacuation
[2022-02-19T17:23:13.169+0000][4672][gc,age      ] GC(45) Desired survivor size 4194304 bytes, new threshold 15 (max threshold 15)
[2022-02-19T17:23:13.169+0000][4672][gc,age      ] GC(45) Age table with threshold 15 (max threshold 15)
[2022-02-19T17:23:13.169+0000][4672][gc,age      ] GC(45) - age   1:       4432 bytes,       4432 total
[2022-02-19T17:23:13.169+0000][4672][gc,age      ] GC(45) - age   2:     289648 bytes,     294080 total
[2022-02-19T17:23:13.169+0000][4672][gc,age      ] GC(45) - age   3:    2240632 bytes,    2534712 total
[2022-02-19T17:23:13.169+0000][4672][gc,phases   ] GC(45)   Pre Evacuate Collection Set: 0.0ms
[2022-02-19T17:23:13.169+0000][4672][gc,phases   ] GC(45)   Merge Heap Roots: 0.1ms
[2022-02-19T17:23:13.169+0000][4672][gc,phases   ] GC(45)   Evacuate Collection Set: 7.6ms
[2022-02-19T17:23:13.169+0000][4672][gc,phases   ] GC(45)   Post Evacuate Collection Set: 0.6ms
[2022-02-19T17:23:13.169+0000][4672][gc,phases   ] GC(45)   Other: 0.5ms
[2022-02-19T17:23:13.169+0000][4672][gc,heap     ] GC(45) Eden regions: 10->0(10)
[2022-02-19T17:23:13.169+0000][4672][gc,heap     ] GC(45) Survivor regions: 1->1(2)
[2022-02-19T17:23:13.169+0000][4672][gc,heap     ] GC(45) Old regions: 12->12
[2022-02-19T17:23:13.169+0000][4672][gc,heap     ] GC(45) Archive regions: 0->0
[2022-02-19T17:23:13.169+0000][4672][gc,heap     ] GC(45) Humongous regions: 0->0
[2022-02-19T17:23:13.169+0000][4672][gc,metaspace] GC(45) Metaspace: 57841K(59200K)->57841K(59200K) NonClass: 50112K(50880K)->50112K(50880K) Class: 7729K(8320K)->7729K(8320K)
[2022-02-19T17:23:13.169+0000][4672][gc          ] GC(45) Pause Young (Normal) (G1 Evacuation Pause) 88M->47M(956M) 9.144ms
[2022-02-19T17:23:13.169+0000][4672][gc,cpu      ] GC(45) User=0.00s Sys=0.00s Real=0.00s
[2022-02-19T17:23:13.169+0000][4672][safepoint   ] Safepoint "G1CollectForAllocation", Time since last: 299938206 ns, Reaching safepoint: 40546 ns, At safepoint: 9285625 ns, Total: 9326171 ns
[2022-02-19T17:23:13.450+0000][4672][gc,start    ] GC(46) Pause Young (Normal) (G1 Evacuation Pause)
[2022-02-19T17:23:13.450+0000][4672][gc,task     ] GC(46) Using 2 workers of 2 for evacuation
[2022-02-19T17:23:13.450+0000][4672][gc,age      ] GC(46) Desired survivor size 4194304 bytes, new threshold 15 (max threshold 15)
[2022-02-19T17:23:13.450+0000][4672][gc,age      ] GC(46) Age table with threshold 15 (max threshold 15)
[2022-02-19T17:23:13.450+0000][4672][gc,age      ] GC(46) - age   1:      26592 bytes,      26592 total
[2022-02-19T17:23:13.450+0000][4672][gc,age      ] GC(46) - age   2:       2312 bytes,      28904 total
[2022-02-19T17:23:13.450+0000][4672][gc,age      ] GC(46) - age   3:     289648 bytes,     318552 total
[2022-02-19T17:23:13.450+0000][4672][gc,age      ] GC(46) - age   4:    2240632 bytes,    2559184 total
[2022-02-19T17:23:13.450+0000][4672][gc,phases   ] GC(46)   Pre Evacuate Collection Set: 0.1ms
[2022-02-19T17:23:13.450+0000][4672][gc,phases   ] GC(46)   Merge Heap Roots: 0.0ms
[2022-02-19T17:23:13.450+0000][4672][gc,phases   ] GC(46)   Evacuate Collection Set: 7.0ms
[2022-02-19T17:23:13.450+0000][4672][gc,phases   ] GC(46)   Post Evacuate Collection Set: 0.6ms
[2022-02-19T17:23:13.450+0000][4672][gc,phases   ] GC(46)   Other: 0.5ms
[2022-02-19T17:23:13.450+0000][4672][gc,heap     ] GC(46) Eden regions: 10->0(10)
[2022-02-19T17:23:13.450+0000][4672][gc,heap     ] GC(46) Survivor regions: 1->1(2)
[2022-02-19T17:23:13.450+0000][4672][gc,heap     ] GC(46) Old regions: 12->12
[2022-02-19T17:23:13.450+0000][4672][gc,heap     ] GC(46) Archive regions: 0->0
[2022-02-19T17:23:13.450+0000][4672][gc,heap     ] GC(46) Humongous regions: 0->0
[2022-02-19T17:23:13.450+0000][4672][gc,metaspace] GC(46) Metaspace: 57847K(59200K)->57847K(59200K) NonClass: 50117K(50880K)->50117K(50880K) Class: 7729K(8320K)->7729K(8320K)
[2022-02-19T17:23:13.450+0000][4672][gc          ] GC(46) Pause Young (Normal) (G1 Evacuation Pause) 87M->47M(956M) 8.476ms
[2022-02-19T17:23:13.450+0000][4672][gc,cpu      ] GC(46) User=0.00s Sys=0.00s Real=0.00s
[2022-02-19T17:23:13.450+0000][4672][safepoint   ] Safepoint "G1CollectForAllocation", Time since last: 273007738 ns, Reaching safepoint: 34387 ns, At safepoint: 8622513 ns, Total: 8656900 ns
[2022-02-19T17:23:13.731+0000][4672][gc,start    ] GC(47) Pause Young (Normal) (G1 Evacuation Pause)
[2022-02-19T17:23:13.731+0000][4672][gc,task     ] GC(47) Using 2 workers of 2 for evacuation
[2022-02-19T17:23:13.731+0000][4672][gc,age      ] GC(47) Desired survivor size 4194304 bytes, new threshold 15 (max threshold 15)
[2022-02-19T17:23:13.731+0000][4672][gc,age      ] GC(47) Age table with threshold 15 (max threshold 15)
[2022-02-19T17:23:13.731+0000][4672][gc,age      ] GC(47) - age   1:      22040 bytes,      22040 total
[2022-02-19T17:23:13.731+0000][4672][gc,age      ] GC(47) - age   2:        440 bytes,      22480 total
[2022-02-19T17:23:13.731+0000][4672][gc,age      ] GC(47) - age   3:       2312 bytes,      24792 total
[2022-02-19T17:23:13.731+0000][4672][gc,age      ] GC(47) - age   4:     289648 bytes,     314440 total
[2022-02-19T17:23:13.731+0000][4672][gc,age      ] GC(47) - age   5:    2240632 bytes,    2555072 total
[2022-02-19T17:23:13.731+0000][4672][gc,phases   ] GC(47)   Pre Evacuate Collection Set: 0.0ms
[2022-02-19T17:23:13.731+0000][4672][gc,phases   ] GC(47)   Merge Heap Roots: 0.0ms
[2022-02-19T17:23:13.731+0000][4672][gc,phases   ] GC(47)   Evacuate Collection Set: 6.7ms
[2022-02-19T17:23:13.731+0000][4672][gc,phases   ] GC(47)   Post Evacuate Collection Set: 0.6ms
[2022-02-19T17:23:13.731+0000][4672][gc,phases   ] GC(47)   Other: 0.5ms
[2022-02-19T17:23:13.731+0000][4672][gc,heap     ] GC(47) Eden regions: 10->0(21)
[2022-02-19T17:23:13.731+0000][4672][gc,heap     ] GC(47) Survivor regions: 1->1(2)
[2022-02-19T17:23:13.731+0000][4672][gc,heap     ] GC(47) Old regions: 12->12
[2022-02-19T17:23:13.731+0000][4672][gc,heap     ] GC(47) Archive regions: 0->0
[2022-02-19T17:23:13.731+0000][4672][gc,heap     ] GC(47) Humongous regions: 0->0
[2022-02-19T17:23:13.731+0000][4672][gc,metaspace] GC(47) Metaspace: 57849K(59200K)->57849K(59200K) NonClass: 50120K(50880K)->50120K(50880K) Class: 7729K(8320K)->7729K(8320K)
[2022-02-19T17:23:13.746+0000][4672][gc          ] GC(47) Pause Young (Normal) (G1 Evacuation Pause) 87M->47M(956M) 8.208ms
[2022-02-19T17:23:13.746+0000][4672][gc,cpu      ] GC(47) User=0.03s Sys=0.00s Real=0.02s
[2022-02-19T17:23:13.746+0000][4672][safepoint   ] Safepoint "G1CollectForAllocation", Time since last: 276985384 ns, Reaching safepoint: 28742 ns, At safepoint: 8354086 ns, Total: 8382828 ns
[2022-02-19T17:23:14.792+0000][4672][safepoint   ] Safepoint "Cleanup", Time since last: 1051276747 ns, Reaching safepoint: 226855 ns, At safepoint: 4322547 ns, Total: 4549402 ns
[2022-02-19T17:23:16.008+0000][4672][safepoint   ] Safepoint "Cleanup", Time since last: 1065710731 ns, Reaching safepoint: 61076 ns, At safepoint: 140685018 ns, Total: 140746094 ns
[2022-02-19T17:23:17.038+0000][4672][safepoint   ] Safepoint "Cleanup", Time since last: 1013623570 ns, Reaching safepoint: 15654993 ns, At safepoint: 759089 ns, Total: 16414082 ns
[2022-02-19T17:23:18.302+0000][4672][gc,start    ] GC(48) Pause Young (Normal) (G1 Evacuation Pause)
[2022-02-19T17:23:18.302+0000][4672][gc,task     ] GC(48) Using 2 workers of 2 for evacuation
[2022-02-19T17:23:18.302+0000][4672][gc,age      ] GC(48) Desired survivor size 6291456 bytes, new threshold 15 (max threshold 15)
[2022-02-19T17:23:18.317+0000][4672][gc,age      ] GC(48) Age table with threshold 15 (max threshold 15)
[2022-02-19T17:23:18.317+0000][4672][gc,age      ] GC(48) - age   1:    2864776 bytes,    2864776 total
[2022-02-19T17:23:18.317+0000][4672][gc,age      ] GC(48) - age   2:         64 bytes,    2864840 total
[2022-02-19T17:23:18.317+0000][4672][gc,age      ] GC(48) - age   3:        440 bytes,    2865280 total
[2022-02-19T17:23:18.317+0000][4672][gc,age      ] GC(48) - age   4:       2096 bytes,    2867376 total
[2022-02-19T17:23:18.317+0000][4672][gc,age      ] GC(48) - age   5:     286904 bytes,    3154280 total
[2022-02-19T17:23:18.317+0000][4672][gc,age      ] GC(48) - age   6:    2238464 bytes,    5392744 total
[2022-02-19T17:23:18.317+0000][4672][gc,phases   ] GC(48)   Pre Evacuate Collection Set: 0.0ms
[2022-02-19T17:23:18.317+0000][4672][gc,phases   ] GC(48)   Merge Heap Roots: 0.1ms
[2022-02-19T17:23:18.317+0000][4672][gc,phases   ] GC(48)   Evacuate Collection Set: 14.3ms
[2022-02-19T17:23:18.317+0000][4672][gc,phases   ] GC(48)   Post Evacuate Collection Set: 0.8ms
[2022-02-19T17:23:18.317+0000][4672][gc,phases   ] GC(48)   Other: 0.5ms
[2022-02-19T17:23:18.317+0000][4672][gc,heap     ] GC(48) Eden regions: 21->0(9)
[2022-02-19T17:23:18.317+0000][4672][gc,heap     ] GC(48) Survivor regions: 1->2(3)
[2022-02-19T17:23:18.317+0000][4672][gc,heap     ] GC(48) Old regions: 12->12
[2022-02-19T17:23:18.317+0000][4672][gc,heap     ] GC(48) Archive regions: 0->0
[2022-02-19T17:23:18.317+0000][4672][gc,heap     ] GC(48) Humongous regions: 0->0
[2022-02-19T17:23:18.317+0000][4672][gc,metaspace] GC(48) Metaspace: 61595K(63040K)->61595K(63040K) NonClass: 53286K(54080K)->53286K(54080K) Class: 8308K(8960K)->8308K(8960K)
[2022-02-19T17:23:18.317+0000][4672][gc          ] GC(48) Pause Young (Normal) (G1 Evacuation Pause) 131M->50M(956M) 16.084ms
[2022-02-19T17:23:18.317+0000][4672][gc,cpu      ] GC(48) User=0.03s Sys=0.00s Real=0.01s
[2022-02-19T17:23:18.317+0000][4672][safepoint   ] Safepoint "G1CollectForAllocation", Time since last: 1271664576 ns, Reaching safepoint: 84172 ns, At safepoint: 16220588 ns, Total: 16304760 ns
[2022-02-19T17:23:19.830+0000][4672][safepoint   ] Safepoint "Cleanup", Time since last: 1503531125 ns, Reaching safepoint: 110347 ns, At safepoint: 3080 ns, Total: 113427 ns
[2022-02-19T17:23:20.845+0000][4672][safepoint   ] Safepoint "Cleanup", Time since last: 1015009330 ns, Reaching safepoint: 222749 ns, At safepoint: 15910 ns, Total: 238659 ns
[2022-02-19T17:23:21.858+0000][4672][safepoint   ] Safepoint "Cleanup", Time since last: 1012058687 ns, Reaching safepoint: 827864 ns, At safepoint: 25662 ns, Total: 853526 ns
[2022-02-19T17:23:22.419+0000][4672][gc,start    ] GC(49) Pause Young (Concurrent Start) (Metadata GC Threshold)
[2022-02-19T17:23:22.419+0000][4672][gc,task     ] GC(49) Using 2 workers of 2 for evacuation
[2022-02-19T17:23:22.419+0000][4672][gc,age      ] GC(49) Desired survivor size 4194304 bytes, new threshold 6 (max threshold 15)
[2022-02-19T17:23:22.560+0000][4672][gc,age      ] GC(49) Age table with threshold 6 (max threshold 15)
[2022-02-19T17:23:22.560+0000][4672][gc,age      ] GC(49) - age   1:     914896 bytes,     914896 total
[2022-02-19T17:23:22.560+0000][4672][gc,age      ] GC(49) - age   2:    2826432 bytes,    3741328 total
[2022-02-19T17:23:22.560+0000][4672][gc,age      ] GC(49) - age   3:         64 bytes,    3741392 total
[2022-02-19T17:23:22.560+0000][4672][gc,age      ] GC(49) - age   4:        440 bytes,    3741832 total
[2022-02-19T17:23:22.560+0000][4672][gc,age      ] GC(49) - age   5:       2096 bytes,    3743928 total
[2022-02-19T17:23:22.560+0000][4672][gc,age      ] GC(49) - age   6:     286720 bytes,    4030648 total
[2022-02-19T17:23:22.560+0000][4672][gc,phases   ] GC(49)   Pre Evacuate Collection Set: 0.1ms
[2022-02-19T17:23:22.560+0000][4672][gc,phases   ] GC(49)   Merge Heap Roots: 0.2ms
[2022-02-19T17:23:22.560+0000][4672][gc,phases   ] GC(49)   Evacuate Collection Set: 137.4ms
[2022-02-19T17:23:22.560+0000][4672][gc,phases   ] GC(49)   Post Evacuate Collection Set: 1.4ms
[2022-02-19T17:23:22.560+0000][4672][gc,phases   ] GC(49)   Other: 0.9ms
[2022-02-19T17:23:22.560+0000][4672][gc,heap     ] GC(49) Eden regions: 5->0(9)
[2022-02-19T17:23:22.560+0000][4672][gc,heap     ] GC(49) Survivor regions: 2->2(2)
[2022-02-19T17:23:22.560+0000][4672][gc,heap     ] GC(49) Old regions: 12->12
[2022-02-19T17:23:22.560+0000][4672][gc,heap     ] GC(49) Archive regions: 0->0
[2022-02-19T17:23:22.560+0000][4672][gc,heap     ] GC(49) Humongous regions: 0->0
[2022-02-19T17:23:22.560+0000][4672][gc,metaspace] GC(49) Metaspace: 64968K(66368K)->64968K(66368K) NonClass: 56263K(57088K)->56263K(57088K) Class: 8704K(9280K)->8704K(9280K)
[2022-02-19T17:23:22.560+0000][4672][gc          ] GC(49) Pause Young (Concurrent Start) (Metadata GC Threshold) 67M->51M(956M) 140.719ms
[2022-02-19T17:23:22.560+0000][4672][gc,cpu      ] GC(49) User=0.06s Sys=0.00s Real=0.14s
[2022-02-19T17:23:22.560+0000][4672][gc          ] GC(50) Concurrent Mark Cycle
[2022-02-19T17:23:22.560+0000][4672][gc,marking  ] GC(50) Concurrent Clear Claimed Marks
[2022-02-19T17:23:22.560+0000][4672][gc,marking  ] GC(50) Concurrent Clear Claimed Marks 0.136ms
[2022-02-19T17:23:22.560+0000][4672][gc,marking  ] GC(50) Concurrent Scan Root Regions
[2022-02-19T17:23:22.560+0000][4672][safepoint   ] Safepoint "CollectForMetadataAllocation", Time since last: 573517184 ns, Reaching safepoint: 63129 ns, At safepoint: 141975315 ns, Total: 142038444 ns
[2022-02-19T17:23:22.591+0000][4672][gc,marking  ] GC(50) Concurrent Scan Root Regions 19.175ms
[2022-02-19T17:23:22.591+0000][4672][gc,marking  ] GC(50) Concurrent Mark
[2022-02-19T17:23:22.591+0000][4672][gc,marking  ] GC(50) Concurrent Mark From Roots
[2022-02-19T17:23:22.591+0000][4672][gc,task     ] GC(50) Using 1 workers of 1 for marking
[2022-02-19T17:23:22.716+0000][4672][gc,marking  ] GC(50) Concurrent Mark From Roots 130.099ms
[2022-02-19T17:23:22.716+0000][4672][gc,marking  ] GC(50) Concurrent Preclean
[2022-02-19T17:23:22.716+0000][4672][gc,marking  ] GC(50) Concurrent Preclean 0.469ms
[2022-02-19T17:23:22.716+0000][4672][gc,start    ] GC(50) Pause Remark
[2022-02-19T17:23:22.731+0000][4672][gc          ] GC(50) Pause Remark 52M->52M(956M) 7.469ms
[2022-02-19T17:23:22.731+0000][4672][gc,cpu      ] GC(50) User=0.02s Sys=0.00s Real=0.01s
[2022-02-19T17:23:22.731+0000][4672][safepoint   ] Safepoint "G1Concurrent", Time since last: 149389136 ns, Reaching safepoint: 298196 ns, At safepoint: 8420807 ns, Total: 8719003 ns
[2022-02-19T17:23:22.731+0000][4672][gc,marking  ] GC(50) Concurrent Mark 139.562ms
[2022-02-19T17:23:22.731+0000][4672][gc,marking  ] GC(50) Concurrent Rebuild Remembered Sets
[2022-02-19T17:23:22.842+0000][4672][gc,marking  ] GC(50) Concurrent Rebuild Remembered Sets 116.524ms
[2022-02-19T17:23:22.842+0000][4672][gc,start    ] GC(50) Pause Cleanup
[2022-02-19T17:23:22.842+0000][4672][gc          ] GC(50) Pause Cleanup 52M->52M(956M) 0.107ms
[2022-02-19T17:23:22.842+0000][4672][gc,cpu      ] GC(50) User=0.00s Sys=0.00s Real=0.00s
[2022-02-19T17:23:22.842+0000][4672][safepoint   ] Safepoint "G1Concurrent", Time since last: 116731370 ns, Reaching safepoint: 37467 ns, At safepoint: 221721 ns, Total: 259188 ns
[2022-02-19T17:23:22.842+0000][4672][gc,marking  ] GC(50) Concurrent Cleanup for Next Mark
[2022-02-19T17:23:22.842+0000][4672][gc,marking  ] GC(50) Concurrent Cleanup for Next Mark 4.843ms
[2022-02-19T17:23:22.842+0000][4672][gc          ] GC(50) Concurrent Mark Cycle 281.094ms
[2022-02-19T17:23:24.776+0000][4672][safepoint   ] Safepoint "Cleanup", Time since last: 1926589571 ns, Reaching safepoint: 109321 ns, At safepoint: 8725 ns, Total: 118046 ns
[2022-02-19T17:23:25.714+0000][4672][gc,start    ] GC(51) Pause Young (Normal) (G1 Evacuation Pause)
[2022-02-19T17:23:25.714+0000][4672][gc,task     ] GC(51) Using 2 workers of 2 for evacuation
[2022-02-19T17:23:25.714+0000][4672][gc,age      ] GC(51) Desired survivor size 4194304 bytes, new threshold 15 (max threshold 15)
[2022-02-19T17:23:25.730+0000][4672][gc,age      ] GC(51) Age table with threshold 15 (max threshold 15)
[2022-02-19T17:23:25.730+0000][4672][gc,age      ] GC(51) - age   1:     972416 bytes,     972416 total
[2022-02-19T17:23:25.730+0000][4672][gc,age      ] GC(51) - age   2:     856520 bytes,    1828936 total
[2022-02-19T17:23:25.730+0000][4672][gc,age      ] GC(51) - age   3:    2823264 bytes,    4652200 total
[2022-02-19T17:23:25.730+0000][4672][gc,age      ] GC(51) - age   4:         64 bytes,    4652264 total
[2022-02-19T17:23:25.730+0000][4672][gc,age      ] GC(51) - age   5:        440 bytes,    4652704 total
[2022-02-19T17:23:25.730+0000][4672][gc,age      ] GC(51) - age   6:       2096 bytes,    4654800 total
[2022-02-19T17:23:25.730+0000][4672][gc,age      ] GC(51) - age   7:     286624 bytes,    4941424 total
[2022-02-19T17:23:25.730+0000][4672][gc,phases   ] GC(51)   Pre Evacuate Collection Set: 0.1ms
[2022-02-19T17:23:25.730+0000][4672][gc,phases   ] GC(51)   Merge Heap Roots: 0.1ms
[2022-02-19T17:23:25.730+0000][4672][gc,phases   ] GC(51)   Evacuate Collection Set: 12.2ms
[2022-02-19T17:23:25.730+0000][4672][gc,phases   ] GC(51)   Post Evacuate Collection Set: 0.6ms
[2022-02-19T17:23:25.730+0000][4672][gc,phases   ] GC(51)   Other: 0.6ms
[2022-02-19T17:23:25.730+0000][4672][gc,heap     ] GC(51) Eden regions: 9->0(16)
[2022-02-19T17:23:25.730+0000][4672][gc,heap     ] GC(51) Survivor regions: 2->2(2)
[2022-02-19T17:23:25.730+0000][4672][gc,heap     ] GC(51) Old regions: 12->12
[2022-02-19T17:23:25.730+0000][4672][gc,heap     ] GC(51) Archive regions: 0->0
[2022-02-19T17:23:25.730+0000][4672][gc,heap     ] GC(51) Humongous regions: 0->0
[2022-02-19T17:23:25.730+0000][4672][gc,metaspace] GC(51) Metaspace: 67718K(69120K)->67718K(69120K) NonClass: 58658K(59456K)->58658K(59456K) Class: 9060K(9664K)->9060K(9664K)
[2022-02-19T17:23:25.730+0000][4672][gc          ] GC(51) Pause Young (Normal) (G1 Evacuation Pause) 87M->52M(956M) 13.830ms
[2022-02-19T17:23:25.730+0000][4672][gc,cpu      ] GC(51) User=0.03s Sys=0.00s Real=0.02s
[2022-02-19T17:23:25.730+0000][4672][safepoint   ] Safepoint "G1CollectForAllocation", Time since last: 945445671 ns, Reaching safepoint: 44652 ns, At safepoint: 13980275 ns, Total: 14024927 ns
[2022-02-19T17:23:26.322+0000][4672][gc,start    ] GC(52) Pause Young (Normal) (G1 Evacuation Pause)
[2022-02-19T17:23:26.322+0000][4672][gc,task     ] GC(52) Using 2 workers of 2 for evacuation
[2022-02-19T17:23:26.322+0000][4672][gc,age      ] GC(52) Desired survivor size 6291456 bytes, new threshold 15 (max threshold 15)
[2022-02-19T17:23:26.354+0000][4672][gc,age      ] GC(52) Age table with threshold 15 (max threshold 15)
[2022-02-19T17:23:26.354+0000][4672][gc,age      ] GC(52) - age   1:     915984 bytes,     915984 total
[2022-02-19T17:23:26.354+0000][4672][gc,age      ] GC(52) - age   2:     964224 bytes,    1880208 total
[2022-02-19T17:23:26.354+0000][4672][gc,age      ] GC(52) - age   3:     856520 bytes,    2736728 total
[2022-02-19T17:23:26.354+0000][4672][gc,age      ] GC(52) - age   4:    2823232 bytes,    5559960 total
[2022-02-19T17:23:26.354+0000][4672][gc,age      ] GC(52) - age   5:         64 bytes,    5560024 total
[2022-02-19T17:23:26.354+0000][4672][gc,age      ] GC(52) - age   6:        440 bytes,    5560464 total
[2022-02-19T17:23:26.354+0000][4672][gc,age      ] GC(52) - age   7:       2096 bytes,    5562560 total
[2022-02-19T17:23:26.354+0000][4672][gc,age      ] GC(52) - age   8:     286624 bytes,    5849184 total
[2022-02-19T17:23:26.354+0000][4672][gc,phases   ] GC(52)   Pre Evacuate Collection Set: 0.1ms
[2022-02-19T17:23:26.354+0000][4672][gc,phases   ] GC(52)   Merge Heap Roots: 0.1ms
[2022-02-19T17:23:26.354+0000][4672][gc,phases   ] GC(52)   Evacuate Collection Set: 21.0ms
[2022-02-19T17:23:26.354+0000][4672][gc,phases   ] GC(52)   Post Evacuate Collection Set: 0.6ms
[2022-02-19T17:23:26.354+0000][4672][gc,phases   ] GC(52)   Other: 0.7ms
[2022-02-19T17:23:26.354+0000][4672][gc,heap     ] GC(52) Eden regions: 16->0(23)
[2022-02-19T17:23:26.354+0000][4672][gc,heap     ] GC(52) Survivor regions: 2->2(3)
[2022-02-19T17:23:26.354+0000][4672][gc,heap     ] GC(52) Old regions: 12->12
[2022-02-19T17:23:26.354+0000][4672][gc,heap     ] GC(52) Archive regions: 0->0
[2022-02-19T17:23:26.354+0000][4672][gc,heap     ] GC(52) Humongous regions: 0->0
[2022-02-19T17:23:26.354+0000][4672][gc,metaspace] GC(52) Metaspace: 68065K(69568K)->68065K(69568K) NonClass: 58967K(59840K)->58967K(59840K) Class: 9097K(9728K)->9097K(9728K)
[2022-02-19T17:23:26.354+0000][4672][gc          ] GC(52) Pause Young (Normal) (G1 Evacuation Pause) 116M->53M(956M) 22.827ms
[2022-02-19T17:23:26.354+0000][4672][gc,cpu      ] GC(52) User=0.06s Sys=0.00s Real=0.03s
[2022-02-19T17:23:26.354+0000][4672][safepoint   ] Safepoint "G1CollectForAllocation", Time since last: 599426295 ns, Reaching safepoint: 1668046 ns, At safepoint: 22984642 ns, Total: 24652688 ns
[2022-02-19T17:23:27.362+0000][4672][safepoint   ] Safepoint "Cleanup", Time since last: 1002151009 ns, Reaching safepoint: 85711 ns, At safepoint: 4106 ns, Total: 89817 ns
[2022-02-19T17:23:28.659+0000][4672][safepoint   ] Safepoint "Cleanup", Time since last: 1014897957 ns, Reaching safepoint: 157021086 ns, At safepoint: 136878281 ns, Total: 293899367 ns
[2022-02-19T17:23:30.688+0000][4672][safepoint   ] Safepoint "Cleanup", Time since last: 2016870357 ns, Reaching safepoint: 65182 ns, At safepoint: 5645 ns, Total: 70827 ns
[2022-02-19T17:23:32.216+0000][4672][safepoint   ] Safepoint "Cleanup", Time since last: 1538687880 ns, Reaching safepoint: 44139 ns, At safepoint: 1540 ns, Total: 45679 ns
[2022-02-19T17:23:33.231+0000][4672][safepoint   ] Safepoint "Cleanup", Time since last: 1004906620 ns, Reaching safepoint: 278692 ns, At safepoint: 344900 ns, Total: 623592 ns
[2022-02-19T17:23:34.130+0000][4672][gc,start    ] GC(53) Pause Young (Normal) (G1 Evacuation Pause)
[2022-02-19T17:23:34.130+0000][4672][gc,task     ] GC(53) Using 2 workers of 2 for evacuation
[2022-02-19T17:23:34.130+0000][4672][gc,age      ] GC(53) Desired survivor size 8388608 bytes, new threshold 15 (max threshold 15)
[2022-02-19T17:23:34.161+0000][4672][gc,age      ] GC(53) Age table with threshold 15 (max threshold 15)
[2022-02-19T17:23:34.161+0000][4672][gc,age      ] GC(53) - age   1:    2438608 bytes,    2438608 total
[2022-02-19T17:23:34.161+0000][4672][gc,age      ] GC(53) - age   2:     907232 bytes,    3345840 total
[2022-02-19T17:23:34.161+0000][4672][gc,age      ] GC(53) - age   3:     962312 bytes,    4308152 total
[2022-02-19T17:23:34.161+0000][4672][gc,age      ] GC(53) - age   4:     855784 bytes,    5163936 total
[2022-02-19T17:23:34.161+0000][4672][gc,age      ] GC(53) - age   5:    2822784 bytes,    7986720 total
[2022-02-19T17:23:34.161+0000][4672][gc,age      ] GC(53) - age   6:         64 bytes,    7986784 total
[2022-02-19T17:23:34.161+0000][4672][gc,age      ] GC(53) - age   7:        440 bytes,    7987224 total
[2022-02-19T17:23:34.161+0000][4672][gc,age      ] GC(53) - age   8:       2096 bytes,    7989320 total
[2022-02-19T17:23:34.161+0000][4672][gc,age      ] GC(53) - age   9:     286624 bytes,    8275944 total
[2022-02-19T17:23:34.161+0000][4672][gc,phases   ] GC(53)   Pre Evacuate Collection Set: 0.1ms
[2022-02-19T17:23:34.161+0000][4672][gc,phases   ] GC(53)   Merge Heap Roots: 0.2ms
[2022-02-19T17:23:34.161+0000][4672][gc,phases   ] GC(53)   Evacuate Collection Set: 29.4ms
[2022-02-19T17:23:34.161+0000][4672][gc,phases   ] GC(53)   Post Evacuate Collection Set: 0.8ms
[2022-02-19T17:23:34.161+0000][4672][gc,phases   ] GC(53)   Other: 0.7ms
[2022-02-19T17:23:34.161+0000][4672][gc,heap     ] GC(53) Eden regions: 23->0(17)
[2022-02-19T17:23:34.161+0000][4672][gc,heap     ] GC(53) Survivor regions: 2->3(4)
[2022-02-19T17:23:34.161+0000][4672][gc,heap     ] GC(53) Old regions: 12->12
[2022-02-19T17:23:34.161+0000][4672][gc,heap     ] GC(53) Archive regions: 0->0
[2022-02-19T17:23:34.161+0000][4672][gc,heap     ] GC(53) Humongous regions: 0->0
[2022-02-19T17:23:34.161+0000][4672][gc,metaspace] GC(53) Metaspace: 71469K(72960K)->71469K(72960K) NonClass: 61883K(62720K)->61883K(62720K) Class: 9585K(10240K)->9585K(10240K)
[2022-02-19T17:23:34.161+0000][4672][gc          ] GC(53) Pause Young (Normal) (G1 Evacuation Pause) 145M->55M(956M) 31.465ms
[2022-02-19T17:23:34.161+0000][4672][gc,cpu      ] GC(53) User=0.06s Sys=0.00s Real=0.03s
[2022-02-19T17:23:34.161+0000][4672][safepoint   ] Safepoint "G1CollectForAllocation", Time since last: 904400972 ns, Reaching safepoint: 266887 ns, At safepoint: 31645648 ns, Total: 31912535 ns
[2022-02-19T17:23:35.175+0000][4672][safepoint   ] Safepoint "Cleanup", Time since last: 1006441222 ns, Reaching safepoint: 59536 ns, At safepoint: 2566 ns, Total: 62102 ns
[2022-02-19T17:23:36.176+0000][4672][safepoint   ] Safepoint "Cleanup", Time since last: 1001124520 ns, Reaching safepoint: 1931853 ns, At safepoint: 13858 ns, Total: 1945711 ns
[2022-02-19T17:23:38.069+0000][4672][gc,start    ] GC(54) Pause Young (Normal) (G1 Evacuation Pause)
[2022-02-19T17:23:38.069+0000][4672][gc,task     ] GC(54) Using 2 workers of 2 for evacuation
[2022-02-19T17:23:38.069+0000][4672][gc,age      ] GC(54) Desired survivor size 6291456 bytes, new threshold 5 (max threshold 15)
[2022-02-19T17:23:38.349+0000][4672][gc,age      ] GC(54) Age table with threshold 5 (max threshold 15)
[2022-02-19T17:23:38.349+0000][4672][gc,age      ] GC(54) - age   1:    1718456 bytes,    1718456 total
[2022-02-19T17:23:38.349+0000][4672][gc,age      ] GC(54) - age   2:    2411752 bytes,    4130208 total
[2022-02-19T17:23:38.349+0000][4672][gc,age      ] GC(54) - age   3:     902048 bytes,    5032256 total
[2022-02-19T17:23:38.349+0000][4672][gc,age      ] GC(54) - age   4:     961736 bytes,    5993992 total
[2022-02-19T17:23:38.349+0000][4672][gc,age      ] GC(54) - age   5:     852840 bytes,    6846832 total
[2022-02-19T17:23:38.349+0000][4672][gc,mmu      ] GC(54) MMU target violated: 201.0ms (200.0ms/201.0ms)
[2022-02-19T17:23:38.349+0000][4672][gc,phases   ] GC(54)   Pre Evacuate Collection Set: 0.1ms
[2022-02-19T17:23:38.349+0000][4672][gc,phases   ] GC(54)   Merge Heap Roots: 0.1ms
[2022-02-19T17:23:38.349+0000][4672][gc,phases   ] GC(54)   Evacuate Collection Set: 279.8ms
[2022-02-19T17:23:38.349+0000][4672][gc,phases   ] GC(54)   Post Evacuate Collection Set: 1.0ms
[2022-02-19T17:23:38.349+0000][4672][gc,phases   ] GC(54)   Other: 0.6ms
[2022-02-19T17:23:38.349+0000][4672][gc,heap     ] GC(54) Eden regions: 16->0(18)
[2022-02-19T17:23:38.349+0000][4672][gc,heap     ] GC(54) Survivor regions: 3->2(3)
[2022-02-19T17:23:38.349+0000][4672][gc,heap     ] GC(54) Old regions: 12->13
[2022-02-19T17:23:38.349+0000][4672][gc,heap     ] GC(54) Archive regions: 0->0
[2022-02-19T17:23:38.349+0000][4672][gc,heap     ] GC(54) Humongous regions: 0->0
[2022-02-19T17:23:38.349+0000][4672][gc,metaspace] GC(54) Metaspace: 79222K(80832K)->79222K(80832K) NonClass: 68403K(69312K)->68403K(69312K) Class: 10818K(11520K)->10818K(11520K)
[2022-02-19T17:23:38.349+0000][4672][gc          ] GC(54) Pause Young (Normal) (G1 Evacuation Pause) 119M->57M(956M) 281.723ms
[2022-02-19T17:23:38.349+0000][4672][gc,cpu      ] GC(54) User=0.05s Sys=0.02s Real=0.28s
[2022-02-19T17:23:38.396+0000][4672][safepoint   ] Safepoint "G1CollectForAllocation", Time since last: 1895806687 ns, Reaching safepoint: 210430 ns, At safepoint: 324260877 ns, Total: 324471307 ns
[2022-02-19T17:23:39.410+0000][4672][safepoint   ] Safepoint "Cleanup", Time since last: 1012079729 ns, Reaching safepoint: 70315 ns, At safepoint: 4619 ns, Total: 74934 ns
[2022-02-19T17:23:40.425+0000][4672][safepoint   ] Safepoint "Cleanup", Time since last: 1014798387 ns, Reaching safepoint: 86738 ns, At safepoint: 5646 ns, Total: 92384 ns
[2022-02-19T17:23:41.440+0000][4672][safepoint   ] Safepoint "Cleanup", Time since last: 1014917973 ns, Reaching safepoint: 129851 ns, At safepoint: 5646 ns, Total: 135497 ns
[2022-02-19T17:23:42.721+0000][4672][safepoint   ] Safepoint "Cleanup", Time since last: 1281048744 ns, Reaching safepoint: 123179 ns, At safepoint: 5645 ns, Total: 128824 ns
[2022-02-19T17:23:43.722+0000][4672][safepoint   ] Safepoint "Cleanup", Time since last: 1000701606 ns, Reaching safepoint: 332583 ns, At safepoint: 212483 ns, Total: 545066 ns
[2022-02-19T17:23:44.283+0000][4672][gc,start    ] GC(55) Pause Young (Normal) (G1 Evacuation Pause)
[2022-02-19T17:23:44.283+0000][4672][gc,task     ] GC(55) Using 2 workers of 2 for evacuation
[2022-02-19T17:23:44.283+0000][4672][gc,age      ] GC(55) Desired survivor size 6291456 bytes, new threshold 5 (max threshold 15)
[2022-02-19T17:23:44.377+0000][4672][gc,age      ] GC(55) Age table with threshold 5 (max threshold 15)
[2022-02-19T17:23:44.377+0000][4672][gc,age      ] GC(55) - age   1:    4564968 bytes,    4564968 total
[2022-02-19T17:23:44.377+0000][4672][gc,age      ] GC(55) - age   2:    1644928 bytes,    6209896 total
[2022-02-19T17:23:44.377+0000][4672][gc,age      ] GC(55) - age   3:    2410760 bytes,    8620656 total
[2022-02-19T17:23:44.377+0000][4672][gc,age      ] GC(55) - age   4:     901888 bytes,    9522544 total
[2022-02-19T17:23:44.377+0000][4672][gc,age      ] GC(55) - age   5:     960600 bytes,   10483144 total
[2022-02-19T17:23:44.377+0000][4672][gc,phases   ] GC(55)   Pre Evacuate Collection Set: 0.1ms
[2022-02-19T17:23:44.377+0000][4672][gc,phases   ] GC(55)   Merge Heap Roots: 0.1ms
[2022-02-19T17:23:44.377+0000][4672][gc,phases   ] GC(55)   Evacuate Collection Set: 86.7ms
[2022-02-19T17:23:44.377+0000][4672][gc,phases   ] GC(55)   Post Evacuate Collection Set: 1.1ms
[2022-02-19T17:23:44.377+0000][4672][gc,phases   ] GC(55)   Other: 1.0ms
[2022-02-19T17:23:44.377+0000][4672][gc,heap     ] GC(55) Eden regions: 18->0(8)
[2022-02-19T17:23:44.377+0000][4672][gc,heap     ] GC(55) Survivor regions: 2->3(3)
[2022-02-19T17:23:44.377+0000][4672][gc,heap     ] GC(55) Old regions: 13->13
[2022-02-19T17:23:44.377+0000][4672][gc,heap     ] GC(55) Archive regions: 0->0
[2022-02-19T17:23:44.377+0000][4672][gc,heap     ] GC(55) Humongous regions: 0->0
[2022-02-19T17:23:44.377+0000][4672][gc,metaspace] GC(55) Metaspace: 88173K(89728K)->88173K(89728K) NonClass: 76176K(77120K)->76176K(77120K) Class: 11996K(12608K)->11996K(12608K)
[2022-02-19T17:23:44.377+0000][4672][gc          ] GC(55) Pause Young (Normal) (G1 Evacuation Pause) 129M->61M(956M) 89.294ms
[2022-02-19T17:23:44.377+0000][4672][gc,cpu      ] GC(55) User=0.08s Sys=0.00s Real=0.09s
[2022-02-19T17:23:44.377+0000][4672][safepoint   ] Safepoint "G1CollectForAllocation", Time since last: 572453228 ns, Reaching safepoint: 169884 ns, At safepoint: 89431879 ns, Total: 89601763 ns
[2022-02-19T17:23:45.392+0000][4672][safepoint   ] Safepoint "Cleanup", Time since last: 1007055063 ns, Reaching safepoint: 73907 ns, At safepoint: 3593 ns, Total: 77500 ns
[2022-02-19T17:23:46.001+0000][4672][gc,start    ] GC(56) Pause Young (Normal) (G1 Evacuation Pause)
[2022-02-19T17:23:46.001+0000][4672][gc,task     ] GC(56) Using 2 workers of 2 for evacuation
[2022-02-19T17:23:46.001+0000][4672][gc,age      ] GC(56) Desired survivor size 4194304 bytes, new threshold 1 (max threshold 15)
[2022-02-19T17:23:47.828+0000][4672][gc,age      ] GC(56) Age table with threshold 1 (max threshold 15)
[2022-02-19T17:23:47.828+0000][4672][gc,age      ] GC(56) - age   1:    1074520 bytes,    1074520 total
[2022-02-19T17:23:47.828+0000][4672][gc,mmu      ] GC(56) MMU target violated: 201.0ms (200.0ms/201.0ms)
[2022-02-19T17:23:47.828+0000][4672][gc,phases   ] GC(56)   Pre Evacuate Collection Set: 0.1ms
[2022-02-19T17:23:47.828+0000][4672][gc,phases   ] GC(56)   Merge Heap Roots: 0.1ms
[2022-02-19T17:23:47.828+0000][4672][gc,phases   ] GC(56)   Evacuate Collection Set: 1798.6ms
[2022-02-19T17:23:47.828+0000][4672][gc,phases   ] GC(56)   Post Evacuate Collection Set: 27.7ms
[2022-02-19T17:23:47.828+0000][4672][gc,phases   ] GC(56)   Other: 1.1ms
[2022-02-19T17:23:47.828+0000][4672][gc,heap     ] GC(56) Eden regions: 8->0(10)
[2022-02-19T17:23:47.828+0000][4672][gc,heap     ] GC(56) Survivor regions: 3->1(2)
[2022-02-19T17:23:47.828+0000][4672][gc,heap     ] GC(56) Old regions: 13->16
[2022-02-19T17:23:47.828+0000][4672][gc,heap     ] GC(56) Archive regions: 0->0
[2022-02-19T17:23:47.828+0000][4672][gc,heap     ] GC(56) Humongous regions: 0->0
[2022-02-19T17:23:47.828+0000][4672][gc,metaspace] GC(56) Metaspace: 90152K(91776K)->90152K(91776K) NonClass: 77833K(78784K)->77833K(78784K) Class: 12319K(12992K)->12319K(12992K)
[2022-02-19T17:23:47.828+0000][4672][gc          ] GC(56) Pause Young (Normal) (G1 Evacuation Pause) 93M->63M(956M) 1828.240ms
[2022-02-19T17:23:47.828+0000][4672][gc,cpu      ] GC(56) User=0.22s Sys=0.00s Real=1.83s
[2022-02-19T17:23:47.906+0000][4672][safepoint   ] Safepoint "G1CollectForAllocation", Time since last: 621618487 ns, Reaching safepoint: 61076 ns, At safepoint: 1906158835 ns, Total: 1906219911 ns
[2022-02-19T17:23:49.079+0000][4672][safepoint   ] Safepoint "Cleanup", Time since last: 1171641890 ns, Reaching safepoint: 390579 ns, At safepoint: 547119 ns, Total: 937698 ns
[2022-02-19T17:23:50.063+0000][4672][gc,start    ] GC(57) Pause Young (Normal) (G1 Evacuation Pause)
[2022-02-19T17:23:50.063+0000][4672][gc,task     ] GC(57) Using 2 workers of 2 for evacuation
[2022-02-19T17:23:50.063+0000][4672][gc,age      ] GC(57) Desired survivor size 4194304 bytes, new threshold 15 (max threshold 15)
[2022-02-19T17:23:50.079+0000][4672][gc,age      ] GC(57) Age table with threshold 15 (max threshold 15)
[2022-02-19T17:23:50.079+0000][4672][gc,age      ] GC(57) - age   1:    1978128 bytes,    1978128 total
[2022-02-19T17:23:50.079+0000][4672][gc,age      ] GC(57) - age   2:    1013688 bytes,    2991816 total
[2022-02-19T17:23:50.079+0000][4672][gc,phases   ] GC(57)   Pre Evacuate Collection Set: 0.0ms
[2022-02-19T17:23:50.079+0000][4672][gc,phases   ] GC(57)   Merge Heap Roots: 0.1ms
[2022-02-19T17:23:50.079+0000][4672][gc,phases   ] GC(57)   Evacuate Collection Set: 12.8ms
[2022-02-19T17:23:50.079+0000][4672][gc,phases   ] GC(57)   Post Evacuate Collection Set: 0.8ms
[2022-02-19T17:23:50.079+0000][4672][gc,phases   ] GC(57)   Other: 0.4ms
[2022-02-19T17:23:50.079+0000][4672][gc,heap     ] GC(57) Eden regions: 10->0(10)
[2022-02-19T17:23:50.079+0000][4672][gc,heap     ] GC(57) Survivor regions: 1->1(2)
[2022-02-19T17:23:50.079+0000][4672][gc,heap     ] GC(57) Old regions: 16->16
[2022-02-19T17:23:50.079+0000][4672][gc,heap     ] GC(57) Archive regions: 0->0
[2022-02-19T17:23:50.079+0000][4672][gc,heap     ] GC(57) Humongous regions: 0->0
[2022-02-19T17:23:50.079+0000][4672][gc,metaspace] GC(57) Metaspace: 93858K(95552K)->93858K(95552K) NonClass: 80992K(81984K)->80992K(81984K) Class: 12866K(13568K)->12866K(13568K)
[2022-02-19T17:23:50.079+0000][4672][gc          ] GC(57) Pause Young (Normal) (G1 Evacuation Pause) 103M->64M(956M) 14.385ms
[2022-02-19T17:23:50.079+0000][4672][gc,cpu      ] GC(57) User=0.03s Sys=0.00s Real=0.02s
[2022-02-19T17:23:50.079+0000][4672][safepoint   ] Safepoint "G1CollectForAllocation", Time since last: 976106916 ns, Reaching safepoint: 279205 ns, At safepoint: 14526880 ns, Total: 14806085 ns
[2022-02-19T17:23:51.126+0000][4672][safepoint   ] Safepoint "Cleanup", Time since last: 1042692729 ns, Reaching safepoint: 291523 ns, At safepoint: 5646 ns, Total: 297169 ns
[2022-02-19T17:23:52.142+0000][4672][safepoint   ] Safepoint "Cleanup", Time since last: 1015111979 ns, Reaching safepoint: 104702 ns, At safepoint: 4106 ns, Total: 108808 ns
[2022-02-19T17:23:53.174+0000][4672][safepoint   ] Safepoint "Cleanup", Time since last: 1040965147 ns, Reaching safepoint: 229420 ns, At safepoint: 20530 ns, Total: 249950 ns
[2022-02-19T17:23:54.189+0000][4672][safepoint   ] Safepoint "Cleanup", Time since last: 1006731206 ns, Reaching safepoint: 53890 ns, At safepoint: 2567 ns, Total: 56457 ns
[2022-02-19T17:23:54.771+0000][4672][gc,start    ] GC(58) Pause Young (Normal) (G1 Evacuation Pause)
[2022-02-19T17:23:54.771+0000][4672][gc,task     ] GC(58) Using 2 workers of 2 for evacuation
[2022-02-19T17:23:54.771+0000][4672][gc,age      ] GC(58) Desired survivor size 4194304 bytes, new threshold 15 (max threshold 15)
[2022-02-19T17:23:54.787+0000][4672][gc,age      ] GC(58) Age table with threshold 15 (max threshold 15)
[2022-02-19T17:23:54.787+0000][4672][gc,age      ] GC(58) - age   1:    1312776 bytes,    1312776 total
[2022-02-19T17:23:54.787+0000][4672][gc,age      ] GC(58) - age   2:    1835200 bytes,    3147976 total
[2022-02-19T17:23:54.787+0000][4672][gc,age      ] GC(58) - age   3:    1013432 bytes,    4161408 total
[2022-02-19T17:23:54.787+0000][4672][gc,phases   ] GC(58)   Pre Evacuate Collection Set: 0.3ms
[2022-02-19T17:23:54.787+0000][4672][gc,phases   ] GC(58)   Merge Heap Roots: 0.2ms
[2022-02-19T17:23:54.787+0000][4672][gc,phases   ] GC(58)   Evacuate Collection Set: 16.9ms
[2022-02-19T17:23:54.787+0000][4672][gc,phases   ] GC(58)   Post Evacuate Collection Set: 0.9ms
[2022-02-19T17:23:54.787+0000][4672][gc,phases   ] GC(58)   Other: 0.6ms
[2022-02-19T17:23:54.787+0000][4672][gc,heap     ] GC(58) Eden regions: 10->0(9)
[2022-02-19T17:23:54.787+0000][4672][gc,heap     ] GC(58) Survivor regions: 1->2(2)
[2022-02-19T17:23:54.787+0000][4672][gc,heap     ] GC(58) Old regions: 16->16
[2022-02-19T17:23:54.787+0000][4672][gc,heap     ] GC(58) Archive regions: 0->0
[2022-02-19T17:23:54.787+0000][4672][gc,heap     ] GC(58) Humongous regions: 0->0
[2022-02-19T17:23:54.787+0000][4672][gc,metaspace] GC(58) Metaspace: 98003K(99776K)->98003K(99776K) NonClass: 84553K(85568K)->84553K(85568K) Class: 13450K(14208K)->13450K(14208K)
[2022-02-19T17:23:54.787+0000][4672][gc          ] GC(58) Pause Young (Normal) (G1 Evacuation Pause) 104M->65M(956M) 19.155ms
[2022-02-19T17:23:54.787+0000][4672][gc,cpu      ] GC(58) User=0.03s Sys=0.00s Real=0.02s
[2022-02-19T17:23:54.787+0000][4672][safepoint   ] Safepoint "G1CollectForAllocation", Time since last: 581468886 ns, Reaching safepoint: 83658 ns, At safepoint: 28914672 ns, Total: 28998330 ns
[2022-02-19T17:23:56.788+0000][4672][safepoint   ] Safepoint "Cleanup", Time since last: 1988055768 ns, Reaching safepoint: 234039 ns, At safepoint: 10778 ns, Total: 244817 ns
[2022-02-19T17:23:58.801+0000][4672][safepoint   ] Safepoint "Cleanup", Time since last: 2012229597 ns, Reaching safepoint: 53891 ns, At safepoint: 3593 ns, Total: 57484 ns
[2022-02-19T17:24:00.816+0000][4672][safepoint   ] Safepoint "Cleanup", Time since last: 2014979562 ns, Reaching safepoint: 167831 ns, At safepoint: 6159 ns, Total: 173990 ns
[2022-02-19T17:24:01.817+0000][4672][safepoint   ] Safepoint "Cleanup", Time since last: 1001012632 ns, Reaching safepoint: 84172 ns, At safepoint: 3593 ns, Total: 87765 ns
[2022-02-19T17:24:01.926+0000][4672][gc,start    ] GC(59) Pause Young (Normal) (G1 Evacuation Pause)
[2022-02-19T17:24:01.926+0000][4672][gc,task     ] GC(59) Using 2 workers of 2 for evacuation
[2022-02-19T17:24:01.926+0000][4672][gc,age      ] GC(59) Desired survivor size 4194304 bytes, new threshold 15 (max threshold 15)
[2022-02-19T17:24:01.942+0000][4672][gc,age      ] GC(59) Age table with threshold 15 (max threshold 15)
[2022-02-19T17:24:01.942+0000][4672][gc,age      ] GC(59) - age   1:     997648 bytes,     997648 total
[2022-02-19T17:24:01.942+0000][4672][gc,age      ] GC(59) - age   2:    1254552 bytes,    2252200 total
[2022-02-19T17:24:01.942+0000][4672][gc,age      ] GC(59) - age   3:    1834584 bytes,    4086784 total
[2022-02-19T17:24:01.942+0000][4672][gc,age      ] GC(59) - age   4:    1013368 bytes,    5100152 total
[2022-02-19T17:24:01.942+0000][4672][gc,phases   ] GC(59)   Pre Evacuate Collection Set: 0.1ms
[2022-02-19T17:24:01.942+0000][4672][gc,phases   ] GC(59)   Merge Heap Roots: 0.1ms
[2022-02-19T17:24:01.942+0000][4672][gc,phases   ] GC(59)   Evacuate Collection Set: 16.7ms
[2022-02-19T17:24:01.942+0000][4672][gc,phases   ] GC(59)   Post Evacuate Collection Set: 1.0ms
[2022-02-19T17:24:01.942+0000][4672][gc,phases   ] GC(59)   Other: 0.5ms
[2022-02-19T17:24:01.942+0000][4672][gc,heap     ] GC(59) Eden regions: 9->0(9)
[2022-02-19T17:24:01.942+0000][4672][gc,heap     ] GC(59) Survivor regions: 2->2(2)
[2022-02-19T17:24:01.942+0000][4672][gc,heap     ] GC(59) Old regions: 16->16
[2022-02-19T17:24:01.942+0000][4672][gc,heap     ] GC(59) Archive regions: 0->0
[2022-02-19T17:24:01.942+0000][4672][gc,heap     ] GC(59) Humongous regions: 0->0
[2022-02-19T17:24:01.942+0000][4672][gc,metaspace] GC(59) Metaspace: 100116K(101888K)->100116K(101888K) NonClass: 86313K(87360K)->86313K(87360K) Class: 13802K(14528K)->13802K(14528K)
[2022-02-19T17:24:01.942+0000][4672][gc          ] GC(59) Pause Young (Normal) (G1 Evacuation Pause) 101M->66M(956M) 18.604ms
[2022-02-19T17:24:01.942+0000][4672][gc,cpu      ] GC(59) User=0.03s Sys=0.00s Real=0.02s
[2022-02-19T17:24:01.942+0000][4672][safepoint   ] Safepoint "G1CollectForAllocation", Time since last: 116432148 ns, Reaching safepoint: 42600 ns, At safepoint: 18899213 ns, Total: 18941813 ns
[2022-02-19T17:24:03.137+0000][4672][safepoint   ] Safepoint "Cleanup", Time since last: 1184733225 ns, Reaching safepoint: 110861 ns, At safepoint: 6672 ns, Total: 117533 ns
[2022-02-19T17:24:03.802+0000][4672][gc,start    ] GC(60) Pause Young (Normal) (G1 Evacuation Pause)
[2022-02-19T17:24:03.802+0000][4672][gc,task     ] GC(60) Using 2 workers of 2 for evacuation
[2022-02-19T17:24:03.802+0000][4672][gc,age      ] GC(60) Desired survivor size 4194304 bytes, new threshold 4 (max threshold 15)
[2022-02-19T17:24:03.989+0000][4672][gc,age      ] GC(60) Age table with threshold 4 (max threshold 15)
[2022-02-19T17:24:03.989+0000][4672][gc,age      ] GC(60) - age   1:     739760 bytes,     739760 total
[2022-02-19T17:24:03.989+0000][4672][gc,age      ] GC(60) - age   2:     848400 bytes,    1588160 total
[2022-02-19T17:24:03.989+0000][4672][gc,age      ] GC(60) - age   3:    1199544 bytes,    2787704 total
[2022-02-19T17:24:03.989+0000][4672][gc,age      ] GC(60) - age   4:    1834480 bytes,    4622184 total
[2022-02-19T17:24:03.989+0000][4672][gc,phases   ] GC(60)   Pre Evacuate Collection Set: 0.1ms
[2022-02-19T17:24:03.989+0000][4672][gc,phases   ] GC(60)   Merge Heap Roots: 0.2ms
[2022-02-19T17:24:03.989+0000][4672][gc,phases   ] GC(60)   Evacuate Collection Set: 191.9ms
[2022-02-19T17:24:03.989+0000][4672][gc,phases   ] GC(60)   Post Evacuate Collection Set: 1.0ms
[2022-02-19T17:24:03.989+0000][4672][gc,phases   ] GC(60)   Other: 0.5ms
[2022-02-19T17:24:03.989+0000][4672][gc,heap     ] GC(60) Eden regions: 9->0(9)
[2022-02-19T17:24:03.989+0000][4672][gc,heap     ] GC(60) Survivor regions: 2->2(2)
[2022-02-19T17:24:03.989+0000][4672][gc,heap     ] GC(60) Old regions: 16->16
[2022-02-19T17:24:03.989+0000][4672][gc,heap     ] GC(60) Archive regions: 0->0
[2022-02-19T17:24:03.989+0000][4672][gc,heap     ] GC(60) Humongous regions: 0->0
[2022-02-19T17:24:03.989+0000][4672][gc,metaspace] GC(60) Metaspace: 101342K(103040K)->101342K(103040K) NonClass: 87342K(88320K)->87342K(88320K) Class: 13999K(14720K)->13999K(14720K)
[2022-02-19T17:24:03.989+0000][4672][gc          ] GC(60) Pause Young (Normal) (G1 Evacuation Pause) 102M->67M(956M) 193.976ms
[2022-02-19T17:24:03.989+0000][4672][gc,cpu      ] GC(60) User=0.09s Sys=0.00s Real=0.19s
[2022-02-19T17:24:04.441+0000][4672][safepoint   ] Safepoint "G1CollectForAllocation", Time since last: 657686765 ns, Reaching safepoint: 7405096 ns, At safepoint: 643224039 ns, Total: 650629135 ns
[2022-02-19T17:24:05.472+0000][4672][safepoint   ] Safepoint "Cleanup", Time since last: 1011491038 ns, Reaching safepoint: 1235894 ns, At safepoint: 17999495 ns, Total: 19235389 ns
[2022-02-19T17:24:07.477+0000][4672][safepoint   ] Safepoint "Cleanup", Time since last: 2000167317 ns, Reaching safepoint: 104702 ns, At safepoint: 5133 ns, Total: 109835 ns
[2022-02-19T17:24:08.571+0000][4672][safepoint   ] Safepoint "Cleanup", Time since last: 1000282798 ns, Reaching safepoint: 93677953 ns, At safepoint: 598443 ns, Total: 94276396 ns
[2022-02-19T17:24:09.647+0000][4672][gc,start    ] GC(61) Pause Young (Normal) (G1 Evacuation Pause)
[2022-02-19T17:24:09.647+0000][4672][gc,task     ] GC(61) Using 2 workers of 2 for evacuation
[2022-02-19T17:24:09.647+0000][4672][gc,age      ] GC(61) Desired survivor size 4194304 bytes, new threshold 4 (max threshold 15)
[2022-02-19T17:24:09.944+0000][4672][gc,age      ] GC(61) Age table with threshold 4 (max threshold 15)
[2022-02-19T17:24:09.944+0000][4672][gc,age      ] GC(61) - age   1:    3237904 bytes,    3237904 total
[2022-02-19T17:24:09.944+0000][4672][gc,age      ] GC(61) - age   2:     619496 bytes,    3857400 total
[2022-02-19T17:24:09.944+0000][4672][gc,age      ] GC(61) - age   3:     837840 bytes,    4695240 total
[2022-02-19T17:24:09.944+0000][4672][gc,age      ] GC(61) - age   4:    1197592 bytes,    5892832 total
[2022-02-19T17:24:09.944+0000][4672][gc,mmu      ] GC(61) MMU target violated: 201.0ms (200.0ms/201.0ms)
[2022-02-19T17:24:09.944+0000][4672][gc,phases   ] GC(61)   Pre Evacuate Collection Set: 0.1ms
[2022-02-19T17:24:09.944+0000][4672][gc,phases   ] GC(61)   Merge Heap Roots: 0.2ms
[2022-02-19T17:24:09.944+0000][4672][gc,phases   ] GC(61)   Evacuate Collection Set: 296.1ms
[2022-02-19T17:24:09.944+0000][4672][gc,phases   ] GC(61)   Post Evacuate Collection Set: 1.7ms
[2022-02-19T17:24:09.944+0000][4672][gc,phases   ] GC(61)   Other: 1.8ms
[2022-02-19T17:24:09.944+0000][4672][gc,heap     ] GC(61) Eden regions: 9->0(9)
[2022-02-19T17:24:09.944+0000][4672][gc,heap     ] GC(61) Survivor regions: 2->2(2)
[2022-02-19T17:24:09.944+0000][4672][gc,heap     ] GC(61) Old regions: 16->17
[2022-02-19T17:24:09.944+0000][4672][gc,heap     ] GC(61) Archive regions: 0->0
[2022-02-19T17:24:09.944+0000][4672][gc,heap     ] GC(61) Humongous regions: 5->5
[2022-02-19T17:24:09.944+0000][4672][gc,metaspace] GC(61) Metaspace: 102915K(104704K)->102915K(104704K) NonClass: 88659K(89664K)->88659K(89664K) Class: 14255K(15040K)->14255K(15040K)
[2022-02-19T17:24:09.944+0000][4672][gc          ] GC(61) Pause Young (Normal) (G1 Evacuation Pause) 123M->90M(956M) 300.523ms
[2022-02-19T17:24:09.944+0000][4672][gc,cpu      ] GC(61) User=0.06s Sys=0.00s Real=0.30s
[2022-02-19T17:24:09.944+0000][4672][safepoint   ] Safepoint "G1CollectForAllocation", Time since last: 901265559 ns, Reaching safepoint: 174540184 ns, At safepoint: 302513155 ns, Total: 477053339 ns
[2022-02-19T17:24:11.072+0000][4672][gc,start    ] GC(62) Pause Young (Normal) (G1 Evacuation Pause)
[2022-02-19T17:24:11.072+0000][4672][gc,task     ] GC(62) Using 2 workers of 2 for evacuation
[2022-02-19T17:24:11.072+0000][4672][gc,age      ] GC(62) Desired survivor size 4194304 bytes, new threshold 3 (max threshold 15)
[2022-02-19T17:24:11.278+0000][4672][gc,age      ] GC(62) Age table with threshold 3 (max threshold 15)
[2022-02-19T17:24:11.279+0000][4672][gc,age      ] GC(62) - age   1:     500600 bytes,     500600 total
[2022-02-19T17:24:11.279+0000][4672][gc,age      ] GC(62) - age   2:    3167240 bytes,    3667840 total
[2022-02-19T17:24:11.279+0000][4672][gc,age      ] GC(62) - age   3:     615168 bytes,    4283008 total
[2022-02-19T17:24:11.279+0000][4672][gc,mmu      ] GC(62) MMU target violated: 201.0ms (200.0ms/201.0ms)
[2022-02-19T17:24:11.279+0000][4672][gc,phases   ] GC(62)   Pre Evacuate Collection Set: 0.1ms
[2022-02-19T17:24:11.279+0000][4672][gc,phases   ] GC(62)   Merge Heap Roots: 0.1ms
[2022-02-19T17:24:11.279+0000][4672][gc,phases   ] GC(62)   Evacuate Collection Set: 178.4ms
[2022-02-19T17:24:11.279+0000][4672][gc,phases   ] GC(62)   Post Evacuate Collection Set: 1.3ms
[2022-02-19T17:24:11.279+0000][4672][gc,phases   ] GC(62)   Other: 26.7ms
[2022-02-19T17:24:11.279+0000][4672][gc,heap     ] GC(62) Eden regions: 9->0(9)
[2022-02-19T17:24:11.279+0000][4672][gc,heap     ] GC(62) Survivor regions: 2->2(2)
[2022-02-19T17:24:11.279+0000][4672][gc,heap     ] GC(62) Old regions: 17->17
[2022-02-19T17:24:11.279+0000][4672][gc,heap     ] GC(62) Archive regions: 0->0
[2022-02-19T17:24:11.279+0000][4672][gc,heap     ] GC(62) Humongous regions: 5->5
[2022-02-19T17:24:11.279+0000][4672][gc,metaspace] GC(62) Metaspace: 103566K(105344K)->103566K(105344K) NonClass: 89237K(90240K)->89237K(90240K) Class: 14329K(15104K)->14329K(15104K)
[2022-02-19T17:24:11.279+0000][4672][gc          ] GC(62) Pause Young (Normal) (G1 Evacuation Pause) 126M->90M(956M) 207.010ms
[2022-02-19T17:24:11.279+0000][4672][gc,cpu      ] GC(62) User=0.09s Sys=0.02s Real=0.21s
[2022-02-19T17:24:11.283+0000][4672][safepoint   ] Safepoint "G1CollectForAllocation", Time since last: 1122259529 ns, Reaching safepoint: 188361 ns, At safepoint: 210685962 ns, Total: 210874323 ns
[2022-02-19T17:24:12.342+0000][4672][safepoint   ] Safepoint "Cleanup", Time since last: 1012397428 ns, Reaching safepoint: 46954713 ns, At safepoint: 816573 ns, Total: 47771286 ns
[2022-02-19T17:24:13.424+0000][4672][safepoint   ] Safepoint "Cleanup", Time since last: 1002876224 ns, Reaching safepoint: 78040411 ns, At safepoint: 238145 ns, Total: 78278556 ns
[2022-02-19T17:24:14.392+0000][4672][gc,start    ] GC(63) Pause Young (Normal) (G1 Evacuation Pause)
[2022-02-19T17:24:14.392+0000][4672][gc,task     ] GC(63) Using 2 workers of 2 for evacuation
[2022-02-19T17:24:14.392+0000][4672][gc,age      ] GC(63) Desired survivor size 4194304 bytes, new threshold 3 (max threshold 15)
[2022-02-19T17:24:14.439+0000][4672][gc,age      ] GC(63) Age table with threshold 3 (max threshold 15)
[2022-02-19T17:24:14.439+0000][4672][gc,age      ] GC(63) - age   1:     855728 bytes,     855728 total
[2022-02-19T17:24:14.439+0000][4672][gc,age      ] GC(63) - age   2:     431616 bytes,    1287344 total
[2022-02-19T17:24:14.439+0000][4672][gc,age      ] GC(63) - age   3:    3154792 bytes,    4442136 total
[2022-02-19T17:24:14.439+0000][4672][gc,phases   ] GC(63)   Pre Evacuate Collection Set: 0.1ms
[2022-02-19T17:24:14.439+0000][4672][gc,phases   ] GC(63)   Merge Heap Roots: 0.1ms
[2022-02-19T17:24:14.439+0000][4672][gc,phases   ] GC(63)   Evacuate Collection Set: 49.9ms
[2022-02-19T17:24:14.439+0000][4672][gc,phases   ] GC(63)   Post Evacuate Collection Set: 1.3ms
[2022-02-19T17:24:14.439+0000][4672][gc,phases   ] GC(63)   Other: 1.3ms
[2022-02-19T17:24:14.439+0000][4672][gc,heap     ] GC(63) Eden regions: 9->0(9)
[2022-02-19T17:24:14.439+0000][4672][gc,heap     ] GC(63) Survivor regions: 2->2(2)
[2022-02-19T17:24:14.439+0000][4672][gc,heap     ] GC(63) Old regions: 17->17
[2022-02-19T17:24:14.439+0000][4672][gc,heap     ] GC(63) Archive regions: 0->0
[2022-02-19T17:24:14.439+0000][4672][gc,heap     ] GC(63) Humongous regions: 5->5
[2022-02-19T17:24:14.439+0000][4672][gc,metaspace] GC(63) Metaspace: 104719K(106560K)->104719K(106560K) NonClass: 90219K(91264K)->90219K(91264K) Class: 14499K(15296K)->14499K(15296K)
[2022-02-19T17:24:14.439+0000][4672][gc          ] GC(63) Pause Young (Normal) (G1 Evacuation Pause) 126M->91M(956M) 53.429ms
[2022-02-19T17:24:14.439+0000][4672][gc,cpu      ] GC(63) User=0.06s Sys=0.00s Real=0.05s
[2022-02-19T17:24:14.439+0000][4672][safepoint   ] Safepoint "G1CollectForAllocation", Time since last: 938183257 ns, Reaching safepoint: 29801046 ns, At safepoint: 59881297 ns, Total: 89682343 ns
[2022-02-19T17:24:15.141+0000][4672][gc,start    ] GC(64) Pause Young (Normal) (G1 Evacuation Pause)
[2022-02-19T17:24:15.141+0000][4672][gc,task     ] GC(64) Using 2 workers of 2 for evacuation
[2022-02-19T17:24:15.141+0000][4672][gc,age      ] GC(64) Desired survivor size 4194304 bytes, new threshold 3 (max threshold 15)
[2022-02-19T17:24:15.359+0000][4672][gc,age      ] GC(64) Age table with threshold 3 (max threshold 15)
[2022-02-19T17:24:15.359+0000][4672][gc,age      ] GC(64) - age   1:     116144 bytes,     116144 total
[2022-02-19T17:24:15.359+0000][4672][gc,age      ] GC(64) - age   2:     792336 bytes,     908480 total
[2022-02-19T17:24:15.359+0000][4672][gc,age      ] GC(64) - age   3:     414440 bytes,    1322920 total
[2022-02-19T17:24:15.359+0000][4672][gc,mmu      ] GC(64) MMU target violated: 201.0ms (200.0ms/201.0ms)
[2022-02-19T17:24:15.359+0000][4672][gc,phases   ] GC(64)   Pre Evacuate Collection Set: 0.1ms
[2022-02-19T17:24:15.359+0000][4672][gc,phases   ] GC(64)   Merge Heap Roots: 0.1ms
[2022-02-19T17:24:15.359+0000][4672][gc,phases   ] GC(64)   Evacuate Collection Set: 202.1ms
[2022-02-19T17:24:15.359+0000][4672][gc,phases   ] GC(64)   Post Evacuate Collection Set: 1.3ms
[2022-02-19T17:24:15.359+0000][4672][gc,phases   ] GC(64)   Other: 20.1ms
[2022-02-19T17:24:15.359+0000][4672][gc,heap     ] GC(64) Eden regions: 9->0(34)
[2022-02-19T17:24:15.359+0000][4672][gc,heap     ] GC(64) Survivor regions: 2->1(2)
[2022-02-19T17:24:15.359+0000][4672][gc,heap     ] GC(64) Old regions: 17->18
[2022-02-19T17:24:15.359+0000][4672][gc,heap     ] GC(64) Archive regions: 0->0
[2022-02-19T17:24:15.359+0000][4672][gc,heap     ] GC(64) Humongous regions: 5->5
[2022-02-19T17:24:15.359+0000][4672][gc,metaspace] GC(64) Metaspace: 105122K(106944K)->105122K(106944K) NonClass: 90566K(91584K)->90566K(91584K) Class: 14555K(15360K)->14555K(15360K)
[2022-02-19T17:24:15.359+0000][4672][gc          ] GC(64) Pause Young (Normal) (G1 Evacuation Pause) 127M->91M(956M) 224.529ms
[2022-02-19T17:24:15.359+0000][4672][gc,cpu      ] GC(64) User=0.05s Sys=0.00s Real=0.22s
[2022-02-19T17:24:15.391+0000][4672][safepoint   ] Safepoint "G1CollectForAllocation", Time since last: 650947860 ns, Reaching safepoint: 37889271 ns, At safepoint: 263110325 ns, Total: 300999596 ns
[2022-02-19T17:24:16.628+0000][4672][safepoint   ] Safepoint "Cleanup", Time since last: 1146069982 ns, Reaching safepoint: 78033738 ns, At safepoint: 902285 ns, Total: 78936023 ns
[2022-02-19T17:24:17.658+0000][4672][safepoint   ] Safepoint "Cleanup", Time since last: 1013009216 ns, Reaching safepoint: 15702211 ns, At safepoint: 239172 ns, Total: 15941383 ns
[2022-02-19T17:24:19.452+0000][4672][safepoint   ] Safepoint "Cleanup", Time since last: 1013659497 ns, Reaching safepoint: 780026873 ns, At safepoint: 12385624 ns, Total: 792412497 ns
[2022-02-19T17:24:20.747+0000][4672][safepoint   ] Safepoint "Cleanup", Time since last: 1001515612 ns, Reaching safepoint: 280952254 ns, At safepoint: 3204700 ns, Total: 284156954 ns
[2022-02-19T17:24:21.901+0000][4672][safepoint   ] Safepoint "Cleanup", Time since last: 1010722197 ns, Reaching safepoint: 140422750 ns, At safepoint: 13951533 ns, Total: 154374283 ns
[2022-02-19T17:24:23.587+0000][4672][safepoint   ] Safepoint "Cleanup", Time since last: 1001045479 ns, Reaching safepoint: 670738067 ns, At safepoint: 981837 ns, Total: 671719904 ns
[2022-02-19T17:24:25.911+0000][4672][safepoint   ] Safepoint "Cleanup", Time since last: 2026988465 ns, Reaching safepoint: 296394763 ns, At safepoint: 6241057 ns, Total: 302635820 ns
[2022-02-19T17:24:27.850+0000][4672][safepoint   ] Safepoint "Cleanup", Time since last: 1885318016 ns, Reaching safepoint: 46801767 ns, At safepoint: 589205 ns, Total: 47390972 ns
[2022-02-19T17:24:29.772+0000][4672][safepoint   ] Safepoint "Cleanup", Time since last: 1922136145 ns, Reaching safepoint: 173990 ns, At safepoint: 5133 ns, Total: 179123 ns
[2022-02-19T17:24:30.928+0000][4672][safepoint   ] Safepoint "Cleanup", Time since last: 1014876400 ns, Reaching safepoint: 140387336 ns, At safepoint: 379287 ns, Total: 140766623 ns
[2022-02-19T17:24:34.346+0000][4672][safepoint   ] Safepoint "Cleanup", Time since last: 3043894235 ns, Reaching safepoint: 373873171 ns, At safepoint: 794503 ns, Total: 374667674 ns
[2022-02-19T17:24:35.990+0000][4672][safepoint   ] Safepoint "Cleanup", Time since last: 1003206240 ns, Reaching safepoint: 639600018 ns, At safepoint: 9584847 ns, Total: 649184865 ns
[2022-02-19T17:24:37.161+0000][4672][safepoint   ] Safepoint "Cleanup", Time since last: 1005532779 ns, Reaching safepoint: 155996649 ns, At safepoint: 2065811 ns, Total: 158062460 ns
[2022-02-19T17:24:38.285+0000][4672][safepoint   ] Safepoint "Cleanup", Time since last: 1013371053 ns, Reaching safepoint: 108607218 ns, At safepoint: 305894 ns, Total: 108913112 ns
[2022-02-19T17:24:40.553+0000][4672][safepoint   ] Safepoint "Cleanup", Time since last: 2002539022 ns, Reaching safepoint: 249618659 ns, At safepoint: 21037904 ns, Total: 270656563 ns
[2022-02-19T17:24:41.251+0000][4672][gc,start    ] GC(65) Pause Young (Normal) (G1 Evacuation Pause)
[2022-02-19T17:24:41.251+0000][4672][gc,task     ] GC(65) Using 2 workers of 2 for evacuation
[2022-02-19T17:24:41.251+0000][4672][gc,age      ] GC(65) Desired survivor size 10485760 bytes, new threshold 15 (max threshold 15)
[2022-02-19T17:24:41.698+0000][4672][gc,age      ] GC(65) Age table with threshold 15 (max threshold 15)
[2022-02-19T17:24:41.698+0000][4672][gc,age      ] GC(65) - age   1:    2037040 bytes,    2037040 total
[2022-02-19T17:24:41.698+0000][4672][gc,age      ] GC(65) - age   2:      73112 bytes,    2110152 total
[2022-02-19T17:24:41.698+0000][4672][gc,age      ] GC(65) - age   3:     729456 bytes,    2839608 total
[2022-02-19T17:24:41.698+0000][4672][gc,age      ] GC(65) - age   4:     407920 bytes,    3247528 total
[2022-02-19T17:24:41.698+0000][4672][gc,mmu      ] GC(65) MMU target violated: 201.0ms (200.0ms/201.0ms)
[2022-02-19T17:24:41.698+0000][4672][gc,phases   ] GC(65)   Pre Evacuate Collection Set: 0.1ms
[2022-02-19T17:24:41.698+0000][4672][gc,phases   ] GC(65)   Merge Heap Roots: 0.2ms
[2022-02-19T17:24:41.698+0000][4672][gc,phases   ] GC(65)   Evacuate Collection Set: 446.1ms
[2022-02-19T17:24:41.698+0000][4672][gc,phases   ] GC(65)   Post Evacuate Collection Set: 1.0ms
[2022-02-19T17:24:41.698+0000][4672][gc,phases   ] GC(65)   Other: 0.7ms
[2022-02-19T17:24:41.698+0000][4672][gc,heap     ] GC(65) Eden regions: 34->0(41)
[2022-02-19T17:24:41.698+0000][4672][gc,heap     ] GC(65) Survivor regions: 1->1(5)
[2022-02-19T17:24:41.698+0000][4672][gc,heap     ] GC(65) Old regions: 18->18
[2022-02-19T17:24:41.698+0000][4672][gc,heap     ] GC(65) Archive regions: 0->0
[2022-02-19T17:24:41.698+0000][4672][gc,heap     ] GC(65) Humongous regions: 5->5
[2022-02-19T17:24:41.698+0000][4672][gc,metaspace] GC(65) Metaspace: 107576K(109440K)->107576K(109440K) NonClass: 92666K(93760K)->92666K(93760K) Class: 14909K(15680K)->14909K(15680K)
[2022-02-19T17:24:41.698+0000][4672][gc          ] GC(65) Pause Young (Normal) (G1 Evacuation Pause) 227M->93M(956M) 448.304ms
[2022-02-19T17:24:41.698+0000][4672][gc,cpu      ] GC(65) User=0.11s Sys=0.00s Real=0.45s
[2022-02-19T17:24:41.698+0000][4672][safepoint   ] Safepoint "G1CollectForAllocation", Time since last: 692759861 ns, Reaching safepoint: 90331 ns, At safepoint: 450622771 ns, Total: 450713102 ns
[2022-02-19T17:24:43.699+0000][4672][safepoint   ] Safepoint "Cleanup", Time since last: 1997103760 ns, Reaching safepoint: 74934 ns, At safepoint: 6672 ns, Total: 81606 ns
[2022-02-19T17:24:44.938+0000][4672][safepoint   ] Safepoint "Cleanup", Time since last: 1002636025 ns, Reaching safepoint: 232629230 ns, At safepoint: 4315362 ns, Total: 236944592 ns
[2022-02-19T17:24:45.967+0000][4672][safepoint   ] Safepoint "Cleanup", Time since last: 1014347245 ns, Reaching safepoint: 91871 ns, At safepoint: 24220022 ns, Total: 24311893 ns
[2022-02-19T17:24:47.983+0000][4672][safepoint   ] Safepoint "Cleanup", Time since last: 2005960825 ns, Reaching safepoint: 89305 ns, At safepoint: 5645 ns, Total: 94950 ns
[2022-02-19T17:24:52.039+0000][4672][safepoint   ] Safepoint "Cleanup", Time since last: 4055837955 ns, Reaching safepoint: 105215 ns, At safepoint: 7185 ns, Total: 112400 ns
[2022-02-19T17:24:53.053+0000][4672][safepoint   ] Safepoint "Cleanup", Time since last: 1013882759 ns, Reaching safepoint: 63129 ns, At safepoint: 6159 ns, Total: 69288 ns
[2022-02-19T17:24:58.123+0000][4672][safepoint   ] Safepoint "Cleanup", Time since last: 5069861341 ns, Reaching safepoint: 62103 ns, At safepoint: 6672 ns, Total: 68775 ns
[2022-02-19T17:25:00.045+0000][4672][safepoint   ] Safepoint "Cleanup", Time since last: 1921670633 ns, Reaching safepoint: 211970 ns, At safepoint: 11804 ns, Total: 223774 ns
[2022-02-19T17:25:01.046+0000][4672][safepoint   ] Safepoint "Cleanup", Time since last: 1001090132 ns, Reaching safepoint: 69288 ns, At safepoint: 5133 ns, Total: 74421 ns
[2022-02-19T17:25:02.060+0000][4672][safepoint   ] Safepoint "Cleanup", Time since last: 1012986633 ns, Reaching safepoint: 64669 ns, At safepoint: 6672 ns, Total: 71341 ns
[2022-02-19T17:25:03.074+0000][4672][safepoint   ] Safepoint "Cleanup", Time since last: 1013929977 ns, Reaching safepoint: 74934 ns, At safepoint: 6672 ns, Total: 81606 ns
[2022-02-19T17:25:04.088+0000][4672][safepoint   ] Safepoint "Cleanup", Time since last: 1013883272 ns, Reaching safepoint: 65695 ns, At safepoint: 5646 ns, Total: 71341 ns
[2022-02-19T17:25:12.200+0000][4672][safepoint   ] Safepoint "Cleanup", Time since last: 8112058789 ns, Reaching safepoint: 187334 ns, At safepoint: 13088256 ns, Total: 13275590 ns
[2022-02-19T17:25:13.245+0000][4672][safepoint   ] Safepoint "Cleanup", Time since last: 1000470645 ns, Reaching safepoint: 31246856 ns, At safepoint: 329504 ns, Total: 31576360 ns
[2022-02-19T17:25:15.320+0000][4672][safepoint   ] Safepoint "Cleanup", Time since last: 2027574589 ns, Reaching safepoint: 46813058 ns, At safepoint: 5787862 ns, Total: 52600920 ns
[2022-02-19T17:25:18.377+0000][4672][safepoint   ] Safepoint "Cleanup", Time since last: 3036156556 ns, Reaching safepoint: 15622658 ns, At safepoint: 418808 ns, Total: 16041466 ns
[2022-02-19T17:25:18.564+0000][4672][gc,start    ] GC(66) Pause Young (Normal) (G1 Evacuation Pause)
[2022-02-19T17:25:18.564+0000][4672][gc,task     ] GC(66) Using 2 workers of 2 for evacuation
[2022-02-19T17:25:18.564+0000][4672][gc,age      ] GC(66) Desired survivor size 12582912 bytes, new threshold 15 (max threshold 15)
[2022-02-19T17:25:18.580+0000][4672][gc,age      ] GC(66) Age table with threshold 15 (max threshold 15)
[2022-02-19T17:25:18.580+0000][4672][gc,age      ] GC(66) - age   1:    1941040 bytes,    1941040 total
[2022-02-19T17:25:18.580+0000][4672][gc,age      ] GC(66) - age   2:     674488 bytes,    2615528 total
[2022-02-19T17:25:18.580+0000][4672][gc,age      ] GC(66) - age   3:      72104 bytes,    2687632 total
[2022-02-19T17:25:18.580+0000][4672][gc,age      ] GC(66) - age   4:     722304 bytes,    3409936 total
[2022-02-19T17:25:18.580+0000][4672][gc,age      ] GC(66) - age   5:     407864 bytes,    3817800 total
[2022-02-19T17:25:18.580+0000][4672][gc,phases   ] GC(66)   Pre Evacuate Collection Set: 0.1ms
[2022-02-19T17:25:18.580+0000][4672][gc,phases   ] GC(66)   Merge Heap Roots: 0.1ms
[2022-02-19T17:25:18.580+0000][4672][gc,phases   ] GC(66)   Evacuate Collection Set: 25.1ms
[2022-02-19T17:25:18.580+0000][4672][gc,phases   ] GC(66)   Post Evacuate Collection Set: 1.7ms
[2022-02-19T17:25:18.580+0000][4672][gc,phases   ] GC(66)   Other: 1.0ms
[2022-02-19T17:25:18.580+0000][4672][gc,heap     ] GC(66) Eden regions: 41->0(55)
[2022-02-19T17:25:18.580+0000][4672][gc,heap     ] GC(66) Survivor regions: 1->1(6)
[2022-02-19T17:25:18.580+0000][4672][gc,heap     ] GC(66) Old regions: 18->18
[2022-02-19T17:25:18.580+0000][4672][gc,heap     ] GC(66) Archive regions: 0->0
[2022-02-19T17:25:18.580+0000][4672][gc,heap     ] GC(66) Humongous regions: 5->5
[2022-02-19T17:25:18.580+0000][4672][gc,metaspace] GC(66) Metaspace: 108770K(110592K)->108770K(110592K) NonClass: 93729K(94784K)->93729K(94784K) Class: 15040K(15808K)->15040K(15808K)
[2022-02-19T17:25:18.580+0000][4672][gc          ] GC(66) Pause Young (Normal) (G1 Evacuation Pause) 257M->94M(956M) 28.565ms
[2022-02-19T17:25:18.580+0000][4672][gc,cpu      ] GC(66) User=0.03s Sys=0.00s Real=0.02s
[2022-02-19T17:25:18.596+0000][4672][safepoint   ] Safepoint "G1CollectForAllocation", Time since last: 99551527 ns, Reaching safepoint: 87249562 ns, At safepoint: 31425979 ns, Total: 118675541 ns
[2022-02-19T17:25:19.625+0000][4672][safepoint   ] Safepoint "Cleanup", Time since last: 1013840672 ns, Reaching safepoint: 15545672 ns, At safepoint: 265347 ns, Total: 15811019 ns
[2022-02-19T17:25:21.684+0000][4672][safepoint   ] Safepoint "Cleanup", Time since last: 2027632073 ns, Reaching safepoint: 31219655 ns, At safepoint: 446523 ns, Total: 31666178 ns
[2022-02-19T17:25:22.715+0000][4672][safepoint   ] Safepoint "Cleanup", Time since last: 1014517129 ns, Reaching safepoint: 15836168 ns, At safepoint: 953096 ns, Total: 16789264 ns
[2022-02-19T17:25:23.745+0000][4672][safepoint   ] Safepoint "Cleanup", Time since last: 1012794166 ns, Reaching safepoint: 15654993 ns, At safepoint: 297682 ns, Total: 15952675 ns
[2022-02-19T17:25:24.774+0000][4672][safepoint   ] Safepoint "Cleanup", Time since last: 1013636914 ns, Reaching safepoint: 15604181 ns, At safepoint: 228907 ns, Total: 15833088 ns
[2022-02-19T17:25:27.005+0000][4672][safepoint   ] Safepoint "Cleanup", Time since last: 2027824027 ns, Reaching safepoint: 202930320 ns, At safepoint: 1049586 ns, Total: 203979906 ns
[2022-02-19T17:25:28.035+0000][4672][safepoint   ] Safepoint "Cleanup", Time since last: 1012796219 ns, Reaching safepoint: 15549777 ns, At safepoint: 456788 ns, Total: 16006565 ns
[2022-02-19T17:25:33.309+0000][4672][safepoint   ] Safepoint "Cleanup", Time since last: 5070620431 ns, Reaching safepoint: 202824592 ns, At safepoint: 661059 ns, Total: 203485651 ns
[2022-02-19T17:25:35.339+0000][4672][safepoint   ] Safepoint "Cleanup", Time since last: 2013710821 ns, Reaching safepoint: 15636516 ns, At safepoint: 569189 ns, Total: 16205705 ns
[2022-02-19T17:25:37.369+0000][4672][safepoint   ] Safepoint "Cleanup", Time since last: 2013739563 ns, Reaching safepoint: 15627277 ns, At safepoint: 625133 ns, Total: 16252410 ns
[2022-02-19T17:25:38.414+0000][4672][safepoint   ] Safepoint "Cleanup", Time since last: 1013308437 ns, Reaching safepoint: 31250962 ns, At safepoint: 827864 ns, Total: 32078826 ns
[2022-02-19T17:25:39.724+0000][4672][safepoint   ] Safepoint "Cleanup", Time since last: 1013128802 ns, Reaching safepoint: 296438903 ns, At safepoint: 3586041 ns, Total: 300024944 ns
[2022-02-19T17:25:42.129+0000][4672][safepoint   ] Safepoint "Cleanup", Time since last: 2010734002 ns, Reaching safepoint: 389985978 ns, At safepoint: 205811 ns, Total: 390191789 ns
[2022-02-19T17:25:44.188+0000][4672][safepoint   ] Safepoint "Cleanup", Time since last: 2027818894 ns, Reaching safepoint: 31190400 ns, At safepoint: 338741 ns, Total: 31529141 ns
[2022-02-19T17:25:45.233+0000][4672][safepoint   ] Safepoint "Cleanup", Time since last: 1013735457 ns, Reaching safepoint: 31359257 ns, At safepoint: 319752 ns, Total: 31679009 ns
[2022-02-19T17:25:46.310+0000][4672][safepoint   ] Safepoint "Cleanup", Time since last: 1013385424 ns, Reaching safepoint: 62418779 ns, At safepoint: 990563 ns, Total: 63409342 ns
[2022-02-19T17:25:54.424+0000][4672][safepoint   ] Safepoint "Cleanup", Time since last: 8112929765 ns, Reaching safepoint: 76474 ns, At safepoint: 120612 ns, Total: 197086 ns
[2022-02-19T17:25:56.452+0000][4672][safepoint   ] Safepoint "Cleanup", Time since last: 2027738315 ns, Reaching safepoint: 79553 ns, At safepoint: 5646 ns, Total: 85199 ns
[2022-02-19T17:26:00.554+0000][4672][safepoint   ] Safepoint "Cleanup", Time since last: 4055860537 ns, Reaching safepoint: 46817164 ns, At safepoint: 520430 ns, Total: 47337594 ns
[2022-02-19T17:26:02.582+0000][4672][safepoint   ] Safepoint "Cleanup", Time since last: 2027619242 ns, Reaching safepoint: 59536 ns, At safepoint: 177583 ns, Total: 237119 ns
[2022-02-19T17:26:03.596+0000][4672][safepoint   ] Safepoint "Cleanup", Time since last: 1013634861 ns, Reaching safepoint: 566109 ns, At safepoint: 156540 ns, Total: 722649 ns
[2022-02-19T17:26:04.610+0000][4672][safepoint   ] Safepoint "Cleanup", Time since last: 1013673868 ns, Reaching safepoint: 85198 ns, At safepoint: 6159 ns, Total: 91357 ns
[2022-02-19T17:26:17.654+0000][4672][gc,start    ] GC(67) Pause Young (Normal) (G1 Evacuation Pause)
[2022-02-19T17:26:17.654+0000][4672][gc,task     ] GC(67) Using 2 workers of 2 for evacuation
[2022-02-19T17:26:17.654+0000][4672][gc,age      ] GC(67) Desired survivor size 14680064 bytes, new threshold 15 (max threshold 15)
[2022-02-19T17:26:18.793+0000][4672][gc,age      ] GC(67) Age table with threshold 15 (max threshold 15)
[2022-02-19T17:26:18.793+0000][4672][gc,age      ] GC(67) - age   1:     150464 bytes,     150464 total
[2022-02-19T17:26:18.793+0000][4672][gc,age      ] GC(67) - age   2:     740096 bytes,     890560 total
[2022-02-19T17:26:18.793+0000][4672][gc,age      ] GC(67) - age   3:     671912 bytes,    1562472 total
[2022-02-19T17:26:18.793+0000][4672][gc,age      ] GC(67) - age   4:      71640 bytes,    1634112 total
[2022-02-19T17:26:18.793+0000][4672][gc,age      ] GC(67) - age   5:     722128 bytes,    2356240 total
[2022-02-19T17:26:18.793+0000][4672][gc,age      ] GC(67) - age   6:     407864 bytes,    2764104 total
[2022-02-19T17:26:18.793+0000][4672][gc,mmu      ] GC(67) MMU target violated: 201.0ms (200.0ms/201.0ms)
[2022-02-19T17:26:18.793+0000][4672][gc,phases   ] GC(67)   Pre Evacuate Collection Set: 0.1ms
[2022-02-19T17:26:18.793+0000][4672][gc,phases   ] GC(67)   Merge Heap Roots: 0.1ms
[2022-02-19T17:26:18.793+0000][4672][gc,phases   ] GC(67)   Evacuate Collection Set: 890.7ms
[2022-02-19T17:26:18.793+0000][4672][gc,phases   ] GC(67)   Post Evacuate Collection Set: 245.8ms
[2022-02-19T17:26:18.793+0000][4672][gc,phases   ] GC(67)   Other: 1.1ms
[2022-02-19T17:26:18.793+0000][4672][gc,heap     ] GC(67) Eden regions: 55->0(10)
[2022-02-19T17:26:18.793+0000][4672][gc,heap     ] GC(67) Survivor regions: 1->1(7)
[2022-02-19T17:26:18.793+0000][4672][gc,heap     ] GC(67) Old regions: 18->18
[2022-02-19T17:26:18.793+0000][4672][gc,heap     ] GC(67) Archive regions: 0->0
[2022-02-19T17:26:18.793+0000][4672][gc,heap     ] GC(67) Humongous regions: 5->5
[2022-02-19T17:26:18.793+0000][4672][gc,metaspace] GC(67) Metaspace: 108854K(110720K)->108854K(110720K) NonClass: 93813K(94912K)->93813K(94912K) Class: 15041K(15808K)->15041K(15808K)
[2022-02-19T17:26:18.793+0000][4672][gc          ] GC(67) Pause Young (Normal) (G1 Evacuation Pause) 314M->93M(956M) 1138.518ms
[2022-02-19T17:26:18.793+0000][4672][gc,cpu      ] GC(67) User=0.03s Sys=0.02s Real=1.14s
[2022-02-19T17:26:18.793+0000][4672][safepoint   ] Safepoint "G1CollectForAllocation", Time since last: 13048479564 ns, Reaching safepoint: 85712 ns, At safepoint: 1139077021 ns, Total: 1139162733 ns
[2022-02-19T17:26:20.794+0000][4672][safepoint   ] Safepoint "Cleanup", Time since last: 1994751046 ns, Reaching safepoint: 102649 ns, At safepoint: 12318 ns, Total: 114967 ns
[2022-02-19T17:26:22.824+0000][4672][safepoint   ] Safepoint "Cleanup", Time since last: 2029819009 ns, Reaching safepoint: 64669 ns, At safepoint: 6159 ns, Total: 70828 ns
[2022-02-19T17:26:26.880+0000][4672][safepoint   ] Safepoint "Cleanup", Time since last: 4055851812 ns, Reaching safepoint: 64155 ns, At safepoint: 6159 ns, Total: 70314 ns
[2022-02-19T17:26:30.937+0000][4672][safepoint   ] Safepoint "Cleanup", Time since last: 4056861365 ns, Reaching safepoint: 69288 ns, At safepoint: 6672 ns, Total: 75960 ns
[2022-02-19T17:26:31.951+0000][4672][safepoint   ] Safepoint "Cleanup", Time since last: 1013943321 ns, Reaching safepoint: 73908 ns, At safepoint: 6672 ns, Total: 80580 ns
[2022-02-19T17:26:32.965+0000][4672][safepoint   ] Safepoint "Cleanup", Time since last: 1013937162 ns, Reaching safepoint: 70828 ns, At safepoint: 6159 ns, Total: 76987 ns
[2022-02-19T17:26:33.948+0000][4672][gc,start    ] GC(68) Pause Young (Normal) (G1 Evacuation Pause)
[2022-02-19T17:26:33.948+0000][4672][gc,task     ] GC(68) Using 2 workers of 2 for evacuation
[2022-02-19T17:26:33.948+0000][4672][gc,age      ] GC(68) Desired survivor size 4194304 bytes, new threshold 15 (max threshold 15)
[2022-02-19T17:26:33.995+0000][4672][gc,age      ] GC(68) Age table with threshold 15 (max threshold 15)
[2022-02-19T17:26:33.995+0000][4672][gc,age      ] GC(68) - age   1:      13144 bytes,      13144 total
[2022-02-19T17:26:33.995+0000][4672][gc,age      ] GC(68) - age   2:     139400 bytes,     152544 total
[2022-02-19T17:26:33.995+0000][4672][gc,age      ] GC(68) - age   3:     737856 bytes,     890400 total
[2022-02-19T17:26:33.995+0000][4672][gc,age      ] GC(68) - age   4:     671912 bytes,    1562312 total
[2022-02-19T17:26:33.995+0000][4672][gc,age      ] GC(68) - age   5:      71640 bytes,    1633952 total
[2022-02-19T17:26:33.995+0000][4672][gc,age      ] GC(68) - age   6:     722128 bytes,    2356080 total
[2022-02-19T17:26:33.995+0000][4672][gc,age      ] GC(68) - age   7:     407664 bytes,    2763744 total
[2022-02-19T17:26:33.995+0000][4672][gc,phases   ] GC(68)   Pre Evacuate Collection Set: 0.1ms
[2022-02-19T17:26:33.995+0000][4672][gc,phases   ] GC(68)   Merge Heap Roots: 0.1ms
[2022-02-19T17:26:33.995+0000][4672][gc,phases   ] GC(68)   Evacuate Collection Set: 12.9ms
[2022-02-19T17:26:33.995+0000][4672][gc,phases   ] GC(68)   Post Evacuate Collection Set: 37.2ms
[2022-02-19T17:26:33.995+0000][4672][gc,phases   ] GC(68)   Other: 0.8ms
[2022-02-19T17:26:33.995+0000][4672][gc,heap     ] GC(68) Eden regions: 10->0(10)
[2022-02-19T17:26:33.995+0000][4672][gc,heap     ] GC(68) Survivor regions: 1->1(2)
[2022-02-19T17:26:33.995+0000][4672][gc,heap     ] GC(68) Old regions: 18->18
[2022-02-19T17:26:33.995+0000][4672][gc,heap     ] GC(68) Archive regions: 0->0
[2022-02-19T17:26:33.995+0000][4672][gc,heap     ] GC(68) Humongous regions: 5->5
[2022-02-19T17:26:33.995+0000][4672][gc,metaspace] GC(68) Metaspace: 108872K(110720K)->108872K(110720K) NonClass: 93831K(94912K)->93831K(94912K) Class: 15041K(15808K)->15041K(15808K)
[2022-02-19T17:26:33.995+0000][4672][gc          ] GC(68) Pause Young (Normal) (G1 Evacuation Pause) 133M->93M(956M) 51.427ms
[2022-02-19T17:26:33.995+0000][4672][gc,cpu      ] GC(68) User=0.03s Sys=0.00s Real=0.05s
[2022-02-19T17:26:33.995+0000][4672][safepoint   ] Safepoint "G1CollectForAllocation", Time since last: 993519771 ns, Reaching safepoint: 85199 ns, At safepoint: 51684264 ns, Total: 51769463 ns
[2022-02-19T17:26:36.011+0000][4672][safepoint   ] Safepoint "Cleanup", Time since last: 2001020330 ns, Reaching safepoint: 50298 ns, At safepoint: 3593 ns, Total: 53891 ns
[2022-02-19T17:26:41.062+0000][4672][safepoint   ] Safepoint "Cleanup", Time since last: 5050846649 ns, Reaching safepoint: 65695 ns, At safepoint: 5646 ns, Total: 71341 ns
[2022-02-19T17:26:42.076+0000][4672][safepoint   ] Safepoint "Cleanup", Time since last: 1013934596 ns, Reaching safepoint: 82632 ns, At safepoint: 13858 ns, Total: 96490 ns
[2022-02-19T17:26:44.183+0000][4672][gc,start    ] GC(69) Pause Young (Normal) (G1 Evacuation Pause)
[2022-02-19T17:26:44.183+0000][4672][gc,task     ] GC(69) Using 2 workers of 2 for evacuation
[2022-02-19T17:26:44.183+0000][4672][gc,age      ] GC(69) Desired survivor size 4194304 bytes, new threshold 15 (max threshold 15)
[2022-02-19T17:26:44.199+0000][4672][gc,age      ] GC(69) Age table with threshold 15 (max threshold 15)
[2022-02-19T17:26:44.199+0000][4672][gc,age      ] GC(69) - age   1:       7448 bytes,       7448 total
[2022-02-19T17:26:44.199+0000][4672][gc,age      ] GC(69) - age   2:       5944 bytes,      13392 total
[2022-02-19T17:26:44.199+0000][4672][gc,age      ] GC(69) - age   3:     139184 bytes,     152576 total
[2022-02-19T17:26:44.199+0000][4672][gc,age      ] GC(69) - age   4:     737856 bytes,     890432 total
[2022-02-19T17:26:44.199+0000][4672][gc,age      ] GC(69) - age   5:     671912 bytes,    1562344 total
[2022-02-19T17:26:44.199+0000][4672][gc,age      ] GC(69) - age   6:      71640 bytes,    1633984 total
[2022-02-19T17:26:44.199+0000][4672][gc,age      ] GC(69) - age   7:     722128 bytes,    2356112 total
[2022-02-19T17:26:44.199+0000][4672][gc,age      ] GC(69) - age   8:     407664 bytes,    2763776 total
[2022-02-19T17:26:44.199+0000][4672][gc,phases   ] GC(69)   Pre Evacuate Collection Set: 0.1ms
[2022-02-19T17:26:44.199+0000][4672][gc,phases   ] GC(69)   Merge Heap Roots: 0.1ms
[2022-02-19T17:26:44.199+0000][4672][gc,phases   ] GC(69)   Evacuate Collection Set: 13.3ms
[2022-02-19T17:26:44.199+0000][4672][gc,phases   ] GC(69)   Post Evacuate Collection Set: 1.3ms
[2022-02-19T17:26:44.199+0000][4672][gc,phases   ] GC(69)   Other: 1.0ms
[2022-02-19T17:26:44.199+0000][4672][gc,heap     ] GC(69) Eden regions: 10->0(10)
[2022-02-19T17:26:44.199+0000][4672][gc,heap     ] GC(69) Survivor regions: 1->1(2)
[2022-02-19T17:26:44.199+0000][4672][gc,heap     ] GC(69) Old regions: 18->18
[2022-02-19T17:26:44.199+0000][4672][gc,heap     ] GC(69) Archive regions: 0->0
[2022-02-19T17:26:44.199+0000][4672][gc,heap     ] GC(69) Humongous regions: 5->5
[2022-02-19T17:26:44.199+0000][4672][gc,metaspace] GC(69) Metaspace: 108885K(110720K)->108885K(110720K) NonClass: 93844K(94912K)->93844K(94912K) Class: 15041K(15808K)->15041K(15808K)
[2022-02-19T17:26:44.199+0000][4672][gc          ] GC(69) Pause Young (Normal) (G1 Evacuation Pause) 133M->93M(956M) 16.498ms
[2022-02-19T17:26:44.199+0000][4672][gc,cpu      ] GC(69) User=0.03s Sys=0.00s Real=0.02s
[2022-02-19T17:26:44.199+0000][4672][safepoint   ] Safepoint "G1CollectForAllocation", Time since last: 2113070908 ns, Reaching safepoint: 85198 ns, At safepoint: 16770787 ns, Total: 16855985 ns
[2022-02-19T17:26:46.227+0000][4672][safepoint   ] Safepoint "Cleanup", Time since last: 2020534411 ns, Reaching safepoint: 67749 ns, At safepoint: 6672 ns, Total: 74421 ns
[2022-02-19T17:26:49.269+0000][4672][safepoint   ] Safepoint "Cleanup", Time since last: 3041835610 ns, Reaching safepoint: 63642 ns, At safepoint: 5132 ns, Total: 68774 ns
[2022-02-19T17:26:50.269+0000][4672][safepoint   ] Safepoint "Cleanup", Time since last: 1000297169 ns, Reaching safepoint: 79040 ns, At safepoint: 5646 ns, Total: 84686 ns
[2022-02-19T17:26:55.342+0000][4672][safepoint   ] Safepoint "Cleanup", Time since last: 5072840214 ns, Reaching safepoint: 63643 ns, At safepoint: 5645 ns, Total: 69288 ns
[2022-02-19T17:26:59.383+0000][4672][gc,start    ] GC(70) Pause Young (Normal) (G1 Evacuation Pause)
[2022-02-19T17:26:59.383+0000][4672][gc,task     ] GC(70) Using 2 workers of 2 for evacuation
[2022-02-19T17:26:59.383+0000][4672][gc,age      ] GC(70) Desired survivor size 4194304 bytes, new threshold 15 (max threshold 15)
[2022-02-19T17:26:59.383+0000][4672][gc,age      ] GC(70) Age table with threshold 15 (max threshold 15)
[2022-02-19T17:26:59.383+0000][4672][gc,age      ] GC(70) - age   1:      10848 bytes,      10848 total
[2022-02-19T17:26:59.383+0000][4672][gc,age      ] GC(70) - age   2:        240 bytes,      11088 total
[2022-02-19T17:26:59.383+0000][4672][gc,age      ] GC(70) - age   3:       2456 bytes,      13544 total
[2022-02-19T17:26:59.383+0000][4672][gc,age      ] GC(70) - age   4:     138816 bytes,     152360 total
[2022-02-19T17:26:59.383+0000][4672][gc,age      ] GC(70) - age   5:     737856 bytes,     890216 total
[2022-02-19T17:26:59.383+0000][4672][gc,age      ] GC(70) - age   6:     671912 bytes,    1562128 total
[2022-02-19T17:26:59.383+0000][4672][gc,age      ] GC(70) - age   7:      71640 bytes,    1633768 total
[2022-02-19T17:26:59.383+0000][4672][gc,age      ] GC(70) - age   8:     722128 bytes,    2355896 total
[2022-02-19T17:26:59.383+0000][4672][gc,age      ] GC(70) - age   9:     407664 bytes,    2763560 total
[2022-02-19T17:26:59.383+0000][4672][gc,phases   ] GC(70)   Pre Evacuate Collection Set: 0.1ms
[2022-02-19T17:26:59.383+0000][4672][gc,phases   ] GC(70)   Merge Heap Roots: 0.1ms
[2022-02-19T17:26:59.383+0000][4672][gc,phases   ] GC(70)   Evacuate Collection Set: 6.7ms
[2022-02-19T17:26:59.383+0000][4672][gc,phases   ] GC(70)   Post Evacuate Collection Set: 0.8ms
[2022-02-19T17:26:59.383+0000][4672][gc,phases   ] GC(70)   Other: 0.6ms
[2022-02-19T17:26:59.383+0000][4672][gc,heap     ] GC(70) Eden regions: 10->0(10)
[2022-02-19T17:26:59.383+0000][4672][gc,heap     ] GC(70) Survivor regions: 1->1(2)
[2022-02-19T17:26:59.383+0000][4672][gc,heap     ] GC(70) Old regions: 18->18
[2022-02-19T17:26:59.383+0000][4672][gc,heap     ] GC(70) Archive regions: 0->0
[2022-02-19T17:26:59.383+0000][4672][gc,heap     ] GC(70) Humongous regions: 5->5
[2022-02-19T17:26:59.383+0000][4672][gc,metaspace] GC(70) Metaspace: 108907K(110720K)->108907K(110720K) NonClass: 93866K(94912K)->93866K(94912K) Class: 15041K(15808K)->15041K(15808K)
[2022-02-19T17:26:59.383+0000][4672][gc          ] GC(70) Pause Young (Normal) (G1 Evacuation Pause) 133M->93M(956M) 8.552ms
[2022-02-19T17:26:59.383+0000][4672][gc,cpu      ] GC(70) User=0.00s Sys=0.00s Real=0.00s
[2022-02-19T17:26:59.383+0000][4672][safepoint   ] Safepoint "G1CollectForAllocation", Time since last: 4042345262 ns, Reaching safepoint: 37980 ns, At safepoint: 8706172 ns, Total: 8744152 ns
[2022-02-19T17:27:02.425+0000][4672][safepoint   ] Safepoint "Cleanup", Time since last: 3031142667 ns, Reaching safepoint: 67749 ns, At safepoint: 6672 ns, Total: 74421 ns
[2022-02-19T17:27:05.467+0000][4672][safepoint   ] Safepoint "Cleanup", Time since last: 3041934666 ns, Reaching safepoint: 64669 ns, At safepoint: 6159 ns, Total: 70828 ns
[2022-02-19T17:27:09.539+0000][4672][gc,start    ] GC(71) Pause Young (Normal) (G1 Evacuation Pause)
[2022-02-19T17:27:09.539+0000][4672][gc,task     ] GC(71) Using 2 workers of 2 for evacuation
[2022-02-19T17:27:09.539+0000][4672][gc,age      ] GC(71) Desired survivor size 4194304 bytes, new threshold 15 (max threshold 15)
[2022-02-19T17:27:09.539+0000][4672][gc,age      ] GC(71) Age table with threshold 15 (max threshold 15)
[2022-02-19T17:27:09.539+0000][4672][gc,age      ] GC(71) - age   1:       7160 bytes,       7160 total
[2022-02-19T17:27:09.539+0000][4672][gc,age      ] GC(71) - age   2:       5792 bytes,      12952 total
[2022-02-19T17:27:09.539+0000][4672][gc,age      ] GC(71) - age   3:        240 bytes,      13192 total
[2022-02-19T17:27:09.539+0000][4672][gc,age      ] GC(71) - age   4:       2456 bytes,      15648 total
[2022-02-19T17:27:09.539+0000][4672][gc,age      ] GC(71) - age   5:     138816 bytes,     154464 total
[2022-02-19T17:27:09.539+0000][4672][gc,age      ] GC(71) - age   6:     737856 bytes,     892320 total
[2022-02-19T17:27:09.539+0000][4672][gc,age      ] GC(71) - age   7:     671912 bytes,    1564232 total
[2022-02-19T17:27:09.539+0000][4672][gc,age      ] GC(71) - age   8:      71640 bytes,    1635872 total
[2022-02-19T17:27:09.539+0000][4672][gc,age      ] GC(71) - age   9:     722128 bytes,    2358000 total
[2022-02-19T17:27:09.539+0000][4672][gc,age      ] GC(71) - age  10:     407664 bytes,    2765664 total
[2022-02-19T17:27:09.539+0000][4672][gc,phases   ] GC(71)   Pre Evacuate Collection Set: 0.1ms
[2022-02-19T17:27:09.539+0000][4672][gc,phases   ] GC(71)   Merge Heap Roots: 0.1ms
[2022-02-19T17:27:09.539+0000][4672][gc,phases   ] GC(71)   Evacuate Collection Set: 6.7ms
[2022-02-19T17:27:09.539+0000][4672][gc,phases   ] GC(71)   Post Evacuate Collection Set: 0.7ms
[2022-02-19T17:27:09.539+0000][4672][gc,phases   ] GC(71)   Other: 0.6ms
[2022-02-19T17:27:09.539+0000][4672][gc,heap     ] GC(71) Eden regions: 10->0(10)
[2022-02-19T17:27:09.539+0000][4672][gc,heap     ] GC(71) Survivor regions: 1->1(2)
[2022-02-19T17:27:09.539+0000][4672][gc,heap     ] GC(71) Old regions: 18->18
[2022-02-19T17:27:09.539+0000][4672][gc,heap     ] GC(71) Archive regions: 0->0
[2022-02-19T17:27:09.539+0000][4672][gc,heap     ] GC(71) Humongous regions: 5->5
[2022-02-19T17:27:09.539+0000][4672][gc,metaspace] GC(71) Metaspace: 108910K(110720K)->108910K(110720K) NonClass: 93869K(94912K)->93869K(94912K) Class: 15041K(15808K)->15041K(15808K)
[2022-02-19T17:27:09.539+0000][4672][gc          ] GC(71) Pause Young (Normal) (G1 Evacuation Pause) 133M->93M(956M) 8.478ms
[2022-02-19T17:27:09.539+0000][4672][gc,cpu      ] GC(71) User=0.00s Sys=0.00s Real=0.00s
[2022-02-19T17:27:09.539+0000][4672][safepoint   ] Safepoint "G1CollectForAllocation", Time since last: 4073677830 ns, Reaching safepoint: 33874 ns, At safepoint: 8642016 ns, Total: 8675890 ns
[2022-02-19T17:27:18.665+0000][4672][safepoint   ] Safepoint "Cleanup", Time since last: 9115984085 ns, Reaching safepoint: 61589 ns, At safepoint: 7186 ns, Total: 68775 ns
[2022-02-19T17:27:19.679+0000][4672][safepoint   ] Safepoint "Cleanup", Time since last: 1013895589 ns, Reaching safepoint: 217103 ns, At safepoint: 440364 ns, Total: 657467 ns
[2022-02-19T17:27:19.679+0000][4672][gc,start    ] GC(72) Pause Young (Concurrent Start) (Metadata GC Threshold)
[2022-02-19T17:27:19.679+0000][4672][gc,task     ] GC(72) Using 2 workers of 2 for evacuation
[2022-02-19T17:27:19.679+0000][4672][gc,age      ] GC(72) Desired survivor size 4194304 bytes, new threshold 15 (max threshold 15)
[2022-02-19T17:27:19.679+0000][4672][gc,age      ] GC(72) Age table with threshold 15 (max threshold 15)
[2022-02-19T17:27:19.679+0000][4672][gc,age      ] GC(72) - age   1:       7184 bytes,       7184 total
[2022-02-19T17:27:19.679+0000][4672][gc,age      ] GC(72) - age   2:         32 bytes,       7216 total
[2022-02-19T17:27:19.679+0000][4672][gc,age      ] GC(72) - age   3:       2488 bytes,       9704 total
[2022-02-19T17:27:19.679+0000][4672][gc,age      ] GC(72) - age   4:        240 bytes,       9944 total
[2022-02-19T17:27:19.679+0000][4672][gc,age      ] GC(72) - age   5:       2456 bytes,      12400 total
[2022-02-19T17:27:19.679+0000][4672][gc,age      ] GC(72) - age   6:     138816 bytes,     151216 total
[2022-02-19T17:27:19.679+0000][4672][gc,age      ] GC(72) - age   7:     737856 bytes,     889072 total
[2022-02-19T17:27:19.679+0000][4672][gc,age      ] GC(72) - age   8:     671912 bytes,    1560984 total
[2022-02-19T17:27:19.679+0000][4672][gc,age      ] GC(72) - age   9:      71640 bytes,    1632624 total
[2022-02-19T17:27:19.679+0000][4672][gc,age      ] GC(72) - age  10:     722128 bytes,    2354752 total
[2022-02-19T17:27:19.679+0000][4672][gc,age      ] GC(72) - age  11:     407664 bytes,    2762416 total
[2022-02-19T17:27:19.679+0000][4672][gc,phases   ] GC(72)   Pre Evacuate Collection Set: 0.2ms
[2022-02-19T17:27:19.679+0000][4672][gc,phases   ] GC(72)   Merge Heap Roots: 0.1ms
[2022-02-19T17:27:19.679+0000][4672][gc,phases   ] GC(72)   Evacuate Collection Set: 7.2ms
[2022-02-19T17:27:19.679+0000][4672][gc,phases   ] GC(72)   Post Evacuate Collection Set: 0.8ms
[2022-02-19T17:27:19.679+0000][4672][gc,phases   ] GC(72)   Other: 0.7ms
[2022-02-19T17:27:19.679+0000][4672][gc,heap     ] GC(72) Eden regions: 9->0(20)
[2022-02-19T17:27:19.679+0000][4672][gc,heap     ] GC(72) Survivor regions: 1->1(2)
[2022-02-19T17:27:19.679+0000][4672][gc,heap     ] GC(72) Old regions: 18->18
[2022-02-19T17:27:19.679+0000][4672][gc,heap     ] GC(72) Archive regions: 0->0
[2022-02-19T17:27:19.679+0000][4672][gc,heap     ] GC(72) Humongous regions: 5->5
[2022-02-19T17:27:19.679+0000][4672][gc,metaspace] GC(72) Metaspace: 108913K(110720K)->108913K(110720K) NonClass: 93871K(94912K)->93871K(94912K) Class: 15041K(15808K)->15041K(15808K)
[2022-02-19T17:27:19.695+0000][4672][gc          ] GC(72) Pause Young (Concurrent Start) (Metadata GC Threshold) 128M->93M(956M) 9.269ms
[2022-02-19T17:27:19.695+0000][4672][gc,cpu      ] GC(72) User=0.02s Sys=0.00s Real=0.02s
[2022-02-19T17:27:19.695+0000][4672][gc          ] GC(73) Concurrent Mark Cycle
[2022-02-19T17:27:19.695+0000][4672][gc,marking  ] GC(73) Concurrent Clear Claimed Marks
[2022-02-19T17:27:19.695+0000][4672][gc,marking  ] GC(73) Concurrent Clear Claimed Marks 0.113ms
[2022-02-19T17:27:19.695+0000][4672][gc,marking  ] GC(73) Concurrent Scan Root Regions
[2022-02-19T17:27:19.695+0000][4672][safepoint   ] Safepoint "CollectForMetadataAllocation", Time since last: 5507630 ns, Reaching safepoint: 43112 ns, At safepoint: 9773208 ns, Total: 9816320 ns
[2022-02-19T17:27:19.695+0000][4672][gc,marking  ] GC(73) Concurrent Scan Root Regions 6.317ms
[2022-02-19T17:27:19.695+0000][4672][gc,marking  ] GC(73) Concurrent Mark
[2022-02-19T17:27:19.695+0000][4672][gc,marking  ] GC(73) Concurrent Mark From Roots
[2022-02-19T17:27:19.695+0000][4672][gc,task     ] GC(73) Using 1 workers of 1 for marking
[2022-02-19T17:27:19.913+0000][4672][gc,marking  ] GC(73) Concurrent Mark From Roots 223.101ms
[2022-02-19T17:27:19.913+0000][4672][gc,marking  ] GC(73) Concurrent Preclean
[2022-02-19T17:27:19.913+0000][4672][gc,marking  ] GC(73) Concurrent Preclean 0.584ms
[2022-02-19T17:27:19.913+0000][4672][gc,start    ] GC(73) Pause Remark
[2022-02-19T17:27:27.791+0000][4672][gc,mmu      ] GC(73) MMU target violated: 201.0ms (200.0ms/201.0ms)
[2022-02-19T17:27:27.791+0000][4672][gc          ] GC(73) Pause Remark 101M->101M(956M) 7871.193ms
[2022-02-19T17:27:27.791+0000][4672][gc,cpu      ] GC(73) User=0.06s Sys=0.02s Real=7.88s
[2022-02-19T17:27:27.838+0000][4672][safepoint   ] Safepoint "G1Concurrent", Time since last: 230286780 ns, Reaching safepoint: 91871 ns, At safepoint: 7912468667 ns, Total: 7912560538 ns
[2022-02-19T17:27:27.838+0000][4672][gc,marking  ] GC(73) Concurrent Mark 8136.646ms
[2022-02-19T17:27:27.838+0000][4672][gc,marking  ] GC(73) Concurrent Rebuild Remembered Sets
[2022-02-19T17:27:27.978+0000][4672][gc,marking  ] GC(73) Concurrent Rebuild Remembered Sets 150.948ms
[2022-02-19T17:27:28.041+0000][4672][gc,start    ] GC(73) Pause Cleanup
[2022-02-19T17:27:28.041+0000][4672][gc          ] GC(73) Pause Cleanup 118M->118M(956M) 0.189ms
[2022-02-19T17:27:28.041+0000][4672][gc,cpu      ] GC(73) User=0.00s Sys=0.00s Real=0.00s
[2022-02-19T17:27:28.041+0000][4672][safepoint   ] Safepoint "G1Concurrent", Time since last: 151261453 ns, Reaching safepoint: 51400953 ns, At safepoint: 13655391 ns, Total: 65056344 ns
[2022-02-19T17:27:28.041+0000][4672][gc,marking  ] GC(73) Concurrent Cleanup for Next Mark
[2022-02-19T17:27:28.088+0000][4672][gc,marking  ] GC(73) Concurrent Cleanup for Next Mark 34.003ms
[2022-02-19T17:27:28.088+0000][4672][gc          ] GC(73) Concurrent Mark Cycle 8393.762ms
[2022-02-19T17:27:29.056+0000][4672][safepoint   ] Safepoint "Cleanup", Time since last: 1001308261 ns, Reaching safepoint: 73907 ns, At safepoint: 6159 ns, Total: 80066 ns
[2022-02-19T17:27:33.112+0000][4672][safepoint   ] Safepoint "Cleanup", Time since last: 4055755835 ns, Reaching safepoint: 53891 ns, At safepoint: 3592 ns, Total: 57483 ns
[2022-02-19T17:27:34.126+0000][4672][safepoint   ] Safepoint "Cleanup", Time since last: 1013931517 ns, Reaching safepoint: 56970 ns, At safepoint: 4620 ns, Total: 61590 ns
[2022-02-19T17:27:35.140+0000][4672][safepoint   ] Safepoint "Cleanup", Time since last: 1014002344 ns, Reaching safepoint: 67748 ns, At safepoint: 5646 ns, Total: 73394 ns
[2022-02-19T17:27:38.174+0000][4672][safepoint   ] Safepoint "Cleanup", Time since last: 3034040961 ns, Reaching safepoint: 65695 ns, At safepoint: 6159 ns, Total: 71854 ns
[2022-02-19T17:27:49.328+0000][4672][safepoint   ] Safepoint "Cleanup", Time since last: 11153815359 ns, Reaching safepoint: 131391 ns, At safepoint: 8212 ns, Total: 139603 ns
[2022-02-19T17:27:53.169+0000][4672][gc,start    ] GC(74) Pause Young (Normal) (G1 Evacuation Pause)
[2022-02-19T17:27:53.169+0000][4672][gc,task     ] GC(74) Using 2 workers of 2 for evacuation
[2022-02-19T17:27:53.169+0000][4672][gc,age      ] GC(74) Desired survivor size 8388608 bytes, new threshold 15 (max threshold 15)
[2022-02-19T17:27:53.184+0000][4672][gc,age      ] GC(74) Age table with threshold 15 (max threshold 15)
[2022-02-19T17:27:53.184+0000][4672][gc,age      ] GC(74) - age   1:      55128 bytes,      55128 total
[2022-02-19T17:27:53.184+0000][4672][gc,age      ] GC(74) - age   2:         72 bytes,      55200 total
[2022-02-19T17:27:53.184+0000][4672][gc,age      ] GC(74) - age   3:         32 bytes,      55232 total
[2022-02-19T17:27:53.184+0000][4672][gc,age      ] GC(74) - age   4:       1936 bytes,      57168 total
[2022-02-19T17:27:53.184+0000][4672][gc,age      ] GC(74) - age   5:         56 bytes,      57224 total
[2022-02-19T17:27:53.184+0000][4672][gc,age      ] GC(74) - age   6:       2080 bytes,      59304 total
[2022-02-19T17:27:53.184+0000][4672][gc,age      ] GC(74) - age   7:     138608 bytes,     197912 total
[2022-02-19T17:27:53.184+0000][4672][gc,age      ] GC(74) - age   8:     737824 bytes,     935736 total
[2022-02-19T17:27:53.184+0000][4672][gc,age      ] GC(74) - age   9:     671584 bytes,    1607320 total
[2022-02-19T17:27:53.184+0000][4672][gc,age      ] GC(74) - age  10:      71488 bytes,    1678808 total
[2022-02-19T17:27:53.184+0000][4672][gc,age      ] GC(74) - age  11:     722096 bytes,    2400904 total
[2022-02-19T17:27:53.184+0000][4672][gc,age      ] GC(74) - age  12:     407664 bytes,    2808568 total
[2022-02-19T17:27:53.184+0000][4672][gc,phases   ] GC(74)   Pre Evacuate Collection Set: 0.1ms
[2022-02-19T17:27:53.184+0000][4672][gc,phases   ] GC(74)   Merge Heap Roots: 0.1ms
[2022-02-19T17:27:53.184+0000][4672][gc,phases   ] GC(74)   Evacuate Collection Set: 8.2ms
[2022-02-19T17:27:53.184+0000][4672][gc,phases   ] GC(74)   Post Evacuate Collection Set: 0.8ms
[2022-02-19T17:27:53.184+0000][4672][gc,phases   ] GC(74)   Other: 0.7ms
[2022-02-19T17:27:53.184+0000][4672][gc,heap     ] GC(74) Eden regions: 27->0(58)
[2022-02-19T17:27:53.184+0000][4672][gc,heap     ] GC(74) Survivor regions: 1->1(4)
[2022-02-19T17:27:53.184+0000][4672][gc,heap     ] GC(74) Old regions: 18->18
[2022-02-19T17:27:53.184+0000][4672][gc,heap     ] GC(74) Archive regions: 0->0
[2022-02-19T17:27:53.184+0000][4672][gc,heap     ] GC(74) Humongous regions: 5->5
[2022-02-19T17:27:53.184+0000][4672][gc,metaspace] GC(74) Metaspace: 108910K(110784K)->108910K(110784K) NonClass: 93870K(94976K)->93870K(94976K) Class: 15039K(15808K)->15039K(15808K)
[2022-02-19T17:27:53.184+0000][4672][gc          ] GC(74) Pause Young (Normal) (G1 Evacuation Pause) 201M->93M(956M) 10.229ms
[2022-02-19T17:27:53.184+0000][4672][gc,cpu      ] GC(74) User=0.03s Sys=0.00s Real=0.02s
[2022-02-19T17:27:53.184+0000][4672][safepoint   ] Safepoint "G1CollectForAllocation", Time since last: 3848394160 ns, Reaching safepoint: 43112 ns, At safepoint: 10413224 ns, Total: 10456336 ns
[2022-02-19T17:27:58.254+0000][4672][safepoint   ] Safepoint "Cleanup", Time since last: 5067016939 ns, Reaching safepoint: 49785 ns, At safepoint: 4106 ns, Total: 53891 ns
[2022-02-19T17:28:15.493+0000][4672][safepoint   ] Safepoint "Cleanup", Time since last: 17238684492 ns, Reaching safepoint: 51838 ns, At safepoint: 5132 ns, Total: 56970 ns
[2022-02-19T17:28:19.549+0000][4672][safepoint   ] Safepoint "Cleanup", Time since last: 4055885686 ns, Reaching safepoint: 59536 ns, At safepoint: 5646 ns, Total: 65182 ns
[2022-02-19T17:28:28.676+0000][4672][safepoint   ] Safepoint "Cleanup", Time since last: 9126786862 ns, Reaching safepoint: 65695 ns, At safepoint: 7186 ns, Total: 72881 ns
[2022-02-19T17:28:44.887+0000][4672][safepoint   ] Safepoint "Cleanup", Time since last: 16210484770 ns, Reaching safepoint: 73394 ns, At safepoint: 11291 ns, Total: 84685 ns
[2022-02-19T17:28:48.945+0000][4672][safepoint   ] Safepoint "Cleanup", Time since last: 4057856546 ns, Reaching safepoint: 56970 ns, At safepoint: 6672 ns, Total: 63642 ns
[2022-02-19T17:28:58.071+0000][4672][safepoint   ] Safepoint "Cleanup", Time since last: 9125801945 ns, Reaching safepoint: 63129 ns, At safepoint: 6159 ns, Total: 69288 ns
[2022-02-19T17:29:01.113+0000][4672][safepoint   ] Safepoint "Cleanup", Time since last: 3041947498 ns, Reaching safepoint: 72367 ns, At safepoint: 11805 ns, Total: 84172 ns
[2022-02-19T17:29:02.127+0000][4672][safepoint   ] Safepoint "Cleanup", Time since last: 1013805771 ns, Reaching safepoint: 49272 ns, At safepoint: 3593 ns, Total: 52865 ns
[2022-02-19T17:29:03.141+0000][4672][safepoint   ] Safepoint "Cleanup", Time since last: 1013965390 ns, Reaching safepoint: 57484 ns, At safepoint: 5646 ns, Total: 63130 ns
[2022-02-19T17:29:16.606+0000][4672][gc,start    ] GC(75) Pause Young (Normal) (G1 Evacuation Pause)
[2022-02-19T17:29:16.606+0000][4672][gc,task     ] GC(75) Using 2 workers of 2 for evacuation
[2022-02-19T17:29:16.606+0000][4672][gc,age      ] GC(75) Desired survivor size 16777216 bytes, new threshold 15 (max threshold 15)
[2022-02-19T17:29:18.260+0000][4672][gc,age      ] GC(75) Age table with threshold 15 (max threshold 15)
[2022-02-19T17:29:18.260+0000][4672][gc,age      ] GC(75) - age   1:      13120 bytes,      13120 total
[2022-02-19T17:29:18.260+0000][4672][gc,age      ] GC(75) - age   2:      43600 bytes,      56720 total
[2022-02-19T17:29:18.260+0000][4672][gc,age      ] GC(75) - age   3:         72 bytes,      56792 total
[2022-02-19T17:29:18.260+0000][4672][gc,age      ] GC(75) - age   5:       1936 bytes,      58728 total
[2022-02-19T17:29:18.260+0000][4672][gc,age      ] GC(75) - age   6:         56 bytes,      58784 total
[2022-02-19T17:29:18.260+0000][4672][gc,age      ] GC(75) - age   7:       2080 bytes,      60864 total
[2022-02-19T17:29:18.260+0000][4672][gc,age      ] GC(75) - age   8:     138608 bytes,     199472 total
[2022-02-19T17:29:18.260+0000][4672][gc,age      ] GC(75) - age   9:     737648 bytes,     937120 total
[2022-02-19T17:29:18.260+0000][4672][gc,age      ] GC(75) - age  10:     671584 bytes,    1608704 total
[2022-02-19T17:29:18.260+0000][4672][gc,age      ] GC(75) - age  11:      71488 bytes,    1680192 total
[2022-02-19T17:29:18.260+0000][4672][gc,age      ] GC(75) - age  12:     722096 bytes,    2402288 total
[2022-02-19T17:29:18.260+0000][4672][gc,age      ] GC(75) - age  13:     407664 bytes,    2809952 total
[2022-02-19T17:29:18.260+0000][4672][gc,mmu      ] GC(75) MMU target violated: 201.0ms (200.0ms/201.0ms)
[2022-02-19T17:29:18.260+0000][4672][gc,phases   ] GC(75)   Pre Evacuate Collection Set: 0.1ms
[2022-02-19T17:29:18.260+0000][4672][gc,phases   ] GC(75)   Merge Heap Roots: 0.2ms
[2022-02-19T17:29:18.260+0000][4672][gc,phases   ] GC(75)   Evacuate Collection Set: 1615.3ms
[2022-02-19T17:29:18.260+0000][4672][gc,phases   ] GC(75)   Post Evacuate Collection Set: 47.5ms
[2022-02-19T17:29:18.260+0000][4672][gc,phases   ] GC(75)   Other: 1.4ms
[2022-02-19T17:29:18.260+0000][4672][gc,heap     ] GC(75) Eden regions: 58->0(10)
[2022-02-19T17:29:18.260+0000][4672][gc,heap     ] GC(75) Survivor regions: 1->1(8)
[2022-02-19T17:29:18.260+0000][4672][gc,heap     ] GC(75) Old regions: 18->18
[2022-02-19T17:29:18.260+0000][4672][gc,heap     ] GC(75) Archive regions: 0->0
[2022-02-19T17:29:18.260+0000][4672][gc,heap     ] GC(75) Humongous regions: 5->5
[2022-02-19T17:29:18.260+0000][4672][gc,metaspace] GC(75) Metaspace: 108953K(110784K)->108953K(110784K) NonClass: 93913K(94976K)->93913K(94976K) Class: 15039K(15808K)->15039K(15808K)
[2022-02-19T17:29:18.260+0000][4672][gc          ] GC(75) Pause Young (Normal) (G1 Evacuation Pause) 325M->93M(956M) 1665.037ms
[2022-02-19T17:29:18.260+0000][4672][gc,cpu      ] GC(75) User=0.02s Sys=0.00s Real=1.65s
[2022-02-19T17:29:18.291+0000][4672][safepoint   ] Safepoint "G1CollectForAllocation", Time since last: 13324392780 ns, Reaching safepoint: 140299570 ns, At safepoint: 1684673176 ns, Total: 1824972746 ns
[2022-02-19T17:29:19.306+0000][4672][safepoint   ] Safepoint "Cleanup", Time since last: 1014894364 ns, Reaching safepoint: 86739 ns, At safepoint: 173476 ns, Total: 260215 ns
[2022-02-19T17:29:32.103+0000][4672][gc,start    ] GC(76) Pause Young (Normal) (G1 Evacuation Pause)
[2022-02-19T17:29:32.103+0000][4672][gc,task     ] GC(76) Using 2 workers of 2 for evacuation
[2022-02-19T17:29:32.103+0000][4672][gc,age      ] GC(76) Desired survivor size 4194304 bytes, new threshold 15 (max threshold 15)
[2022-02-19T17:29:32.181+0000][4672][gc,age      ] GC(76) Age table with threshold 15 (max threshold 15)
[2022-02-19T17:29:32.181+0000][4672][gc,age      ] GC(76) - age   1:       8744 bytes,       8744 total
[2022-02-19T17:29:32.181+0000][4672][gc,age      ] GC(76) - age   2:       2080 bytes,      10824 total
[2022-02-19T17:29:32.181+0000][4672][gc,age      ] GC(76) - age   3:      43600 bytes,      54424 total
[2022-02-19T17:29:32.181+0000][4672][gc,age      ] GC(76) - age   4:         72 bytes,      54496 total
[2022-02-19T17:29:32.181+0000][4672][gc,age      ] GC(76) - age   6:       1936 bytes,      56432 total
[2022-02-19T17:29:32.181+0000][4672][gc,age      ] GC(76) - age   7:         56 bytes,      56488 total
[2022-02-19T17:29:32.181+0000][4672][gc,age      ] GC(76) - age   8:       2080 bytes,      58568 total
[2022-02-19T17:29:32.181+0000][4672][gc,age      ] GC(76) - age   9:     138608 bytes,     197176 total
[2022-02-19T17:29:32.181+0000][4672][gc,age      ] GC(76) - age  10:     737552 bytes,     934728 total
[2022-02-19T17:29:32.181+0000][4672][gc,age      ] GC(76) - age  11:     671584 bytes,    1606312 total
[2022-02-19T17:29:32.181+0000][4672][gc,age      ] GC(76) - age  12:      71488 bytes,    1677800 total
[2022-02-19T17:29:32.181+0000][4672][gc,age      ] GC(76) - age  13:     722096 bytes,    2399896 total
[2022-02-19T17:29:32.181+0000][4672][gc,age      ] GC(76) - age  14:     407608 bytes,    2807504 total
[2022-02-19T17:29:32.181+0000][4672][gc,phases   ] GC(76)   Pre Evacuate Collection Set: 0.1ms
[2022-02-19T17:29:32.181+0000][4672][gc,phases   ] GC(76)   Merge Heap Roots: 0.1ms
[2022-02-19T17:29:32.181+0000][4672][gc,phases   ] GC(76)   Evacuate Collection Set: 13.2ms
[2022-02-19T17:29:32.181+0000][4672][gc,phases   ] GC(76)   Post Evacuate Collection Set: 73.8ms
[2022-02-19T17:29:32.181+0000][4672][gc,phases   ] GC(76)   Other: 1.4ms
[2022-02-19T17:29:32.181+0000][4672][gc,heap     ] GC(76) Eden regions: 10->0(10)
[2022-02-19T17:29:32.181+0000][4672][gc,heap     ] GC(76) Survivor regions: 1->1(2)
[2022-02-19T17:29:32.181+0000][4672][gc,heap     ] GC(76) Old regions: 18->18
[2022-02-19T17:29:32.181+0000][4672][gc,heap     ] GC(76) Archive regions: 0->0
[2022-02-19T17:29:32.181+0000][4672][gc,heap     ] GC(76) Humongous regions: 5->5
[2022-02-19T17:29:32.181+0000][4672][gc,metaspace] GC(76) Metaspace: 108956K(110784K)->108956K(110784K) NonClass: 93916K(94976K)->93916K(94976K) Class: 15040K(15808K)->15040K(15808K)
[2022-02-19T17:29:32.181+0000][4672][gc          ] GC(76) Pause Young (Normal) (G1 Evacuation Pause) 133M->93M(956M) 89.346ms
[2022-02-19T17:29:32.181+0000][4672][gc,cpu      ] GC(76) User=0.03s Sys=0.00s Real=0.08s
[2022-02-19T17:29:32.181+0000][4672][safepoint   ] Safepoint "G1CollectForAllocation", Time since last: 12797588058 ns, Reaching safepoint: 113427 ns, At safepoint: 89830670 ns, Total: 89944097 ns
[2022-02-19T17:29:43.602+0000][4672][gc,start    ] GC(77) Pause Young (Normal) (G1 Evacuation Pause)
[2022-02-19T17:29:43.602+0000][4672][gc,task     ] GC(77) Using 2 workers of 2 for evacuation
[2022-02-19T17:29:43.602+0000][4672][gc,age      ] GC(77) Desired survivor size 4194304 bytes, new threshold 15 (max threshold 15)
[2022-02-19T17:29:43.618+0000][4672][gc,age      ] GC(77) Age table with threshold 15 (max threshold 15)
[2022-02-19T17:29:43.618+0000][4672][gc,age      ] GC(77) - age   1:       9128 bytes,       9128 total
[2022-02-19T17:29:43.618+0000][4672][gc,age      ] GC(77) - age   2:       5256 bytes,      14384 total
[2022-02-19T17:29:43.618+0000][4672][gc,age      ] GC(77) - age   3:       1672 bytes,      16056 total
[2022-02-19T17:29:43.618+0000][4672][gc,age      ] GC(77) - age   4:      43600 bytes,      59656 total
[2022-02-19T17:29:43.618+0000][4672][gc,age      ] GC(77) - age   5:         72 bytes,      59728 total
[2022-02-19T17:29:43.618+0000][4672][gc,age      ] GC(77) - age   7:       1936 bytes,      61664 total
[2022-02-19T17:29:43.618+0000][4672][gc,age      ] GC(77) - age   8:         56 bytes,      61720 total
[2022-02-19T17:29:43.618+0000][4672][gc,age      ] GC(77) - age   9:       2080 bytes,      63800 total
[2022-02-19T17:29:43.618+0000][4672][gc,age      ] GC(77) - age  10:     138608 bytes,     202408 total
[2022-02-19T17:29:43.618+0000][4672][gc,age      ] GC(77) - age  11:     737552 bytes,     939960 total
[2022-02-19T17:29:43.618+0000][4672][gc,age      ] GC(77) - age  12:     671584 bytes,    1611544 total
[2022-02-19T17:29:43.618+0000][4672][gc,age      ] GC(77) - age  13:      71488 bytes,    1683032 total
[2022-02-19T17:29:43.618+0000][4672][gc,age      ] GC(77) - age  14:     722096 bytes,    2405128 total
[2022-02-19T17:29:43.618+0000][4672][gc,age      ] GC(77) - age  15:     407608 bytes,    2812736 total
[2022-02-19T17:29:43.618+0000][4672][gc,phases   ] GC(77)   Pre Evacuate Collection Set: 0.1ms
[2022-02-19T17:29:43.618+0000][4672][gc,phases   ] GC(77)   Merge Heap Roots: 0.1ms
[2022-02-19T17:29:43.618+0000][4672][gc,phases   ] GC(77)   Evacuate Collection Set: 12.9ms
[2022-02-19T17:29:43.618+0000][4672][gc,phases   ] GC(77)   Post Evacuate Collection Set: 0.9ms
[2022-02-19T17:29:43.618+0000][4672][gc,phases   ] GC(77)   Other: 1.0ms
[2022-02-19T17:29:43.618+0000][4672][gc,heap     ] GC(77) Eden regions: 10->0(10)
[2022-02-19T17:29:43.618+0000][4672][gc,heap     ] GC(77) Survivor regions: 1->1(2)
[2022-02-19T17:29:43.618+0000][4672][gc,heap     ] GC(77) Old regions: 18->18
[2022-02-19T17:29:43.618+0000][4672][gc,heap     ] GC(77) Archive regions: 0->0
[2022-02-19T17:29:43.618+0000][4672][gc,heap     ] GC(77) Humongous regions: 5->5
[2022-02-19T17:29:43.618+0000][4672][gc,metaspace] GC(77) Metaspace: 108956K(110784K)->108956K(110784K) NonClass: 93916K(94976K)->93916K(94976K) Class: 15040K(15808K)->15040K(15808K)
[2022-02-19T17:29:43.618+0000][4672][gc          ] GC(77) Pause Young (Normal) (G1 Evacuation Pause) 133M->93M(956M) 15.230ms
[2022-02-19T17:29:43.618+0000][4672][gc,cpu      ] GC(77) User=0.03s Sys=0.00s Real=0.02s
[2022-02-19T17:29:43.618+0000][4672][safepoint   ] Safepoint "G1CollectForAllocation", Time since last: 11411458088 ns, Reaching safepoint: 75447 ns, At safepoint: 15450208 ns, Total: 15525655 ns
[2022-02-19T17:29:49.702+0000][4672][safepoint   ] Safepoint "Cleanup", Time since last: 6080620492 ns, Reaching safepoint: 69801 ns, At safepoint: 5646 ns, Total: 75447 ns
[2022-02-19T17:29:50.716+0000][4672][safepoint   ] Safepoint "Cleanup", Time since last: 1013893537 ns, Reaching safepoint: 94950 ns, At safepoint: 7185 ns, Total: 102135 ns
[2022-02-19T17:29:53.758+0000][4672][gc,start    ] GC(78) Pause Young (Normal) (G1 Evacuation Pause)
[2022-02-19T17:29:53.758+0000][4672][gc,task     ] GC(78) Using 2 workers of 2 for evacuation
[2022-02-19T17:29:53.758+0000][4672][gc,age      ] GC(78) Desired survivor size 4194304 bytes, new threshold 15 (max threshold 15)
[2022-02-19T17:29:55.349+0000][4672][gc,age      ] GC(78) Age table with threshold 15 (max threshold 15)
[2022-02-19T17:29:55.349+0000][4672][gc,age      ] GC(78) - age   1:      11488 bytes,      11488 total
[2022-02-19T17:29:55.349+0000][4672][gc,age      ] GC(78) - age   2:       1864 bytes,      13352 total
[2022-02-19T17:29:55.349+0000][4672][gc,age      ] GC(78) - age   3:       2016 bytes,      15368 total
[2022-02-19T17:29:55.349+0000][4672][gc,age      ] GC(78) - age   4:       1304 bytes,      16672 total
[2022-02-19T17:29:55.349+0000][4672][gc,age      ] GC(78) - age   5:      43416 bytes,      60088 total
[2022-02-19T17:29:55.349+0000][4672][gc,age      ] GC(78) - age   6:         72 bytes,      60160 total
[2022-02-19T17:29:55.349+0000][4672][gc,age      ] GC(78) - age   8:       1936 bytes,      62096 total
[2022-02-19T17:29:55.349+0000][4672][gc,age      ] GC(78) - age   9:         56 bytes,      62152 total
[2022-02-19T17:29:55.349+0000][4672][gc,age      ] GC(78) - age  10:       2080 bytes,      64232 total
[2022-02-19T17:29:55.349+0000][4672][gc,age      ] GC(78) - age  11:     138608 bytes,     202840 total
[2022-02-19T17:29:55.349+0000][4672][gc,age      ] GC(78) - age  12:     737552 bytes,     940392 total
[2022-02-19T17:29:55.349+0000][4672][gc,age      ] GC(78) - age  13:     671584 bytes,    1611976 total
[2022-02-19T17:29:55.349+0000][4672][gc,age      ] GC(78) - age  14:      71488 bytes,    1683464 total
[2022-02-19T17:29:55.349+0000][4672][gc,age      ] GC(78) - age  15:     722096 bytes,    2405560 total
[2022-02-19T17:29:55.349+0000][4672][gc,mmu      ] GC(78) MMU target violated: 201.0ms (200.0ms/201.0ms)
[2022-02-19T17:29:55.349+0000][4672][gc,phases   ] GC(78)   Pre Evacuate Collection Set: 0.1ms
[2022-02-19T17:29:55.349+0000][4672][gc,phases   ] GC(78)   Merge Heap Roots: 0.1ms
[2022-02-19T17:29:55.364+0000][4672][gc,phases   ] GC(78)   Evacuate Collection Set: 1591.1ms
[2022-02-19T17:29:55.364+0000][4672][gc,phases   ] GC(78)   Post Evacuate Collection Set: 1.4ms
[2022-02-19T17:29:55.364+0000][4672][gc,phases   ] GC(78)   Other: 1.4ms
[2022-02-19T17:29:55.364+0000][4672][gc,heap     ] GC(78) Eden regions: 10->0(10)
[2022-02-19T17:29:55.364+0000][4672][gc,heap     ] GC(78) Survivor regions: 1->1(2)
[2022-02-19T17:29:55.364+0000][4672][gc,heap     ] GC(78) Old regions: 18->18
[2022-02-19T17:29:55.364+0000][4672][gc,heap     ] GC(78) Archive regions: 0->0
[2022-02-19T17:29:55.364+0000][4672][gc,heap     ] GC(78) Humongous regions: 5->5
[2022-02-19T17:29:55.364+0000][4672][gc,metaspace] GC(78) Metaspace: 108958K(110784K)->108958K(110784K) NonClass: 93918K(94976K)->93918K(94976K) Class: 15040K(15808K)->15040K(15808K)
[2022-02-19T17:29:55.364+0000][4672][gc          ] GC(78) Pause Young (Normal) (G1 Evacuation Pause) 133M->93M(956M) 1594.854ms
[2022-02-19T17:29:55.364+0000][4672][gc,cpu      ] GC(78) User=0.02s Sys=0.02s Real=1.61s
[2022-02-19T17:29:55.364+0000][4672][safepoint   ] Safepoint "G1CollectForAllocation", Time since last: 3054181200 ns, Reaching safepoint: 73908 ns, At safepoint: 1595325982 ns, Total: 1595399890 ns
[2022-02-19T17:29:56.378+0000][4672][safepoint   ] Safepoint "Cleanup", Time since last: 1013004597 ns, Reaching safepoint: 69801 ns, At safepoint: 6672 ns, Total: 76473 ns
[2022-02-19T17:30:10.530+0000][4672][gc,start    ] GC(79) Pause Young (Normal) (G1 Evacuation Pause)
[2022-02-19T17:30:10.530+0000][4672][gc,task     ] GC(79) Using 2 workers of 2 for evacuation
[2022-02-19T17:30:10.530+0000][4672][gc,age      ] GC(79) Desired survivor size 4194304 bytes, new threshold 15 (max threshold 15)
[2022-02-19T17:30:10.982+0000][4672][gc,age      ] GC(79) Age table with threshold 15 (max threshold 15)
[2022-02-19T17:30:10.982+0000][4672][gc,age      ] GC(79) - age   1:       8272 bytes,       8272 total
[2022-02-19T17:30:10.982+0000][4672][gc,age      ] GC(79) - age   2:       4192 bytes,      12464 total
[2022-02-19T17:30:10.982+0000][4672][gc,age      ] GC(79) - age   3:       1864 bytes,      14328 total
[2022-02-19T17:30:10.982+0000][4672][gc,age      ] GC(79) - age   4:       1832 bytes,      16160 total
[2022-02-19T17:30:10.982+0000][4672][gc,age      ] GC(79) - age   5:       1304 bytes,      17464 total
[2022-02-19T17:30:10.982+0000][4672][gc,age      ] GC(79) - age   6:      43416 bytes,      60880 total
[2022-02-19T17:30:10.982+0000][4672][gc,age      ] GC(79) - age   7:         72 bytes,      60952 total
[2022-02-19T17:30:10.982+0000][4672][gc,age      ] GC(79) - age   9:       1936 bytes,      62888 total
[2022-02-19T17:30:10.982+0000][4672][gc,age      ] GC(79) - age  10:         56 bytes,      62944 total
[2022-02-19T17:30:10.982+0000][4672][gc,age      ] GC(79) - age  11:       2080 bytes,      65024 total
[2022-02-19T17:30:10.982+0000][4672][gc,age      ] GC(79) - age  12:     138608 bytes,     203632 total
[2022-02-19T17:30:10.982+0000][4672][gc,age      ] GC(79) - age  13:     737552 bytes,     941184 total
[2022-02-19T17:30:10.982+0000][4672][gc,age      ] GC(79) - age  14:     671584 bytes,    1612768 total
[2022-02-19T17:30:10.982+0000][4672][gc,age      ] GC(79) - age  15:      71488 bytes,    1684256 total
[2022-02-19T17:30:10.982+0000][4672][gc,mmu      ] GC(79) MMU target violated: 201.0ms (200.0ms/201.0ms)
[2022-02-19T17:30:10.982+0000][4672][gc,phases   ] GC(79)   Pre Evacuate Collection Set: 0.1ms
[2022-02-19T17:30:10.982+0000][4672][gc,phases   ] GC(79)   Merge Heap Roots: 0.1ms
[2022-02-19T17:30:10.982+0000][4672][gc,phases   ] GC(79)   Evacuate Collection Set: 434.1ms
[2022-02-19T17:30:10.982+0000][4672][gc,phases   ] GC(79)   Post Evacuate Collection Set: 1.3ms
[2022-02-19T17:30:10.982+0000][4672][gc,phases   ] GC(79)   Other: 20.1ms
[2022-02-19T17:30:10.982+0000][4672][gc,heap     ] GC(79) Eden regions: 10->0(10)
[2022-02-19T17:30:10.982+0000][4672][gc,heap     ] GC(79) Survivor regions: 1->1(2)
[2022-02-19T17:30:10.982+0000][4672][gc,heap     ] GC(79) Old regions: 18->18
[2022-02-19T17:30:10.982+0000][4672][gc,heap     ] GC(79) Archive regions: 0->0
[2022-02-19T17:30:10.982+0000][4672][gc,heap     ] GC(79) Humongous regions: 5->5
[2022-02-19T17:30:10.982+0000][4672][gc,metaspace] GC(79) Metaspace: 108958K(110784K)->108958K(110784K) NonClass: 93918K(94976K)->93918K(94976K) Class: 15040K(15808K)->15040K(15808K)
[2022-02-19T17:30:10.982+0000][4672][gc          ] GC(79) Pause Young (Normal) (G1 Evacuation Pause) 133M->93M(956M) 456.276ms
[2022-02-19T17:30:10.982+0000][4672][gc,cpu      ] GC(79) User=0.00s Sys=0.00s Real=0.45s
[2022-02-19T17:30:10.982+0000][4672][safepoint   ] Safepoint "G1CollectForAllocation", Time since last: 14161714710 ns, Reaching safepoint: 46192 ns, At safepoint: 456688298 ns, Total: 456734490 ns
[2022-02-19T17:30:21.155+0000][4672][gc,start    ] GC(80) Pause Young (Normal) (G1 Evacuation Pause)
[2022-02-19T17:30:21.155+0000][4672][gc,task     ] GC(80) Using 2 workers of 2 for evacuation
[2022-02-19T17:30:21.155+0000][4672][gc,age      ] GC(80) Desired survivor size 4194304 bytes, new threshold 15 (max threshold 15)
[2022-02-19T17:30:21.202+0000][4672][gc,age      ] GC(80) Age table with threshold 15 (max threshold 15)
[2022-02-19T17:30:21.202+0000][4672][gc,age      ] GC(80) - age   1:      10680 bytes,      10680 total
[2022-02-19T17:30:21.202+0000][4672][gc,age      ] GC(80) - age   2:        184 bytes,      10864 total
[2022-02-19T17:30:21.202+0000][4672][gc,age      ] GC(80) - age   3:        952 bytes,      11816 total
[2022-02-19T17:30:21.202+0000][4672][gc,age      ] GC(80) - age   4:       1864 bytes,      13680 total
[2022-02-19T17:30:21.202+0000][4672][gc,age      ] GC(80) - age   5:       1832 bytes,      15512 total
[2022-02-19T17:30:21.202+0000][4672][gc,age      ] GC(80) - age   6:       1304 bytes,      16816 total
[2022-02-19T17:30:21.202+0000][4672][gc,age      ] GC(80) - age   7:      43416 bytes,      60232 total
[2022-02-19T17:30:21.202+0000][4672][gc,age      ] GC(80) - age   8:         72 bytes,      60304 total
[2022-02-19T17:30:21.202+0000][4672][gc,age      ] GC(80) - age  10:       1936 bytes,      62240 total
[2022-02-19T17:30:21.202+0000][4672][gc,age      ] GC(80) - age  11:         56 bytes,      62296 total
[2022-02-19T17:30:21.202+0000][4672][gc,age      ] GC(80) - age  12:       2080 bytes,      64376 total
[2022-02-19T17:30:21.202+0000][4672][gc,age      ] GC(80) - age  13:     138608 bytes,     202984 total
[2022-02-19T17:30:21.202+0000][4672][gc,age      ] GC(80) - age  14:     737552 bytes,     940536 total
[2022-02-19T17:30:21.202+0000][4672][gc,age      ] GC(80) - age  15:     671584 bytes,    1612120 total
[2022-02-19T17:30:21.202+0000][4672][gc,phases   ] GC(80)   Pre Evacuate Collection Set: 0.1ms
[2022-02-19T17:30:21.202+0000][4672][gc,phases   ] GC(80)   Merge Heap Roots: 0.1ms
[2022-02-19T17:30:21.202+0000][4672][gc,phases   ] GC(80)   Evacuate Collection Set: 49.9ms
[2022-02-19T17:30:21.202+0000][4672][gc,phases   ] GC(80)   Post Evacuate Collection Set: 0.9ms
[2022-02-19T17:30:21.202+0000][4672][gc,phases   ] GC(80)   Other: 1.0ms
[2022-02-19T17:30:21.202+0000][4672][gc,heap     ] GC(80) Eden regions: 10->0(10)
[2022-02-19T17:30:21.202+0000][4672][gc,heap     ] GC(80) Survivor regions: 1->1(2)
[2022-02-19T17:30:21.202+0000][4672][gc,heap     ] GC(80) Old regions: 18->18
[2022-02-19T17:30:21.202+0000][4672][gc,heap     ] GC(80) Archive regions: 0->0
[2022-02-19T17:30:21.202+0000][4672][gc,heap     ] GC(80) Humongous regions: 5->5
[2022-02-19T17:30:21.202+0000][4672][gc,metaspace] GC(80) Metaspace: 108962K(110784K)->108962K(110784K) NonClass: 93921K(94976K)->93921K(94976K) Class: 15040K(15808K)->15040K(15808K)
[2022-02-19T17:30:21.202+0000][4672][gc          ] GC(80) Pause Young (Normal) (G1 Evacuation Pause) 133M->93M(956M) 52.205ms
[2022-02-19T17:30:21.202+0000][4672][gc,cpu      ] GC(80) User=0.02s Sys=0.00s Real=0.05s
[2022-02-19T17:30:21.202+0000][4672][safepoint   ] Safepoint "G1CollectForAllocation", Time since last: 10164786480 ns, Reaching safepoint: 49785 ns, At safepoint: 52388949 ns, Total: 52438734 ns
[2022-02-19T17:30:31.358+0000][4672][gc,start    ] GC(81) Pause Young (Normal) (G1 Evacuation Pause)
[2022-02-19T17:30:31.358+0000][4672][gc,task     ] GC(81) Using 2 workers of 2 for evacuation
[2022-02-19T17:30:31.358+0000][4672][gc,age      ] GC(81) Desired survivor size 4194304 bytes, new threshold 15 (max threshold 15)
[2022-02-19T17:30:31.716+0000][4672][gc,age      ] GC(81) Age table with threshold 15 (max threshold 15)
[2022-02-19T17:30:31.716+0000][4672][gc,age      ] GC(81) - age   1:       7512 bytes,       7512 total
[2022-02-19T17:30:31.716+0000][4672][gc,age      ] GC(81) - age   2:       3408 bytes,      10920 total
[2022-02-19T17:30:31.716+0000][4672][gc,age      ] GC(81) - age   4:        952 bytes,      11872 total
[2022-02-19T17:30:31.716+0000][4672][gc,age      ] GC(81) - age   5:       1864 bytes,      13736 total
[2022-02-19T17:30:31.716+0000][4672][gc,age      ] GC(81) - age   6:       1648 bytes,      15384 total
[2022-02-19T17:30:31.716+0000][4672][gc,age      ] GC(81) - age   7:       1304 bytes,      16688 total
[2022-02-19T17:30:31.716+0000][4672][gc,age      ] GC(81) - age   8:      43416 bytes,      60104 total
[2022-02-19T17:30:31.716+0000][4672][gc,age      ] GC(81) - age   9:         72 bytes,      60176 total
[2022-02-19T17:30:31.716+0000][4672][gc,age      ] GC(81) - age  11:       1936 bytes,      62112 total
[2022-02-19T17:30:31.716+0000][4672][gc,age      ] GC(81) - age  12:         56 bytes,      62168 total
[2022-02-19T17:30:31.716+0000][4672][gc,age      ] GC(81) - age  13:       2080 bytes,      64248 total
[2022-02-19T17:30:31.716+0000][4672][gc,age      ] GC(81) - age  14:     138608 bytes,     202856 total
[2022-02-19T17:30:31.716+0000][4672][gc,age      ] GC(81) - age  15:     737552 bytes,     940408 total
[2022-02-19T17:30:31.716+0000][4672][gc,mmu      ] GC(81) MMU target violated: 201.0ms (200.0ms/201.0ms)
[2022-02-19T17:30:31.716+0000][4672][gc,phases   ] GC(81)   Pre Evacuate Collection Set: 0.1ms
[2022-02-19T17:30:31.716+0000][4672][gc,phases   ] GC(81)   Merge Heap Roots: 0.1ms
[2022-02-19T17:30:31.716+0000][4672][gc,phases   ] GC(81)   Evacuate Collection Set: 325.8ms
[2022-02-19T17:30:31.716+0000][4672][gc,phases   ] GC(81)   Post Evacuate Collection Set: 20.5ms
[2022-02-19T17:30:31.716+0000][4672][gc,phases   ] GC(81)   Other: 9.4ms
[2022-02-19T17:30:31.716+0000][4672][gc,heap     ] GC(81) Eden regions: 10->0(10)
[2022-02-19T17:30:31.716+0000][4672][gc,heap     ] GC(81) Survivor regions: 1->1(2)
[2022-02-19T17:30:31.716+0000][4672][gc,heap     ] GC(81) Old regions: 18->19
[2022-02-19T17:30:31.716+0000][4672][gc,heap     ] GC(81) Archive regions: 0->0
[2022-02-19T17:30:31.716+0000][4672][gc,heap     ] GC(81) Humongous regions: 5->5
[2022-02-19T17:30:31.716+0000][4672][gc,metaspace] GC(81) Metaspace: 108962K(110784K)->108962K(110784K) NonClass: 93921K(94976K)->93921K(94976K) Class: 15040K(15808K)->15040K(15808K)
[2022-02-19T17:30:31.716+0000][4672][gc          ] GC(81) Pause Young (Normal) (G1 Evacuation Pause) 133M->93M(956M) 356.522ms
[2022-02-19T17:30:31.716+0000][4672][gc,cpu      ] GC(81) User=0.00s Sys=0.00s Real=0.36s
[2022-02-19T17:30:31.716+0000][4672][safepoint   ] Safepoint "G1CollectForAllocation", Time since last: 10150137447 ns, Reaching safepoint: 85712 ns, At safepoint: 356856027 ns, Total: 356941739 ns
[2022-02-19T17:30:46.899+0000][4672][gc,start    ] GC(82) Pause Young (Normal) (G1 Evacuation Pause)
[2022-02-19T17:30:46.899+0000][4672][gc,task     ] GC(82) Using 2 workers of 2 for evacuation
[2022-02-19T17:30:46.899+0000][4672][gc,age      ] GC(82) Desired survivor size 4194304 bytes, new threshold 15 (max threshold 15)
[2022-02-19T17:30:47.040+0000][4672][gc,age      ] GC(82) Age table with threshold 15 (max threshold 15)
[2022-02-19T17:30:47.040+0000][4672][gc,age      ] GC(82) - age   1:       7624 bytes,       7624 total
[2022-02-19T17:30:47.040+0000][4672][gc,age      ] GC(82) - age   2:        400 bytes,       8024 total
[2022-02-19T17:30:47.040+0000][4672][gc,age      ] GC(82) - age   3:       3344 bytes,      11368 total
[2022-02-19T17:30:47.040+0000][4672][gc,age      ] GC(82) - age   5:        952 bytes,      12320 total
[2022-02-19T17:30:47.040+0000][4672][gc,age      ] GC(82) - age   6:       1488 bytes,      13808 total
[2022-02-19T17:30:47.040+0000][4672][gc,age      ] GC(82) - age   7:       1648 bytes,      15456 total
[2022-02-19T17:30:47.040+0000][4672][gc,age      ] GC(82) - age   8:       1304 bytes,      16760 total
[2022-02-19T17:30:47.040+0000][4672][gc,age      ] GC(82) - age   9:      43416 bytes,      60176 total
[2022-02-19T17:30:47.040+0000][4672][gc,age      ] GC(82) - age  10:         72 bytes,      60248 total
[2022-02-19T17:30:47.040+0000][4672][gc,age      ] GC(82) - age  12:       1936 bytes,      62184 total
[2022-02-19T17:30:47.040+0000][4672][gc,age      ] GC(82) - age  13:         56 bytes,      62240 total
[2022-02-19T17:30:47.040+0000][4672][gc,age      ] GC(82) - age  14:       2080 bytes,      64320 total
[2022-02-19T17:30:47.040+0000][4672][gc,age      ] GC(82) - age  15:     138608 bytes,     202928 total
[2022-02-19T17:30:47.040+0000][4672][gc,phases   ] GC(82)   Pre Evacuate Collection Set: 0.1ms
[2022-02-19T17:30:47.040+0000][4672][gc,phases   ] GC(82)   Merge Heap Roots: 0.1ms
[2022-02-19T17:30:47.040+0000][4672][gc,phases   ] GC(82)   Evacuate Collection Set: 138.7ms
[2022-02-19T17:30:47.040+0000][4672][gc,phases   ] GC(82)   Post Evacuate Collection Set: 1.3ms
[2022-02-19T17:30:47.040+0000][4672][gc,phases   ] GC(82)   Other: 1.3ms
[2022-02-19T17:30:47.040+0000][4672][gc,heap     ] GC(82) Eden regions: 10->0(82)
[2022-02-19T17:30:47.040+0000][4672][gc,heap     ] GC(82) Survivor regions: 1->1(2)
[2022-02-19T17:30:47.040+0000][4672][gc,heap     ] GC(82) Old regions: 19->19
[2022-02-19T17:30:47.040+0000][4672][gc,heap     ] GC(82) Archive regions: 0->0
[2022-02-19T17:30:47.040+0000][4672][gc,heap     ] GC(82) Humongous regions: 5->5
[2022-02-19T17:30:47.040+0000][4672][gc,metaspace] GC(82) Metaspace: 108962K(110784K)->108962K(110784K) NonClass: 93921K(94976K)->93921K(94976K) Class: 15040K(15808K)->15040K(15808K)
[2022-02-19T17:30:47.040+0000][4672][gc          ] GC(82) Pause Young (Normal) (G1 Evacuation Pause) 133M->93M(956M) 142.090ms
[2022-02-19T17:30:47.040+0000][4672][gc,cpu      ] GC(82) User=0.00s Sys=0.00s Real=0.14s
[2022-02-19T17:30:47.040+0000][4672][safepoint   ] Safepoint "G1CollectForAllocation", Time since last: 15183783722 ns, Reaching safepoint: 84172 ns, At safepoint: 142388477 ns, Total: 142472649 ns
[2022-02-19T17:30:52.097+0000][4672][safepoint   ] Safepoint "Cleanup", Time since last: 5048677163 ns, Reaching safepoint: 76474 ns, At safepoint: 9238 ns, Total: 85712 ns
[2022-02-19T17:31:07.294+0000][4672][safepoint   ] Safepoint "Cleanup", Time since last: 15196074909 ns, Reaching safepoint: 75961 ns, At safepoint: 6158 ns, Total: 82119 ns
[2022-02-19T17:31:11.350+0000][4672][safepoint   ] Safepoint "Cleanup", Time since last: 4055850273 ns, Reaching safepoint: 83658 ns, At safepoint: 9239 ns, Total: 92897 ns
[2022-02-19T17:31:19.462+0000][4672][safepoint   ] Safepoint "Cleanup", Time since last: 8111783690 ns, Reaching safepoint: 73907 ns, At safepoint: 12831 ns, Total: 86738 ns
[2022-02-19T17:31:48.870+0000][4672][safepoint   ] Safepoint "Cleanup", Time since last: 29407500457 ns, Reaching safepoint: 59023 ns, At safepoint: 4619 ns, Total: 63642 ns
[2022-02-19T17:31:49.884+0000][4672][safepoint   ] Safepoint "Cleanup", Time since last: 1013906368 ns, Reaching safepoint: 64669 ns, At safepoint: 5646 ns, Total: 70315 ns
[2022-02-19T17:31:55.968+0000][4672][safepoint   ] Safepoint "Cleanup", Time since last: 6083826219 ns, Reaching safepoint: 78526 ns, At safepoint: 10265 ns, Total: 88791 ns
[2022-02-19T17:32:11.140+0000][4672][safepoint   ] Safepoint "Cleanup", Time since last: 15171887735 ns, Reaching safepoint: 65696 ns, At safepoint: 6159 ns, Total: 71855 ns
[2022-02-19T17:32:12.154+0000][4672][safepoint   ] Safepoint "Cleanup", Time since last: 1013932543 ns, Reaching safepoint: 61076 ns, At safepoint: 6672 ns, Total: 67748 ns
[2022-02-19T17:32:21.280+0000][4672][safepoint   ] Safepoint "Cleanup", Time since last: 9125738816 ns, Reaching safepoint: 68261 ns, At safepoint: 7186 ns, Total: 75447 ns
[2022-02-19T17:32:33.952+0000][4672][gc,start    ] GC(83) Pause Young (Normal) (G1 Evacuation Pause)
[2022-02-19T17:32:33.952+0000][4672][gc,task     ] GC(83) Using 2 workers of 2 for evacuation
[2022-02-19T17:32:33.952+0000][4672][gc,age      ] GC(83) Desired survivor size 23068672 bytes, new threshold 15 (max threshold 15)
[2022-02-19T17:32:34.108+0000][4672][gc,age      ] GC(83) Age table with threshold 15 (max threshold 15)
[2022-02-19T17:32:34.108+0000][4672][gc,age      ] GC(83) - age   1:      13352 bytes,      13352 total
[2022-02-19T17:32:34.108+0000][4672][gc,age      ] GC(83) - age   4:        104 bytes,      13456 total
[2022-02-19T17:32:34.108+0000][4672][gc,age      ] GC(83) - age   6:        400 bytes,      13856 total
[2022-02-19T17:32:34.108+0000][4672][gc,age      ] GC(83) - age   7:       1488 bytes,      15344 total
[2022-02-19T17:32:34.108+0000][4672][gc,age      ] GC(83) - age   8:       1648 bytes,      16992 total
[2022-02-19T17:32:34.108+0000][4672][gc,age      ] GC(83) - age   9:       1304 bytes,      18296 total
[2022-02-19T17:32:34.108+0000][4672][gc,age      ] GC(83) - age  10:      43416 bytes,      61712 total
[2022-02-19T17:32:34.108+0000][4672][gc,age      ] GC(83) - age  11:         72 bytes,      61784 total
[2022-02-19T17:32:34.108+0000][4672][gc,age      ] GC(83) - age  13:       1936 bytes,      63720 total
[2022-02-19T17:32:34.108+0000][4672][gc,age      ] GC(83) - age  14:         56 bytes,      63776 total
[2022-02-19T17:32:34.108+0000][4672][gc,age      ] GC(83) - age  15:       2080 bytes,      65856 total
[2022-02-19T17:32:34.108+0000][4672][gc,phases   ] GC(83)   Pre Evacuate Collection Set: 0.1ms
[2022-02-19T17:32:34.108+0000][4672][gc,phases   ] GC(83)   Merge Heap Roots: 0.1ms
[2022-02-19T17:32:34.108+0000][4672][gc,phases   ] GC(83)   Evacuate Collection Set: 16.9ms
[2022-02-19T17:32:34.108+0000][4672][gc,phases   ] GC(83)   Post Evacuate Collection Set: 136.6ms
[2022-02-19T17:32:34.108+0000][4672][gc,phases   ] GC(83)   Other: 1.4ms
[2022-02-19T17:32:34.108+0000][4672][gc,heap     ] GC(83) Eden regions: 82->0(60)
[2022-02-19T17:32:34.108+0000][4672][gc,heap     ] GC(83) Survivor regions: 1->1(11)
[2022-02-19T17:32:34.108+0000][4672][gc,heap     ] GC(83) Old regions: 19->19
[2022-02-19T17:32:34.108+0000][4672][gc,heap     ] GC(83) Archive regions: 0->0
[2022-02-19T17:32:34.108+0000][4672][gc,heap     ] GC(83) Humongous regions: 5->5
[2022-02-19T17:32:34.108+0000][4672][gc,metaspace] GC(83) Metaspace: 108984K(110784K)->108984K(110784K) NonClass: 93944K(94976K)->93944K(94976K) Class: 15040K(15808K)->15040K(15808K)
[2022-02-19T17:32:34.108+0000][4672][gc          ] GC(83) Pause Young (Normal) (G1 Evacuation Pause) 421M->93M(956M) 155.771ms
[2022-02-19T17:32:34.108+0000][4672][gc,cpu      ] GC(83) User=0.00s Sys=0.00s Real=0.16s
[2022-02-19T17:32:34.108+0000][4672][safepoint   ] Safepoint "G1CollectForAllocation", Time since last: 12679656721 ns, Reaching safepoint: 72368 ns, At safepoint: 156144464 ns, Total: 156216832 ns
[2022-02-19T17:32:51.347+0000][4672][safepoint   ] Safepoint "Cleanup", Time since last: 17230819015 ns, Reaching safepoint: 121639 ns, At safepoint: 10265 ns, Total: 131904 ns
[2022-02-19T17:33:01.461+0000][4672][safepoint   ] Safepoint "Cleanup", Time since last: 10113837183 ns, Reaching safepoint: 82632 ns, At safepoint: 4619 ns, Total: 87251 ns
[2022-02-19T17:33:19.687+0000][4672][safepoint   ] Safepoint "Cleanup", Time since last: 18225285210 ns, Reaching safepoint: 68262 ns, At safepoint: 4106 ns, Total: 72368 ns
[2022-02-19T17:33:45.063+0000][4672][gc,start    ] GC(84) Pause Young (Normal) (G1 Evacuation Pause)
[2022-02-19T17:33:45.063+0000][4672][gc,task     ] GC(84) Using 2 workers of 2 for evacuation
[2022-02-19T17:33:45.063+0000][4672][gc,age      ] GC(84) Desired survivor size 16777216 bytes, new threshold 15 (max threshold 15)
[2022-02-19T17:33:45.250+0000][4672][gc,age      ] GC(84) Age table with threshold 15 (max threshold 15)
[2022-02-19T17:33:45.250+0000][4672][gc,age      ] GC(84) - age   1:       8992 bytes,       8992 total
[2022-02-19T17:33:45.250+0000][4672][gc,age      ] GC(84) - age   2:       1728 bytes,      10720 total
[2022-02-19T17:33:45.250+0000][4672][gc,age      ] GC(84) - age   5:        104 bytes,      10824 total
[2022-02-19T17:33:45.250+0000][4672][gc,age      ] GC(84) - age   7:        400 bytes,      11224 total
[2022-02-19T17:33:45.250+0000][4672][gc,age      ] GC(84) - age   8:       1488 bytes,      12712 total
[2022-02-19T17:33:45.250+0000][4672][gc,age      ] GC(84) - age   9:       1648 bytes,      14360 total
[2022-02-19T17:33:45.250+0000][4672][gc,age      ] GC(84) - age  10:       1304 bytes,      15664 total
[2022-02-19T17:33:45.250+0000][4672][gc,age      ] GC(84) - age  11:      43416 bytes,      59080 total
[2022-02-19T17:33:45.250+0000][4672][gc,age      ] GC(84) - age  12:         72 bytes,      59152 total
[2022-02-19T17:33:45.250+0000][4672][gc,age      ] GC(84) - age  14:       1936 bytes,      61088 total
[2022-02-19T17:33:45.250+0000][4672][gc,age      ] GC(84) - age  15:         56 bytes,      61144 total
[2022-02-19T17:33:45.250+0000][4672][gc,phases   ] GC(84)   Pre Evacuate Collection Set: 0.2ms
[2022-02-19T17:33:45.250+0000][4672][gc,phases   ] GC(84)   Merge Heap Roots: 0.1ms
[2022-02-19T17:33:45.250+0000][4672][gc,phases   ] GC(84)   Evacuate Collection Set: 44.2ms
[2022-02-19T17:33:45.250+0000][4672][gc,phases   ] GC(84)   Post Evacuate Collection Set: 145.8ms
[2022-02-19T17:33:45.250+0000][4672][gc,phases   ] GC(84)   Other: 1.3ms
[2022-02-19T17:33:45.250+0000][4672][gc,heap     ] GC(84) Eden regions: 60->0(37)
[2022-02-19T17:33:45.250+0000][4672][gc,heap     ] GC(84) Survivor regions: 1->1(8)
[2022-02-19T17:33:45.250+0000][4672][gc,heap     ] GC(84) Old regions: 19->19
[2022-02-19T17:33:45.250+0000][4672][gc,heap     ] GC(84) Archive regions: 0->0
[2022-02-19T17:33:45.250+0000][4672][gc,heap     ] GC(84) Humongous regions: 5->5
[2022-02-19T17:33:45.250+0000][4672][gc,metaspace] GC(84) Metaspace: 108986K(110784K)->108986K(110784K) NonClass: 93946K(94976K)->93946K(94976K) Class: 15040K(15808K)->15040K(15808K)
[2022-02-19T17:33:45.250+0000][4672][gc          ] GC(84) Pause Young (Normal) (G1 Evacuation Pause) 333M->93M(956M) 192.035ms
[2022-02-19T17:33:45.250+0000][4672][gc,cpu      ] GC(84) User=0.06s Sys=0.00s Real=0.19s
[2022-02-19T17:33:45.250+0000][4672][safepoint   ] Safepoint "G1CollectForAllocation", Time since last: 25375835819 ns, Reaching safepoint: 99569 ns, At safepoint: 194741500 ns, Total: 194841069 ns
[2022-02-19T17:34:04.451+0000][4672][safepoint   ] Safepoint "Cleanup", Time since last: 19192483735 ns, Reaching safepoint: 80066 ns, At safepoint: 6672 ns, Total: 86738 ns
[2022-02-19T17:34:09.510+0000][4672][safepoint   ] Safepoint "Cleanup", Time since last: 5059200734 ns, Reaching safepoint: 123179 ns, At safepoint: 10778 ns, Total: 133957 ns
[2022-02-19T17:34:21.680+0000][4672][safepoint   ] Safepoint "Cleanup", Time since last: 12169669491 ns, Reaching safepoint: 298709 ns, At safepoint: 11804 ns, Total: 310513 ns
[2022-02-19T17:34:30.654+0000][4672][gc,start    ] GC(85) Pause Young (Normal) (G1 Evacuation Pause)
[2022-02-19T17:34:30.654+0000][4672][gc,task     ] GC(85) Using 2 workers of 2 for evacuation
[2022-02-19T17:34:30.654+0000][4672][gc,age      ] GC(85) Desired survivor size 10485760 bytes, new threshold 15 (max threshold 15)
[2022-02-19T17:34:30.873+0000][4672][gc,age      ] GC(85) Age table with threshold 15 (max threshold 15)
[2022-02-19T17:34:30.873+0000][4672][gc,age      ] GC(85) - age   1:      24808 bytes,      24808 total
[2022-02-19T17:34:30.873+0000][4672][gc,age      ] GC(85) - age   2:       1056 bytes,      25864 total
[2022-02-19T17:34:30.873+0000][4672][gc,age      ] GC(85) - age   3:       1544 bytes,      27408 total
[2022-02-19T17:34:30.873+0000][4672][gc,age      ] GC(85) - age   6:        104 bytes,      27512 total
[2022-02-19T17:34:30.873+0000][4672][gc,age      ] GC(85) - age   8:        400 bytes,      27912 total
[2022-02-19T17:34:30.873+0000][4672][gc,age      ] GC(85) - age   9:       1488 bytes,      29400 total
[2022-02-19T17:34:30.873+0000][4672][gc,age      ] GC(85) - age  10:       1648 bytes,      31048 total
[2022-02-19T17:34:30.873+0000][4672][gc,age      ] GC(85) - age  11:       1304 bytes,      32352 total
[2022-02-19T17:34:30.873+0000][4672][gc,age      ] GC(85) - age  12:      43416 bytes,      75768 total
[2022-02-19T17:34:30.873+0000][4672][gc,age      ] GC(85) - age  13:         72 bytes,      75840 total
[2022-02-19T17:34:30.873+0000][4672][gc,age      ] GC(85) - age  15:       1936 bytes,      77776 total
[2022-02-19T17:34:30.873+0000][4672][gc,mmu      ] GC(85) MMU target violated: 201.0ms (200.0ms/201.0ms)
[2022-02-19T17:34:30.873+0000][4672][gc,phases   ] GC(85)   Pre Evacuate Collection Set: 0.2ms
[2022-02-19T17:34:30.873+0000][4672][gc,phases   ] GC(85)   Merge Heap Roots: 0.1ms
[2022-02-19T17:34:30.873+0000][4672][gc,phases   ] GC(85)   Evacuate Collection Set: 1.8ms
[2022-02-19T17:34:30.873+0000][4672][gc,phases   ] GC(85)   Post Evacuate Collection Set: 1.3ms
[2022-02-19T17:34:30.873+0000][4672][gc,phases   ] GC(85)   Other: 223.5ms
[2022-02-19T17:34:30.873+0000][4672][gc,heap     ] GC(85) Eden regions: 37->0(15)
[2022-02-19T17:34:30.873+0000][4672][gc,heap     ] GC(85) Survivor regions: 1->1(5)
[2022-02-19T17:34:30.873+0000][4672][gc,heap     ] GC(85) Old regions: 19->19
[2022-02-19T17:34:30.873+0000][4672][gc,heap     ] GC(85) Archive regions: 0->0
[2022-02-19T17:34:30.873+0000][4672][gc,heap     ] GC(85) Humongous regions: 5->5
[2022-02-19T17:34:30.873+0000][4672][gc,metaspace] GC(85) Metaspace: 109011K(110848K)->109011K(110848K) NonClass: 93966K(95040K)->93966K(95040K) Class: 15045K(15808K)->15045K(15808K)
[2022-02-19T17:34:30.873+0000][4672][gc          ] GC(85) Pause Young (Normal) (G1 Evacuation Pause) 241M->93M(956M) 227.076ms
[2022-02-19T17:34:30.873+0000][4672][gc,cpu      ] GC(85) User=0.00s Sys=0.00s Real=0.22s
[2022-02-19T17:34:30.873+0000][4672][safepoint   ] Safepoint "G1CollectForAllocation", Time since last: 8974300294 ns, Reaching safepoint: 110347 ns, At safepoint: 228450391 ns, Total: 228560738 ns
[2022-02-19T17:34:36.932+0000][4672][safepoint   ] Safepoint "Cleanup", Time since last: 6047806186 ns, Reaching safepoint: 88792 ns, At safepoint: 6159 ns, Total: 94951 ns
[2022-02-19T17:34:51.087+0000][4672][gc,start    ] GC(86) Pause Young (Normal) (G1 Evacuation Pause)
[2022-02-19T17:34:51.087+0000][4672][gc,task     ] GC(86) Using 2 workers of 2 for evacuation
[2022-02-19T17:34:51.087+0000][4672][gc,age      ] GC(86) Desired survivor size 4194304 bytes, new threshold 15 (max threshold 15)
[2022-02-19T17:34:51.103+0000][4672][gc,age      ] GC(86) Age table with threshold 15 (max threshold 15)
[2022-02-19T17:34:51.103+0000][4672][gc,age      ] GC(86) - age   1:       8856 bytes,       8856 total
[2022-02-19T17:34:51.103+0000][4672][gc,age      ] GC(86) - age   2:      17024 bytes,      25880 total
[2022-02-19T17:34:51.103+0000][4672][gc,age      ] GC(86) - age   3:        680 bytes,      26560 total
[2022-02-19T17:34:51.103+0000][4672][gc,age      ] GC(86) - age   4:       1544 bytes,      28104 total
[2022-02-19T17:34:51.103+0000][4672][gc,age      ] GC(86) - age   7:        104 bytes,      28208 total
[2022-02-19T17:34:51.103+0000][4672][gc,age      ] GC(86) - age   9:        400 bytes,      28608 total
[2022-02-19T17:34:51.103+0000][4672][gc,age      ] GC(86) - age  10:       1488 bytes,      30096 total
[2022-02-19T17:34:51.103+0000][4672][gc,age      ] GC(86) - age  11:       1648 bytes,      31744 total
[2022-02-19T17:34:51.103+0000][4672][gc,age      ] GC(86) - age  12:       1304 bytes,      33048 total
[2022-02-19T17:34:51.103+0000][4672][gc,age      ] GC(86) - age  13:      43416 bytes,      76464 total
[2022-02-19T17:34:51.103+0000][4672][gc,age      ] GC(86) - age  14:         72 bytes,      76536 total
[2022-02-19T17:34:51.103+0000][4672][gc,phases   ] GC(86)   Pre Evacuate Collection Set: 0.1ms
[2022-02-19T17:34:51.103+0000][4672][gc,phases   ] GC(86)   Merge Heap Roots: 0.0ms
[2022-02-19T17:34:51.103+0000][4672][gc,phases   ] GC(86)   Evacuate Collection Set: 0.9ms
[2022-02-19T17:34:51.103+0000][4672][gc,phases   ] GC(86)   Post Evacuate Collection Set: 0.6ms
[2022-02-19T17:34:51.103+0000][4672][gc,phases   ] GC(86)   Other: 0.7ms
[2022-02-19T17:34:51.103+0000][4672][gc,heap     ] GC(86) Eden regions: 15->0(57)
[2022-02-19T17:34:51.103+0000][4672][gc,heap     ] GC(86) Survivor regions: 1->1(2)
[2022-02-19T17:34:51.103+0000][4672][gc,heap     ] GC(86) Old regions: 19->19
[2022-02-19T17:34:51.103+0000][4672][gc,heap     ] GC(86) Archive regions: 0->0
[2022-02-19T17:34:51.103+0000][4672][gc,heap     ] GC(86) Humongous regions: 5->5
[2022-02-19T17:34:51.103+0000][4672][gc,metaspace] GC(86) Metaspace: 109013K(110848K)->109013K(110848K) NonClass: 93967K(95040K)->93967K(95040K) Class: 15045K(15808K)->15045K(15808K)
[2022-02-19T17:34:51.103+0000][4672][gc          ] GC(86) Pause Young (Normal) (G1 Evacuation Pause) 153M->93M(956M) 2.642ms
[2022-02-19T17:34:51.103+0000][4672][gc,cpu      ] GC(86) User=0.02s Sys=0.02s Real=0.02s
[2022-02-19T17:34:51.103+0000][4672][safepoint   ] Safepoint "G1CollectForAllocation", Time since last: 14170383414 ns, Reaching safepoint: 44652 ns, At safepoint: 2813095 ns, Total: 2857747 ns
[2022-02-19T17:34:52.117+0000][4672][safepoint   ] Safepoint "Cleanup", Time since last: 1011603438 ns, Reaching safepoint: 163212 ns, At safepoint: 10265 ns, Total: 173477 ns
[2022-02-19T17:35:36.613+0000][4672][safepoint   ] Safepoint "Cleanup", Time since last: 44495022552 ns, Reaching safepoint: 82633 ns, At safepoint: 8212 ns, Total: 90845 ns
[2022-02-19T17:35:37.627+0000][4672][safepoint   ] Safepoint "Cleanup", Time since last: 1013904314 ns, Reaching safepoint: 74934 ns, At safepoint: 10265 ns, Total: 85199 ns
[2022-02-19T17:35:47.769+0000][4672][safepoint   ] Safepoint "Cleanup", Time since last: 10141779255 ns, Reaching safepoint: 61077 ns, At safepoint: 4619 ns, Total: 65696 ns
[2022-02-19T17:35:50.811+0000][4672][safepoint   ] Safepoint "Cleanup", Time since last: 3041957248 ns, Reaching safepoint: 194007 ns, At safepoint: 9238 ns, Total: 203245 ns
[2022-02-19T17:35:51.825+0000][4672][safepoint   ] Safepoint "Cleanup", Time since last: 1013712875 ns, Reaching safepoint: 295629 ns, At safepoint: 143708 ns, Total: 439337 ns
[2022-02-19T17:35:52.839+0000][4672][safepoint   ] Safepoint "Cleanup", Time since last: 1013535805 ns, Reaching safepoint: 169884 ns, At safepoint: 10265 ns, Total: 180149 ns
[2022-02-19T17:35:56.942+0000][4672][gc,start    ] GC(87) Pause Young (Normal) (G1 Evacuation Pause)
[2022-02-19T17:35:56.942+0000][4672][gc,task     ] GC(87) Using 2 workers of 2 for evacuation
[2022-02-19T17:35:56.942+0000][4672][gc,age      ] GC(87) Desired survivor size 16777216 bytes, new threshold 15 (max threshold 15)
[2022-02-19T17:35:56.942+0000][4672][gc,age      ] GC(87) Age table with threshold 15 (max threshold 15)
[2022-02-19T17:35:56.942+0000][4672][gc,age      ] GC(87) - age   1:      17496 bytes,      17496 total
[2022-02-19T17:35:56.942+0000][4672][gc,age      ] GC(87) - age   3:      13232 bytes,      30728 total
[2022-02-19T17:35:56.942+0000][4672][gc,age      ] GC(87) - age   4:        680 bytes,      31408 total
[2022-02-19T17:35:56.942+0000][4672][gc,age      ] GC(87) - age   5:       1544 bytes,      32952 total
[2022-02-19T17:35:56.942+0000][4672][gc,age      ] GC(87) - age   8:        104 bytes,      33056 total
[2022-02-19T17:35:56.942+0000][4672][gc,age      ] GC(87) - age  10:        400 bytes,      33456 total
[2022-02-19T17:35:56.942+0000][4672][gc,age      ] GC(87) - age  11:       1488 bytes,      34944 total
[2022-02-19T17:35:56.942+0000][4672][gc,age      ] GC(87) - age  12:       1648 bytes,      36592 total
[2022-02-19T17:35:56.942+0000][4672][gc,age      ] GC(87) - age  13:       1304 bytes,      37896 total
[2022-02-19T17:35:56.942+0000][4672][gc,age      ] GC(87) - age  14:      43416 bytes,      81312 total
[2022-02-19T17:35:56.942+0000][4672][gc,age      ] GC(87) - age  15:         72 bytes,      81384 total
[2022-02-19T17:35:56.942+0000][4672][gc,phases   ] GC(87)   Pre Evacuate Collection Set: 0.1ms
[2022-02-19T17:35:56.942+0000][4672][gc,phases   ] GC(87)   Merge Heap Roots: 0.0ms
[2022-02-19T17:35:56.942+0000][4672][gc,phases   ] GC(87)   Evacuate Collection Set: 0.9ms
[2022-02-19T17:35:56.942+0000][4672][gc,phases   ] GC(87)   Post Evacuate Collection Set: 0.8ms
[2022-02-19T17:35:56.942+0000][4672][gc,phases   ] GC(87)   Other: 0.7ms
[2022-02-19T17:35:56.942+0000][4672][gc,heap     ] GC(87) Eden regions: 57->0(117)
[2022-02-19T17:35:56.942+0000][4672][gc,heap     ] GC(87) Survivor regions: 1->1(8)
[2022-02-19T17:35:56.942+0000][4672][gc,heap     ] GC(87) Old regions: 19->19
[2022-02-19T17:35:56.942+0000][4672][gc,heap     ] GC(87) Archive regions: 0->0
[2022-02-19T17:35:56.942+0000][4672][gc,heap     ] GC(87) Humongous regions: 5->5
[2022-02-19T17:35:56.942+0000][4672][gc,metaspace] GC(87) Metaspace: 109027K(110848K)->109027K(110848K) NonClass: 93982K(95040K)->93982K(95040K) Class: 15045K(15808K)->15045K(15808K)
[2022-02-19T17:35:56.942+0000][4672][gc          ] GC(87) Pause Young (Normal) (G1 Evacuation Pause) 321M->93M(956M) 2.761ms
[2022-02-19T17:35:56.942+0000][4672][gc,cpu      ] GC(87) User=0.00s Sys=0.00s Real=0.00s
[2022-02-19T17:35:56.942+0000][4672][safepoint   ] Safepoint "G1CollectForAllocation", Time since last: 4114574715 ns, Reaching safepoint: 40034 ns, At safepoint: 2912664 ns, Total: 2952698 ns
[2022-02-19T17:36:32.405+0000][4672][safepoint   ] Safepoint "Cleanup", Time since last: 35448328567 ns, Reaching safepoint: 67235 ns, At safepoint: 6159 ns, Total: 73394 ns
[2022-02-19T17:36:51.659+0000][4672][safepoint   ] Safepoint "Cleanup", Time since last: 19253029684 ns, Reaching safepoint: 229933 ns, At safepoint: 10779 ns, Total: 240712 ns
[2022-02-19T17:37:22.046+0000][4672][safepoint   ] Safepoint "Cleanup", Time since last: 30386432271 ns, Reaching safepoint: 71341 ns, At safepoint: 5645 ns, Total: 76986 ns
[2022-02-19T17:37:53.048+0000][4672][safepoint   ] Safepoint "Cleanup", Time since last: 31001138891 ns, Reaching safepoint: 80066 ns, At safepoint: 12831 ns, Total: 92897 ns
[2022-02-19T17:38:25.071+0000][4672][safepoint   ] Safepoint "Cleanup", Time since last: 32001223576 ns, Reaching safepoint: 21008136 ns, At safepoint: 40546 ns, Total: 21048682 ns
[2022-02-19T17:38:53.073+0000][4672][safepoint   ] Safepoint "Cleanup", Time since last: 28001015198 ns, Reaching safepoint: 1205612 ns, At safepoint: 10778 ns, Total: 1216390 ns
[2022-02-19T17:39:44.002+0000][4672][safepoint   ] Safepoint "Cleanup", Time since last: 50002253658 ns, Reaching safepoint: 912669345 ns, At safepoint: 13053355 ns, Total: 925722700 ns
[2022-02-19T17:39:46.047+0000][4672][safepoint   ] Safepoint "Cleanup", Time since last: 1999993328 ns, Reaching safepoint: 45036204 ns, At safepoint: 406490 ns, Total: 45442694 ns
[2022-02-19T17:39:49.177+0000][4672][safepoint   ] Safepoint "Cleanup", Time since last: 2999659719 ns, Reaching safepoint: 130043913 ns, At safepoint: 287417 ns, Total: 130331330 ns
[2022-02-19T17:39:51.630+0000][4672][safepoint   ] Safepoint "Cleanup", Time since last: 1999783411 ns, Reaching safepoint: 443246417 ns, At safepoint: 9018737 ns, Total: 452265154 ns
[2022-02-19T17:39:54.121+0000][4672][safepoint   ] Safepoint "Cleanup", Time since last: 1999826524 ns, Reaching safepoint: 488230783 ns, At safepoint: 3338144 ns, Total: 491568927 ns
[2022-02-19T17:40:22.379+0000][4672][safepoint   ] Safepoint "Cleanup", Time since last: 28003532664 ns, Reaching safepoint: 147527597 ns, At safepoint: 106904272 ns, Total: 254431869 ns
[2022-02-19T17:41:00.382+0000][4672][safepoint   ] Safepoint "Cleanup", Time since last: 38001155827 ns, Reaching safepoint: 103163 ns, At safepoint: 10778 ns, Total: 113941 ns
[2022-02-19T17:41:26.979+0000][4672][gc,start    ] GC(88) Pause Young (Normal) (G1 Evacuation Pause)
[2022-02-19T17:41:26.979+0000][4672][gc,task     ] GC(88) Using 2 workers of 2 for evacuation
[2022-02-19T17:41:26.979+0000][4672][gc,age      ] GC(88) Desired survivor size 31457280 bytes, new threshold 15 (max threshold 15)
[2022-02-19T17:41:27.250+0000][4672][gc,age      ] GC(88) Age table with threshold 15 (max threshold 15)
[2022-02-19T17:41:27.251+0000][4672][gc,age      ] GC(88) - age   1:      29336 bytes,      29336 total
[2022-02-19T17:41:27.251+0000][4672][gc,age      ] GC(88) - age   2:       5736 bytes,      35072 total
[2022-02-19T17:41:27.251+0000][4672][gc,age      ] GC(88) - age   4:      12912 bytes,      47984 total
[2022-02-19T17:41:27.251+0000][4672][gc,age      ] GC(88) - age   5:        680 bytes,      48664 total
[2022-02-19T17:41:27.251+0000][4672][gc,age      ] GC(88) - age   6:       1544 bytes,      50208 total
[2022-02-19T17:41:27.251+0000][4672][gc,age      ] GC(88) - age   9:        104 bytes,      50312 total
[2022-02-19T17:41:27.251+0000][4672][gc,age      ] GC(88) - age  11:        400 bytes,      50712 total
[2022-02-19T17:41:27.251+0000][4672][gc,age      ] GC(88) - age  12:       1488 bytes,      52200 total
[2022-02-19T17:41:27.251+0000][4672][gc,age      ] GC(88) - age  13:       1560 bytes,      53760 total
[2022-02-19T17:41:27.251+0000][4672][gc,age      ] GC(88) - age  14:       1304 bytes,      55064 total
[2022-02-19T17:41:27.251+0000][4672][gc,age      ] GC(88) - age  15:      43416 bytes,      98480 total
[2022-02-19T17:41:27.251+0000][4672][gc,mmu      ] GC(88) MMU target violated: 201.0ms (200.0ms/201.0ms)
[2022-02-19T17:41:27.251+0000][4672][gc,phases   ] GC(88)   Pre Evacuate Collection Set: 0.2ms
[2022-02-19T17:41:27.252+0000][4672][gc,phases   ] GC(88)   Merge Heap Roots: 0.1ms
[2022-02-19T17:41:27.252+0000][4672][gc,phases   ] GC(88)   Evacuate Collection Set: 85.8ms
[2022-02-19T17:41:27.252+0000][4672][gc,phases   ] GC(88)   Post Evacuate Collection Set: 185.4ms
[2022-02-19T17:41:27.252+0000][4672][gc,phases   ] GC(88)   Other: 1.4ms
[2022-02-19T17:41:27.252+0000][4672][gc,heap     ] GC(88) Eden regions: 117->0(42)
[2022-02-19T17:41:27.252+0000][4672][gc,heap     ] GC(88) Survivor regions: 1->1(15)
[2022-02-19T17:41:27.252+0000][4672][gc,heap     ] GC(88) Old regions: 19->19
[2022-02-19T17:41:27.252+0000][4672][gc,heap     ] GC(88) Archive regions: 0->0
[2022-02-19T17:41:27.252+0000][4672][gc,heap     ] GC(88) Humongous regions: 5->5
[2022-02-19T17:41:27.252+0000][4672][gc,metaspace] GC(88) Metaspace: 109076K(110848K)->109076K(110848K) NonClass: 94026K(95040K)->94026K(95040K) Class: 15050K(15808K)->15050K(15808K)
[2022-02-19T17:41:27.252+0000][4672][gc          ] GC(88) Pause Young (Normal) (G1 Evacuation Pause) 561M->93M(956M) 273.475ms
[2022-02-19T17:41:27.252+0000][4672][gc,cpu      ] GC(88) User=0.00s Sys=0.00s Real=0.27s
[2022-02-19T17:41:27.272+0000][4672][safepoint   ] Safepoint "G1CollectForAllocation", Time since last: 26588041499 ns, Reaching safepoint: 8901204 ns, At safepoint: 293618109 ns, Total: 302519313 ns
[2022-02-19T17:42:13.349+0000][4672][safepoint   ] Safepoint "Cleanup", Time since last: 46075678972 ns, Reaching safepoint: 100082 ns, At safepoint: 10778 ns, Total: 110860 ns
[2022-02-19T17:42:17.847+0000][4672][gc,start    ] GC(89) Pause Young (Normal) (G1 Evacuation Pause)
[2022-02-19T17:42:17.847+0000][4672][gc,task     ] GC(89) Using 2 workers of 2 for evacuation
[2022-02-19T17:42:17.847+0000][4672][gc,age      ] GC(89) Desired survivor size 12582912 bytes, new threshold 15 (max threshold 15)
[2022-02-19T17:42:18.116+0000][4672][gc,age      ] GC(89) Age table with threshold 15 (max threshold 15)
[2022-02-19T17:42:18.116+0000][4672][gc,age      ] GC(89) - age   1:      11360 bytes,      11360 total
[2022-02-19T17:42:18.116+0000][4672][gc,age      ] GC(89) - age   2:      17520 bytes,      28880 total
[2022-02-19T17:42:18.116+0000][4672][gc,age      ] GC(89) - age   3:       5736 bytes,      34616 total
[2022-02-19T17:42:18.116+0000][4672][gc,age      ] GC(89) - age   5:      12912 bytes,      47528 total
[2022-02-19T17:42:18.116+0000][4672][gc,age      ] GC(89) - age   6:        680 bytes,      48208 total
[2022-02-19T17:42:18.116+0000][4672][gc,age      ] GC(89) - age   7:       1544 bytes,      49752 total
[2022-02-19T17:42:18.116+0000][4672][gc,age      ] GC(89) - age  10:        104 bytes,      49856 total
[2022-02-19T17:42:18.116+0000][4672][gc,age      ] GC(89) - age  12:        400 bytes,      50256 total
[2022-02-19T17:42:18.116+0000][4672][gc,age      ] GC(89) - age  13:       1488 bytes,      51744 total
[2022-02-19T17:42:18.116+0000][4672][gc,age      ] GC(89) - age  14:       1560 bytes,      53304 total
[2022-02-19T17:42:18.116+0000][4672][gc,age      ] GC(89) - age  15:       1304 bytes,      54608 total
[2022-02-19T17:42:18.116+0000][4672][gc,mmu      ] GC(89) MMU target violated: 201.0ms (200.0ms/201.0ms)
[2022-02-19T17:42:18.116+0000][4672][gc,phases   ] GC(89)   Pre Evacuate Collection Set: 0.1ms
[2022-02-19T17:42:18.116+0000][4672][gc,phases   ] GC(89)   Merge Heap Roots: 0.0ms
[2022-02-19T17:42:18.117+0000][4672][gc,phases   ] GC(89)   Evacuate Collection Set: 177.4ms
[2022-02-19T17:42:18.117+0000][4672][gc,phases   ] GC(89)   Post Evacuate Collection Set: 90.8ms
[2022-02-19T17:42:18.117+0000][4672][gc,phases   ] GC(89)   Other: 1.2ms
[2022-02-19T17:42:18.117+0000][4672][gc,heap     ] GC(89) Eden regions: 42->0(27)
[2022-02-19T17:42:18.117+0000][4672][gc,heap     ] GC(89) Survivor regions: 1->1(6)
[2022-02-19T17:42:18.117+0000][4672][gc,heap     ] GC(89) Old regions: 19->19
[2022-02-19T17:42:18.117+0000][4672][gc,heap     ] GC(89) Archive regions: 0->0
[2022-02-19T17:42:18.117+0000][4672][gc,heap     ] GC(89) Humongous regions: 5->5
[2022-02-19T17:42:18.117+0000][4672][gc,metaspace] GC(89) Metaspace: 109080K(110912K)->109080K(110912K) NonClass: 94029K(95104K)->94029K(95104K) Class: 15050K(15808K)->15050K(15808K)
[2022-02-19T17:42:18.117+0000][4672][gc          ] GC(89) Pause Young (Normal) (G1 Evacuation Pause) 261M->93M(956M) 270.187ms
[2022-02-19T17:42:18.117+0000][4672][gc,cpu      ] GC(89) User=0.17s Sys=0.00s Real=0.27s
[2022-02-19T17:42:18.117+0000][4672][safepoint   ] Safepoint "G1CollectForAllocation", Time since last: 4498327336 ns, Reaching safepoint: 35927 ns, At safepoint: 270470255 ns, Total: 270506182 ns
[2022-02-19T17:42:48.536+0000][4672][gc,start    ] GC(90) Pause Young (Normal) (G1 Evacuation Pause)
[2022-02-19T17:42:48.536+0000][4672][gc,task     ] GC(90) Using 2 workers of 2 for evacuation
[2022-02-19T17:42:48.536+0000][4672][gc,age      ] GC(90) Desired survivor size 8388608 bytes, new threshold 15 (max threshold 15)
[2022-02-19T17:42:48.552+0000][4672][gc,age      ] GC(90) Age table with threshold 15 (max threshold 15)
[2022-02-19T17:42:48.552+0000][4672][gc,age      ] GC(90) - age   1:      11768 bytes,      11768 total
[2022-02-19T17:42:48.552+0000][4672][gc,age      ] GC(90) - age   3:      17208 bytes,      28976 total
[2022-02-19T17:42:48.552+0000][4672][gc,age      ] GC(90) - age   4:       5736 bytes,      34712 total
[2022-02-19T17:42:48.552+0000][4672][gc,age      ] GC(90) - age   6:      12912 bytes,      47624 total
[2022-02-19T17:42:48.552+0000][4672][gc,age      ] GC(90) - age   7:        680 bytes,      48304 total
[2022-02-19T17:42:48.552+0000][4672][gc,age      ] GC(90) - age   8:       1544 bytes,      49848 total
[2022-02-19T17:42:48.552+0000][4672][gc,age      ] GC(90) - age  11:        104 bytes,      49952 total
[2022-02-19T17:42:48.552+0000][4672][gc,age      ] GC(90) - age  13:        400 bytes,      50352 total
[2022-02-19T17:42:48.552+0000][4672][gc,age      ] GC(90) - age  14:       1488 bytes,      51840 total
[2022-02-19T17:42:48.552+0000][4672][gc,age      ] GC(90) - age  15:       1560 bytes,      53400 total
[2022-02-19T17:42:48.552+0000][4672][gc,phases   ] GC(90)   Pre Evacuate Collection Set: 0.1ms
[2022-02-19T17:42:48.552+0000][4672][gc,phases   ] GC(90)   Merge Heap Roots: 0.0ms
[2022-02-19T17:42:48.552+0000][4672][gc,phases   ] GC(90)   Evacuate Collection Set: 1.0ms
[2022-02-19T17:42:48.552+0000][4672][gc,phases   ] GC(90)   Post Evacuate Collection Set: 0.7ms
[2022-02-19T17:42:48.552+0000][4672][gc,phases   ] GC(90)   Other: 0.7ms
[2022-02-19T17:42:48.552+0000][4672][gc,heap     ] GC(90) Eden regions: 27->0(63)
[2022-02-19T17:42:48.552+0000][4672][gc,heap     ] GC(90) Survivor regions: 1->1(4)
[2022-02-19T17:42:48.552+0000][4672][gc,heap     ] GC(90) Old regions: 19->19
[2022-02-19T17:42:48.552+0000][4672][gc,heap     ] GC(90) Archive regions: 0->0
[2022-02-19T17:42:48.552+0000][4672][gc,heap     ] GC(90) Humongous regions: 5->5
[2022-02-19T17:42:48.552+0000][4672][gc,metaspace] GC(90) Metaspace: 109082K(110912K)->109082K(110912K) NonClass: 94031K(95104K)->94031K(95104K) Class: 15050K(15808K)->15050K(15808K)
[2022-02-19T17:42:48.552+0000][4672][gc          ] GC(90) Pause Young (Normal) (G1 Evacuation Pause) 201M->93M(956M) 2.721ms
[2022-02-19T17:42:48.552+0000][4672][gc,cpu      ] GC(90) User=0.02s Sys=0.00s Real=0.02s
[2022-02-19T17:42:48.552+0000][4672][safepoint   ] Safepoint "G1CollectForAllocation", Time since last: 30430659089 ns, Reaching safepoint: 42599 ns, At safepoint: 2893161 ns, Total: 2935760 ns
[2022-02-19T17:43:00.721+0000][4672][safepoint   ] Safepoint "Cleanup", Time since last: 12168030187 ns, Reaching safepoint: 261242 ns, At safepoint: 46192 ns, Total: 307434 ns
[2022-02-19T17:43:44.323+0000][4672][safepoint   ] Safepoint "Cleanup", Time since last: 43601394588 ns, Reaching safepoint: 53891 ns, At safepoint: 30795 ns, Total: 84686 ns
[2022-02-19T17:43:54.463+0000][4672][safepoint   ] Safepoint "Cleanup", Time since last: 10139769902 ns, Reaching safepoint: 51324 ns, At safepoint: 4619 ns, Total: 55943 ns
[2022-02-19T17:44:00.581+0000][4672][safepoint   ] Safepoint "Cleanup", Time since last: 6071288163 ns, Reaching safepoint: 46831021 ns, At safepoint: 83146 ns, Total: 46914167 ns
[2022-02-19T17:44:04.513+0000][4672][gc,start    ] GC(91) Pause Young (Normal) (G1 Evacuation Pause)
[2022-02-19T17:44:04.513+0000][4672][gc,task     ] GC(91) Using 2 workers of 2 for evacuation
[2022-02-19T17:44:04.513+0000][4672][gc,age      ] GC(91) Desired survivor size 16777216 bytes, new threshold 15 (max threshold 15)
[2022-02-19T17:44:04.606+0000][4672][gc,age      ] GC(91) Age table with threshold 15 (max threshold 15)
[2022-02-19T17:44:04.606+0000][4672][gc,age      ] GC(91) - age   1:      11904 bytes,      11904 total
[2022-02-19T17:44:04.606+0000][4672][gc,age      ] GC(91) - age   2:        312 bytes,      12216 total
[2022-02-19T17:44:04.606+0000][4672][gc,age      ] GC(91) - age   4:      17208 bytes,      29424 total
[2022-02-19T17:44:04.606+0000][4672][gc,age      ] GC(91) - age   5:       5704 bytes,      35128 total
[2022-02-19T17:44:04.606+0000][4672][gc,age      ] GC(91) - age   7:      12784 bytes,      47912 total
[2022-02-19T17:44:04.606+0000][4672][gc,age      ] GC(91) - age   8:        680 bytes,      48592 total
[2022-02-19T17:44:04.606+0000][4672][gc,age      ] GC(91) - age   9:       1544 bytes,      50136 total
[2022-02-19T17:44:04.606+0000][4672][gc,age      ] GC(91) - age  12:        104 bytes,      50240 total
[2022-02-19T17:44:04.606+0000][4672][gc,age      ] GC(91) - age  14:        400 bytes,      50640 total
[2022-02-19T17:44:04.606+0000][4672][gc,age      ] GC(91) - age  15:       1488 bytes,      52128 total
[2022-02-19T17:44:04.606+0000][4672][gc,phases   ] GC(91)   Pre Evacuate Collection Set: 0.1ms
[2022-02-19T17:44:04.606+0000][4672][gc,phases   ] GC(91)   Merge Heap Roots: 0.0ms
[2022-02-19T17:44:04.606+0000][4672][gc,phases   ] GC(91)   Evacuate Collection Set: 85.7ms
[2022-02-19T17:44:04.606+0000][4672][gc,phases   ] GC(91)   Post Evacuate Collection Set: 0.8ms
[2022-02-19T17:44:04.606+0000][4672][gc,phases   ] GC(91)   Other: 0.6ms
[2022-02-19T17:44:04.606+0000][4672][gc,heap     ] GC(91) Eden regions: 63->0(108)
[2022-02-19T17:44:04.606+0000][4672][gc,heap     ] GC(91) Survivor regions: 1->1(8)
[2022-02-19T17:44:04.606+0000][4672][gc,heap     ] GC(91) Old regions: 19->19
[2022-02-19T17:44:04.606+0000][4672][gc,heap     ] GC(91) Archive regions: 0->0
[2022-02-19T17:44:04.606+0000][4672][gc,heap     ] GC(91) Humongous regions: 5->5
[2022-02-19T17:44:04.606+0000][4672][gc,metaspace] GC(91) Metaspace: 109086K(110912K)->109086K(110912K) NonClass: 94035K(95104K)->94035K(95104K) Class: 15050K(15808K)->15050K(15808K)
[2022-02-19T17:44:04.606+0000][4672][gc          ] GC(91) Pause Young (Normal) (G1 Evacuation Pause) 345M->93M(956M) 87.518ms
[2022-02-19T17:44:04.606+0000][4672][gc,cpu      ] GC(91) User=0.03s Sys=0.00s Real=0.09s
[2022-02-19T17:44:04.606+0000][4672][safepoint   ] Safepoint "G1CollectForAllocation", Time since last: 3945986118 ns, Reaching safepoint: 34387 ns, At safepoint: 87670423 ns, Total: 87704810 ns
[2022-02-19T17:44:20.818+0000][4672][safepoint   ] Safepoint "Cleanup", Time since last: 16202481744 ns, Reaching safepoint: 81606 ns, At safepoint: 11291 ns, Total: 92897 ns
[2022-02-19T17:44:25.888+0000][4672][safepoint   ] Safepoint "Cleanup", Time since last: 5069820282 ns, Reaching safepoint: 79553 ns, At safepoint: 6672 ns, Total: 86225 ns
[2022-02-19T17:44:29.944+0000][4672][safepoint   ] Safepoint "Cleanup", Time since last: 4055908269 ns, Reaching safepoint: 98543 ns, At safepoint: 89305 ns, Total: 187848 ns
[2022-02-19T17:45:06.423+0000][4672][safepoint   ] Safepoint "Cleanup", Time since last: 36477840656 ns, Reaching safepoint: 87765 ns, At safepoint: 6672 ns, Total: 94437 ns
[2022-02-19T17:46:17.602+0000][4672][gc,start    ] GC(92) Pause Young (Normal) (G1 Evacuation Pause)
[2022-02-19T17:46:17.602+0000][4672][gc,task     ] GC(92) Using 2 workers of 2 for evacuation
[2022-02-19T17:46:17.602+0000][4672][gc,age      ] GC(92) Desired survivor size 29360128 bytes, new threshold 15 (max threshold 15)
[2022-02-19T17:46:17.774+0000][4672][gc,age      ] GC(92) Age table with threshold 15 (max threshold 15)
[2022-02-19T17:46:17.774+0000][4672][gc,age      ] GC(92) - age   1:      12664 bytes,      12664 total
[2022-02-19T17:46:17.774+0000][4672][gc,age      ] GC(92) - age   2:        400 bytes,      13064 total
[2022-02-19T17:46:17.774+0000][4672][gc,age      ] GC(92) - age   3:        128 bytes,      13192 total
[2022-02-19T17:46:17.774+0000][4672][gc,age      ] GC(92) - age   5:      17208 bytes,      30400 total
[2022-02-19T17:46:17.774+0000][4672][gc,age      ] GC(92) - age   6:       5576 bytes,      35976 total
[2022-02-19T17:46:17.774+0000][4672][gc,age      ] GC(92) - age   8:      12400 bytes,      48376 total
[2022-02-19T17:46:17.774+0000][4672][gc,age      ] GC(92) - age   9:        680 bytes,      49056 total
[2022-02-19T17:46:17.774+0000][4672][gc,age      ] GC(92) - age  10:       1544 bytes,      50600 total
[2022-02-19T17:46:17.774+0000][4672][gc,age      ] GC(92) - age  13:        104 bytes,      50704 total
[2022-02-19T17:46:17.774+0000][4672][gc,age      ] GC(92) - age  15:        400 bytes,      51104 total
[2022-02-19T17:46:17.774+0000][4672][gc,phases   ] GC(92)   Pre Evacuate Collection Set: 0.1ms
[2022-02-19T17:46:17.774+0000][4672][gc,phases   ] GC(92)   Merge Heap Roots: 0.1ms
[2022-02-19T17:46:17.774+0000][4672][gc,phases   ] GC(92)   Evacuate Collection Set: 161.7ms
[2022-02-19T17:46:17.774+0000][4672][gc,phases   ] GC(92)   Post Evacuate Collection Set: 1.0ms
[2022-02-19T17:46:17.774+0000][4672][gc,phases   ] GC(92)   Other: 0.7ms
[2022-02-19T17:46:17.774+0000][4672][gc,heap     ] GC(92) Eden regions: 108->0(66)
[2022-02-19T17:46:17.774+0000][4672][gc,heap     ] GC(92) Survivor regions: 1->1(14)
[2022-02-19T17:46:17.774+0000][4672][gc,heap     ] GC(92) Old regions: 19->19
[2022-02-19T17:46:17.774+0000][4672][gc,heap     ] GC(92) Archive regions: 0->0
[2022-02-19T17:46:17.774+0000][4672][gc,heap     ] GC(92) Humongous regions: 5->5
[2022-02-19T17:46:17.774+0000][4672][gc,metaspace] GC(92) Metaspace: 109094K(110976K)->109094K(110976K) NonClass: 94043K(95168K)->94043K(95168K) Class: 15050K(15808K)->15050K(15808K)
[2022-02-19T17:46:17.774+0000][4672][gc          ] GC(92) Pause Young (Normal) (G1 Evacuation Pause) 525M->93M(956M) 164.054ms
[2022-02-19T17:46:17.774+0000][4672][gc,cpu      ] GC(92) User=0.02s Sys=0.00s Real=0.17s
[2022-02-19T17:46:17.790+0000][4672][safepoint   ] Safepoint "G1CollectForAllocation", Time since last: 71188692396 ns, Reaching safepoint: 105215 ns, At safepoint: 183085710 ns, Total: 183190925 ns
[2022-02-19T17:46:21.819+0000][4672][safepoint   ] Safepoint "Cleanup", Time since last: 4022640254 ns, Reaching safepoint: 63643 ns, At safepoint: 5645 ns, Total: 69288 ns
[2022-02-19T17:46:27.903+0000][4672][safepoint   ] Safepoint "Cleanup", Time since last: 6083833405 ns, Reaching safepoint: 62103 ns, At safepoint: 10778 ns, Total: 72881 ns
[2022-02-19T17:46:30.946+0000][4672][safepoint   ] Safepoint "Cleanup", Time since last: 3042885195 ns, Reaching safepoint: 89818 ns, At safepoint: 10778 ns, Total: 100596 ns
[2022-02-19T17:46:50.213+0000][4672][safepoint   ] Safepoint "Cleanup", Time since last: 19266615787 ns, Reaching safepoint: 63129 ns, At safepoint: 5646 ns, Total: 68775 ns
[2022-02-19T17:47:38.842+0000][4672][gc,start    ] GC(93) Pause Young (Normal) (G1 Evacuation Pause)
[2022-02-19T17:47:38.842+0000][4672][gc,task     ] GC(93) Using 2 workers of 2 for evacuation
[2022-02-19T17:47:38.842+0000][4672][gc,age      ] GC(93) Desired survivor size 18874368 bytes, new threshold 15 (max threshold 15)
[2022-02-19T17:47:38.842+0000][4672][gc,age      ] GC(93) Age table with threshold 15 (max threshold 15)
[2022-02-19T17:47:38.858+0000][4672][gc,age      ] GC(93) - age   1:      12904 bytes,      12904 total
[2022-02-19T17:47:38.858+0000][4672][gc,age      ] GC(93) - age   2:       1032 bytes,      13936 total
[2022-02-19T17:47:38.858+0000][4672][gc,age      ] GC(93) - age   3:        400 bytes,      14336 total
[2022-02-19T17:47:38.858+0000][4672][gc,age      ] GC(93) - age   4:        128 bytes,      14464 total
[2022-02-19T17:47:38.858+0000][4672][gc,age      ] GC(93) - age   6:      17208 bytes,      31672 total
[2022-02-19T17:47:38.858+0000][4672][gc,age      ] GC(93) - age   7:       5576 bytes,      37248 total
[2022-02-19T17:47:38.858+0000][4672][gc,age      ] GC(93) - age   9:      12400 bytes,      49648 total
[2022-02-19T17:47:38.858+0000][4672][gc,age      ] GC(93) - age  10:        680 bytes,      50328 total
[2022-02-19T17:47:38.858+0000][4672][gc,age      ] GC(93) - age  11:       1544 bytes,      51872 total
[2022-02-19T17:47:38.858+0000][4672][gc,age      ] GC(93) - age  14:        104 bytes,      51976 total
[2022-02-19T17:47:38.858+0000][4672][gc,phases   ] GC(93)   Pre Evacuate Collection Set: 0.1ms
[2022-02-19T17:47:38.858+0000][4672][gc,phases   ] GC(93)   Merge Heap Roots: 0.1ms
[2022-02-19T17:47:38.858+0000][4672][gc,phases   ] GC(93)   Evacuate Collection Set: 1.7ms
[2022-02-19T17:47:38.858+0000][4672][gc,phases   ] GC(93)   Post Evacuate Collection Set: 1.5ms
[2022-02-19T17:47:38.858+0000][4672][gc,phases   ] GC(93)   Other: 1.3ms
[2022-02-19T17:47:38.858+0000][4672][gc,heap     ] GC(93) Eden regions: 66->0(108)
[2022-02-19T17:47:38.858+0000][4672][gc,heap     ] GC(93) Survivor regions: 1->1(9)
[2022-02-19T17:47:38.858+0000][4672][gc,heap     ] GC(93) Old regions: 19->19
[2022-02-19T17:47:38.858+0000][4672][gc,heap     ] GC(93) Archive regions: 0->0
[2022-02-19T17:47:38.858+0000][4672][gc,heap     ] GC(93) Humongous regions: 5->5
[2022-02-19T17:47:38.858+0000][4672][gc,metaspace] GC(93) Metaspace: 109113K(110976K)->109113K(110976K) NonClass: 94063K(95168K)->94063K(95168K) Class: 15050K(15808K)->15050K(15808K)
[2022-02-19T17:47:38.858+0000][4672][gc          ] GC(93) Pause Young (Normal) (G1 Evacuation Pause) 357M->93M(956M) 5.294ms
[2022-02-19T17:47:38.858+0000][4672][gc,cpu      ] GC(93) User=0.00s Sys=0.02s Real=0.02s
[2022-02-19T17:47:38.858+0000][4672][safepoint   ] Safepoint "G1CollectForAllocation", Time since last: 48640127634 ns, Reaching safepoint: 276125 ns, At safepoint: 5562034 ns, Total: 5838159 ns
[2022-02-19T17:48:01.823+0000][4672][safepoint   ] Safepoint "Cleanup", Time since last: 22292876984 ns, Reaching safepoint: 670825318 ns, At safepoint: 2564171 ns, Total: 673389489 ns
[2022-02-19T17:48:35.241+0000][4672][safepoint   ] Safepoint "Cleanup", Time since last: 33414340470 ns, Reaching safepoint: 62103 ns, At safepoint: 5132 ns, Total: 67235 ns
[2022-02-19T17:48:41.325+0000][4672][safepoint   ] Safepoint "Cleanup", Time since last: 6083834945 ns, Reaching safepoint: 64668 ns, At safepoint: 6159 ns, Total: 70827 ns
[2022-02-19T17:48:56.535+0000][4672][safepoint   ] Safepoint "Cleanup", Time since last: 15209700532 ns, Reaching safepoint: 64156 ns, At safepoint: 5132 ns, Total: 69288 ns
[2022-02-19T17:49:40.125+0000][4672][safepoint   ] Safepoint "Cleanup", Time since last: 43589662326 ns, Reaching safepoint: 68262 ns, At safepoint: 6672 ns, Total: 74934 ns
[2022-02-19T17:49:45.835+0000][4672][gc,start    ] GC(94) Pause Young (Normal) (G1 Evacuation Pause)
[2022-02-19T17:49:45.835+0000][4672][gc,task     ] GC(94) Using 2 workers of 2 for evacuation
[2022-02-19T17:49:45.835+0000][4672][gc,age      ] GC(94) Desired survivor size 29360128 bytes, new threshold 15 (max threshold 15)
[2022-02-19T17:49:46.366+0000][4672][gc,age      ] GC(94) Age table with threshold 15 (max threshold 15)
[2022-02-19T17:49:46.366+0000][4672][gc,age      ] GC(94) - age   1:       9152 bytes,       9152 total
[2022-02-19T17:49:46.366+0000][4672][gc,age      ] GC(94) - age   2:        424 bytes,       9576 total
[2022-02-19T17:49:46.366+0000][4672][gc,age      ] GC(94) - age   3:       1032 bytes,      10608 total
[2022-02-19T17:49:46.366+0000][4672][gc,age      ] GC(94) - age   4:        400 bytes,      11008 total
[2022-02-19T17:49:46.366+0000][4672][gc,age      ] GC(94) - age   7:      17208 bytes,      28216 total
[2022-02-19T17:49:46.366+0000][4672][gc,age      ] GC(94) - age   8:       5576 bytes,      33792 total
[2022-02-19T17:49:46.366+0000][4672][gc,age      ] GC(94) - age  10:      12400 bytes,      46192 total
[2022-02-19T17:49:46.366+0000][4672][gc,age      ] GC(94) - age  11:        680 bytes,      46872 total
[2022-02-19T17:49:46.366+0000][4672][gc,age      ] GC(94) - age  12:       1544 bytes,      48416 total
[2022-02-19T17:49:46.366+0000][4672][gc,age      ] GC(94) - age  15:        104 bytes,      48520 total
[2022-02-19T17:49:46.366+0000][4672][gc,mmu      ] GC(94) MMU target violated: 201.0ms (200.0ms/201.0ms)
[2022-02-19T17:49:46.366+0000][4672][gc,phases   ] GC(94)   Pre Evacuate Collection Set: 0.1ms
[2022-02-19T17:49:46.366+0000][4672][gc,phases   ] GC(94)   Merge Heap Roots: 0.1ms
[2022-02-19T17:49:46.366+0000][4672][gc,phases   ] GC(94)   Evacuate Collection Set: 536.4ms
[2022-02-19T17:49:46.366+0000][4672][gc,phases   ] GC(94)   Post Evacuate Collection Set: 1.0ms
[2022-02-19T17:49:46.366+0000][4672][gc,phases   ] GC(94)   Other: 0.9ms
[2022-02-19T17:49:46.366+0000][4672][gc,heap     ] GC(94) Eden regions: 108->0(142)
[2022-02-19T17:49:46.366+0000][4672][gc,heap     ] GC(94) Survivor regions: 1->1(14)
[2022-02-19T17:49:46.366+0000][4672][gc,heap     ] GC(94) Old regions: 19->19
[2022-02-19T17:49:46.366+0000][4672][gc,heap     ] GC(94) Archive regions: 0->0
[2022-02-19T17:49:46.366+0000][4672][gc,heap     ] GC(94) Humongous regions: 5->5
[2022-02-19T17:49:46.366+0000][4672][gc,metaspace] GC(94) Metaspace: 109131K(110976K)->109131K(110976K) NonClass: 94080K(95168K)->94080K(95168K) Class: 15050K(15808K)->15050K(15808K)
[2022-02-19T17:49:46.366+0000][4672][gc          ] GC(94) Pause Young (Normal) (G1 Evacuation Pause) 525M->93M(956M) 538.667ms
[2022-02-19T17:49:46.366+0000][4672][gc,cpu      ] GC(94) User=0.03s Sys=0.00s Real=0.53s
[2022-02-19T17:49:46.366+0000][4672][safepoint   ] Safepoint "G1CollectForAllocation", Time since last: 5709784191 ns, Reaching safepoint: 44652 ns, At safepoint: 538991721 ns, Total: 539036373 ns
[2022-02-19T17:49:59.492+0000][4672][safepoint   ] Safepoint "Cleanup", Time since last: 13116824267 ns, Reaching safepoint: 79039 ns, At safepoint: 7186 ns, Total: 86225 ns
[2022-02-19T17:50:02.517+0000][4672][safepoint   ] Safepoint "Cleanup", Time since last: 3025291164 ns, Reaching safepoint: 70314 ns, At safepoint: 6159 ns, Total: 76473 ns
[2022-02-19T17:50:46.093+0000][4672][safepoint   ] Safepoint "Cleanup", Time since last: 43574805429 ns, Reaching safepoint: 65182 ns, At safepoint: 8212 ns, Total: 73394 ns
[2022-02-19T17:51:02.317+0000][4672][safepoint   ] Safepoint "Cleanup", Time since last: 16223714681 ns, Reaching safepoint: 64669 ns, At safepoint: 13344 ns, Total: 78013 ns
[2022-02-19T17:51:04.345+0000][4672][safepoint   ] Safepoint "Cleanup", Time since last: 2027903580 ns, Reaching safepoint: 60563 ns, At safepoint: 6159 ns, Total: 66722 ns
[2022-02-19T17:51:44.908+0000][4672][safepoint   ] Safepoint "Cleanup", Time since last: 40562369507 ns, Reaching safepoint: 63129 ns, At safepoint: 12831 ns, Total: 75960 ns
[2022-02-19T17:51:59.090+0000][4672][safepoint   ] Safepoint "Cleanup", Time since last: 14182063840 ns, Reaching safepoint: 68775 ns, At safepoint: 6672 ns, Total: 75447 ns
[2022-02-19T17:52:02.237+0000][4672][safepoint   ] Safepoint "Cleanup", Time since last: 3037636754 ns, Reaching safepoint: 109257499 ns, At safepoint: 2324486 ns, Total: 111581985 ns
[2022-02-19T17:52:03.251+0000][4672][safepoint   ] Safepoint "Cleanup", Time since last: 1011605491 ns, Reaching safepoint: 70315 ns, At safepoint: 7698 ns, Total: 78013 ns
[2022-02-19T17:53:10.032+0000][4672][gc,start    ] GC(95) Pause Young (Normal) (G1 Evacuation Pause)
[2022-02-19T17:53:10.032+0000][4672][gc,task     ] GC(95) Using 2 workers of 2 for evacuation
[2022-02-19T17:53:10.032+0000][4672][gc,age      ] GC(95) Desired survivor size 37748736 bytes, new threshold 15 (max threshold 15)
[2022-02-19T17:53:10.235+0000][4672][gc,age      ] GC(95) Age table with threshold 15 (max threshold 15)
[2022-02-19T17:53:10.235+0000][4672][gc,age      ] GC(95) - age   1:      14896 bytes,      14896 total
[2022-02-19T17:53:10.235+0000][4672][gc,age      ] GC(95) - age   2:        808 bytes,      15704 total
[2022-02-19T17:53:10.235+0000][4672][gc,age      ] GC(95) - age   3:        296 bytes,      16000 total
[2022-02-19T17:53:10.235+0000][4672][gc,age      ] GC(95) - age   4:       1032 bytes,      17032 total
[2022-02-19T17:53:10.235+0000][4672][gc,age      ] GC(95) - age   5:        400 bytes,      17432 total
[2022-02-19T17:53:10.235+0000][4672][gc,age      ] GC(95) - age   8:      17208 bytes,      34640 total
[2022-02-19T17:53:10.235+0000][4672][gc,age      ] GC(95) - age   9:       5576 bytes,      40216 total
[2022-02-19T17:53:10.235+0000][4672][gc,age      ] GC(95) - age  11:      12400 bytes,      52616 total
[2022-02-19T17:53:10.235+0000][4672][gc,age      ] GC(95) - age  12:        680 bytes,      53296 total
[2022-02-19T17:53:10.235+0000][4672][gc,age      ] GC(95) - age  13:       1544 bytes,      54840 total
[2022-02-19T17:53:10.235+0000][4672][gc,mmu      ] GC(95) MMU target violated: 201.0ms (200.0ms/201.0ms)
[2022-02-19T17:53:10.235+0000][4672][gc,phases   ] GC(95)   Pre Evacuate Collection Set: 0.1ms
[2022-02-19T17:53:10.235+0000][4672][gc,phases   ] GC(95)   Merge Heap Roots: 0.0ms
[2022-02-19T17:53:10.235+0000][4672][gc,phases   ] GC(95)   Evacuate Collection Set: 117.9ms
[2022-02-19T17:53:10.235+0000][4672][gc,phases   ] GC(95)   Post Evacuate Collection Set: 58.9ms
[2022-02-19T17:53:10.235+0000][4672][gc,phases   ] GC(95)   Other: 32.4ms
[2022-02-19T17:53:10.235+0000][4672][gc,heap     ] GC(95) Eden regions: 142->0(142)
[2022-02-19T17:53:10.235+0000][4672][gc,heap     ] GC(95) Survivor regions: 1->1(18)
[2022-02-19T17:53:10.235+0000][4672][gc,heap     ] GC(95) Old regions: 19->19
[2022-02-19T17:53:10.235+0000][4672][gc,heap     ] GC(95) Archive regions: 0->0
[2022-02-19T17:53:10.235+0000][4672][gc,heap     ] GC(95) Humongous regions: 5->5
[2022-02-19T17:53:10.235+0000][4672][gc,metaspace] GC(95) Metaspace: 109143K(110976K)->109143K(110976K) NonClass: 94093K(95168K)->94093K(95168K) Class: 15050K(15808K)->15050K(15808K)
[2022-02-19T17:53:10.235+0000][4672][gc          ] GC(95) Pause Young (Normal) (G1 Evacuation Pause) 661M->93M(956M) 209.737ms
[2022-02-19T17:53:10.235+0000][4672][gc,cpu      ] GC(95) User=0.02s Sys=0.00s Real=0.20s
[2022-02-19T17:53:10.235+0000][4672][safepoint   ] Safepoint "G1CollectForAllocation", Time since last: 66784057898 ns, Reaching safepoint: 40547 ns, At safepoint: 209971012 ns, Total: 210011559 ns
[2022-02-19T17:53:32.519+0000][4672][safepoint   ] Safepoint "Cleanup", Time since last: 22272313317 ns, Reaching safepoint: 72881 ns, At safepoint: 6159 ns, Total: 79040 ns
[2022-02-19T17:53:55.841+0000][4672][safepoint   ] Safepoint "Cleanup", Time since last: 23321593029 ns, Reaching safepoint: 61077 ns, At safepoint: 5132 ns, Total: 66209 ns
[2022-02-19T17:54:02.941+0000][4672][safepoint   ] Safepoint "Cleanup", Time since last: 7099838944 ns, Reaching safepoint: 63642 ns, At safepoint: 6159 ns, Total: 69801 ns
[2022-02-19T17:54:27.280+0000][4672][safepoint   ] Safepoint "Cleanup", Time since last: 24338496747 ns, Reaching safepoint: 80580 ns, At safepoint: 5132 ns, Total: 85712 ns
[2022-02-19T17:54:33.537+0000][4672][safepoint   ] Safepoint "Cleanup", Time since last: 6084843471 ns, Reaching safepoint: 171625980 ns, At safepoint: 23096 ns, Total: 171649076 ns
[2022-02-19T17:54:41.595+0000][4672][safepoint   ] Safepoint "Cleanup", Time since last: 8058031049 ns, Reaching safepoint: 66209 ns, At safepoint: 11804 ns, Total: 78013 ns
[2022-02-19T17:55:02.905+0000][4672][safepoint   ] Safepoint "Cleanup", Time since last: 21261199515 ns, Reaching safepoint: 50857427 ns, At safepoint: 5935676 ns, Total: 56793103 ns
[2022-02-19T17:55:15.011+0000][4672][safepoint   ] Safepoint "Cleanup", Time since last: 12097781345 ns, Reaching safepoint: 55944 ns, At safepoint: 3593 ns, Total: 59537 ns
[2022-02-19T17:55:23.116+0000][4672][safepoint   ] Safepoint "Cleanup", Time since last: 8104394504 ns, Reaching safepoint: 63129 ns, At safepoint: 6159 ns, Total: 69288 ns
[2022-02-19T17:56:02.940+0000][4672][gc,start    ] GC(96) Pause Young (Normal) (G1 Evacuation Pause)
[2022-02-19T17:56:02.940+0000][4672][gc,task     ] GC(96) Using 2 workers of 2 for evacuation
[2022-02-19T17:56:02.940+0000][4672][gc,age      ] GC(96) Desired survivor size 37748736 bytes, new threshold 15 (max threshold 15)
[2022-02-19T17:56:03.455+0000][4672][gc,age      ] GC(96) Age table with threshold 15 (max threshold 15)
[2022-02-19T17:56:03.455+0000][4672][gc,age      ] GC(96) - age   1:      18368 bytes,      18368 total
[2022-02-19T17:56:03.455+0000][4672][gc,age      ] GC(96) - age   2:       2408 bytes,      20776 total
[2022-02-19T17:56:03.455+0000][4672][gc,age      ] GC(96) - age   3:        808 bytes,      21584 total
[2022-02-19T17:56:03.455+0000][4672][gc,age      ] GC(96) - age   4:        296 bytes,      21880 total
[2022-02-19T17:56:03.455+0000][4672][gc,age      ] GC(96) - age   5:        648 bytes,      22528 total
[2022-02-19T17:56:03.455+0000][4672][gc,age      ] GC(96) - age   6:        272 bytes,      22800 total
[2022-02-19T17:56:03.455+0000][4672][gc,age      ] GC(96) - age   9:      16144 bytes,      38944 total
[2022-02-19T17:56:03.455+0000][4672][gc,age      ] GC(96) - age  10:       5576 bytes,      44520 total
[2022-02-19T17:56:03.455+0000][4672][gc,age      ] GC(96) - age  12:      12400 bytes,      56920 total
[2022-02-19T17:56:03.455+0000][4672][gc,age      ] GC(96) - age  13:        680 bytes,      57600 total
[2022-02-19T17:56:03.455+0000][4672][gc,age      ] GC(96) - age  14:       1544 bytes,      59144 total
[2022-02-19T17:56:03.455+0000][4672][gc,mmu      ] GC(96) MMU target violated: 201.0ms (200.0ms/201.0ms)
[2022-02-19T17:56:03.455+0000][4672][gc,phases   ] GC(96)   Pre Evacuate Collection Set: 0.1ms
[2022-02-19T17:56:03.455+0000][4672][gc,phases   ] GC(96)   Merge Heap Roots: 0.1ms
[2022-02-19T17:56:03.455+0000][4672][gc,phases   ] GC(96)   Evacuate Collection Set: 512.8ms
[2022-02-19T17:56:03.455+0000][4672][gc,phases   ] GC(96)   Post Evacuate Collection Set: 12.6ms
[2022-02-19T17:56:03.455+0000][4672][gc,phases   ] GC(96)   Other: 0.9ms
[2022-02-19T17:56:03.455+0000][4672][gc,heap     ] GC(96) Eden regions: 142->0(142)
[2022-02-19T17:56:03.455+0000][4672][gc,heap     ] GC(96) Survivor regions: 1->1(18)
[2022-02-19T17:56:03.455+0000][4672][gc,heap     ] GC(96) Old regions: 19->19
[2022-02-19T17:56:03.455+0000][4672][gc,heap     ] GC(96) Archive regions: 0->0
[2022-02-19T17:56:03.455+0000][4672][gc,heap     ] GC(96) Humongous regions: 5->5
[2022-02-19T17:56:03.455+0000][4672][gc,metaspace] GC(96) Metaspace: 109154K(110976K)->109154K(110976K) NonClass: 94103K(95168K)->94103K(95168K) Class: 15050K(15808K)->15050K(15808K)
[2022-02-19T17:56:03.471+0000][4672][gc          ] GC(96) Pause Young (Normal) (G1 Evacuation Pause) 661M->93M(956M) 526.792ms
[2022-02-19T17:56:03.471+0000][4672][gc,cpu      ] GC(96) User=0.09s Sys=0.00s Real=0.53s
[2022-02-19T17:56:03.471+0000][4672][safepoint   ] Safepoint "G1CollectForAllocation", Time since last: 39778427090 ns, Reaching safepoint: 45091121 ns, At safepoint: 540962067 ns, Total: 586053188 ns
[2022-02-19T17:57:02.217+0000][4672][safepoint   ] Safepoint "Cleanup", Time since last: 58687564284 ns, Reaching safepoint: 46845392 ns, At safepoint: 317186 ns, Total: 47162578 ns
[2022-02-19T17:57:32.625+0000][4672][safepoint   ] Safepoint "Cleanup", Time since last: 30407530738 ns, Reaching safepoint: 64669 ns, At safepoint: 5645 ns, Total: 70314 ns
[2022-02-19T17:57:35.667+0000][4672][safepoint   ] Safepoint "Cleanup", Time since last: 3041933640 ns, Reaching safepoint: 64155 ns, At safepoint: 5646 ns, Total: 69801 ns
[2022-02-19T17:57:47.836+0000][4672][safepoint   ] Safepoint "Cleanup", Time since last: 12168695352 ns, Reaching safepoint: 64156 ns, At safepoint: 5646 ns, Total: 69802 ns
[2022-02-19T17:57:50.878+0000][4672][safepoint   ] Safepoint "Cleanup", Time since last: 3041858705 ns, Reaching safepoint: 51325 ns, At safepoint: 3593 ns, Total: 54918 ns
[2022-02-19T17:58:01.020+0000][4672][safepoint   ] Safepoint "Cleanup", Time since last: 10141822881 ns, Reaching safepoint: 65695 ns, At safepoint: 6159 ns, Total: 71854 ns
[2022-02-19T17:58:03.048+0000][4672][safepoint   ] Safepoint "Cleanup", Time since last: 2033101723 ns, Reaching safepoint: 174503 ns, At safepoint: 9239 ns, Total: 183742 ns
[2022-02-19T17:58:31.475+0000][4672][safepoint   ] Safepoint "Cleanup", Time since last: 28374594280 ns, Reaching safepoint: 46803306 ns, At safepoint: 20017 ns, Total: 46823323 ns
[2022-02-19T17:58:55.936+0000][4672][gc,start    ] GC(97) Pause Young (Normal) (G1 Evacuation Pause)
[2022-02-19T17:58:55.936+0000][4672][gc,task     ] GC(97) Using 2 workers of 2 for evacuation
[2022-02-19T17:58:55.936+0000][4672][gc,age      ] GC(97) Desired survivor size 37748736 bytes, new threshold 15 (max threshold 15)
[2022-02-19T17:58:56.061+0000][4672][gc,age      ] GC(97) Age table with threshold 15 (max threshold 15)
[2022-02-19T17:58:56.061+0000][4672][gc,age      ] GC(97) - age   1:      25352 bytes,      25352 total
[2022-02-19T17:58:56.061+0000][4672][gc,age      ] GC(97) - age   2:       1544 bytes,      26896 total
[2022-02-19T17:58:56.061+0000][4672][gc,age      ] GC(97) - age   3:       2408 bytes,      29304 total
[2022-02-19T17:58:56.061+0000][4672][gc,age      ] GC(97) - age   4:        808 bytes,      30112 total
[2022-02-19T17:58:56.061+0000][4672][gc,age      ] GC(97) - age   5:        296 bytes,      30408 total
[2022-02-19T17:58:56.061+0000][4672][gc,age      ] GC(97) - age   6:        648 bytes,      31056 total
[2022-02-19T17:58:56.061+0000][4672][gc,age      ] GC(97) - age   7:        272 bytes,      31328 total
[2022-02-19T17:58:56.061+0000][4672][gc,age      ] GC(97) - age  10:      16144 bytes,      47472 total
[2022-02-19T17:58:56.061+0000][4672][gc,age      ] GC(97) - age  11:       5576 bytes,      53048 total
[2022-02-19T17:58:56.061+0000][4672][gc,age      ] GC(97) - age  13:      12400 bytes,      65448 total
[2022-02-19T17:58:56.061+0000][4672][gc,age      ] GC(97) - age  14:        680 bytes,      66128 total
[2022-02-19T17:58:56.061+0000][4672][gc,age      ] GC(97) - age  15:       1544 bytes,      67672 total
[2022-02-19T17:58:56.061+0000][4672][gc,phases   ] GC(97)   Pre Evacuate Collection Set: 0.1ms
[2022-02-19T17:58:56.061+0000][4672][gc,phases   ] GC(97)   Merge Heap Roots: 0.1ms
[2022-02-19T17:58:56.061+0000][4672][gc,phases   ] GC(97)   Evacuate Collection Set: 122.6ms
[2022-02-19T17:58:56.061+0000][4672][gc,phases   ] GC(97)   Post Evacuate Collection Set: 1.8ms
[2022-02-19T17:58:56.061+0000][4672][gc,phases   ] GC(97)   Other: 1.2ms
[2022-02-19T17:58:56.061+0000][4672][gc,heap     ] GC(97) Eden regions: 142->0(142)
[2022-02-19T17:58:56.061+0000][4672][gc,heap     ] GC(97) Survivor regions: 1->1(18)
[2022-02-19T17:58:56.061+0000][4672][gc,heap     ] GC(97) Old regions: 19->19
[2022-02-19T17:58:56.061+0000][4672][gc,heap     ] GC(97) Archive regions: 0->0
[2022-02-19T17:58:56.061+0000][4672][gc,heap     ] GC(97) Humongous regions: 5->5
[2022-02-19T17:58:56.061+0000][4672][gc,metaspace] GC(97) Metaspace: 109177K(111040K)->109177K(111040K) NonClass: 94126K(95232K)->94126K(95232K) Class: 15050K(15808K)->15050K(15808K)
[2022-02-19T17:58:56.061+0000][4672][gc          ] GC(97) Pause Young (Normal) (G1 Evacuation Pause) 661M->93M(956M) 126.523ms
[2022-02-19T17:58:56.061+0000][4672][gc,cpu      ] GC(97) User=0.02s Sys=0.00s Real=0.13s
[2022-02-19T17:58:56.061+0000][4672][safepoint   ] Safepoint "G1CollectForAllocation", Time since last: 24460785531 ns, Reaching safepoint: 70828 ns, At safepoint: 126961365 ns, Total: 127032193 ns
[2022-02-19T17:59:22.426+0000][4672][safepoint   ] Safepoint "Cleanup", Time since last: 26362267166 ns, Reaching safepoint: 84172 ns, At safepoint: 12831 ns, Total: 97003 ns
[2022-02-19T17:59:27.496+0000][4672][safepoint   ] Safepoint "Cleanup", Time since last: 5069538511 ns, Reaching safepoint: 103676 ns, At safepoint: 17450 ns, Total: 121126 ns
[2022-02-19T17:59:31.552+0000][4672][safepoint   ] Safepoint "Cleanup", Time since last: 4055751729 ns, Reaching safepoint: 70315 ns, At safepoint: 69288 ns, Total: 139603 ns
[2022-02-19T17:59:33.566+0000][4672][safepoint   ] Safepoint "Cleanup", Time since last: 2013512709 ns, Reaching safepoint: 85712 ns, At safepoint: 13344 ns, Total: 99056 ns
[2022-02-19T17:59:53.755+0000][4672][safepoint   ] Safepoint "Cleanup", Time since last: 20188381370 ns, Reaching safepoint: 62615 ns, At safepoint: 6159 ns, Total: 68774 ns
[2022-02-19T18:00:02.868+0000][4672][safepoint   ] Safepoint "Cleanup", Time since last: 9113152514 ns, Reaching safepoint: 62103 ns, At safepoint: 6672 ns, Total: 68775 ns
[2022-02-19T18:00:06.924+0000][4672][safepoint   ] Safepoint "Cleanup", Time since last: 4055954461 ns, Reaching safepoint: 60563 ns, At safepoint: 6159 ns, Total: 66722 ns
[2022-02-19T18:00:28.191+0000][4672][safepoint   ] Safepoint "Cleanup", Time since last: 21266378154 ns, Reaching safepoint: 64156 ns, At safepoint: 6159 ns, Total: 70315 ns
[2022-02-19T18:00:37.317+0000][4672][safepoint   ] Safepoint "Cleanup", Time since last: 9125919478 ns, Reaching safepoint: 53891 ns, At safepoint: 3592 ns, Total: 57483 ns
[2022-02-19T18:00:43.375+0000][4672][safepoint   ] Safepoint "Cleanup", Time since last: 6057493682 ns, Reaching safepoint: 61076 ns, At safepoint: 6159 ns, Total: 67235 ns
[2022-02-19T18:01:49.802+0000][4672][gc,start    ] GC(98) Pause Young (Normal) (G1 Evacuation Pause)
[2022-02-19T18:01:49.802+0000][4672][gc,task     ] GC(98) Using 2 workers of 2 for evacuation
[2022-02-19T18:01:49.802+0000][4672][gc,age      ] GC(98) Desired survivor size 37748736 bytes, new threshold 15 (max threshold 15)
[2022-02-19T18:01:49.833+0000][4672][gc,age      ] GC(98) Age table with threshold 15 (max threshold 15)
[2022-02-19T18:01:49.833+0000][4672][gc,age      ] GC(98) - age   1:      27952 bytes,      27952 total
[2022-02-19T18:01:49.833+0000][4672][gc,age      ] GC(98) - age   2:      13576 bytes,      41528 total
[2022-02-19T18:01:49.833+0000][4672][gc,age      ] GC(98) - age   3:       1544 bytes,      43072 total
[2022-02-19T18:01:49.833+0000][4672][gc,age      ] GC(98) - age   4:       2408 bytes,      45480 total
[2022-02-19T18:01:49.833+0000][4672][gc,age      ] GC(98) - age   5:        808 bytes,      46288 total
[2022-02-19T18:01:49.833+0000][4672][gc,age      ] GC(98) - age   6:        296 bytes,      46584 total
[2022-02-19T18:01:49.833+0000][4672][gc,age      ] GC(98) - age   7:        648 bytes,      47232 total
[2022-02-19T18:01:49.833+0000][4672][gc,age      ] GC(98) - age   8:        272 bytes,      47504 total
[2022-02-19T18:01:49.833+0000][4672][gc,age      ] GC(98) - age  11:      16144 bytes,      63648 total
[2022-02-19T18:01:49.833+0000][4672][gc,age      ] GC(98) - age  12:       5576 bytes,      69224 total
[2022-02-19T18:01:49.833+0000][4672][gc,age      ] GC(98) - age  14:      12400 bytes,      81624 total
[2022-02-19T18:01:49.833+0000][4672][gc,age      ] GC(98) - age  15:        680 bytes,      82304 total
[2022-02-19T18:01:49.833+0000][4672][gc,phases   ] GC(98)   Pre Evacuate Collection Set: 0.1ms
[2022-02-19T18:01:49.833+0000][4672][gc,phases   ] GC(98)   Merge Heap Roots: 0.1ms
[2022-02-19T18:01:49.833+0000][4672][gc,phases   ] GC(98)   Evacuate Collection Set: 31.9ms
[2022-02-19T18:01:49.833+0000][4672][gc,phases   ] GC(98)   Post Evacuate Collection Set: 1.1ms
[2022-02-19T18:01:49.833+0000][4672][gc,phases   ] GC(98)   Other: 0.8ms
[2022-02-19T18:01:49.833+0000][4672][gc,heap     ] GC(98) Eden regions: 142->0(142)
[2022-02-19T18:01:49.833+0000][4672][gc,heap     ] GC(98) Survivor regions: 1->1(18)
[2022-02-19T18:01:49.833+0000][4672][gc,heap     ] GC(98) Old regions: 19->19
[2022-02-19T18:01:49.833+0000][4672][gc,heap     ] GC(98) Archive regions: 0->0
[2022-02-19T18:01:49.833+0000][4672][gc,heap     ] GC(98) Humongous regions: 5->5
[2022-02-19T18:01:49.833+0000][4672][gc,metaspace] GC(98) Metaspace: 109182K(111040K)->109182K(111040K) NonClass: 94132K(95232K)->94132K(95232K) Class: 15050K(15808K)->15050K(15808K)
[2022-02-19T18:01:49.833+0000][4672][gc          ] GC(98) Pause Young (Normal) (G1 Evacuation Pause) 661M->93M(956M) 34.218ms
[2022-02-19T18:01:49.833+0000][4672][gc,cpu      ] GC(98) User=0.02s Sys=0.00s Real=0.03s
[2022-02-19T18:01:49.833+0000][4672][safepoint   ] Safepoint "G1CollectForAllocation", Time since last: 66428086193 ns, Reaching safepoint: 88791 ns, At safepoint: 34458742 ns, Total: 34547533 ns
[2022-02-19T18:02:31.410+0000][4672][safepoint   ] Safepoint "Cleanup", Time since last: 41570951987 ns, Reaching safepoint: 65696 ns, At safepoint: 5132 ns, Total: 70828 ns
[2022-02-19T18:03:02.818+0000][4672][safepoint   ] Safepoint "Cleanup", Time since last: 31406945126 ns, Reaching safepoint: 66722 ns, At safepoint: 6159 ns, Total: 72881 ns
[2022-02-19T18:03:06.874+0000][4672][safepoint   ] Safepoint "Cleanup", Time since last: 4055900570 ns, Reaching safepoint: 60049 ns, At safepoint: 5646 ns, Total: 65695 ns
[2022-02-19T18:03:17.015+0000][4672][safepoint   ] Safepoint "Cleanup", Time since last: 10140737882 ns, Reaching safepoint: 65182 ns, At safepoint: 6672 ns, Total: 71854 ns
[2022-02-19T18:03:37.295+0000][4672][safepoint   ] Safepoint "Cleanup", Time since last: 20279622437 ns, Reaching safepoint: 222235 ns, At safepoint: 10265 ns, Total: 232500 ns
[2022-02-19T18:04:02.646+0000][4672][safepoint   ] Safepoint "Cleanup", Time since last: 25350399920 ns, Reaching safepoint: 291523 ns, At safepoint: 9752 ns, Total: 301275 ns
[2022-02-19T18:04:06.702+0000][4672][safepoint   ] Safepoint "Cleanup", Time since last: 4055631630 ns, Reaching safepoint: 332582 ns, At safepoint: 9752 ns, Total: 342334 ns
[2022-02-19T18:04:15.830+0000][4672][safepoint   ] Safepoint "Cleanup", Time since last: 9111909948 ns, Reaching safepoint: 15861830 ns, At safepoint: 134470 ns, Total: 15996300 ns
[2022-02-19T18:04:16.844+0000][4672][safepoint   ] Safepoint "Cleanup", Time since last: 1013601501 ns, Reaching safepoint: 278692 ns, At safepoint: 10265 ns, Total: 288957 ns
[2022-02-19T18:04:42.353+0000][4672][gc,start    ] GC(99) Pause Young (Normal) (G1 Evacuation Pause)
[2022-02-19T18:04:42.353+0000][4672][gc,task     ] GC(99) Using 2 workers of 2 for evacuation
[2022-02-19T18:04:42.353+0000][4672][gc,age      ] GC(99) Desired survivor size 37748736 bytes, new threshold 15 (max threshold 15)
[2022-02-19T18:04:42.431+0000][4672][gc,age      ] GC(99) Age table with threshold 15 (max threshold 15)
[2022-02-19T18:04:42.431+0000][4672][gc,age      ] GC(99) - age   1:       9824 bytes,       9824 total
[2022-02-19T18:04:42.431+0000][4672][gc,age      ] GC(99) - age   2:      16304 bytes,      26128 total
[2022-02-19T18:04:42.431+0000][4672][gc,age      ] GC(99) - age   3:      13576 bytes,      39704 total
[2022-02-19T18:04:42.431+0000][4672][gc,age      ] GC(99) - age   4:        904 bytes,      40608 total
[2022-02-19T18:04:42.431+0000][4672][gc,age      ] GC(99) - age   5:       2280 bytes,      42888 total
[2022-02-19T18:04:42.431+0000][4672][gc,age      ] GC(99) - age   6:        808 bytes,      43696 total
[2022-02-19T18:04:42.431+0000][4672][gc,age      ] GC(99) - age   7:        296 bytes,      43992 total
[2022-02-19T18:04:42.431+0000][4672][gc,age      ] GC(99) - age   8:        648 bytes,      44640 total
[2022-02-19T18:04:42.431+0000][4672][gc,age      ] GC(99) - age   9:        272 bytes,      44912 total
[2022-02-19T18:04:42.431+0000][4672][gc,age      ] GC(99) - age  12:      16144 bytes,      61056 total
[2022-02-19T18:04:42.431+0000][4672][gc,age      ] GC(99) - age  13:       5576 bytes,      66632 total
[2022-02-19T18:04:42.431+0000][4672][gc,age      ] GC(99) - age  15:      12400 bytes,      79032 total
[2022-02-19T18:04:42.431+0000][4672][gc,phases   ] GC(99)   Pre Evacuate Collection Set: 0.1ms
[2022-02-19T18:04:42.431+0000][4672][gc,phases   ] GC(99)   Merge Heap Roots: 0.1ms
[2022-02-19T18:04:42.431+0000][4672][gc,phases   ] GC(99)   Evacuate Collection Set: 77.4ms
[2022-02-19T18:04:42.431+0000][4672][gc,phases   ] GC(99)   Post Evacuate Collection Set: 1.8ms
[2022-02-19T18:04:42.431+0000][4672][gc,phases   ] GC(99)   Other: 1.4ms
[2022-02-19T18:04:42.431+0000][4672][gc,heap     ] GC(99) Eden regions: 142->0(142)
[2022-02-19T18:04:42.431+0000][4672][gc,heap     ] GC(99) Survivor regions: 1->1(18)
[2022-02-19T18:04:42.431+0000][4672][gc,heap     ] GC(99) Old regions: 19->19
[2022-02-19T18:04:42.431+0000][4672][gc,heap     ] GC(99) Archive regions: 0->0
[2022-02-19T18:04:42.431+0000][4672][gc,heap     ] GC(99) Humongous regions: 5->5
[2022-02-19T18:04:42.431+0000][4672][gc,metaspace] GC(99) Metaspace: 109201K(111040K)->109201K(111040K) NonClass: 94151K(95232K)->94151K(95232K) Class: 15050K(15808K)->15050K(15808K)
[2022-02-19T18:04:42.431+0000][4672][gc          ] GC(99) Pause Young (Normal) (G1 Evacuation Pause) 661M->93M(956M) 81.362ms
[2022-02-19T18:04:42.431+0000][4672][gc,cpu      ] GC(99) User=0.02s Sys=0.00s Real=0.08s
[2022-02-19T18:04:42.431+0000][4672][safepoint   ] Safepoint "G1CollectForAllocation", Time since last: 25509617694 ns, Reaching safepoint: 102136 ns, At safepoint: 81930293 ns, Total: 82032429 ns
[2022-02-19T18:05:01.698+0000][4672][safepoint   ] Safepoint "Cleanup", Time since last: 19261761517 ns, Reaching safepoint: 65696 ns, At safepoint: 5645 ns, Total: 71341 ns
[2022-02-19T18:05:06.768+0000][4672][safepoint   ] Safepoint "Cleanup", Time since last: 5069855183 ns, Reaching safepoint: 77500 ns, At safepoint: 46706 ns, Total: 124206 ns
[2022-02-19T18:05:30.078+0000][4672][safepoint   ] Safepoint "Cleanup", Time since last: 23308733168 ns, Reaching safepoint: 227880 ns, At safepoint: 11805 ns, Total: 239685 ns
[2022-02-19T18:06:37.763+0000][4672][safepoint   ] Safepoint "Cleanup", Time since last: 67683726753 ns, Reaching safepoint: 95976 ns, At safepoint: 9239 ns, Total: 105215 ns
[2022-02-19T18:07:33.966+0000][4672][gc,start    ] GC(100) Pause Young (Normal) (G1 Evacuation Pause)
[2022-02-19T18:07:33.966+0000][4672][gc,task     ] GC(100) Using 2 workers of 2 for evacuation
[2022-02-19T18:07:33.966+0000][4672][gc,age      ] GC(100) Desired survivor size 37748736 bytes, new threshold 15 (max threshold 15)
[2022-02-19T18:07:34.060+0000][4672][gc,age      ] GC(100) Age table with threshold 15 (max threshold 15)
[2022-02-19T18:07:34.060+0000][4672][gc,age      ] GC(100) - age   1:      12592 bytes,      12592 total
[2022-02-19T18:07:34.060+0000][4672][gc,age      ] GC(100) - age   2:       1752 bytes,      14344 total
[2022-02-19T18:07:34.060+0000][4672][gc,age      ] GC(100) - age   3:      16304 bytes,      30648 total
[2022-02-19T18:07:34.060+0000][4672][gc,age      ] GC(100) - age   4:      13448 bytes,      44096 total
[2022-02-19T18:07:34.060+0000][4672][gc,age      ] GC(100) - age   5:        904 bytes,      45000 total
[2022-02-19T18:07:34.060+0000][4672][gc,age      ] GC(100) - age   6:       2280 bytes,      47280 total
[2022-02-19T18:07:34.060+0000][4672][gc,age      ] GC(100) - age   7:        808 bytes,      48088 total
[2022-02-19T18:07:34.060+0000][4672][gc,age      ] GC(100) - age   8:        296 bytes,      48384 total
[2022-02-19T18:07:34.060+0000][4672][gc,age      ] GC(100) - age   9:        648 bytes,      49032 total
[2022-02-19T18:07:34.060+0000][4672][gc,age      ] GC(100) - age  10:        272 bytes,      49304 total
[2022-02-19T18:07:34.060+0000][4672][gc,age      ] GC(100) - age  13:      16144 bytes,      65448 total
[2022-02-19T18:07:34.060+0000][4672][gc,age      ] GC(100) - age  14:       5576 bytes,      71024 total
[2022-02-19T18:07:34.060+0000][4672][gc,phases   ] GC(100)   Pre Evacuate Collection Set: 0.1ms
[2022-02-19T18:07:34.060+0000][4672][gc,phases   ] GC(100)   Merge Heap Roots: 0.1ms
[2022-02-19T18:07:34.060+0000][4672][gc,phases   ] GC(100)   Evacuate Collection Set: 99.5ms
[2022-02-19T18:07:34.060+0000][4672][gc,phases   ] GC(100)   Post Evacuate Collection Set: 1.0ms
[2022-02-19T18:07:34.060+0000][4672][gc,phases   ] GC(100)   Other: 0.8ms
[2022-02-19T18:07:34.060+0000][4672][gc,heap     ] GC(100) Eden regions: 142->0(142)
[2022-02-19T18:07:34.060+0000][4672][gc,heap     ] GC(100) Survivor regions: 1->1(18)
[2022-02-19T18:07:34.060+0000][4672][gc,heap     ] GC(100) Old regions: 19->19
[2022-02-19T18:07:34.060+0000][4672][gc,heap     ] GC(100) Archive regions: 0->0
[2022-02-19T18:07:34.060+0000][4672][gc,heap     ] GC(100) Humongous regions: 5->5
[2022-02-19T18:07:34.060+0000][4672][gc,metaspace] GC(100) Metaspace: 109209K(111040K)->109209K(111040K) NonClass: 94159K(95232K)->94159K(95232K) Class: 15050K(15808K)->15050K(15808K)
[2022-02-19T18:07:34.122+0000][4672][gc          ] GC(100) Pause Young (Normal) (G1 Evacuation Pause) 661M->93M(956M) 101.720ms
[2022-02-19T18:07:34.122+0000][4672][gc,cpu      ] GC(100) User=0.02s Sys=0.00s Real=0.16s
[2022-02-19T18:07:34.122+0000][4672][safepoint   ] Safepoint "G1CollectForAllocation", Time since last: 56203756644 ns, Reaching safepoint: 85712 ns, At safepoint: 155819580 ns, Total: 155905292 ns
[2022-02-19T18:07:39.192+0000][4672][safepoint   ] Safepoint "Cleanup", Time since last: 5068476607 ns, Reaching safepoint: 51838 ns, At safepoint: 3592 ns, Total: 55430 ns
[2022-02-19T18:08:07.575+0000][4672][safepoint   ] Safepoint "Cleanup", Time since last: 28382958118 ns, Reaching safepoint: 76473 ns, At safepoint: 6672 ns, Total: 83145 ns
[2022-02-19T18:08:15.675+0000][4672][safepoint   ] Safepoint "Cleanup", Time since last: 8099187636 ns, Reaching safepoint: 65696 ns, At safepoint: 6159 ns, Total: 71855 ns
[2022-02-19T18:08:37.983+0000][4672][safepoint   ] Safepoint "Cleanup", Time since last: 22307511132 ns, Reaching safepoint: 50811 ns, At safepoint: 3593 ns, Total: 54404 ns
[2022-02-19T18:09:07.350+0000][4672][safepoint   ] Safepoint "Cleanup", Time since last: 29366813489 ns, Reaching safepoint: 63129 ns, At safepoint: 5646 ns, Total: 68775 ns
[2022-02-19T18:09:38.800+0000][4672][safepoint   ] Safepoint "Cleanup", Time since last: 30388446757 ns, Reaching safepoint: 1060859541 ns, At safepoint: 829404 ns, Total: 1061688945 ns
[2022-02-19T18:09:52.935+0000][4672][safepoint   ] Safepoint "Cleanup", Time since last: 14133666908 ns, Reaching safepoint: 89818 ns, At safepoint: 5645 ns, Total: 95463 ns
[2022-02-19T18:10:26.628+0000][4672][gc,start    ] GC(101) Pause Young (Normal) (G1 Evacuation Pause)
[2022-02-19T18:10:26.628+0000][4672][gc,task     ] GC(101) Using 2 workers of 2 for evacuation
[2022-02-19T18:10:26.628+0000][4672][gc,age      ] GC(101) Desired survivor size 37748736 bytes, new threshold 15 (max threshold 15)
[2022-02-19T18:10:26.800+0000][4672][gc,age      ] GC(101) Age table with threshold 15 (max threshold 15)
[2022-02-19T18:10:26.800+0000][4672][gc,age      ] GC(101) - age   1:      17336 bytes,      17336 total
[2022-02-19T18:10:26.800+0000][4672][gc,age      ] GC(101) - age   2:        128 bytes,      17464 total
[2022-02-19T18:10:26.800+0000][4672][gc,age      ] GC(101) - age   3:       1624 bytes,      19088 total
[2022-02-19T18:10:26.800+0000][4672][gc,age      ] GC(101) - age   4:      16304 bytes,      35392 total
[2022-02-19T18:10:26.800+0000][4672][gc,age      ] GC(101) - age   5:      13448 bytes,      48840 total
[2022-02-19T18:10:26.800+0000][4672][gc,age      ] GC(101) - age   6:        512 bytes,      49352 total
[2022-02-19T18:10:26.800+0000][4672][gc,age      ] GC(101) - age   7:       2280 bytes,      51632 total
[2022-02-19T18:10:26.800+0000][4672][gc,age      ] GC(101) - age   8:        808 bytes,      52440 total
[2022-02-19T18:10:26.800+0000][4672][gc,age      ] GC(101) - age   9:        296 bytes,      52736 total
[2022-02-19T18:10:26.800+0000][4672][gc,age      ] GC(101) - age  10:        648 bytes,      53384 total
[2022-02-19T18:10:26.800+0000][4672][gc,age      ] GC(101) - age  11:        272 bytes,      53656 total
[2022-02-19T18:10:26.800+0000][4672][gc,age      ] GC(101) - age  14:      16144 bytes,      69800 total
[2022-02-19T18:10:26.800+0000][4672][gc,age      ] GC(101) - age  15:       5576 bytes,      75376 total
[2022-02-19T18:10:26.800+0000][4672][gc,phases   ] GC(101)   Pre Evacuate Collection Set: 0.1ms
[2022-02-19T18:10:26.800+0000][4672][gc,phases   ] GC(101)   Merge Heap Roots: 0.1ms
[2022-02-19T18:10:26.800+0000][4672][gc,phases   ] GC(101)   Evacuate Collection Set: 120.1ms
[2022-02-19T18:10:26.800+0000][4672][gc,phases   ] GC(101)   Post Evacuate Collection Set: 19.7ms
[2022-02-19T18:10:26.800+0000][4672][gc,phases   ] GC(101)   Other: 35.0ms
[2022-02-19T18:10:26.800+0000][4672][gc,heap     ] GC(101) Eden regions: 142->0(142)
[2022-02-19T18:10:26.800+0000][4672][gc,heap     ] GC(101) Survivor regions: 1->1(18)
[2022-02-19T18:10:26.800+0000][4672][gc,heap     ] GC(101) Old regions: 19->19
[2022-02-19T18:10:26.800+0000][4672][gc,heap     ] GC(101) Archive regions: 0->0
[2022-02-19T18:10:26.800+0000][4672][gc,heap     ] GC(101) Humongous regions: 5->5
[2022-02-19T18:10:26.800+0000][4672][gc,metaspace] GC(101) Metaspace: 109227K(111040K)->109227K(111040K) NonClass: 94177K(95232K)->94177K(95232K) Class: 15050K(15808K)->15050K(15808K)
[2022-02-19T18:10:26.800+0000][4672][gc          ] GC(101) Pause Young (Normal) (G1 Evacuation Pause) 661M->93M(956M) 175.227ms
[2022-02-19T18:10:26.800+0000][4672][gc,cpu      ] GC(101) User=0.02s Sys=0.00s Real=0.17s
[2022-02-19T18:10:26.800+0000][4672][safepoint   ] Safepoint "G1CollectForAllocation", Time since last: 33703112009 ns, Reaching safepoint: 37980 ns, At safepoint: 175438362 ns, Total: 175476342 ns
[2022-02-19T18:11:02.262+0000][4672][safepoint   ] Safepoint "Cleanup", Time since last: 35447210720 ns, Reaching safepoint: 65695 ns, At safepoint: 4106 ns, Total: 69801 ns
[2022-02-19T18:11:03.276+0000][4672][safepoint   ] Safepoint "Cleanup", Time since last: 1014026981 ns, Reaching safepoint: 52351 ns, At safepoint: 3592 ns, Total: 55943 ns
[2022-02-19T18:11:12.403+0000][4672][safepoint   ] Safepoint "Cleanup", Time since last: 9126816630 ns, Reaching safepoint: 37980 ns, At safepoint: 3080 ns, Total: 41060 ns
[2022-02-19T18:11:17.473+0000][4672][safepoint   ] Safepoint "Cleanup", Time since last: 5069797186 ns, Reaching safepoint: 178096 ns, At safepoint: 8725 ns, Total: 186821 ns
[2022-02-19T18:11:32.684+0000][4672][safepoint   ] Safepoint "Cleanup", Time since last: 15210653628 ns, Reaching safepoint: 41059 ns, At safepoint: 4106 ns, Total: 45165 ns
[2022-02-19T18:12:23.386+0000][4672][safepoint   ] Safepoint "Cleanup", Time since last: 50701104195 ns, Reaching safepoint: 68775 ns, At safepoint: 4619 ns, Total: 73394 ns
[2022-02-19T18:13:08.004+0000][4672][safepoint   ] Safepoint "Cleanup", Time since last: 44617662396 ns, Reaching safepoint: 57483 ns, At safepoint: 4619 ns, Total: 62102 ns
[2022-02-19T18:13:16.195+0000][4672][safepoint   ] Safepoint "Cleanup", Time since last: 8112578193 ns, Reaching safepoint: 78072232 ns, At safepoint: 443444 ns, Total: 78515676 ns
[2022-02-19T18:13:19.003+0000][4672][gc,start    ] GC(102) Pause Young (Normal) (G1 Evacuation Pause)
[2022-02-19T18:13:19.003+0000][4672][gc,task     ] GC(102) Using 2 workers of 2 for evacuation
[2022-02-19T18:13:19.003+0000][4672][gc,age      ] GC(102) Desired survivor size 37748736 bytes, new threshold 15 (max threshold 15)
[2022-02-19T18:13:19.003+0000][4672][gc,age      ] GC(102) Age table with threshold 15 (max threshold 15)
[2022-02-19T18:13:19.003+0000][4672][gc,age      ] GC(102) - age   1:      12136 bytes,      12136 total
[2022-02-19T18:13:19.003+0000][4672][gc,age      ] GC(102) - age   2:       5560 bytes,      17696 total
[2022-02-19T18:13:19.003+0000][4672][gc,age      ] GC(102) - age   3:        128 bytes,      17824 total
[2022-02-19T18:13:19.003+0000][4672][gc,age      ] GC(102) - age   4:       1624 bytes,      19448 total
[2022-02-19T18:13:19.003+0000][4672][gc,age      ] GC(102) - age   5:      16176 bytes,      35624 total
[2022-02-19T18:13:19.003+0000][4672][gc,age      ] GC(102) - age   6:      13448 bytes,      49072 total
[2022-02-19T18:13:19.003+0000][4672][gc,age      ] GC(102) - age   7:        512 bytes,      49584 total
[2022-02-19T18:13:19.003+0000][4672][gc,age      ] GC(102) - age   8:       2280 bytes,      51864 total
[2022-02-19T18:13:19.003+0000][4672][gc,age      ] GC(102) - age   9:        808 bytes,      52672 total
[2022-02-19T18:13:19.003+0000][4672][gc,age      ] GC(102) - age  10:        296 bytes,      52968 total
[2022-02-19T18:13:19.003+0000][4672][gc,age      ] GC(102) - age  11:        648 bytes,      53616 total
[2022-02-19T18:13:19.003+0000][4672][gc,age      ] GC(102) - age  12:        272 bytes,      53888 total
[2022-02-19T18:13:19.003+0000][4672][gc,age      ] GC(102) - age  15:      16144 bytes,      70032 total
[2022-02-19T18:13:19.003+0000][4672][gc,phases   ] GC(102)   Pre Evacuate Collection Set: 0.1ms
[2022-02-19T18:13:19.003+0000][4672][gc,phases   ] GC(102)   Merge Heap Roots: 0.1ms
[2022-02-19T18:13:19.003+0000][4672][gc,phases   ] GC(102)   Evacuate Collection Set: 1.8ms
[2022-02-19T18:13:19.003+0000][4672][gc,phases   ] GC(102)   Post Evacuate Collection Set: 1.8ms
[2022-02-19T18:13:19.003+0000][4672][gc,phases   ] GC(102)   Other: 1.4ms
[2022-02-19T18:13:19.003+0000][4672][gc,heap     ] GC(102) Eden regions: 142->0(142)
[2022-02-19T18:13:19.003+0000][4672][gc,heap     ] GC(102) Survivor regions: 1->1(18)
[2022-02-19T18:13:19.003+0000][4672][gc,heap     ] GC(102) Old regions: 19->19
[2022-02-19T18:13:19.003+0000][4672][gc,heap     ] GC(102) Archive regions: 0->0
[2022-02-19T18:13:19.003+0000][4672][gc,heap     ] GC(102) Humongous regions: 5->5
[2022-02-19T18:13:19.003+0000][4672][gc,metaspace] GC(102) Metaspace: 109234K(111040K)->109234K(111040K) NonClass: 94183K(95232K)->94183K(95232K) Class: 15050K(15808K)->15050K(15808K)
[2022-02-19T18:13:19.003+0000][4672][gc          ] GC(102) Pause Young (Normal) (G1 Evacuation Pause) 661M->93M(956M) 5.835ms
[2022-02-19T18:13:19.003+0000][4672][gc,cpu      ] GC(102) User=0.00s Sys=0.00s Real=0.00s
[2022-02-19T18:13:19.003+0000][4672][safepoint   ] Safepoint "G1CollectForAllocation", Time since last: 2809021098 ns, Reaching safepoint: 71855 ns, At safepoint: 6136354 ns, Total: 6208209 ns
[2022-02-19T18:13:31.172+0000][4672][safepoint   ] Safepoint "Cleanup", Time since last: 12161121399 ns, Reaching safepoint: 64669 ns, At safepoint: 6159 ns, Total: 70828 ns
[2022-02-19T18:13:38.270+0000][4672][safepoint   ] Safepoint "Cleanup", Time since last: 7097735667 ns, Reaching safepoint: 57483 ns, At safepoint: 3593 ns, Total: 61076 ns
[2022-02-19T18:14:07.708+0000][4672][safepoint   ] Safepoint "Cleanup", Time since last: 29405586567 ns, Reaching safepoint: 31253015 ns, At safepoint: 118560 ns, Total: 31371575 ns
[2022-02-19T18:14:08.722+0000][4672][safepoint   ] Safepoint "Cleanup", Time since last: 1013747775 ns, Reaching safepoint: 112400 ns, At safepoint: 10265 ns, Total: 122665 ns
[2022-02-19T18:15:19.577+0000][4672][safepoint   ] Safepoint "Cleanup", Time since last: 70854210763 ns, Reaching safepoint: 69801 ns, At safepoint: 6673 ns, Total: 76474 ns
[2022-02-19T18:15:37.958+0000][4672][safepoint   ] Safepoint "Cleanup", Time since last: 18255604119 ns, Reaching safepoint: 124896582 ns, At safepoint: 330016 ns, Total: 125226598 ns
[2022-02-19T18:15:43.028+0000][4672][safepoint   ] Safepoint "Cleanup", Time since last: 5069605746 ns, Reaching safepoint: 68261 ns, At safepoint: 5646 ns, Total: 73907 ns
[2022-02-19T18:16:03.257+0000][4672][safepoint   ] Safepoint "Cleanup", Time since last: 20228198901 ns, Reaching safepoint: 52864 ns, At safepoint: 5646 ns, Total: 58510 ns
[2022-02-19T18:16:11.341+0000][4672][gc,start    ] GC(103) Pause Young (Normal) (G1 Evacuation Pause)
[2022-02-19T18:16:11.341+0000][4672][gc,task     ] GC(103) Using 2 workers of 2 for evacuation
[2022-02-19T18:16:11.341+0000][4672][gc,age      ] GC(103) Desired survivor size 37748736 bytes, new threshold 15 (max threshold 15)
[2022-02-19T18:16:11.434+0000][4672][gc,age      ] GC(103) Age table with threshold 15 (max threshold 15)
[2022-02-19T18:16:11.434+0000][4672][gc,age      ] GC(103) - age   1:      12408 bytes,      12408 total
[2022-02-19T18:16:11.434+0000][4672][gc,age      ] GC(103) - age   2:        600 bytes,      13008 total
[2022-02-19T18:16:11.434+0000][4672][gc,age      ] GC(103) - age   3:       5560 bytes,      18568 total
[2022-02-19T18:16:11.434+0000][4672][gc,age      ] GC(103) - age   5:       1112 bytes,      19680 total
[2022-02-19T18:16:11.434+0000][4672][gc,age      ] GC(103) - age   6:      16176 bytes,      35856 total
[2022-02-19T18:16:11.434+0000][4672][gc,age      ] GC(103) - age   7:      13448 bytes,      49304 total
[2022-02-19T18:16:11.434+0000][4672][gc,age      ] GC(103) - age   8:        512 bytes,      49816 total
[2022-02-19T18:16:11.434+0000][4672][gc,age      ] GC(103) - age   9:       2280 bytes,      52096 total
[2022-02-19T18:16:11.434+0000][4672][gc,age      ] GC(103) - age  10:        808 bytes,      52904 total
[2022-02-19T18:16:11.434+0000][4672][gc,age      ] GC(103) - age  11:        296 bytes,      53200 total
[2022-02-19T18:16:11.434+0000][4672][gc,age      ] GC(103) - age  12:        648 bytes,      53848 total
[2022-02-19T18:16:11.434+0000][4672][gc,age      ] GC(103) - age  13:        272 bytes,      54120 total
[2022-02-19T18:16:11.434+0000][4672][gc,phases   ] GC(103)   Pre Evacuate Collection Set: 0.1ms
[2022-02-19T18:16:11.434+0000][4672][gc,phases   ] GC(103)   Merge Heap Roots: 0.0ms
[2022-02-19T18:16:11.434+0000][4672][gc,phases   ] GC(103)   Evacuate Collection Set: 84.3ms
[2022-02-19T18:16:11.434+0000][4672][gc,phases   ] GC(103)   Post Evacuate Collection Set: 1.0ms
[2022-02-19T18:16:11.434+0000][4672][gc,phases   ] GC(103)   Other: 0.8ms
[2022-02-19T18:16:11.434+0000][4672][gc,heap     ] GC(103) Eden regions: 142->0(142)
[2022-02-19T18:16:11.434+0000][4672][gc,heap     ] GC(103) Survivor regions: 1->1(18)
[2022-02-19T18:16:11.434+0000][4672][gc,heap     ] GC(103) Old regions: 19->19
[2022-02-19T18:16:11.434+0000][4672][gc,heap     ] GC(103) Archive regions: 0->0
[2022-02-19T18:16:11.434+0000][4672][gc,heap     ] GC(103) Humongous regions: 5->5
[2022-02-19T18:16:11.434+0000][4672][gc,metaspace] GC(103) Metaspace: 109250K(111104K)->109250K(111104K) NonClass: 94200K(95296K)->94200K(95296K) Class: 15050K(15808K)->15050K(15808K)
[2022-02-19T18:16:11.434+0000][4672][gc          ] GC(103) Pause Young (Normal) (G1 Evacuation Pause) 661M->93M(956M) 86.498ms
[2022-02-19T18:16:11.434+0000][4672][gc,cpu      ] GC(103) User=0.02s Sys=0.00s Real=0.09s
[2022-02-19T18:16:11.434+0000][4672][safepoint   ] Safepoint "G1CollectForAllocation", Time since last: 8093673847 ns, Reaching safepoint: 31308 ns, At safepoint: 86673188 ns, Total: 86704496 ns
[2022-02-19T18:17:04.158+0000][4672][safepoint   ] Safepoint "Cleanup", Time since last: 52719387515 ns, Reaching safepoint: 89304 ns, At safepoint: 59537 ns, Total: 148841 ns
[2022-02-19T18:18:40.247+0000][4672][safepoint   ] Safepoint "Cleanup", Time since last: 96088036879 ns, Reaching safepoint: 286391 ns, At safepoint: 11805 ns, Total: 298196 ns
[2022-02-19T18:18:59.254+0000][4672][gc,start    ] GC(104) Pause Young (Normal) (G1 Evacuation Pause)
[2022-02-19T18:18:59.254+0000][4672][gc,task     ] GC(104) Using 2 workers of 2 for evacuation
[2022-02-19T18:18:59.254+0000][4672][gc,age      ] GC(104) Desired survivor size 37748736 bytes, new threshold 15 (max threshold 15)
[2022-02-19T18:18:59.254+0000][4672][gc,age      ] GC(104) Age table with threshold 15 (max threshold 15)
[2022-02-19T18:18:59.254+0000][4672][gc,age      ] GC(104) - age   1:       8776 bytes,       8776 total
[2022-02-19T18:18:59.254+0000][4672][gc,age      ] GC(104) - age   2:        912 bytes,       9688 total
[2022-02-19T18:18:59.254+0000][4672][gc,age      ] GC(104) - age   3:        472 bytes,      10160 total
[2022-02-19T18:18:59.254+0000][4672][gc,age      ] GC(104) - age   4:       5560 bytes,      15720 total
[2022-02-19T18:18:59.254+0000][4672][gc,age      ] GC(104) - age   6:        984 bytes,      16704 total
[2022-02-19T18:18:59.254+0000][4672][gc,age      ] GC(104) - age   7:      16176 bytes,      32880 total
[2022-02-19T18:18:59.254+0000][4672][gc,age      ] GC(104) - age   8:      13448 bytes,      46328 total
[2022-02-19T18:18:59.254+0000][4672][gc,age      ] GC(104) - age   9:        512 bytes,      46840 total
[2022-02-19T18:18:59.254+0000][4672][gc,age      ] GC(104) - age  10:       2280 bytes,      49120 total
[2022-02-19T18:18:59.254+0000][4672][gc,age      ] GC(104) - age  11:        808 bytes,      49928 total
[2022-02-19T18:18:59.254+0000][4672][gc,age      ] GC(104) - age  12:        296 bytes,      50224 total
[2022-02-19T18:18:59.254+0000][4672][gc,age      ] GC(104) - age  13:        648 bytes,      50872 total
[2022-02-19T18:18:59.254+0000][4672][gc,age      ] GC(104) - age  14:        272 bytes,      51144 total
[2022-02-19T18:18:59.254+0000][4672][gc,phases   ] GC(104)   Pre Evacuate Collection Set: 0.1ms
[2022-02-19T18:18:59.254+0000][4672][gc,phases   ] GC(104)   Merge Heap Roots: 0.1ms
[2022-02-19T18:18:59.254+0000][4672][gc,phases   ] GC(104)   Evacuate Collection Set: 1.3ms
[2022-02-19T18:18:59.254+0000][4672][gc,phases   ] GC(104)   Post Evacuate Collection Set: 1.6ms
[2022-02-19T18:18:59.254+0000][4672][gc,phases   ] GC(104)   Other: 1.4ms
[2022-02-19T18:18:59.254+0000][4672][gc,heap     ] GC(104) Eden regions: 142->0(142)
[2022-02-19T18:18:59.254+0000][4672][gc,heap     ] GC(104) Survivor regions: 1->1(18)
[2022-02-19T18:18:59.254+0000][4672][gc,heap     ] GC(104) Old regions: 19->19
[2022-02-19T18:18:59.254+0000][4672][gc,heap     ] GC(104) Archive regions: 0->0
[2022-02-19T18:18:59.254+0000][4672][gc,heap     ] GC(104) Humongous regions: 5->5
[2022-02-19T18:18:59.254+0000][4672][gc,metaspace] GC(104) Metaspace: 109262K(111104K)->109262K(111104K) NonClass: 94211K(95296K)->94211K(95296K) Class: 15050K(15808K)->15050K(15808K)
[2022-02-19T18:18:59.254+0000][4672][gc          ] GC(104) Pause Young (Normal) (G1 Evacuation Pause) 661M->93M(956M) 5.104ms
[2022-02-19T18:18:59.254+0000][4672][gc,cpu      ] GC(104) User=0.00s Sys=0.00s Real=0.00s
[2022-02-19T18:18:59.254+0000][4672][safepoint   ] Safepoint "G1CollectForAllocation", Time since last: 19006778424 ns, Reaching safepoint: 83145 ns, At safepoint: 5507117 ns, Total: 5590262 ns
[2022-02-19T18:19:10.427+0000][4672][safepoint   ] Safepoint "Cleanup", Time since last: 11150762579 ns, Reaching safepoint: 15492294 ns, At safepoint: 764222 ns, Total: 16256516 ns
[2022-02-19T18:19:33.719+0000][4672][safepoint   ] Safepoint "Cleanup", Time since last: 23290904070 ns, Reaching safepoint: 107781 ns, At safepoint: 18991 ns, Total: 126772 ns
[2022-02-19T18:19:40.807+0000][4672][safepoint   ] Safepoint "Cleanup", Time since last: 7088223700 ns, Reaching safepoint: 67235 ns, At safepoint: 6159 ns, Total: 73394 ns
[2022-02-19T18:20:04.129+0000][4672][safepoint   ] Safepoint "Cleanup", Time since last: 23321585331 ns, Reaching safepoint: 70315 ns, At safepoint: 4619 ns, Total: 74934 ns
[2022-02-19T18:20:11.228+0000][4672][safepoint   ] Safepoint "Cleanup", Time since last: 7098696461 ns, Reaching safepoint: 62103 ns, At safepoint: 6672 ns, Total: 68775 ns
[2022-02-19T18:20:33.511+0000][4672][safepoint   ] Safepoint "Cleanup", Time since last: 22282414488 ns, Reaching safepoint: 85712 ns, At safepoint: 243791 ns, Total: 329503 ns
[2022-02-19T18:20:59.862+0000][4672][safepoint   ] Safepoint "Cleanup", Time since last: 26349689077 ns, Reaching safepoint: 71341 ns, At safepoint: 5132 ns, Total: 76473 ns
[2022-02-19T18:21:01.890+0000][4672][safepoint   ] Safepoint "Cleanup", Time since last: 2027867139 ns, Reaching safepoint: 45166 ns, At safepoint: 3079 ns, Total: 48245 ns
[2022-02-19T18:21:50.955+0000][4672][gc,start    ] GC(105) Pause Young (Normal) (G1 Evacuation Pause)
[2022-02-19T18:21:50.955+0000][4672][gc,task     ] GC(105) Using 2 workers of 2 for evacuation
[2022-02-19T18:21:50.955+0000][4672][gc,age      ] GC(105) Desired survivor size 37748736 bytes, new threshold 15 (max threshold 15)
[2022-02-19T18:21:51.080+0000][4672][gc,age      ] GC(105) Age table with threshold 15 (max threshold 15)
[2022-02-19T18:21:51.080+0000][4672][gc,age      ] GC(105) - age   1:      12672 bytes,      12672 total
[2022-02-19T18:21:51.080+0000][4672][gc,age      ] GC(105) - age   2:        400 bytes,      13072 total
[2022-02-19T18:21:51.080+0000][4672][gc,age      ] GC(105) - age   3:        912 bytes,      13984 total
[2022-02-19T18:21:51.080+0000][4672][gc,age      ] GC(105) - age   4:        472 bytes,      14456 total
[2022-02-19T18:21:51.080+0000][4672][gc,age      ] GC(105) - age   5:       5560 bytes,      20016 total
[2022-02-19T18:21:51.080+0000][4672][gc,age      ] GC(105) - age   7:        984 bytes,      21000 total
[2022-02-19T18:21:51.080+0000][4672][gc,age      ] GC(105) - age   8:      16176 bytes,      37176 total
[2022-02-19T18:21:51.080+0000][4672][gc,age      ] GC(105) - age   9:      13448 bytes,      50624 total
[2022-02-19T18:21:51.095+0000][4672][gc,age      ] GC(105) - age  10:        512 bytes,      51136 total
[2022-02-19T18:21:51.095+0000][4672][gc,age      ] GC(105) - age  11:       2280 bytes,      53416 total
[2022-02-19T18:21:51.095+0000][4672][gc,age      ] GC(105) - age  12:        808 bytes,      54224 total
[2022-02-19T18:21:51.095+0000][4672][gc,age      ] GC(105) - age  13:        296 bytes,      54520 total
[2022-02-19T18:21:51.095+0000][4672][gc,age      ] GC(105) - age  14:        648 bytes,      55168 total
[2022-02-19T18:21:51.095+0000][4672][gc,age      ] GC(105) - age  15:        272 bytes,      55440 total
[2022-02-19T18:21:51.095+0000][4672][gc,phases   ] GC(105)   Pre Evacuate Collection Set: 0.1ms
[2022-02-19T18:21:51.095+0000][4672][gc,phases   ] GC(105)   Merge Heap Roots: 0.1ms
[2022-02-19T18:21:51.095+0000][4672][gc,phases   ] GC(105)   Evacuate Collection Set: 104.7ms
[2022-02-19T18:21:51.095+0000][4672][gc,phases   ] GC(105)   Post Evacuate Collection Set: 32.6ms
[2022-02-19T18:21:51.095+0000][4672][gc,phases   ] GC(105)   Other: 1.3ms
[2022-02-19T18:21:51.095+0000][4672][gc,heap     ] GC(105) Eden regions: 142->0(142)
[2022-02-19T18:21:51.095+0000][4672][gc,heap     ] GC(105) Survivor regions: 1->1(18)
[2022-02-19T18:21:51.095+0000][4672][gc,heap     ] GC(105) Old regions: 19->19
[2022-02-19T18:21:51.095+0000][4672][gc,heap     ] GC(105) Archive regions: 0->0
[2022-02-19T18:21:51.095+0000][4672][gc,heap     ] GC(105) Humongous regions: 5->5
[2022-02-19T18:21:51.095+0000][4672][gc,metaspace] GC(105) Metaspace: 109284K(111104K)->109284K(111104K) NonClass: 94233K(95296K)->94233K(95296K) Class: 15050K(15808K)->15050K(15808K)
[2022-02-19T18:21:51.095+0000][4672][gc          ] GC(105) Pause Young (Normal) (G1 Evacuation Pause) 661M->93M(956M) 139.426ms
[2022-02-19T18:21:51.095+0000][4672][gc,cpu      ] GC(105) User=0.02s Sys=0.00s Real=0.14s
[2022-02-19T18:21:51.095+0000][4672][safepoint   ] Safepoint "G1CollectForAllocation", Time since last: 49066150069 ns, Reaching safepoint: 38493 ns, At safepoint: 139764770 ns, Total: 139803263 ns
[2022-02-19T18:22:11.326+0000][4672][safepoint   ] Safepoint "Cleanup", Time since last: 20229340871 ns, Reaching safepoint: 63129 ns, At safepoint: 267914 ns, Total: 331043 ns
[2022-02-19T18:22:17.411+0000][4672][safepoint   ] Safepoint "Cleanup", Time since last: 6084662808 ns, Reaching safepoint: 53377 ns, At safepoint: 3593 ns, Total: 56970 ns
[2022-02-19T18:22:32.622+0000][4672][safepoint   ] Safepoint "Cleanup", Time since last: 15210597684 ns, Reaching safepoint: 48245 ns, At safepoint: 643609 ns, Total: 691854 ns
[2022-02-19T18:24:10.981+0000][4672][safepoint   ] Safepoint "Cleanup", Time since last: 98356860646 ns, Reaching safepoint: 85198 ns, At safepoint: 37467 ns, Total: 122665 ns
[2022-02-19T18:24:43.339+0000][4672][gc,start    ] GC(106) Pause Young (Normal) (G1 Evacuation Pause)
[2022-02-19T18:24:43.339+0000][4672][gc,task     ] GC(106) Using 2 workers of 2 for evacuation
[2022-02-19T18:24:43.339+0000][4672][gc,age      ] GC(106) Desired survivor size 37748736 bytes, new threshold 15 (max threshold 15)
[2022-02-19T18:24:43.417+0000][4672][gc,age      ] GC(106) Age table with threshold 15 (max threshold 15)
[2022-02-19T18:24:43.417+0000][4672][gc,age      ] GC(106) - age   1:      13648 bytes,      13648 total
[2022-02-19T18:24:43.417+0000][4672][gc,age      ] GC(106) - age   2:        344 bytes,      13992 total
[2022-02-19T18:24:43.417+0000][4672][gc,age      ] GC(106) - age   3:        368 bytes,      14360 total
[2022-02-19T18:24:43.417+0000][4672][gc,age      ] GC(106) - age   4:        272 bytes,      14632 total
[2022-02-19T18:24:43.417+0000][4672][gc,age      ] GC(106) - age   5:        344 bytes,      14976 total
[2022-02-19T18:24:43.417+0000][4672][gc,age      ] GC(106) - age   6:       5376 bytes,      20352 total
[2022-02-19T18:24:43.417+0000][4672][gc,age      ] GC(106) - age   8:        984 bytes,      21336 total
[2022-02-19T18:24:43.417+0000][4672][gc,age      ] GC(106) - age   9:      16176 bytes,      37512 total
[2022-02-19T18:24:43.417+0000][4672][gc,age      ] GC(106) - age  10:      13448 bytes,      50960 total
[2022-02-19T18:24:43.417+0000][4672][gc,age      ] GC(106) - age  11:        512 bytes,      51472 total
[2022-02-19T18:24:43.417+0000][4672][gc,age      ] GC(106) - age  12:       2280 bytes,      53752 total
[2022-02-19T18:24:43.417+0000][4672][gc,age      ] GC(106) - age  13:        808 bytes,      54560 total
[2022-02-19T18:24:43.417+0000][4672][gc,age      ] GC(106) - age  14:        296 bytes,      54856 total
[2022-02-19T18:24:43.417+0000][4672][gc,age      ] GC(106) - age  15:        648 bytes,      55504 total
[2022-02-19T18:24:43.417+0000][4672][gc,phases   ] GC(106)   Pre Evacuate Collection Set: 0.1ms
[2022-02-19T18:24:43.417+0000][4672][gc,phases   ] GC(106)   Merge Heap Roots: 0.0ms
[2022-02-19T18:24:43.417+0000][4672][gc,phases   ] GC(106)   Evacuate Collection Set: 85.6ms
[2022-02-19T18:24:43.417+0000][4672][gc,phases   ] GC(106)   Post Evacuate Collection Set: 1.2ms
[2022-02-19T18:24:43.417+0000][4672][gc,phases   ] GC(106)   Other: 0.9ms
[2022-02-19T18:24:43.417+0000][4672][gc,heap     ] GC(106) Eden regions: 142->0(142)
[2022-02-19T18:24:43.417+0000][4672][gc,heap     ] GC(106) Survivor regions: 1->1(18)
[2022-02-19T18:24:43.417+0000][4672][gc,heap     ] GC(106) Old regions: 19->19
[2022-02-19T18:24:43.417+0000][4672][gc,heap     ] GC(106) Archive regions: 0->0
[2022-02-19T18:24:43.417+0000][4672][gc,heap     ] GC(106) Humongous regions: 5->5
[2022-02-19T18:24:43.417+0000][4672][gc,metaspace] GC(106) Metaspace: 109295K(111104K)->109295K(111104K) NonClass: 94244K(95296K)->94244K(95296K) Class: 15050K(15808K)->15050K(15808K)
[2022-02-19T18:24:43.417+0000][4672][gc          ] GC(106) Pause Young (Normal) (G1 Evacuation Pause) 661M->93M(956M) 88.266ms
[2022-02-19T18:24:43.417+0000][4672][gc,cpu      ] GC(106) User=0.03s Sys=0.00s Real=0.08s
[2022-02-19T18:24:43.417+0000][4672][safepoint   ] Safepoint "G1CollectForAllocation", Time since last: 32359060927 ns, Reaching safepoint: 49784 ns, At safepoint: 88451069 ns, Total: 88500853 ns
[2022-02-19T18:25:45.198+0000][4672][safepoint   ] Safepoint "Cleanup", Time since last: 61767584280 ns, Reaching safepoint: 82119 ns, At safepoint: 5645 ns, Total: 87764 ns
[2022-02-19T18:27:14.887+0000][4672][safepoint   ] Safepoint "Cleanup", Time since last: 89460882022 ns, Reaching safepoint: 226223935 ns, At safepoint: 168344 ns, Total: 226392279 ns
[2022-02-19T18:27:21.905+0000][4672][safepoint   ] Safepoint "Cleanup", Time since last: 6999922500 ns, Reaching safepoint: 17963568 ns, At safepoint: 111887 ns, Total: 18075455 ns
[2022-02-19T18:27:23.965+0000][4672][safepoint   ] Safepoint "Cleanup", Time since last: 1999997434 ns, Reaching safepoint: 49023090 ns, At safepoint: 11442793 ns, Total: 60465883 ns
[2022-02-19T18:27:27.112+0000][4672][safepoint   ] Safepoint "Cleanup", Time since last: 2999663311 ns, Reaching safepoint: 146049452 ns, At safepoint: 128311 ns, Total: 146177763 ns
[2022-02-19T18:27:31.159+0000][4672][safepoint   ] Safepoint "Cleanup", Time since last: 4000035927 ns, Reaching safepoint: 47067114 ns, At safepoint: 177583 ns, Total: 47244697 ns
[2022-02-19T18:27:33.190+0000][4672][safepoint   ] Safepoint "Cleanup", Time since last: 1999797782 ns, Reaching safepoint: 23779144 ns, At safepoint: 7541619 ns, Total: 31320763 ns
[2022-02-19T18:27:35.936+0000][4672][gc,start    ] GC(107) Pause Young (Normal) (G1 Evacuation Pause)
[2022-02-19T18:27:35.936+0000][4672][gc,task     ] GC(107) Using 2 workers of 2 for evacuation
[2022-02-19T18:27:35.936+0000][4672][gc,age      ] GC(107) Desired survivor size 37748736 bytes, new threshold 15 (max threshold 15)
[2022-02-19T18:27:36.993+0000][4672][gc,age      ] GC(107) Age table with threshold 15 (max threshold 15)
[2022-02-19T18:27:36.993+0000][4672][gc,age      ] GC(107) - age   1:      84800 bytes,      84800 total
[2022-02-19T18:27:36.993+0000][4672][gc,age      ] GC(107) - age   2:       1944 bytes,      86744 total
[2022-02-19T18:27:36.993+0000][4672][gc,age      ] GC(107) - age   3:        216 bytes,      86960 total
[2022-02-19T18:27:36.993+0000][4672][gc,age      ] GC(107) - age   4:        368 bytes,      87328 total
[2022-02-19T18:27:36.993+0000][4672][gc,age      ] GC(107) - age   5:        272 bytes,      87600 total
[2022-02-19T18:27:36.993+0000][4672][gc,age      ] GC(107) - age   6:        344 bytes,      87944 total
[2022-02-19T18:27:36.993+0000][4672][gc,age      ] GC(107) - age   7:       5168 bytes,      93112 total
[2022-02-19T18:27:36.993+0000][4672][gc,age      ] GC(107) - age   9:        984 bytes,      94096 total
[2022-02-19T18:27:36.993+0000][4672][gc,age      ] GC(107) - age  10:      16176 bytes,     110272 total
[2022-02-19T18:27:36.993+0000][4672][gc,age      ] GC(107) - age  11:      13448 bytes,     123720 total
[2022-02-19T18:27:36.993+0000][4672][gc,age      ] GC(107) - age  12:        512 bytes,     124232 total
[2022-02-19T18:27:36.993+0000][4672][gc,age      ] GC(107) - age  13:       2280 bytes,     126512 total
[2022-02-19T18:27:36.993+0000][4672][gc,age      ] GC(107) - age  14:        808 bytes,     127320 total
[2022-02-19T18:27:36.993+0000][4672][gc,age      ] GC(107) - age  15:        296 bytes,     127616 total
[2022-02-19T18:27:36.994+0000][4672][gc,mmu      ] GC(107) MMU target violated: 201.0ms (200.0ms/201.0ms)
[2022-02-19T18:27:36.994+0000][4672][gc,phases   ] GC(107)   Pre Evacuate Collection Set: 0.1ms
[2022-02-19T18:27:36.994+0000][4672][gc,phases   ] GC(107)   Merge Heap Roots: 0.1ms
[2022-02-19T18:27:36.994+0000][4672][gc,phases   ] GC(107)   Evacuate Collection Set: 1055.6ms
[2022-02-19T18:27:36.994+0000][4672][gc,phases   ] GC(107)   Post Evacuate Collection Set: 1.1ms
[2022-02-19T18:27:36.994+0000][4672][gc,phases   ] GC(107)   Other: 1.1ms
[2022-02-19T18:27:36.994+0000][4672][gc,heap     ] GC(107) Eden regions: 142->0(142)
[2022-02-19T18:27:36.994+0000][4672][gc,heap     ] GC(107) Survivor regions: 1->1(18)
[2022-02-19T18:27:36.994+0000][4672][gc,heap     ] GC(107) Old regions: 19->19
[2022-02-19T18:27:36.994+0000][4672][gc,heap     ] GC(107) Archive regions: 0->0
[2022-02-19T18:27:36.994+0000][4672][gc,heap     ] GC(107) Humongous regions: 5->5
[2022-02-19T18:27:36.994+0000][4672][gc,metaspace] GC(107) Metaspace: 109304K(111104K)->109304K(111104K) NonClass: 94253K(95296K)->94253K(95296K) Class: 15050K(15808K)->15050K(15808K)
[2022-02-19T18:27:36.994+0000][4672][gc          ] GC(107) Pause Young (Normal) (G1 Evacuation Pause) 661M->93M(956M) 1058.384ms
[2022-02-19T18:27:36.994+0000][4672][gc,cpu      ] GC(107) User=0.03s Sys=0.00s Real=1.06s
[2022-02-19T18:27:36.994+0000][4672][safepoint   ] Safepoint "G1CollectForAllocation", Time since last: 2718042813 ns, Reaching safepoint: 27819408 ns, At safepoint: 1058849161 ns, Total: 1086668569 ns
[2022-02-19T18:27:40.995+0000][4672][safepoint   ] Safepoint "Cleanup", Time since last: 4000269454 ns, Reaching safepoint: 212483 ns, At safepoint: 7699 ns, Total: 220182 ns
[2022-02-19T18:27:42.995+0000][4672][safepoint   ] Safepoint "Cleanup", Time since last: 1999892732 ns, Reaching safepoint: 102135 ns, At safepoint: 10778 ns, Total: 112913 ns
[2022-02-19T18:27:56.113+0000][4672][safepoint   ] Safepoint "Cleanup", Time since last: 13117616717 ns, Reaching safepoint: 68775 ns, At safepoint: 5133 ns, Total: 73908 ns
[2022-02-19T18:28:28.616+0000][4672][safepoint   ] Safepoint "Cleanup", Time since last: 32155164679 ns, Reaching safepoint: 345080138 ns, At safepoint: 2588807 ns, Total: 347668945 ns
[2022-02-19T18:28:41.617+0000][4672][safepoint   ] Safepoint "Cleanup", Time since last: 12999836275 ns, Reaching safepoint: 321805 ns, At safepoint: 10264 ns, Total: 332069 ns
[2022-02-19T18:28:48.647+0000][4672][safepoint   ] Safepoint "Cleanup", Time since last: 7030232685 ns, Reaching safepoint: 68775 ns, At safepoint: 10778 ns, Total: 79553 ns
[2022-02-19T18:29:15.297+0000][4672][safepoint   ] Safepoint "Cleanup", Time since last: 26281226327 ns, Reaching safepoint: 368623190 ns, At safepoint: 222748 ns, Total: 368845938 ns
[2022-02-19T18:29:19.340+0000][4672][safepoint   ] Safepoint "Cleanup", Time since last: 4041950577 ns, Reaching safepoint: 62615 ns, At safepoint: 5646 ns, Total: 68261 ns
[2022-02-19T18:29:41.356+0000][4672][safepoint   ] Safepoint "Cleanup", Time since last: 22014957493 ns, Reaching safepoint: 91358 ns, At safepoint: 13857 ns, Total: 105215 ns
[2022-02-19T18:30:04.516+0000][4672][safepoint   ] Safepoint "Cleanup", Time since last: 23097888614 ns, Reaching safepoint: 62427504 ns, At safepoint: 44652 ns, Total: 62472156 ns
[2022-02-19T18:30:25.062+0000][4672][gc,start    ] GC(108) Pause Young (Normal) (G1 Evacuation Pause)
[2022-02-19T18:30:25.062+0000][4672][gc,task     ] GC(108) Using 2 workers of 2 for evacuation
[2022-02-19T18:30:25.062+0000][4672][gc,age      ] GC(108) Desired survivor size 37748736 bytes, new threshold 15 (max threshold 15)
[2022-02-19T18:30:26.045+0000][4672][gc,age      ] GC(108) Age table with threshold 15 (max threshold 15)
[2022-02-19T18:30:26.045+0000][4672][gc,age      ] GC(108) - age   1:      14408 bytes,      14408 total
[2022-02-19T18:30:26.045+0000][4672][gc,age      ] GC(108) - age   2:       1520 bytes,      15928 total
[2022-02-19T18:30:26.045+0000][4672][gc,age      ] GC(108) - age   3:       1944 bytes,      17872 total
[2022-02-19T18:30:26.045+0000][4672][gc,age      ] GC(108) - age   4:        216 bytes,      18088 total
[2022-02-19T18:30:26.045+0000][4672][gc,age      ] GC(108) - age   5:        368 bytes,      18456 total
[2022-02-19T18:30:26.045+0000][4672][gc,age      ] GC(108) - age   6:        272 bytes,      18728 total
[2022-02-19T18:30:26.045+0000][4672][gc,age      ] GC(108) - age   7:        344 bytes,      19072 total
[2022-02-19T18:30:26.045+0000][4672][gc,age      ] GC(108) - age   8:       5168 bytes,      24240 total
[2022-02-19T18:30:26.045+0000][4672][gc,age      ] GC(108) - age  10:        984 bytes,      25224 total
[2022-02-19T18:30:26.045+0000][4672][gc,age      ] GC(108) - age  11:      16176 bytes,      41400 total
[2022-02-19T18:30:26.045+0000][4672][gc,age      ] GC(108) - age  12:      13448 bytes,      54848 total
[2022-02-19T18:30:26.045+0000][4672][gc,age      ] GC(108) - age  13:        512 bytes,      55360 total
[2022-02-19T18:30:26.045+0000][4672][gc,age      ] GC(108) - age  14:       2280 bytes,      57640 total
[2022-02-19T18:30:26.045+0000][4672][gc,age      ] GC(108) - age  15:        808 bytes,      58448 total
[2022-02-19T18:30:26.045+0000][4672][gc,mmu      ] GC(108) MMU target violated: 201.0ms (200.0ms/201.0ms)
[2022-02-19T18:30:26.045+0000][4672][gc,phases   ] GC(108)   Pre Evacuate Collection Set: 0.2ms
[2022-02-19T18:30:26.045+0000][4672][gc,phases   ] GC(108)   Merge Heap Roots: 0.1ms
[2022-02-19T18:30:26.045+0000][4672][gc,phases   ] GC(108)   Evacuate Collection Set: 757.0ms
[2022-02-19T18:30:26.045+0000][4672][gc,phases   ] GC(108)   Post Evacuate Collection Set: 226.0ms
[2022-02-19T18:30:26.045+0000][4672][gc,phases   ] GC(108)   Other: 1.0ms
[2022-02-19T18:30:26.045+0000][4672][gc,heap     ] GC(108) Eden regions: 142->0(142)
[2022-02-19T18:30:26.045+0000][4672][gc,heap     ] GC(108) Survivor regions: 1->1(18)
[2022-02-19T18:30:26.045+0000][4672][gc,heap     ] GC(108) Old regions: 19->19
[2022-02-19T18:30:26.045+0000][4672][gc,heap     ] GC(108) Archive regions: 0->0
[2022-02-19T18:30:26.045+0000][4672][gc,heap     ] GC(108) Humongous regions: 5->5
[2022-02-19T18:30:26.045+0000][4672][gc,metaspace] GC(108) Metaspace: 109336K(111168K)->109336K(111168K) NonClass: 94285K(95360K)->94285K(95360K) Class: 15050K(15808K)->15050K(15808K)
[2022-02-19T18:30:26.076+0000][4672][gc          ] GC(108) Pause Young (Normal) (G1 Evacuation Pause) 661M->93M(956M) 1025.172ms
[2022-02-19T18:30:26.076+0000][4672][gc,cpu      ] GC(108) User=0.02s Sys=0.02s Real=1.01s
[2022-02-19T18:30:26.076+0000][4672][safepoint   ] Safepoint "G1CollectForAllocation", Time since last: 20546759681 ns, Reaching safepoint: 134983 ns, At safepoint: 1027403679 ns, Total: 1027538662 ns
[2022-02-19T18:30:34.164+0000][4672][safepoint   ] Safepoint "Cleanup", Time since last: 8072764255 ns, Reaching safepoint: 53377 ns, At safepoint: 3080 ns, Total: 56457 ns
[2022-02-19T18:30:59.438+0000][4672][safepoint   ] Safepoint "Cleanup", Time since last: 25273375221 ns, Reaching safepoint: 75447 ns, At safepoint: 6159 ns, Total: 81606 ns
[2022-02-19T18:32:34.324+0000][4672][safepoint   ] Safepoint "Cleanup", Time since last: 94883921990 ns, Reaching safepoint: 416242 ns, At safepoint: 9238 ns, Total: 425480 ns
[2022-02-19T18:33:16.946+0000][4672][gc,start    ] GC(109) Pause Young (Normal) (G1 Evacuation Pause)
[2022-02-19T18:33:16.946+0000][4672][gc,task     ] GC(109) Using 2 workers of 2 for evacuation
[2022-02-19T18:33:16.946+0000][4672][gc,age      ] GC(109) Desired survivor size 37748736 bytes, new threshold 15 (max threshold 15)
[2022-02-19T18:33:17.118+0000][4672][gc,age      ] GC(109) Age table with threshold 15 (max threshold 15)
[2022-02-19T18:33:17.118+0000][4672][gc,age      ] GC(109) - age   1:      12808 bytes,      12808 total
[2022-02-19T18:33:17.118+0000][4672][gc,age      ] GC(109) - age   2:       6096 bytes,      18904 total
[2022-02-19T18:33:17.118+0000][4672][gc,age      ] GC(109) - age   3:       1520 bytes,      20424 total
[2022-02-19T18:33:17.118+0000][4672][gc,age      ] GC(109) - age   4:       1816 bytes,      22240 total
[2022-02-19T18:33:17.118+0000][4672][gc,age      ] GC(109) - age   5:        216 bytes,      22456 total
[2022-02-19T18:33:17.118+0000][4672][gc,age      ] GC(109) - age   6:        240 bytes,      22696 total
[2022-02-19T18:33:17.118+0000][4672][gc,age      ] GC(109) - age   7:        272 bytes,      22968 total
[2022-02-19T18:33:17.118+0000][4672][gc,age      ] GC(109) - age   8:        344 bytes,      23312 total
[2022-02-19T18:33:17.118+0000][4672][gc,age      ] GC(109) - age   9:       5168 bytes,      28480 total
[2022-02-19T18:33:17.118+0000][4672][gc,age      ] GC(109) - age  11:        984 bytes,      29464 total
[2022-02-19T18:33:17.118+0000][4672][gc,age      ] GC(109) - age  12:      16176 bytes,      45640 total
[2022-02-19T18:33:17.118+0000][4672][gc,age      ] GC(109) - age  13:      13448 bytes,      59088 total
[2022-02-19T18:33:17.118+0000][4672][gc,age      ] GC(109) - age  14:        512 bytes,      59600 total
[2022-02-19T18:33:17.118+0000][4672][gc,age      ] GC(109) - age  15:       2280 bytes,      61880 total
[2022-02-19T18:33:17.118+0000][4672][gc,phases   ] GC(109)   Pre Evacuate Collection Set: 0.1ms
[2022-02-19T18:33:17.118+0000][4672][gc,phases   ] GC(109)   Merge Heap Roots: 0.1ms
[2022-02-19T18:33:17.118+0000][4672][gc,phases   ] GC(109)   Evacuate Collection Set: 172.2ms
[2022-02-19T18:33:17.118+0000][4672][gc,phases   ] GC(109)   Post Evacuate Collection Set: 1.3ms
[2022-02-19T18:33:17.118+0000][4672][gc,phases   ] GC(109)   Other: 0.9ms
[2022-02-19T18:33:17.118+0000][4672][gc,heap     ] GC(109) Eden regions: 142->0(142)
[2022-02-19T18:33:17.118+0000][4672][gc,heap     ] GC(109) Survivor regions: 1->1(18)
[2022-02-19T18:33:17.118+0000][4672][gc,heap     ] GC(109) Old regions: 19->19
[2022-02-19T18:33:17.118+0000][4672][gc,heap     ] GC(109) Archive regions: 0->0
[2022-02-19T18:33:17.118+0000][4672][gc,heap     ] GC(109) Humongous regions: 5->5
[2022-02-19T18:33:17.118+0000][4672][gc,metaspace] GC(109) Metaspace: 109365K(111168K)->109365K(111168K) NonClass: 94314K(95360K)->94314K(95360K) Class: 15050K(15808K)->15050K(15808K)
[2022-02-19T18:33:17.118+0000][4672][gc          ] GC(109) Pause Young (Normal) (G1 Evacuation Pause) 661M->93M(956M) 174.808ms
[2022-02-19T18:33:17.118+0000][4672][gc,cpu      ] GC(109) User=0.03s Sys=0.00s Real=0.17s
[2022-02-19T18:33:17.118+0000][4672][safepoint   ] Safepoint "G1CollectForAllocation", Time since last: 42630386248 ns, Reaching safepoint: 56457 ns, At safepoint: 175083197 ns, Total: 175139654 ns
[2022-02-19T18:35:45.529+0000][4672][safepoint   ] Safepoint "Cleanup", Time since last: 144362604368 ns, Reaching safepoint: 4034243180 ns, At safepoint: 343874 ns, Total: 4034587054 ns
[2022-02-19T18:36:10.925+0000][4672][gc,start    ] GC(110) Pause Young (Normal) (G1 Evacuation Pause)
[2022-02-19T18:36:10.925+0000][4672][gc,task     ] GC(110) Using 2 workers of 2 for evacuation
[2022-02-19T18:36:10.925+0000][4672][gc,age      ] GC(110) Desired survivor size 37748736 bytes, new threshold 15 (max threshold 15)
[2022-02-19T18:36:11.326+0000][4672][gc,age      ] GC(110) Age table with threshold 15 (max threshold 15)
[2022-02-19T18:36:11.327+0000][4672][gc,age      ] GC(110) - age   1:      12192 bytes,      12192 total
[2022-02-19T18:36:11.327+0000][4672][gc,age      ] GC(110) - age   2:        320 bytes,      12512 total
[2022-02-19T18:36:11.327+0000][4672][gc,age      ] GC(110) - age   3:       6096 bytes,      18608 total
[2022-02-19T18:36:11.327+0000][4672][gc,age      ] GC(110) - age   4:       1520 bytes,      20128 total
[2022-02-19T18:36:11.327+0000][4672][gc,age      ] GC(110) - age   5:       1304 bytes,      21432 total
[2022-02-19T18:36:11.327+0000][4672][gc,age      ] GC(110) - age   6:        216 bytes,      21648 total
[2022-02-19T18:36:11.327+0000][4672][gc,age      ] GC(110) - age   7:        240 bytes,      21888 total
[2022-02-19T18:36:11.327+0000][4672][gc,age      ] GC(110) - age   8:        272 bytes,      22160 total
[2022-02-19T18:36:11.327+0000][4672][gc,age      ] GC(110) - age   9:        344 bytes,      22504 total
[2022-02-19T18:36:11.327+0000][4672][gc,age      ] GC(110) - age  10:       5168 bytes,      27672 total
[2022-02-19T18:36:11.327+0000][4672][gc,age      ] GC(110) - age  12:        984 bytes,      28656 total
[2022-02-19T18:36:11.327+0000][4672][gc,age      ] GC(110) - age  13:      16176 bytes,      44832 total
[2022-02-19T18:36:11.327+0000][4672][gc,age      ] GC(110) - age  14:      13448 bytes,      58280 total
[2022-02-19T18:36:11.327+0000][4672][gc,age      ] GC(110) - age  15:        512 bytes,      58792 total
[2022-02-19T18:36:11.327+0000][4672][gc,mmu      ] GC(110) MMU target violated: 201.0ms (200.0ms/201.0ms)
[2022-02-19T18:36:11.327+0000][4672][gc,phases   ] GC(110)   Pre Evacuate Collection Set: 0.1ms
[2022-02-19T18:36:11.327+0000][4672][gc,phases   ] GC(110)   Merge Heap Roots: 0.1ms
[2022-02-19T18:36:11.327+0000][4672][gc,phases   ] GC(110)   Evacuate Collection Set: 399.9ms
[2022-02-19T18:36:11.327+0000][4672][gc,phases   ] GC(110)   Post Evacuate Collection Set: 1.1ms
[2022-02-19T18:36:11.327+0000][4672][gc,phases   ] GC(110)   Other: 0.9ms
[2022-02-19T18:36:11.327+0000][4672][gc,heap     ] GC(110) Eden regions: 142->0(142)
[2022-02-19T18:36:11.327+0000][4672][gc,heap     ] GC(110) Survivor regions: 1->1(18)
[2022-02-19T18:36:11.327+0000][4672][gc,heap     ] GC(110) Old regions: 19->19
[2022-02-19T18:36:11.327+0000][4672][gc,heap     ] GC(110) Archive regions: 0->0
[2022-02-19T18:36:11.327+0000][4672][gc,heap     ] GC(110) Humongous regions: 5->5
[2022-02-19T18:36:11.327+0000][4672][gc,metaspace] GC(110) Metaspace: 109366K(111168K)->109366K(111168K) NonClass: 94315K(95360K)->94315K(95360K) Class: 15050K(15808K)->15050K(15808K)
[2022-02-19T18:36:11.423+0000][4672][gc          ] GC(110) Pause Young (Normal) (G1 Evacuation Pause) 661M->93M(956M) 498.087ms
[2022-02-19T18:36:11.423+0000][4672][gc,cpu      ] GC(110) User=0.14s Sys=0.02s Real=0.50s
[2022-02-19T18:36:11.423+0000][4672][safepoint   ] Safepoint "G1CollectForAllocation", Time since last: 25394827929 ns, Reaching safepoint: 92897 ns, At safepoint: 498542899 ns, Total: 498635796 ns
[2022-02-19T18:36:13.423+0000][4672][safepoint   ] Safepoint "Cleanup", Time since last: 1999211656 ns, Reaching safepoint: 80066 ns, At safepoint: 6159 ns, Total: 86225 ns
[2022-02-19T18:36:32.425+0000][4672][safepoint   ] Safepoint "Cleanup", Time since last: 19001694221 ns, Reaching safepoint: 79039 ns, At safepoint: 10265 ns, Total: 89304 ns
[2022-02-19T18:39:04.310+0000][4672][gc,start    ] GC(111) Pause Young (Normal) (G1 Evacuation Pause)
[2022-02-19T18:39:04.310+0000][4672][gc,task     ] GC(111) Using 2 workers of 2 for evacuation
[2022-02-19T18:39:04.310+0000][4672][gc,age      ] GC(111) Desired survivor size 37748736 bytes, new threshold 15 (max threshold 15)
[2022-02-19T18:39:04.482+0000][4672][gc,age      ] GC(111) Age table with threshold 15 (max threshold 15)
[2022-02-19T18:39:04.482+0000][4672][gc,age      ] GC(111) - age   1:      11968 bytes,      11968 total
[2022-02-19T18:39:04.482+0000][4672][gc,age      ] GC(111) - age   2:        640 bytes,      12608 total
[2022-02-19T18:39:04.482+0000][4672][gc,age      ] GC(111) - age   3:        320 bytes,      12928 total
[2022-02-19T18:39:04.482+0000][4672][gc,age      ] GC(111) - age   4:       5968 bytes,      18896 total
[2022-02-19T18:39:04.482+0000][4672][gc,age      ] GC(111) - age   5:       1520 bytes,      20416 total
[2022-02-19T18:39:04.482+0000][4672][gc,age      ] GC(111) - age   6:        992 bytes,      21408 total
[2022-02-19T18:39:04.482+0000][4672][gc,age      ] GC(111) - age   7:        216 bytes,      21624 total
[2022-02-19T18:39:04.482+0000][4672][gc,age      ] GC(111) - age   8:        240 bytes,      21864 total
[2022-02-19T18:39:04.482+0000][4672][gc,age      ] GC(111) - age   9:        272 bytes,      22136 total
[2022-02-19T18:39:04.482+0000][4672][gc,age      ] GC(111) - age  10:        344 bytes,      22480 total
[2022-02-19T18:39:04.482+0000][4672][gc,age      ] GC(111) - age  11:       5168 bytes,      27648 total
[2022-02-19T18:39:04.482+0000][4672][gc,age      ] GC(111) - age  13:        984 bytes,      28632 total
[2022-02-19T18:39:04.482+0000][4672][gc,age      ] GC(111) - age  14:      16176 bytes,      44808 total
[2022-02-19T18:39:04.482+0000][4672][gc,age      ] GC(111) - age  15:      13448 bytes,      58256 total
[2022-02-19T18:39:04.482+0000][4672][gc,phases   ] GC(111)   Pre Evacuate Collection Set: 19.7ms
[2022-02-19T18:39:04.482+0000][4672][gc,phases   ] GC(111)   Merge Heap Roots: 0.1ms
[2022-02-19T18:39:04.482+0000][4672][gc,phases   ] GC(111)   Evacuate Collection Set: 113.0ms
[2022-02-19T18:39:04.482+0000][4672][gc,phases   ] GC(111)   Post Evacuate Collection Set: 33.6ms
[2022-02-19T18:39:04.482+0000][4672][gc,phases   ] GC(111)   Other: 0.8ms
[2022-02-19T18:39:04.482+0000][4672][gc,heap     ] GC(111) Eden regions: 142->0(142)
[2022-02-19T18:39:04.482+0000][4672][gc,heap     ] GC(111) Survivor regions: 1->1(18)
[2022-02-19T18:39:04.482+0000][4672][gc,heap     ] GC(111) Old regions: 19->19
[2022-02-19T18:39:04.482+0000][4672][gc,heap     ] GC(111) Archive regions: 0->0
[2022-02-19T18:39:04.482+0000][4672][gc,heap     ] GC(111) Humongous regions: 5->5
[2022-02-19T18:39:04.482+0000][4672][gc,metaspace] GC(111) Metaspace: 109367K(111168K)->109367K(111168K) NonClass: 94316K(95360K)->94316K(95360K) Class: 15050K(15808K)->15050K(15808K)
[2022-02-19T18:39:04.482+0000][4672][gc          ] GC(111) Pause Young (Normal) (G1 Evacuation Pause) 661M->93M(956M) 167.437ms
[2022-02-19T18:39:04.482+0000][4672][gc,cpu      ] GC(111) User=0.02s Sys=0.00s Real=0.17s
[2022-02-19T18:39:04.482+0000][4672][safepoint   ] Safepoint "G1CollectForAllocation", Time since last: 151886931145 ns, Reaching safepoint: 159106 ns, At safepoint: 167646793 ns, Total: 167805899 ns
[2022-02-19T18:40:16.571+0000][4672][safepoint   ] Safepoint "Cleanup", Time since last: 72061373300 ns, Reaching safepoint: 25884475 ns, At safepoint: 341821 ns, Total: 26226296 ns
[2022-02-19T18:41:50.671+0000][4672][safepoint   ] Safepoint "Cleanup", Time since last: 91945249611 ns, Reaching safepoint: 2152735492 ns, At safepoint: 1443245 ns, Total: 2154178737 ns
[2022-02-19T18:41:56.880+0000][4672][gc,start    ] GC(112) Pause Young (Normal) (G1 Evacuation Pause)
[2022-02-19T18:41:56.880+0000][4672][gc,task     ] GC(112) Using 2 workers of 2 for evacuation
[2022-02-19T18:41:56.880+0000][4672][gc,age      ] GC(112) Desired survivor size 37748736 bytes, new threshold 15 (max threshold 15)
[2022-02-19T18:41:57.098+0000][4672][gc,age      ] GC(112) Age table with threshold 15 (max threshold 15)
[2022-02-19T18:41:57.098+0000][4672][gc,age      ] GC(112) - age   1:      14216 bytes,      14216 total
[2022-02-19T18:41:57.098+0000][4672][gc,age      ] GC(112) - age   2:        440 bytes,      14656 total
[2022-02-19T18:41:57.098+0000][4672][gc,age      ] GC(112) - age   3:        640 bytes,      15296 total
[2022-02-19T18:41:57.098+0000][4672][gc,age      ] GC(112) - age   4:        320 bytes,      15616 total
[2022-02-19T18:41:57.098+0000][4672][gc,age      ] GC(112) - age   5:       5968 bytes,      21584 total
[2022-02-19T18:41:57.098+0000][4672][gc,age      ] GC(112) - age   6:       1312 bytes,      22896 total
[2022-02-19T18:41:57.098+0000][4672][gc,age      ] GC(112) - age   7:        992 bytes,      23888 total
[2022-02-19T18:41:57.098+0000][4672][gc,age      ] GC(112) - age   8:        216 bytes,      24104 total
[2022-02-19T18:41:57.098+0000][4672][gc,age      ] GC(112) - age   9:        240 bytes,      24344 total
[2022-02-19T18:41:57.098+0000][4672][gc,age      ] GC(112) - age  10:        272 bytes,      24616 total
[2022-02-19T18:41:57.098+0000][4672][gc,age      ] GC(112) - age  11:        344 bytes,      24960 total
[2022-02-19T18:41:57.098+0000][4672][gc,age      ] GC(112) - age  12:       5168 bytes,      30128 total
[2022-02-19T18:41:57.098+0000][4672][gc,age      ] GC(112) - age  14:        984 bytes,      31112 total
[2022-02-19T18:41:57.098+0000][4672][gc,age      ] GC(112) - age  15:      16176 bytes,      47288 total
[2022-02-19T18:41:57.098+0000][4672][gc,mmu      ] GC(112) MMU target violated: 201.0ms (200.0ms/201.0ms)
[2022-02-19T18:41:57.098+0000][4672][gc,phases   ] GC(112)   Pre Evacuate Collection Set: 0.1ms
[2022-02-19T18:41:57.098+0000][4672][gc,phases   ] GC(112)   Merge Heap Roots: 0.1ms
[2022-02-19T18:41:57.098+0000][4672][gc,phases   ] GC(112)   Evacuate Collection Set: 211.8ms
[2022-02-19T18:41:57.098+0000][4672][gc,phases   ] GC(112)   Post Evacuate Collection Set: 1.8ms
[2022-02-19T18:41:57.098+0000][4672][gc,phases   ] GC(112)   Other: 1.6ms
[2022-02-19T18:41:57.098+0000][4672][gc,heap     ] GC(112) Eden regions: 142->0(142)
[2022-02-19T18:41:57.098+0000][4672][gc,heap     ] GC(112) Survivor regions: 1->1(18)
[2022-02-19T18:41:57.098+0000][4672][gc,heap     ] GC(112) Old regions: 19->19
[2022-02-19T18:41:57.098+0000][4672][gc,heap     ] GC(112) Archive regions: 0->0
[2022-02-19T18:41:57.098+0000][4672][gc,heap     ] GC(112) Humongous regions: 5->5
[2022-02-19T18:41:57.098+0000][4672][gc,metaspace] GC(112) Metaspace: 109379K(111168K)->109379K(111168K) NonClass: 94328K(95360K)->94328K(95360K) Class: 15050K(15808K)->15050K(15808K)
[2022-02-19T18:41:57.239+0000][4672][gc          ] GC(112) Pause Young (Normal) (G1 Evacuation Pause) 661M->93M(956M) 350.404ms
[2022-02-19T18:41:57.239+0000][4672][gc,cpu      ] GC(112) User=0.03s Sys=0.00s Real=0.36s
[2022-02-19T18:41:57.239+0000][4672][safepoint   ] Safepoint "G1CollectForAllocation", Time since last: 6215689585 ns, Reaching safepoint: 136010 ns, At safepoint: 350950119 ns, Total: 351086129 ns
[2022-02-19T18:43:54.783+0000][4672][safepoint   ] Safepoint "Cleanup", Time since last: 117541520477 ns, Reaching safepoint: 92384 ns, At safepoint: 6672 ns, Total: 99056 ns
[2022-02-19T18:44:13.022+0000][4672][safepoint   ] Safepoint "Cleanup", Time since last: 18238944194 ns, Reaching safepoint: 144222 ns, At safepoint: 6672 ns, Total: 150894 ns
[2022-02-19T18:44:49.800+0000][4672][gc,start    ] GC(113) Pause Young (Normal) (G1 Evacuation Pause)
[2022-02-19T18:44:49.800+0000][4672][gc,task     ] GC(113) Using 2 workers of 2 for evacuation
[2022-02-19T18:44:49.800+0000][4672][gc,age      ] GC(113) Desired survivor size 37748736 bytes, new threshold 15 (max threshold 15)
[2022-02-19T18:44:49.956+0000][4672][gc,age      ] GC(113) Age table with threshold 15 (max threshold 15)
[2022-02-19T18:44:49.956+0000][4672][gc,age      ] GC(113) - age   1:      13128 bytes,      13128 total
[2022-02-19T18:44:49.956+0000][4672][gc,age      ] GC(113) - age   2:       2592 bytes,      15720 total
[2022-02-19T18:44:49.956+0000][4672][gc,age      ] GC(113) - age   3:        312 bytes,      16032 total
[2022-02-19T18:44:49.956+0000][4672][gc,age      ] GC(113) - age   4:        128 bytes,      16160 total
[2022-02-19T18:44:49.956+0000][4672][gc,age      ] GC(113) - age   5:        288 bytes,      16448 total
[2022-02-19T18:44:49.956+0000][4672][gc,age      ] GC(113) - age   6:       5968 bytes,      22416 total
[2022-02-19T18:44:49.956+0000][4672][gc,age      ] GC(113) - age   7:       1312 bytes,      23728 total
[2022-02-19T18:44:49.956+0000][4672][gc,age      ] GC(113) - age   8:        992 bytes,      24720 total
[2022-02-19T18:44:49.956+0000][4672][gc,age      ] GC(113) - age   9:        216 bytes,      24936 total
[2022-02-19T18:44:49.956+0000][4672][gc,age      ] GC(113) - age  10:        240 bytes,      25176 total
[2022-02-19T18:44:49.956+0000][4672][gc,age      ] GC(113) - age  11:        272 bytes,      25448 total
[2022-02-19T18:44:49.956+0000][4672][gc,age      ] GC(113) - age  12:        344 bytes,      25792 total
[2022-02-19T18:44:49.956+0000][4672][gc,age      ] GC(113) - age  13:       5168 bytes,      30960 total
[2022-02-19T18:44:49.956+0000][4672][gc,age      ] GC(113) - age  15:        984 bytes,      31944 total
[2022-02-19T18:44:49.956+0000][4672][gc,phases   ] GC(113)   Pre Evacuate Collection Set: 0.1ms
[2022-02-19T18:44:49.956+0000][4672][gc,phases   ] GC(113)   Merge Heap Roots: 0.0ms
[2022-02-19T18:44:49.956+0000][4672][gc,phases   ] GC(113)   Evacuate Collection Set: 146.6ms
[2022-02-19T18:44:49.956+0000][4672][gc,phases   ] GC(113)   Post Evacuate Collection Set: 1.9ms
[2022-02-19T18:44:49.956+0000][4672][gc,phases   ] GC(113)   Other: 1.3ms
[2022-02-19T18:44:49.956+0000][4672][gc,heap     ] GC(113) Eden regions: 142->0(142)
[2022-02-19T18:44:49.956+0000][4672][gc,heap     ] GC(113) Survivor regions: 1->1(18)
[2022-02-19T18:44:49.956+0000][4672][gc,heap     ] GC(113) Old regions: 19->19
[2022-02-19T18:44:49.956+0000][4672][gc,heap     ] GC(113) Archive regions: 0->0
[2022-02-19T18:44:49.956+0000][4672][gc,heap     ] GC(113) Humongous regions: 5->5
[2022-02-19T18:44:49.956+0000][4672][gc,metaspace] GC(113) Metaspace: 109383K(111168K)->109383K(111168K) NonClass: 94332K(95360K)->94332K(95360K) Class: 15050K(15808K)->15050K(15808K)
[2022-02-19T18:44:49.956+0000][4672][gc          ] GC(113) Pause Young (Normal) (G1 Evacuation Pause) 661M->93M(956M) 150.501ms
[2022-02-19T18:44:49.956+0000][4672][gc,cpu      ] GC(113) User=0.00s Sys=0.00s Real=0.16s
[2022-02-19T18:44:49.956+0000][4672][safepoint   ] Safepoint "G1CollectForAllocation", Time since last: 36787110165 ns, Reaching safepoint: 44139 ns, At safepoint: 150857530 ns, Total: 150901669 ns
[2022-02-19T18:46:04.781+0000][4672][safepoint   ] Safepoint "Cleanup", Time since last: 74819401987 ns, Reaching safepoint: 60563 ns, At safepoint: 4106 ns, Total: 64669 ns
[2022-02-19T18:47:22.223+0000][4672][safepoint   ] Safepoint "Cleanup", Time since last: 76848693381 ns, Reaching safepoint: 591121995 ns, At safepoint: 290496 ns, Total: 591412491 ns
[2022-02-19T18:47:38.185+0000][4672][gc,start    ] GC(114) Pause Young (Normal) (G1 Evacuation Pause)
[2022-02-19T18:47:38.185+0000][4672][gc,task     ] GC(114) Using 2 workers of 2 for evacuation
[2022-02-19T18:47:38.185+0000][4672][gc,age      ] GC(114) Desired survivor size 37748736 bytes, new threshold 15 (max threshold 15)
[2022-02-19T18:47:38.250+0000][4672][gc,age      ] GC(114) Age table with threshold 15 (max threshold 15)
[2022-02-19T18:47:38.250+0000][4672][gc,age      ] GC(114) - age   1:      11656 bytes,      11656 total
[2022-02-19T18:47:38.250+0000][4672][gc,age      ] GC(114) - age   2:        640 bytes,      12296 total
[2022-02-19T18:47:38.250+0000][4672][gc,age      ] GC(114) - age   3:       2592 bytes,      14888 total
[2022-02-19T18:47:38.250+0000][4672][gc,age      ] GC(114) - age   4:        312 bytes,      15200 total
[2022-02-19T18:47:38.250+0000][4672][gc,age      ] GC(114) - age   5:        128 bytes,      15328 total
[2022-02-19T18:47:38.250+0000][4672][gc,age      ] GC(114) - age   6:        288 bytes,      15616 total
[2022-02-19T18:47:38.250+0000][4672][gc,age      ] GC(114) - age   7:       5968 bytes,      21584 total
[2022-02-19T18:47:38.250+0000][4672][gc,age      ] GC(114) - age   8:       1312 bytes,      22896 total
[2022-02-19T18:47:38.250+0000][4672][gc,age      ] GC(114) - age   9:        992 bytes,      23888 total
[2022-02-19T18:47:38.250+0000][4672][gc,age      ] GC(114) - age  10:        216 bytes,      24104 total
[2022-02-19T18:47:38.250+0000][4672][gc,age      ] GC(114) - age  11:        240 bytes,      24344 total
[2022-02-19T18:47:38.250+0000][4672][gc,age      ] GC(114) - age  12:        272 bytes,      24616 total
[2022-02-19T18:47:38.250+0000][4672][gc,age      ] GC(114) - age  13:        344 bytes,      24960 total
[2022-02-19T18:47:38.250+0000][4672][gc,age      ] GC(114) - age  14:       5168 bytes,      30128 total
[2022-02-19T18:47:38.251+0000][4672][gc,phases   ] GC(114)   Pre Evacuate Collection Set: 0.1ms
[2022-02-19T18:47:38.251+0000][4672][gc,phases   ] GC(114)   Merge Heap Roots: 0.0ms
[2022-02-19T18:47:38.251+0000][4672][gc,phases   ] GC(114)   Evacuate Collection Set: 64.1ms
[2022-02-19T18:47:38.251+0000][4672][gc,phases   ] GC(114)   Post Evacuate Collection Set: 1.1ms
[2022-02-19T18:47:38.251+0000][4672][gc,phases   ] GC(114)   Other: 0.8ms
[2022-02-19T18:47:38.251+0000][4672][gc,heap     ] GC(114) Eden regions: 142->0(142)
[2022-02-19T18:47:38.251+0000][4672][gc,heap     ] GC(114) Survivor regions: 1->1(18)
[2022-02-19T18:47:38.251+0000][4672][gc,heap     ] GC(114) Old regions: 19->19
[2022-02-19T18:47:38.251+0000][4672][gc,heap     ] GC(114) Archive regions: 0->0
[2022-02-19T18:47:38.251+0000][4672][gc,heap     ] GC(114) Humongous regions: 5->5
[2022-02-19T18:47:38.251+0000][4672][gc,metaspace] GC(114) Metaspace: 109386K(111168K)->109386K(111168K) NonClass: 94335K(95360K)->94335K(95360K) Class: 15050K(15808K)->15050K(15808K)
[2022-02-19T18:47:38.251+0000][4672][gc          ] GC(114) Pause Young (Normal) (G1 Evacuation Pause) 661M->93M(956M) 66.381ms
[2022-02-19T18:47:38.251+0000][4672][gc,cpu      ] GC(114) User=0.06s Sys=0.00s Real=0.07s
[2022-02-19T18:47:38.251+0000][4672][safepoint   ] Safepoint "G1CollectForAllocation", Time since last: 15961125813 ns, Reaching safepoint: 33874 ns, At safepoint: 66636625 ns, Total: 66670499 ns
[2022-02-19T18:47:43.271+0000][4672][safepoint   ] Safepoint "Cleanup", Time since last: 5016935025 ns, Reaching safepoint: 288957 ns, At safepoint: 2835164 ns, Total: 3124121 ns
[2022-02-19T18:47:52.320+0000][4672][safepoint   ] Safepoint "Cleanup", Time since last: 9048944564 ns, Reaching safepoint: 65182 ns, At safepoint: 6159 ns, Total: 71341 ns
[2022-02-19T18:50:30.603+0000][4672][gc,start    ] GC(115) Pause Young (Normal) (G1 Evacuation Pause)
[2022-02-19T18:50:30.603+0000][4672][gc,task     ] GC(115) Using 2 workers of 2 for evacuation
[2022-02-19T18:50:30.603+0000][4672][gc,age      ] GC(115) Desired survivor size 37748736 bytes, new threshold 15 (max threshold 15)
[2022-02-19T18:50:30.603+0000][4672][gc,age      ] GC(115) Age table with threshold 15 (max threshold 15)
[2022-02-19T18:50:30.603+0000][4672][gc,age      ] GC(115) - age   1:      11672 bytes,      11672 total
[2022-02-19T18:50:30.603+0000][4672][gc,age      ] GC(115) - age   2:        128 bytes,      11800 total
[2022-02-19T18:50:30.603+0000][4672][gc,age      ] GC(115) - age   3:        640 bytes,      12440 total
[2022-02-19T18:50:30.603+0000][4672][gc,age      ] GC(115) - age   4:       2592 bytes,      15032 total
[2022-02-19T18:50:30.603+0000][4672][gc,age      ] GC(115) - age   5:        184 bytes,      15216 total
[2022-02-19T18:50:30.603+0000][4672][gc,age      ] GC(115) - age   6:        128 bytes,      15344 total
[2022-02-19T18:50:30.603+0000][4672][gc,age      ] GC(115) - age   7:        288 bytes,      15632 total
[2022-02-19T18:50:30.603+0000][4672][gc,age      ] GC(115) - age   8:       5968 bytes,      21600 total
[2022-02-19T18:50:30.603+0000][4672][gc,age      ] GC(115) - age   9:       1312 bytes,      22912 total
[2022-02-19T18:50:30.603+0000][4672][gc,age      ] GC(115) - age  10:        992 bytes,      23904 total
[2022-02-19T18:50:30.603+0000][4672][gc,age      ] GC(115) - age  11:        216 bytes,      24120 total
[2022-02-19T18:50:30.603+0000][4672][gc,age      ] GC(115) - age  12:        240 bytes,      24360 total
[2022-02-19T18:50:30.603+0000][4672][gc,age      ] GC(115) - age  13:        272 bytes,      24632 total
[2022-02-19T18:50:30.603+0000][4672][gc,age      ] GC(115) - age  14:        344 bytes,      24976 total
[2022-02-19T18:50:30.603+0000][4672][gc,age      ] GC(115) - age  15:       5168 bytes,      30144 total
[2022-02-19T18:50:30.603+0000][4672][gc,phases   ] GC(115)   Pre Evacuate Collection Set: 0.1ms
[2022-02-19T18:50:30.603+0000][4672][gc,phases   ] GC(115)   Merge Heap Roots: 0.1ms
[2022-02-19T18:50:30.603+0000][4672][gc,phases   ] GC(115)   Evacuate Collection Set: 0.9ms
[2022-02-19T18:50:30.603+0000][4672][gc,phases   ] GC(115)   Post Evacuate Collection Set: 1.3ms
[2022-02-19T18:50:30.603+0000][4672][gc,phases   ] GC(115)   Other: 0.9ms
[2022-02-19T18:50:30.603+0000][4672][gc,heap     ] GC(115) Eden regions: 142->0(142)
[2022-02-19T18:50:30.603+0000][4672][gc,heap     ] GC(115) Survivor regions: 1->1(18)
[2022-02-19T18:50:30.603+0000][4672][gc,heap     ] GC(115) Old regions: 19->19
[2022-02-19T18:50:30.603+0000][4672][gc,heap     ] GC(115) Archive regions: 0->0
[2022-02-19T18:50:30.603+0000][4672][gc,heap     ] GC(115) Humongous regions: 5->5
[2022-02-19T18:50:30.603+0000][4672][gc,metaspace] GC(115) Metaspace: 109388K(111168K)->109388K(111168K) NonClass: 94337K(95360K)->94337K(95360K) Class: 15050K(15808K)->15050K(15808K)
[2022-02-19T18:50:30.603+0000][4672][gc          ] GC(115) Pause Young (Normal) (G1 Evacuation Pause) 661M->93M(956M) 3.537ms
[2022-02-19T18:50:30.603+0000][4672][gc,cpu      ] GC(115) User=0.00s Sys=0.00s Real=0.00s
[2022-02-19T18:50:30.603+0000][4672][safepoint   ] Safepoint "G1CollectForAllocation", Time since last: 158288023227 ns, Reaching safepoint: 173990 ns, At safepoint: 3735396 ns, Total: 3909386 ns
[2022-02-19T18:51:22.587+0000][4672][safepoint   ] Safepoint "Cleanup", Time since last: 51674124455 ns, Reaching safepoint: 296409648 ns, At safepoint: 413675 ns, Total: 296823323 ns
[2022-02-19T18:52:05.085+0000][4672][safepoint   ] Safepoint "Cleanup", Time since last: 42481458518 ns, Reaching safepoint: 15604695 ns, At safepoint: 82633 ns, Total: 15687328 ns
[2022-02-19T18:53:23.519+0000][4672][gc,start    ] GC(116) Pause Young (Normal) (G1 Evacuation Pause)
[2022-02-19T18:53:23.519+0000][4672][gc,task     ] GC(116) Using 2 workers of 2 for evacuation
[2022-02-19T18:53:23.519+0000][4672][gc,age      ] GC(116) Desired survivor size 37748736 bytes, new threshold 15 (max threshold 15)
[2022-02-19T18:53:24.736+0000][4672][gc,age      ] GC(116) Age table with threshold 15 (max threshold 15)
[2022-02-19T18:53:24.736+0000][4672][gc,age      ] GC(116) - age   1:      12832 bytes,      12832 total
[2022-02-19T18:53:24.736+0000][4672][gc,age      ] GC(116) - age   4:        640 bytes,      13472 total
[2022-02-19T18:53:24.736+0000][4672][gc,age      ] GC(116) - age   5:       2592 bytes,      16064 total
[2022-02-19T18:53:24.736+0000][4672][gc,age      ] GC(116) - age   6:        184 bytes,      16248 total
[2022-02-19T18:53:24.736+0000][4672][gc,age      ] GC(116) - age   7:        128 bytes,      16376 total
[2022-02-19T18:53:24.736+0000][4672][gc,age      ] GC(116) - age   8:        288 bytes,      16664 total
[2022-02-19T18:53:24.736+0000][4672][gc,age      ] GC(116) - age   9:       5968 bytes,      22632 total
[2022-02-19T18:53:24.736+0000][4672][gc,age      ] GC(116) - age  10:       1312 bytes,      23944 total
[2022-02-19T18:53:24.736+0000][4672][gc,age      ] GC(116) - age  11:        992 bytes,      24936 total
[2022-02-19T18:53:24.736+0000][4672][gc,age      ] GC(116) - age  12:        216 bytes,      25152 total
[2022-02-19T18:53:24.736+0000][4672][gc,age      ] GC(116) - age  13:        240 bytes,      25392 total
[2022-02-19T18:53:24.736+0000][4672][gc,age      ] GC(116) - age  14:        272 bytes,      25664 total
[2022-02-19T18:53:24.736+0000][4672][gc,age      ] GC(116) - age  15:        344 bytes,      26008 total
[2022-02-19T18:53:24.736+0000][4672][gc,mmu      ] GC(116) MMU target violated: 201.0ms (200.0ms/201.0ms)
[2022-02-19T18:53:24.736+0000][4672][gc,phases   ] GC(116)   Pre Evacuate Collection Set: 102.5ms
[2022-02-19T18:53:24.736+0000][4672][gc,phases   ] GC(116)   Merge Heap Roots: 0.1ms
[2022-02-19T18:53:24.736+0000][4672][gc,phases   ] GC(116)   Evacuate Collection Set: 606.7ms
[2022-02-19T18:53:24.736+0000][4672][gc,phases   ] GC(116)   Post Evacuate Collection Set: 419.1ms
[2022-02-19T18:53:24.736+0000][4672][gc,phases   ] GC(116)   Other: 99.6ms
[2022-02-19T18:53:24.736+0000][4672][gc,heap     ] GC(116) Eden regions: 142->0(10)
[2022-02-19T18:53:24.736+0000][4672][gc,heap     ] GC(116) Survivor regions: 1->1(18)
[2022-02-19T18:53:24.736+0000][4672][gc,heap     ] GC(116) Old regions: 19->19
[2022-02-19T18:53:24.736+0000][4672][gc,heap     ] GC(116) Archive regions: 0->0
[2022-02-19T18:53:24.736+0000][4672][gc,heap     ] GC(116) Humongous regions: 5->5
[2022-02-19T18:53:24.736+0000][4672][gc,metaspace] GC(116) Metaspace: 109398K(111232K)->109398K(111232K) NonClass: 94347K(95424K)->94347K(95424K) Class: 15050K(15808K)->15050K(15808K)
[2022-02-19T18:53:24.782+0000][4672][gc          ] GC(116) Pause Young (Normal) (G1 Evacuation Pause) 661M->93M(956M) 1267.815ms
[2022-02-19T18:53:24.782+0000][4672][gc,cpu      ] GC(116) User=0.08s Sys=0.00s Real=1.26s
[2022-02-19T18:53:24.782+0000][4672][safepoint   ] Safepoint "G1CollectForAllocation", Time since last: 78435021669 ns, Reaching safepoint: 99569 ns, At safepoint: 1268267922 ns, Total: 1268367491 ns
[2022-02-19T18:53:33.247+0000][4672][safepoint   ] Safepoint "Cleanup", Time since last: 8082452777 ns, Reaching safepoint: 374395654 ns, At safepoint: 8788804 ns, Total: 383184458 ns
[2022-02-19T18:53:41.827+0000][4672][gc,start    ] GC(117) Pause Young (Normal) (G1 Evacuation Pause)
[2022-02-19T18:53:41.827+0000][4672][gc,task     ] GC(117) Using 2 workers of 2 for evacuation
[2022-02-19T18:53:41.827+0000][4672][gc,age      ] GC(117) Desired survivor size 4194304 bytes, new threshold 15 (max threshold 15)
[2022-02-19T18:53:42.716+0000][4672][gc,age      ] GC(117) Age table with threshold 15 (max threshold 15)
[2022-02-19T18:53:42.716+0000][4672][gc,age      ] GC(117) - age   1:       8896 bytes,       8896 total
[2022-02-19T18:53:42.716+0000][4672][gc,age      ] GC(117) - age   2:       2928 bytes,      11824 total
[2022-02-19T18:53:42.716+0000][4672][gc,age      ] GC(117) - age   5:        640 bytes,      12464 total
[2022-02-19T18:53:42.716+0000][4672][gc,age      ] GC(117) - age   6:       2592 bytes,      15056 total
[2022-02-19T18:53:42.716+0000][4672][gc,age      ] GC(117) - age   7:        184 bytes,      15240 total
[2022-02-19T18:53:42.716+0000][4672][gc,age      ] GC(117) - age   8:        128 bytes,      15368 total
[2022-02-19T18:53:42.716+0000][4672][gc,age      ] GC(117) - age   9:        288 bytes,      15656 total
[2022-02-19T18:53:42.716+0000][4672][gc,age      ] GC(117) - age  10:       5968 bytes,      21624 total
[2022-02-19T18:53:42.716+0000][4672][gc,age      ] GC(117) - age  11:       1312 bytes,      22936 total
[2022-02-19T18:53:42.716+0000][4672][gc,age      ] GC(117) - age  12:        992 bytes,      23928 total
[2022-02-19T18:53:42.716+0000][4672][gc,age      ] GC(117) - age  13:        216 bytes,      24144 total
[2022-02-19T18:53:42.716+0000][4672][gc,age      ] GC(117) - age  14:        240 bytes,      24384 total
[2022-02-19T18:53:42.716+0000][4672][gc,age      ] GC(117) - age  15:        272 bytes,      24656 total
[2022-02-19T18:53:42.716+0000][4672][gc,mmu      ] GC(117) MMU target violated: 201.0ms (200.0ms/201.0ms)
[2022-02-19T18:53:42.716+0000][4672][gc,phases   ] GC(117)   Pre Evacuate Collection Set: 0.1ms
[2022-02-19T18:53:42.716+0000][4672][gc,phases   ] GC(117)   Merge Heap Roots: 0.0ms
[2022-02-19T18:53:42.716+0000][4672][gc,phases   ] GC(117)   Evacuate Collection Set: 886.3ms
[2022-02-19T18:53:42.716+0000][4672][gc,phases   ] GC(117)   Post Evacuate Collection Set: 0.8ms
[2022-02-19T18:53:42.716+0000][4672][gc,phases   ] GC(117)   Other: 0.8ms
[2022-02-19T18:53:42.716+0000][4672][gc,heap     ] GC(117) Eden regions: 10->0(10)
[2022-02-19T18:53:42.716+0000][4672][gc,heap     ] GC(117) Survivor regions: 1->1(2)
[2022-02-19T18:53:42.716+0000][4672][gc,heap     ] GC(117) Old regions: 19->19
[2022-02-19T18:53:42.716+0000][4672][gc,heap     ] GC(117) Archive regions: 0->0
[2022-02-19T18:53:42.716+0000][4672][gc,heap     ] GC(117) Humongous regions: 5->5
[2022-02-19T18:53:42.716+0000][4672][gc,metaspace] GC(117) Metaspace: 109406K(111232K)->109406K(111232K) NonClass: 94355K(95424K)->94355K(95424K) Class: 15050K(15808K)->15050K(15808K)
[2022-02-19T18:53:42.716+0000][4672][gc          ] GC(117) Pause Young (Normal) (G1 Evacuation Pause) 133M->93M(956M) 888.371ms
[2022-02-19T18:53:42.716+0000][4672][gc,cpu      ] GC(117) User=0.08s Sys=0.00s Real=0.89s
[2022-02-19T18:53:42.716+0000][4672][safepoint   ] Safepoint "G1CollectForAllocation", Time since last: 8572684188 ns, Reaching safepoint: 72881 ns, At safepoint: 888625366 ns, Total: 888698247 ns
[2022-02-19T18:53:57.874+0000][4672][gc,start    ] GC(118) Pause Young (Normal) (G1 Evacuation Pause)
[2022-02-19T18:53:57.874+0000][4672][gc,task     ] GC(118) Using 2 workers of 2 for evacuation
[2022-02-19T18:53:57.874+0000][4672][gc,age      ] GC(118) Desired survivor size 4194304 bytes, new threshold 15 (max threshold 15)
[2022-02-19T18:53:57.874+0000][4672][gc,age      ] GC(118) Age table with threshold 15 (max threshold 15)
[2022-02-19T18:53:57.874+0000][4672][gc,age      ] GC(118) - age   1:      10536 bytes,      10536 total
[2022-02-19T18:53:57.890+0000][4672][gc,age      ] GC(118) - age   2:       1912 bytes,      12448 total
[2022-02-19T18:53:57.890+0000][4672][gc,age      ] GC(118) - age   3:        552 bytes,      13000 total
[2022-02-19T18:53:57.890+0000][4672][gc,age      ] GC(118) - age   6:        640 bytes,      13640 total
[2022-02-19T18:53:57.890+0000][4672][gc,age      ] GC(118) - age   7:       2592 bytes,      16232 total
[2022-02-19T18:53:57.890+0000][4672][gc,age      ] GC(118) - age   9:        128 bytes,      16360 total
[2022-02-19T18:53:57.890+0000][4672][gc,age      ] GC(118) - age  10:        288 bytes,      16648 total
[2022-02-19T18:53:57.890+0000][4672][gc,age      ] GC(118) - age  11:       5968 bytes,      22616 total
[2022-02-19T18:53:57.890+0000][4672][gc,age      ] GC(118) - age  12:       1312 bytes,      23928 total
[2022-02-19T18:53:57.890+0000][4672][gc,age      ] GC(118) - age  13:        992 bytes,      24920 total
[2022-02-19T18:53:57.890+0000][4672][gc,age      ] GC(118) - age  14:        216 bytes,      25136 total
[2022-02-19T18:53:57.890+0000][4672][gc,age      ] GC(118) - age  15:        240 bytes,      25376 total
[2022-02-19T18:53:57.890+0000][4672][gc,phases   ] GC(118)   Pre Evacuate Collection Set: 0.1ms
[2022-02-19T18:53:57.890+0000][4672][gc,phases   ] GC(118)   Merge Heap Roots: 0.1ms
[2022-02-19T18:53:57.890+0000][4672][gc,phases   ] GC(118)   Evacuate Collection Set: 1.2ms
[2022-02-19T18:53:57.890+0000][4672][gc,phases   ] GC(118)   Post Evacuate Collection Set: 1.5ms
[2022-02-19T18:53:57.890+0000][4672][gc,phases   ] GC(118)   Other: 1.0ms
[2022-02-19T18:53:57.890+0000][4672][gc,heap     ] GC(118) Eden regions: 10->0(10)
[2022-02-19T18:53:57.890+0000][4672][gc,heap     ] GC(118) Survivor regions: 1->1(2)
[2022-02-19T18:53:57.890+0000][4672][gc,heap     ] GC(118) Old regions: 19->19
[2022-02-19T18:53:57.890+0000][4672][gc,heap     ] GC(118) Archive regions: 0->0
[2022-02-19T18:53:57.890+0000][4672][gc,heap     ] GC(118) Humongous regions: 5->5
[2022-02-19T18:53:57.890+0000][4672][gc,metaspace] GC(118) Metaspace: 109406K(111232K)->109406K(111232K) NonClass: 94355K(95424K)->94355K(95424K) Class: 15050K(15808K)->15050K(15808K)
[2022-02-19T18:53:57.921+0000][4672][gc          ] GC(118) Pause Young (Normal) (G1 Evacuation Pause) 133M->93M(956M) 36.680ms
[2022-02-19T18:53:57.921+0000][4672][gc,cpu      ] GC(118) User=0.00s Sys=0.02s Real=0.05s
[2022-02-19T18:53:57.921+0000][4672][safepoint   ] Safepoint "G1CollectForAllocation", Time since last: 15169367703 ns, Reaching safepoint: 76473 ns, At safepoint: 37047549 ns, Total: 37124022 ns
[2022-02-19T18:54:09.592+0000][4672][gc,start    ] GC(119) Pause Young (Normal) (G1 Evacuation Pause)
[2022-02-19T18:54:09.592+0000][4672][gc,task     ] GC(119) Using 2 workers of 2 for evacuation
[2022-02-19T18:54:09.592+0000][4672][gc,age      ] GC(119) Desired survivor size 4194304 bytes, new threshold 15 (max threshold 15)
[2022-02-19T18:54:09.732+0000][4672][gc,age      ] GC(119) Age table with threshold 15 (max threshold 15)
[2022-02-19T18:54:09.732+0000][4672][gc,age      ] GC(119) - age   1:       8128 bytes,       8128 total
[2022-02-19T18:54:09.732+0000][4672][gc,age      ] GC(119) - age   2:       2560 bytes,      10688 total
[2022-02-19T18:54:09.732+0000][4672][gc,age      ] GC(119) - age   3:        928 bytes,      11616 total
[2022-02-19T18:54:09.732+0000][4672][gc,age      ] GC(119) - age   4:        552 bytes,      12168 total
[2022-02-19T18:54:09.732+0000][4672][gc,age      ] GC(119) - age   7:        512 bytes,      12680 total
[2022-02-19T18:54:09.732+0000][4672][gc,age      ] GC(119) - age   8:       2592 bytes,      15272 total
[2022-02-19T18:54:09.732+0000][4672][gc,age      ] GC(119) - age  10:        128 bytes,      15400 total
[2022-02-19T18:54:09.732+0000][4672][gc,age      ] GC(119) - age  11:        288 bytes,      15688 total
[2022-02-19T18:54:09.732+0000][4672][gc,age      ] GC(119) - age  12:       5968 bytes,      21656 total
[2022-02-19T18:54:09.732+0000][4672][gc,age      ] GC(119) - age  13:       1312 bytes,      22968 total
[2022-02-19T18:54:09.732+0000][4672][gc,age      ] GC(119) - age  14:        992 bytes,      23960 total
[2022-02-19T18:54:09.732+0000][4672][gc,age      ] GC(119) - age  15:        216 bytes,      24176 total
[2022-02-19T18:54:09.732+0000][4672][gc,phases   ] GC(119)   Pre Evacuate Collection Set: 0.1ms
[2022-02-19T18:54:09.732+0000][4672][gc,phases   ] GC(119)   Merge Heap Roots: 0.0ms
[2022-02-19T18:54:09.732+0000][4672][gc,phases   ] GC(119)   Evacuate Collection Set: 149.3ms
[2022-02-19T18:54:09.732+0000][4672][gc,phases   ] GC(119)   Post Evacuate Collection Set: 0.7ms
[2022-02-19T18:54:09.732+0000][4672][gc,phases   ] GC(119)   Other: 0.7ms
[2022-02-19T18:54:09.732+0000][4672][gc,heap     ] GC(119) Eden regions: 10->0(33)
[2022-02-19T18:54:09.732+0000][4672][gc,heap     ] GC(119) Survivor regions: 1->1(2)
[2022-02-19T18:54:09.732+0000][4672][gc,heap     ] GC(119) Old regions: 19->19
[2022-02-19T18:54:09.732+0000][4672][gc,heap     ] GC(119) Archive regions: 0->0
[2022-02-19T18:54:09.732+0000][4672][gc,heap     ] GC(119) Humongous regions: 5->5
[2022-02-19T18:54:09.732+0000][4672][gc,metaspace] GC(119) Metaspace: 109406K(111232K)->109406K(111232K) NonClass: 94355K(95424K)->94355K(95424K) Class: 15050K(15808K)->15050K(15808K)
[2022-02-19T18:54:09.732+0000][4672][gc          ] GC(119) Pause Young (Normal) (G1 Evacuation Pause) 133M->93M(956M) 151.131ms
[2022-02-19T18:54:09.732+0000][4672][gc,cpu      ] GC(119) User=0.03s Sys=0.00s Real=0.14s
[2022-02-19T18:54:09.732+0000][4672][safepoint   ] Safepoint "G1CollectForAllocation", Time since last: 11672363000 ns, Reaching safepoint: 41060 ns, At safepoint: 151328174 ns, Total: 151369234 ns
[2022-02-19T18:54:50.194+0000][4672][gc,start    ] GC(120) Pause Young (Normal) (G1 Evacuation Pause)
[2022-02-19T18:54:50.194+0000][4672][gc,task     ] GC(120) Using 2 workers of 2 for evacuation
[2022-02-19T18:54:50.194+0000][4672][gc,age      ] GC(120) Desired survivor size 10485760 bytes, new threshold 15 (max threshold 15)
[2022-02-19T18:54:50.241+0000][4672][gc,age      ] GC(120) Age table with threshold 15 (max threshold 15)
[2022-02-19T18:54:50.241+0000][4672][gc,age      ] GC(120) - age   1:      12976 bytes,      12976 total
[2022-02-19T18:54:50.241+0000][4672][gc,age      ] GC(120) - age   2:        128 bytes,      13104 total
[2022-02-19T18:54:50.241+0000][4672][gc,age      ] GC(120) - age   3:        184 bytes,      13288 total
[2022-02-19T18:54:50.241+0000][4672][gc,age      ] GC(120) - age   5:        368 bytes,      13656 total
[2022-02-19T18:54:50.241+0000][4672][gc,age      ] GC(120) - age   9:       2592 bytes,      16248 total
[2022-02-19T18:54:50.241+0000][4672][gc,age      ] GC(120) - age  11:        128 bytes,      16376 total
[2022-02-19T18:54:50.241+0000][4672][gc,age      ] GC(120) - age  12:        288 bytes,      16664 total
[2022-02-19T18:54:50.241+0000][4672][gc,age      ] GC(120) - age  13:       5968 bytes,      22632 total
[2022-02-19T18:54:50.241+0000][4672][gc,age      ] GC(120) - age  14:       1312 bytes,      23944 total
[2022-02-19T18:54:50.241+0000][4672][gc,age      ] GC(120) - age  15:        992 bytes,      24936 total
[2022-02-19T18:54:50.241+0000][4672][gc,phases   ] GC(120)   Pre Evacuate Collection Set: 0.2ms
[2022-02-19T18:54:50.241+0000][4672][gc,phases   ] GC(120)   Merge Heap Roots: 0.1ms
[2022-02-19T18:54:50.241+0000][4672][gc,phases   ] GC(120)   Evacuate Collection Set: 28.6ms
[2022-02-19T18:54:50.241+0000][4672][gc,phases   ] GC(120)   Post Evacuate Collection Set: 1.0ms
[2022-02-19T18:54:50.241+0000][4672][gc,phases   ] GC(120)   Other: 22.6ms
[2022-02-19T18:54:50.241+0000][4672][gc,heap     ] GC(120) Eden regions: 33->0(113)
[2022-02-19T18:54:50.241+0000][4672][gc,heap     ] GC(120) Survivor regions: 1->1(5)
[2022-02-19T18:54:50.241+0000][4672][gc,heap     ] GC(120) Old regions: 19->19
[2022-02-19T18:54:50.241+0000][4672][gc,heap     ] GC(120) Archive regions: 0->0
[2022-02-19T18:54:50.241+0000][4672][gc,heap     ] GC(120) Humongous regions: 5->5
[2022-02-19T18:54:50.241+0000][4672][gc,metaspace] GC(120) Metaspace: 109407K(111232K)->109407K(111232K) NonClass: 94356K(95424K)->94356K(95424K) Class: 15050K(15808K)->15050K(15808K)
[2022-02-19T18:54:50.241+0000][4672][gc          ] GC(120) Pause Young (Normal) (G1 Evacuation Pause) 225M->93M(956M) 52.743ms
[2022-02-19T18:54:50.241+0000][4672][gc,cpu      ] GC(120) User=0.03s Sys=0.00s Real=0.05s
[2022-02-19T18:54:50.241+0000][4672][safepoint   ] Safepoint "G1CollectForAllocation", Time since last: 40447368286 ns, Reaching safepoint: 93411 ns, At safepoint: 52999711 ns, Total: 53093122 ns
[2022-02-19T18:54:51.255+0000][4672][safepoint   ] Safepoint "Cleanup", Time since last: 1005981868 ns, Reaching safepoint: 78526 ns, At safepoint: 12831 ns, Total: 91357 ns
[2022-02-19T18:56:24.415+0000][4672][safepoint   ] Safepoint "Cleanup", Time since last: 93158929844 ns, Reaching safepoint: 103162 ns, At safepoint: 13344 ns, Total: 116506 ns
[2022-02-19T18:57:07.495+0000][4672][gc,start    ] GC(121) Pause Young (Normal) (G1 Evacuation Pause)
[2022-02-19T18:57:07.495+0000][4672][gc,task     ] GC(121) Using 2 workers of 2 for evacuation
[2022-02-19T18:57:07.495+0000][4672][gc,age      ] GC(121) Desired survivor size 31457280 bytes, new threshold 15 (max threshold 15)
[2022-02-19T18:57:07.635+0000][4672][gc,age      ] GC(121) Age table with threshold 15 (max threshold 15)
[2022-02-19T18:57:07.635+0000][4672][gc,age      ] GC(121) - age   1:      13120 bytes,      13120 total
[2022-02-19T18:57:07.635+0000][4672][gc,age      ] GC(121) - age   2:        648 bytes,      13768 total
[2022-02-19T18:57:07.635+0000][4672][gc,age      ] GC(121) - age   3:        128 bytes,      13896 total
[2022-02-19T18:57:07.635+0000][4672][gc,age      ] GC(121) - age   4:        184 bytes,      14080 total
[2022-02-19T18:57:07.635+0000][4672][gc,age      ] GC(121) - age   6:        208 bytes,      14288 total
[2022-02-19T18:57:07.635+0000][4672][gc,age      ] GC(121) - age  10:       2384 bytes,      16672 total
[2022-02-19T18:57:07.635+0000][4672][gc,age      ] GC(121) - age  12:        128 bytes,      16800 total
[2022-02-19T18:57:07.635+0000][4672][gc,age      ] GC(121) - age  13:        288 bytes,      17088 total
[2022-02-19T18:57:07.635+0000][4672][gc,age      ] GC(121) - age  14:       5968 bytes,      23056 total
[2022-02-19T18:57:07.635+0000][4672][gc,age      ] GC(121) - age  15:       1312 bytes,      24368 total
[2022-02-19T18:57:07.635+0000][4672][gc,phases   ] GC(121)   Pre Evacuate Collection Set: 0.1ms
[2022-02-19T18:57:07.635+0000][4672][gc,phases   ] GC(121)   Merge Heap Roots: 0.1ms
[2022-02-19T18:57:07.635+0000][4672][gc,phases   ] GC(121)   Evacuate Collection Set: 72.6ms
[2022-02-19T18:57:07.635+0000][4672][gc,phases   ] GC(121)   Post Evacuate Collection Set: 18.2ms
[2022-02-19T18:57:07.635+0000][4672][gc,phases   ] GC(121)   Other: 57.9ms
[2022-02-19T18:57:07.635+0000][4672][gc,heap     ] GC(121) Eden regions: 113->0(142)
[2022-02-19T18:57:07.635+0000][4672][gc,heap     ] GC(121) Survivor regions: 1->1(15)
[2022-02-19T18:57:07.635+0000][4672][gc,heap     ] GC(121) Old regions: 19->19
[2022-02-19T18:57:07.635+0000][4672][gc,heap     ] GC(121) Archive regions: 0->0
[2022-02-19T18:57:07.635+0000][4672][gc,heap     ] GC(121) Humongous regions: 5->5
[2022-02-19T18:57:07.635+0000][4672][gc,metaspace] GC(121) Metaspace: 109409K(111232K)->109409K(111232K) NonClass: 94358K(95424K)->94358K(95424K) Class: 15050K(15808K)->15050K(15808K)
[2022-02-19T18:57:07.635+0000][4672][gc          ] GC(121) Pause Young (Normal) (G1 Evacuation Pause) 545M->93M(956M) 149.595ms
[2022-02-19T18:57:07.635+0000][4672][gc,cpu      ] GC(121) User=0.03s Sys=0.00s Real=0.14s
[2022-02-19T18:57:07.635+0000][4672][safepoint   ] Safepoint "G1CollectForAllocation", Time since last: 43083401253 ns, Reaching safepoint: 91358 ns, At safepoint: 150011188 ns, Total: 150102546 ns
[2022-02-19T18:58:38.857+0000][4672][safepoint   ] Safepoint "Cleanup", Time since last: 91205483713 ns, Reaching safepoint: 98030 ns, At safepoint: 68775 ns, Total: 166805 ns
[2022-02-19T19:00:01.197+0000][4672][gc,start    ] GC(122) Pause Young (Normal) (G1 Evacuation Pause)
[2022-02-19T19:00:01.197+0000][4672][gc,task     ] GC(122) Using 2 workers of 2 for evacuation
[2022-02-19T19:00:01.197+0000][4672][gc,age      ] GC(122) Desired survivor size 37748736 bytes, new threshold 15 (max threshold 15)
[2022-02-19T19:00:01.306+0000][4672][gc,age      ] GC(122) Age table with threshold 15 (max threshold 15)
[2022-02-19T19:00:01.306+0000][4672][gc,age      ] GC(122) - age   1:      12808 bytes,      12808 total
[2022-02-19T19:00:01.306+0000][4672][gc,age      ] GC(122) - age   2:       1512 bytes,      14320 total
[2022-02-19T19:00:01.306+0000][4672][gc,age      ] GC(122) - age   3:        648 bytes,      14968 total
[2022-02-19T19:00:01.306+0000][4672][gc,age      ] GC(122) - age   4:        128 bytes,      15096 total
[2022-02-19T19:00:01.306+0000][4672][gc,age      ] GC(122) - age   5:        184 bytes,      15280 total
[2022-02-19T19:00:01.306+0000][4672][gc,age      ] GC(122) - age   7:         80 bytes,      15360 total
[2022-02-19T19:00:01.306+0000][4672][gc,age      ] GC(122) - age  11:       2384 bytes,      17744 total
[2022-02-19T19:00:01.306+0000][4672][gc,age      ] GC(122) - age  13:        128 bytes,      17872 total
[2022-02-19T19:00:01.306+0000][4672][gc,age      ] GC(122) - age  14:        288 bytes,      18160 total
[2022-02-19T19:00:01.306+0000][4672][gc,age      ] GC(122) - age  15:       5968 bytes,      24128 total
[2022-02-19T19:00:01.306+0000][4672][gc,phases   ] GC(122)   Pre Evacuate Collection Set: 60.1ms
[2022-02-19T19:00:01.306+0000][4672][gc,phases   ] GC(122)   Merge Heap Roots: 0.1ms
[2022-02-19T19:00:01.306+0000][4672][gc,phases   ] GC(122)   Evacuate Collection Set: 26.8ms
[2022-02-19T19:00:01.306+0000][4672][gc,phases   ] GC(122)   Post Evacuate Collection Set: 1.8ms
[2022-02-19T19:00:01.306+0000][4672][gc,phases   ] GC(122)   Other: 21.7ms
[2022-02-19T19:00:01.306+0000][4672][gc,heap     ] GC(122) Eden regions: 142->0(142)
[2022-02-19T19:00:01.306+0000][4672][gc,heap     ] GC(122) Survivor regions: 1->1(18)
[2022-02-19T19:00:01.306+0000][4672][gc,heap     ] GC(122) Old regions: 19->19
[2022-02-19T19:00:01.306+0000][4672][gc,heap     ] GC(122) Archive regions: 0->0
[2022-02-19T19:00:01.321+0000][4672][gc,heap     ] GC(122) Humongous regions: 5->5
[2022-02-19T19:00:01.321+0000][4672][gc,metaspace] GC(122) Metaspace: 109414K(111232K)->109414K(111232K) NonClass: 94363K(95424K)->94363K(95424K) Class: 15050K(15808K)->15050K(15808K)
[2022-02-19T19:00:01.321+0000][4672][gc          ] GC(122) Pause Young (Normal) (G1 Evacuation Pause) 661M->93M(956M) 111.081ms
[2022-02-19T19:00:01.321+0000][4672][gc,cpu      ] GC(122) User=0.03s Sys=0.00s Real=0.12s
[2022-02-19T19:00:01.321+0000][4672][safepoint   ] Safepoint "G1CollectForAllocation", Time since last: 82352096194 ns, Reaching safepoint: 49271 ns, At safepoint: 111301240 ns, Total: 111350511 ns
[2022-02-19T19:00:56.066+0000][4672][safepoint   ] Safepoint "Cleanup", Time since last: 54743340649 ns, Reaching safepoint: 66722 ns, At safepoint: 6159 ns, Total: 72881 ns
[2022-02-19T19:01:08.578+0000][4672][safepoint   ] Safepoint "Cleanup", Time since last: 12168741031 ns, Reaching safepoint: 343177026 ns, At safepoint: 478858 ns, Total: 343655884 ns
[2022-02-19T19:01:39.012+0000][4672][safepoint   ] Safepoint "Cleanup", Time since last: 30401241436 ns, Reaching safepoint: 31456774 ns, At safepoint: 99569 ns, Total: 31556343 ns
[2022-02-19T19:01:56.167+0000][4672][safepoint   ] Safepoint "Cleanup", Time since last: 17154974779 ns, Reaching safepoint: 76987 ns, At safepoint: 4619 ns, Total: 81606 ns
[2022-02-19T19:02:26.346+0000][4672][safepoint   ] Safepoint "Cleanup", Time since last: 30131640105 ns, Reaching safepoint: 46812031 ns, At safepoint: 235066 ns, Total: 47047097 ns
[2022-02-19T19:02:37.501+0000][4672][safepoint   ] Safepoint "Cleanup", Time since last: 11091008054 ns, Reaching safepoint: 76331819 ns, At safepoint: 758576 ns, Total: 77090395 ns
[2022-02-19T19:02:39.553+0000][4672][safepoint   ] Safepoint "Cleanup", Time since last: 2006744549 ns, Reaching safepoint: 31228380 ns, At safepoint: 301788 ns, Total: 31530168 ns
[2022-02-19T19:02:53.684+0000][4672][gc,start    ] GC(123) Pause Young (Normal) (G1 Evacuation Pause)
[2022-02-19T19:02:53.684+0000][4672][gc,task     ] GC(123) Using 2 workers of 2 for evacuation
[2022-02-19T19:02:53.684+0000][4672][gc,age      ] GC(123) Desired survivor size 37748736 bytes, new threshold 15 (max threshold 15)
[2022-02-19T19:02:53.747+0000][4672][gc,age      ] GC(123) Age table with threshold 15 (max threshold 15)
[2022-02-19T19:02:53.747+0000][4672][gc,age      ] GC(123) - age   1:      12992 bytes,      12992 total
[2022-02-19T19:02:53.747+0000][4672][gc,age      ] GC(123) - age   2:        416 bytes,      13408 total
[2022-02-19T19:02:53.747+0000][4672][gc,age      ] GC(123) - age   3:       1384 bytes,      14792 total
[2022-02-19T19:02:53.747+0000][4672][gc,age      ] GC(123) - age   4:        520 bytes,      15312 total
[2022-02-19T19:02:53.747+0000][4672][gc,age      ] GC(123) - age   5:        128 bytes,      15440 total
[2022-02-19T19:02:53.747+0000][4672][gc,age      ] GC(123) - age   6:        184 bytes,      15624 total
[2022-02-19T19:02:53.747+0000][4672][gc,age      ] GC(123) - age   8:         80 bytes,      15704 total
[2022-02-19T19:02:53.747+0000][4672][gc,age      ] GC(123) - age  12:       2384 bytes,      18088 total
[2022-02-19T19:02:53.747+0000][4672][gc,age      ] GC(123) - age  14:        128 bytes,      18216 total
[2022-02-19T19:02:53.747+0000][4672][gc,age      ] GC(123) - age  15:        288 bytes,      18504 total
[2022-02-19T19:02:53.747+0000][4672][gc,phases   ] GC(123)   Pre Evacuate Collection Set: 0.1ms
[2022-02-19T19:02:53.747+0000][4672][gc,phases   ] GC(123)   Merge Heap Roots: 0.1ms
[2022-02-19T19:02:53.747+0000][4672][gc,phases   ] GC(123)   Evacuate Collection Set: 64.0ms
[2022-02-19T19:02:53.747+0000][4672][gc,phases   ] GC(123)   Post Evacuate Collection Set: 1.5ms
[2022-02-19T19:02:53.747+0000][4672][gc,phases   ] GC(123)   Other: 0.9ms
[2022-02-19T19:02:53.747+0000][4672][gc,heap     ] GC(123) Eden regions: 142->0(142)
[2022-02-19T19:02:53.747+0000][4672][gc,heap     ] GC(123) Survivor regions: 1->1(18)
[2022-02-19T19:02:53.747+0000][4672][gc,heap     ] GC(123) Old regions: 19->19
[2022-02-19T19:02:53.747+0000][4672][gc,heap     ] GC(123) Archive regions: 0->0
[2022-02-19T19:02:53.747+0000][4672][gc,heap     ] GC(123) Humongous regions: 5->5
[2022-02-19T19:02:53.747+0000][4672][gc,metaspace] GC(123) Metaspace: 109440K(111232K)->109440K(111232K) NonClass: 94389K(95424K)->94389K(95424K) Class: 15050K(15808K)->15050K(15808K)
[2022-02-19T19:02:53.747+0000][4672][gc          ] GC(123) Pause Young (Normal) (G1 Evacuation Pause) 661M->93M(956M) 66.853ms
[2022-02-19T19:02:53.747+0000][4672][gc,cpu      ] GC(123) User=0.03s Sys=0.00s Real=0.06s
[2022-02-19T19:02:53.747+0000][4672][safepoint   ] Safepoint "G1CollectForAllocation", Time since last: 14139762717 ns, Reaching safepoint: 113940 ns, At safepoint: 67141658 ns, Total: 67255598 ns
[2022-02-19T19:02:55.792+0000][4672][safepoint   ] Safepoint "Cleanup", Time since last: 1994028910 ns, Reaching safepoint: 38027333 ns, At safepoint: 107268 ns, Total: 38134601 ns
[2022-02-19T19:04:26.360+0000][4672][safepoint   ] Safepoint "Cleanup", Time since last: 90566243479 ns, Reaching safepoint: 91871 ns, At safepoint: 5646 ns, Total: 97517 ns
[2022-02-19T19:05:41.446+0000][4672][gc,start    ] GC(124) Pause Young (Normal) (G1 Evacuation Pause)
[2022-02-19T19:05:41.446+0000][4672][gc,task     ] GC(124) Using 2 workers of 2 for evacuation
[2022-02-19T19:05:41.446+0000][4672][gc,age      ] GC(124) Desired survivor size 37748736 bytes, new threshold 15 (max threshold 15)
[2022-02-19T19:05:41.446+0000][4672][gc,age      ] GC(124) Age table with threshold 15 (max threshold 15)
[2022-02-19T19:05:41.446+0000][4672][gc,age      ] GC(124) - age   1:      12216 bytes,      12216 total
[2022-02-19T19:05:41.446+0000][4672][gc,age      ] GC(124) - age   2:        560 bytes,      12776 total
[2022-02-19T19:05:41.446+0000][4672][gc,age      ] GC(124) - age   3:        416 bytes,      13192 total
[2022-02-19T19:05:41.446+0000][4672][gc,age      ] GC(124) - age   4:       1384 bytes,      14576 total
[2022-02-19T19:05:41.446+0000][4672][gc,age      ] GC(124) - age   5:        136 bytes,      14712 total
[2022-02-19T19:05:41.446+0000][4672][gc,age      ] GC(124) - age   7:        184 bytes,      14896 total
[2022-02-19T19:05:41.446+0000][4672][gc,age      ] GC(124) - age   9:         80 bytes,      14976 total
[2022-02-19T19:05:41.446+0000][4672][gc,age      ] GC(124) - age  13:       2384 bytes,      17360 total
[2022-02-19T19:05:41.446+0000][4672][gc,phases   ] GC(124)   Pre Evacuate Collection Set: 0.1ms
[2022-02-19T19:05:41.446+0000][4672][gc,phases   ] GC(124)   Merge Heap Roots: 0.1ms
[2022-02-19T19:05:41.446+0000][4672][gc,phases   ] GC(124)   Evacuate Collection Set: 0.7ms
[2022-02-19T19:05:41.446+0000][4672][gc,phases   ] GC(124)   Post Evacuate Collection Set: 1.1ms
[2022-02-19T19:05:41.446+0000][4672][gc,phases   ] GC(124)   Other: 0.6ms
[2022-02-19T19:05:41.446+0000][4672][gc,heap     ] GC(124) Eden regions: 142->0(142)
[2022-02-19T19:05:41.446+0000][4672][gc,heap     ] GC(124) Survivor regions: 1->1(18)
[2022-02-19T19:05:41.446+0000][4672][gc,heap     ] GC(124) Old regions: 19->19
[2022-02-19T19:05:41.446+0000][4672][gc,heap     ] GC(124) Archive regions: 0->0
[2022-02-19T19:05:41.446+0000][4672][gc,heap     ] GC(124) Humongous regions: 5->5
[2022-02-19T19:05:41.446+0000][4672][gc,metaspace] GC(124) Metaspace: 109449K(111232K)->109449K(111232K) NonClass: 94398K(95424K)->94398K(95424K) Class: 15050K(15808K)->15050K(15808K)
[2022-02-19T19:05:41.446+0000][4672][gc          ] GC(124) Pause Young (Normal) (G1 Evacuation Pause) 661M->93M(956M) 2.817ms
[2022-02-19T19:05:41.446+0000][4672][gc,cpu      ] GC(124) User=0.00s Sys=0.00s Real=0.00s
[2022-02-19T19:05:41.446+0000][4672][safepoint   ] Safepoint "G1CollectForAllocation", Time since last: 75091116348 ns, Reaching safepoint: 42600 ns, At safepoint: 2986058 ns, Total: 3028658 ns
[2022-02-19T19:06:26.800+0000][4672][safepoint   ] Safepoint "Cleanup", Time since last: 45343415685 ns, Reaching safepoint: 75960 ns, At safepoint: 5646 ns, Total: 81606 ns
[2022-02-19T19:07:38.585+0000][4672][safepoint   ] Safepoint "Cleanup", Time since last: 71783984504 ns, Reaching safepoint: 51325 ns, At safepoint: 3079 ns, Total: 54404 ns
[2022-02-19T19:08:34.336+0000][4672][gc,start    ] GC(125) Pause Young (Normal) (G1 Evacuation Pause)
[2022-02-19T19:08:34.336+0000][4672][gc,task     ] GC(125) Using 2 workers of 2 for evacuation
[2022-02-19T19:08:34.336+0000][4672][gc,age      ] GC(125) Desired survivor size 37748736 bytes, new threshold 15 (max threshold 15)
[2022-02-19T19:08:34.336+0000][4672][gc,age      ] GC(125) Age table with threshold 15 (max threshold 15)
[2022-02-19T19:08:34.336+0000][4672][gc,age      ] GC(125) - age   1:      12672 bytes,      12672 total
[2022-02-19T19:08:34.336+0000][4672][gc,age      ] GC(125) - age   2:        640 bytes,      13312 total
[2022-02-19T19:08:34.336+0000][4672][gc,age      ] GC(125) - age   3:        560 bytes,      13872 total
[2022-02-19T19:08:34.336+0000][4672][gc,age      ] GC(125) - age   4:        416 bytes,      14288 total
[2022-02-19T19:08:34.336+0000][4672][gc,age      ] GC(125) - age   5:       1384 bytes,      15672 total
[2022-02-19T19:08:34.336+0000][4672][gc,age      ] GC(125) - age   6:        136 bytes,      15808 total
[2022-02-19T19:08:34.336+0000][4672][gc,age      ] GC(125) - age   8:        184 bytes,      15992 total
[2022-02-19T19:08:34.336+0000][4672][gc,age      ] GC(125) - age  10:         80 bytes,      16072 total
[2022-02-19T19:08:34.336+0000][4672][gc,age      ] GC(125) - age  14:       2384 bytes,      18456 total
[2022-02-19T19:08:34.336+0000][4672][gc,phases   ] GC(125)   Pre Evacuate Collection Set: 0.1ms
[2022-02-19T19:08:34.336+0000][4672][gc,phases   ] GC(125)   Merge Heap Roots: 0.1ms
[2022-02-19T19:08:34.336+0000][4672][gc,phases   ] GC(125)   Evacuate Collection Set: 0.7ms
[2022-02-19T19:08:34.336+0000][4672][gc,phases   ] GC(125)   Post Evacuate Collection Set: 1.0ms
[2022-02-19T19:08:34.336+0000][4672][gc,phases   ] GC(125)   Other: 0.7ms
[2022-02-19T19:08:34.336+0000][4672][gc,heap     ] GC(125) Eden regions: 142->0(142)
[2022-02-19T19:08:34.336+0000][4672][gc,heap     ] GC(125) Survivor regions: 1->1(18)
[2022-02-19T19:08:34.336+0000][4672][gc,heap     ] GC(125) Old regions: 19->19
[2022-02-19T19:08:34.336+0000][4672][gc,heap     ] GC(125) Archive regions: 0->0
[2022-02-19T19:08:34.336+0000][4672][gc,heap     ] GC(125) Humongous regions: 5->5
[2022-02-19T19:08:34.336+0000][4672][gc,metaspace] GC(125) Metaspace: 109456K(111232K)->109456K(111232K) NonClass: 94405K(95424K)->94405K(95424K) Class: 15050K(15808K)->15050K(15808K)
[2022-02-19T19:08:34.336+0000][4672][gc          ] GC(125) Pause Young (Normal) (G1 Evacuation Pause) 661M->93M(956M) 2.811ms
[2022-02-19T19:08:34.336+0000][4672][gc,cpu      ] GC(125) User=0.00s Sys=0.00s Real=0.00s
[2022-02-19T19:08:34.336+0000][4672][safepoint   ] Safepoint "G1CollectForAllocation", Time since last: 55758990509 ns, Reaching safepoint: 45166 ns, At safepoint: 3001455 ns, Total: 3046621 ns
[2022-02-19T19:08:37.366+0000][4672][safepoint   ] Safepoint "Cleanup", Time since last: 3017308668 ns, Reaching safepoint: 64669 ns, At safepoint: 6159 ns, Total: 70828 ns
[2022-02-19T19:09:08.742+0000][4672][safepoint   ] Safepoint "Cleanup", Time since last: 31375461663 ns, Reaching safepoint: 72881 ns, At safepoint: 6159 ns, Total: 79040 ns
[2022-02-19T19:09:26.983+0000][4672][safepoint   ] Safepoint "Cleanup", Time since last: 18241039772 ns, Reaching safepoint: 203245 ns, At safepoint: 10265 ns, Total: 213510 ns
[2022-02-19T19:10:35.882+0000][4672][safepoint   ] Safepoint "Cleanup", Time since last: 68897417250 ns, Reaching safepoint: 133443 ns, At safepoint: 11805 ns, Total: 145248 ns
[2022-02-19T19:11:27.179+0000][4672][gc,start    ] GC(126) Pause Young (Normal) (G1 Evacuation Pause)
[2022-02-19T19:11:27.179+0000][4672][gc,task     ] GC(126) Using 2 workers of 2 for evacuation
[2022-02-19T19:11:27.179+0000][4672][gc,age      ] GC(126) Desired survivor size 37748736 bytes, new threshold 15 (max threshold 15)
[2022-02-19T19:11:27.179+0000][4672][gc,age      ] GC(126) Age table with threshold 15 (max threshold 15)
[2022-02-19T19:11:27.179+0000][4672][gc,age      ] GC(126) - age   1:      12192 bytes,      12192 total
[2022-02-19T19:11:27.179+0000][4672][gc,age      ] GC(126) - age   2:        160 bytes,      12352 total
[2022-02-19T19:11:27.179+0000][4672][gc,age      ] GC(126) - age   3:        512 bytes,      12864 total
[2022-02-19T19:11:27.179+0000][4672][gc,age      ] GC(126) - age   4:        432 bytes,      13296 total
[2022-02-19T19:11:27.179+0000][4672][gc,age      ] GC(126) - age   5:        416 bytes,      13712 total
[2022-02-19T19:11:27.179+0000][4672][gc,age      ] GC(126) - age   6:       1176 bytes,      14888 total
[2022-02-19T19:11:27.179+0000][4672][gc,age      ] GC(126) - age   7:        136 bytes,      15024 total
[2022-02-19T19:11:27.179+0000][4672][gc,age      ] GC(126) - age  11:         80 bytes,      15104 total
[2022-02-19T19:11:27.179+0000][4672][gc,age      ] GC(126) - age  15:       2384 bytes,      17488 total
[2022-02-19T19:11:27.179+0000][4672][gc,phases   ] GC(126)   Pre Evacuate Collection Set: 0.1ms
[2022-02-19T19:11:27.179+0000][4672][gc,phases   ] GC(126)   Merge Heap Roots: 0.1ms
[2022-02-19T19:11:27.179+0000][4672][gc,phases   ] GC(126)   Evacuate Collection Set: 0.7ms
[2022-02-19T19:11:27.179+0000][4672][gc,phases   ] GC(126)   Post Evacuate Collection Set: 1.0ms
[2022-02-19T19:11:27.179+0000][4672][gc,phases   ] GC(126)   Other: 0.6ms
[2022-02-19T19:11:27.179+0000][4672][gc,heap     ] GC(126) Eden regions: 142->0(142)
[2022-02-19T19:11:27.179+0000][4672][gc,heap     ] GC(126) Survivor regions: 1->1(18)
[2022-02-19T19:11:27.179+0000][4672][gc,heap     ] GC(126) Old regions: 19->19
[2022-02-19T19:11:27.179+0000][4672][gc,heap     ] GC(126) Archive regions: 0->0
[2022-02-19T19:11:27.179+0000][4672][gc,heap     ] GC(126) Humongous regions: 5->5
[2022-02-19T19:11:27.179+0000][4672][gc,metaspace] GC(126) Metaspace: 109459K(111232K)->109459K(111232K) NonClass: 94408K(95424K)->94408K(95424K) Class: 15050K(15808K)->15050K(15808K)
[2022-02-19T19:11:27.179+0000][4672][gc          ] GC(126) Pause Young (Normal) (G1 Evacuation Pause) 661M->93M(956M) 2.858ms
[2022-02-19T19:11:27.179+0000][4672][gc,cpu      ] GC(126) User=0.00s Sys=0.00s Real=0.00s
[2022-02-19T19:11:27.179+0000][4672][safepoint   ] Safepoint "G1CollectForAllocation", Time since last: 51295833787 ns, Reaching safepoint: 72367 ns, At safepoint: 3032250 ns, Total: 3104617 ns
[2022-02-19T19:13:56.982+0000][4672][safepoint   ] Safepoint "Cleanup", Time since last: 149704339177 ns, Reaching safepoint: 92979941 ns, At safepoint: 25149 ns, Total: 93005090 ns
[2022-02-19T19:14:19.566+0000][4672][gc,start    ] GC(127) Pause Young (Normal) (G1 Evacuation Pause)
[2022-02-19T19:14:19.566+0000][4672][gc,task     ] GC(127) Using 2 workers of 2 for evacuation
[2022-02-19T19:14:19.566+0000][4672][gc,age      ] GC(127) Desired survivor size 37748736 bytes, new threshold 15 (max threshold 15)
[2022-02-19T19:14:19.607+0000][4672][gc,age      ] GC(127) Age table with threshold 15 (max threshold 15)
[2022-02-19T19:14:19.607+0000][4672][gc,age      ] GC(127) - age   1:      12192 bytes,      12192 total
[2022-02-19T19:14:19.607+0000][4672][gc,age      ] GC(127) - age   2:        712 bytes,      12904 total
[2022-02-19T19:14:19.607+0000][4672][gc,age      ] GC(127) - age   3:        160 bytes,      13064 total
[2022-02-19T19:14:19.607+0000][4672][gc,age      ] GC(127) - age   5:        304 bytes,      13368 total
[2022-02-19T19:14:19.607+0000][4672][gc,age      ] GC(127) - age   6:        416 bytes,      13784 total
[2022-02-19T19:14:19.607+0000][4672][gc,age      ] GC(127) - age   7:       1176 bytes,      14960 total
[2022-02-19T19:14:19.607+0000][4672][gc,age      ] GC(127) - age   8:        136 bytes,      15096 total
[2022-02-19T19:14:19.607+0000][4672][gc,age      ] GC(127) - age  12:         80 bytes,      15176 total
[2022-02-19T19:14:19.607+0000][4672][gc,phases   ] GC(127)   Pre Evacuate Collection Set: 0.2ms
[2022-02-19T19:14:19.607+0000][4672][gc,phases   ] GC(127)   Merge Heap Roots: 0.1ms
[2022-02-19T19:14:19.607+0000][4672][gc,phases   ] GC(127)   Evacuate Collection Set: 1.4ms
[2022-02-19T19:14:19.607+0000][4672][gc,phases   ] GC(127)   Post Evacuate Collection Set: 1.7ms
[2022-02-19T19:14:19.607+0000][4672][gc,phases   ] GC(127)   Other: 37.9ms
[2022-02-19T19:14:19.607+0000][4672][gc,heap     ] GC(127) Eden regions: 142->0(142)
[2022-02-19T19:14:19.607+0000][4672][gc,heap     ] GC(127) Survivor regions: 1->1(18)
[2022-02-19T19:14:19.607+0000][4672][gc,heap     ] GC(127) Old regions: 19->19
[2022-02-19T19:14:19.607+0000][4672][gc,heap     ] GC(127) Archive regions: 0->0
[2022-02-19T19:14:19.607+0000][4672][gc,heap     ] GC(127) Humongous regions: 5->5
[2022-02-19T19:14:19.607+0000][4672][gc,metaspace] GC(127) Metaspace: 109462K(111232K)->109462K(111232K) NonClass: 94411K(95424K)->94411K(95424K) Class: 15050K(15808K)->15050K(15808K)
[2022-02-19T19:14:19.607+0000][4672][gc          ] GC(127) Pause Young (Normal) (G1 Evacuation Pause) 661M->93M(956M) 41.595ms
[2022-02-19T19:14:19.608+0000][4672][gc,cpu      ] GC(127) User=0.00s Sys=0.00s Real=0.04s
[2022-02-19T19:14:19.608+0000][4672][safepoint   ] Safepoint "G1CollectForAllocation", Time since last: 22583973007 ns, Reaching safepoint: 91358 ns, At safepoint: 41975725 ns, Total: 42067083 ns
[2022-02-19T19:16:17.197+0000][4672][safepoint   ] Safepoint "Cleanup", Time since last: 116456680086 ns, Reaching safepoint: 1126990107 ns, At safepoint: 3230363 ns, Total: 1130220470 ns
[2022-02-19T19:18:17.087+0000][4672][gc,start    ] GC(128) Pause Young (Normal) (G1 Evacuation Pause)
[2022-02-19T19:18:17.087+0000][4672][gc,task     ] GC(128) Using 2 workers of 2 for evacuation
[2022-02-19T19:18:17.087+0000][4672][gc,age      ] GC(128) Desired survivor size 37748736 bytes, new threshold 15 (max threshold 15)
[2022-02-19T19:18:17.290+0000][4672][gc,age      ] GC(128) Age table with threshold 15 (max threshold 15)
[2022-02-19T19:18:17.290+0000][4672][gc,age      ] GC(128) - age   1:      11976 bytes,      11976 total
[2022-02-19T19:18:17.290+0000][4672][gc,age      ] GC(128) - age   2:        640 bytes,      12616 total
[2022-02-19T19:18:17.290+0000][4672][gc,age      ] GC(128) - age   3:        584 bytes,      13200 total
[2022-02-19T19:18:17.290+0000][4672][gc,age      ] GC(128) - age   6:        304 bytes,      13504 total
[2022-02-19T19:18:17.290+0000][4672][gc,age      ] GC(128) - age   7:        416 bytes,      13920 total
[2022-02-19T19:18:17.290+0000][4672][gc,age      ] GC(128) - age   8:       1176 bytes,      15096 total
[2022-02-19T19:18:17.290+0000][4672][gc,age      ] GC(128) - age   9:        136 bytes,      15232 total
[2022-02-19T19:18:17.290+0000][4672][gc,age      ] GC(128) - age  13:         80 bytes,      15312 total
[2022-02-19T19:18:17.290+0000][4672][gc,mmu      ] GC(128) MMU target violated: 201.0ms (200.0ms/201.0ms)
[2022-02-19T19:18:17.290+0000][4672][gc,phases   ] GC(128)   Pre Evacuate Collection Set: 83.9ms
[2022-02-19T19:18:17.290+0000][4672][gc,phases   ] GC(128)   Merge Heap Roots: 0.1ms
[2022-02-19T19:18:17.290+0000][4672][gc,phases   ] GC(128)   Evacuate Collection Set: 118.5ms
[2022-02-19T19:18:17.290+0000][4672][gc,phases   ] GC(128)   Post Evacuate Collection Set: 1.9ms
[2022-02-19T19:18:17.290+0000][4672][gc,phases   ] GC(128)   Other: 1.1ms
[2022-02-19T19:18:17.290+0000][4672][gc,heap     ] GC(128) Eden regions: 142->0(142)
[2022-02-19T19:18:17.290+0000][4672][gc,heap     ] GC(128) Survivor regions: 1->1(18)
[2022-02-19T19:18:17.290+0000][4672][gc,heap     ] GC(128) Old regions: 19->19
[2022-02-19T19:18:17.290+0000][4672][gc,heap     ] GC(128) Archive regions: 0->0
[2022-02-19T19:18:17.290+0000][4672][gc,heap     ] GC(128) Humongous regions: 5->5
[2022-02-19T19:18:17.290+0000][4672][gc,metaspace] GC(128) Metaspace: 109466K(111232K)->109466K(111232K) NonClass: 94415K(95424K)->94415K(95424K) Class: 15050K(15808K)->15050K(15808K)
[2022-02-19T19:18:17.536+0000][4672][gc          ] GC(128) Pause Young (Normal) (G1 Evacuation Pause) 661M->93M(956M) 449.785ms
[2022-02-19T19:18:17.581+0000][4672][gc,cpu      ] GC(128) User=0.03s Sys=0.02s Real=0.45s
[2022-02-19T19:18:17.581+0000][4672][safepoint   ] Safepoint "G1CollectForAllocation", Time since last: 119850636013 ns, Reaching safepoint: 36946953 ns, At safepoint: 501612102 ns, Total: 538559055 ns
[2022-02-19T19:18:42.826+0000][4672][safepoint   ] Safepoint "Cleanup", Time since last: 25184725014 ns, Reaching safepoint: 52016846 ns, At safepoint: 139603 ns, Total: 52156449 ns
[2022-02-19T19:18:51.473+0000][4672][safepoint   ] Safepoint "Cleanup", Time since last: 8028134540 ns, Reaching safepoint: 619066633 ns, At safepoint: 333609 ns, Total: 619400242 ns
[2022-02-19T19:18:55.695+0000][4672][safepoint   ] Safepoint "Cleanup", Time since last: 3999773659 ns, Reaching safepoint: 222051255 ns, At safepoint: 774487 ns, Total: 222825742 ns
[2022-02-19T19:19:05.914+0000][4672][safepoint   ] Safepoint "Cleanup", Time since last: 10000599983 ns, Reaching safepoint: 217078939 ns, At safepoint: 543526 ns, Total: 217622465 ns
[2022-02-19T19:19:21.940+0000][4672][safepoint   ] Safepoint "Cleanup", Time since last: 15999985629 ns, Reaching safepoint: 25128465 ns, At safepoint: 212484 ns, Total: 25340949 ns
[2022-02-19T19:19:31.696+0000][4672][safepoint   ] Safepoint "Cleanup", Time since last: 9000014884 ns, Reaching safepoint: 756133275 ns, At safepoint: 468593 ns, Total: 756601868 ns
[2022-02-19T19:19:34.814+0000][4672][safepoint   ] Safepoint "Cleanup", Time since last: 2999599669 ns, Reaching safepoint: 116989532 ns, At safepoint: 608195 ns, Total: 117597727 ns
[2022-02-19T19:19:55.059+0000][4672][safepoint   ] Safepoint "Cleanup", Time since last: 20150877546 ns, Reaching safepoint: 93529625 ns, At safepoint: 440877 ns, Total: 93970502 ns
[2022-02-19T19:19:56.183+0000][4672][safepoint   ] Safepoint "Cleanup", Time since last: 1014563321 ns, Reaching safepoint: 109252367 ns, At safepoint: 2897780 ns, Total: 112150147 ns
[2022-02-19T19:19:58.401+0000][4672][safepoint   ] Safepoint "Cleanup", Time since last: 2011514134 ns, Reaching safepoint: 203827472 ns, At safepoint: 709817 ns, Total: 204537289 ns
[2022-02-19T19:19:59.431+0000][4672][safepoint   ] Safepoint "Cleanup", Time since last: 1013197064 ns, Reaching safepoint: 15627790 ns, At safepoint: 620513 ns, Total: 16248303 ns
[2022-02-19T19:20:00.461+0000][4672][safepoint   ] Safepoint "Cleanup", Time since last: 1013305358 ns, Reaching safepoint: 15684248 ns, At safepoint: 486043 ns, Total: 16170291 ns
[2022-02-19T19:20:02.506+0000][4672][safepoint   ] Safepoint "Cleanup", Time since last: 2029401228 ns, Reaching safepoint: 15652940 ns, At safepoint: 804768 ns, Total: 16457708 ns
[2022-02-19T19:20:04.551+0000][4672][safepoint   ] Safepoint "Cleanup", Time since last: 2028149424 ns, Reaching safepoint: 15571847 ns, At safepoint: 179122 ns, Total: 15750969 ns
[2022-02-19T19:20:06.831+0000][4672][safepoint   ] Safepoint "Cleanup", Time since last: 2015179215 ns, Reaching safepoint: 265270059 ns, At safepoint: 608708 ns, Total: 265878767 ns
[2022-02-19T19:20:08.918+0000][4672][safepoint   ] Safepoint "Cleanup", Time since last: 1999422087 ns, Reaching safepoint: 85957725 ns, At safepoint: 1236920 ns, Total: 87194645 ns
[2022-02-19T19:20:11.933+0000][4672][safepoint   ] Safepoint "Cleanup", Time since last: 2999836788 ns, Reaching safepoint: 14023901 ns, At safepoint: 146274 ns, Total: 14170175 ns
[2022-02-19T19:20:13.997+0000][4672][safepoint   ] Safepoint "Cleanup", Time since last: 2000123179 ns, Reaching safepoint: 64172024 ns, At safepoint: 341307 ns, Total: 64513331 ns
[2022-02-19T19:20:17.216+0000][4672][safepoint   ] Safepoint "Cleanup", Time since last: 3011738935 ns, Reaching safepoint: 207082470 ns, At safepoint: 548659 ns, Total: 207631129 ns
[2022-02-19T19:20:19.291+0000][4672][safepoint   ] Safepoint "Cleanup", Time since last: 2014969811 ns, Reaching safepoint: 58999542 ns, At safepoint: 241225 ns, Total: 59240767 ns
[2022-02-19T19:20:26.943+0000][4672][safepoint   ] Safepoint "Cleanup", Time since last: 7064586725 ns, Reaching safepoint: 586831268 ns, At safepoint: 404950 ns, Total: 587236218 ns
[2022-02-19T19:20:28.000+0000][4672][safepoint   ] Safepoint "Cleanup", Time since last: 1004948707 ns, Reaching safepoint: 52359180 ns, At safepoint: 533262 ns, Total: 52892442 ns
[2022-02-19T19:20:38.262+0000][4672][safepoint   ] Safepoint "Cleanup", Time since last: 10021821629 ns, Reaching safepoint: 222029698 ns, At safepoint: 17714644 ns, Total: 239744342 ns
[2022-02-19T19:20:41.445+0000][4672][safepoint   ] Safepoint "Cleanup", Time since last: 3042068623 ns, Reaching safepoint: 140355515 ns, At safepoint: 224801 ns, Total: 140580316 ns
[2022-02-19T19:20:42.506+0000][4672][safepoint   ] Safepoint "Cleanup", Time since last: 1013751881 ns, Reaching safepoint: 46812031 ns, At safepoint: 147815 ns, Total: 46959846 ns
[2022-02-19T19:20:54.570+0000][4672][safepoint   ] Safepoint "Cleanup", Time since last: 11158691698 ns, Reaching safepoint: 904747411 ns, At safepoint: 4839385 ns, Total: 909586796 ns
[2022-02-19T19:20:59.784+0000][4672][safepoint   ] Safepoint "Cleanup", Time since last: 5053539645 ns, Reaching safepoint: 155975093 ns, At safepoint: 326424 ns, Total: 156301517 ns
[2022-02-19T19:21:08.529+0000][4672][gc,start    ] GC(129) Pause Young (Normal) (G1 Evacuation Pause)
[2022-02-19T19:21:08.529+0000][4672][gc,task     ] GC(129) Using 2 workers of 2 for evacuation
[2022-02-19T19:21:08.529+0000][4672][gc,age      ] GC(129) Desired survivor size 37748736 bytes, new threshold 15 (max threshold 15)
[2022-02-19T19:21:09.013+0000][4672][gc,age      ] GC(129) Age table with threshold 15 (max threshold 15)
[2022-02-19T19:21:09.013+0000][4672][gc,age      ] GC(129) - age   1:       9232 bytes,       9232 total
[2022-02-19T19:21:09.013+0000][4672][gc,age      ] GC(129) - age   2:        256 bytes,       9488 total
[2022-02-19T19:21:09.013+0000][4672][gc,age      ] GC(129) - age   3:        640 bytes,      10128 total
[2022-02-19T19:21:09.013+0000][4672][gc,age      ] GC(129) - age   4:        456 bytes,      10584 total
[2022-02-19T19:21:09.013+0000][4672][gc,age      ] GC(129) - age   7:        304 bytes,      10888 total
[2022-02-19T19:21:09.013+0000][4672][gc,age      ] GC(129) - age   8:        416 bytes,      11304 total
[2022-02-19T19:21:09.013+0000][4672][gc,age      ] GC(129) - age   9:       1176 bytes,      12480 total
[2022-02-19T19:21:09.013+0000][4672][gc,age      ] GC(129) - age  10:        136 bytes,      12616 total
[2022-02-19T19:21:09.013+0000][4672][gc,age      ] GC(129) - age  14:         80 bytes,      12696 total
[2022-02-19T19:21:09.013+0000][4672][gc,mmu      ] GC(129) MMU target violated: 201.0ms (200.0ms/201.0ms)
[2022-02-19T19:21:09.013+0000][4672][gc,phases   ] GC(129)   Pre Evacuate Collection Set: 0.1ms
[2022-02-19T19:21:09.013+0000][4672][gc,phases   ] GC(129)   Merge Heap Roots: 0.1ms
[2022-02-19T19:21:09.013+0000][4672][gc,phases   ] GC(129)   Evacuate Collection Set: 482.2ms
[2022-02-19T19:21:09.013+0000][4672][gc,phases   ] GC(129)   Post Evacuate Collection Set: 1.8ms
[2022-02-19T19:21:09.013+0000][4672][gc,phases   ] GC(129)   Other: 1.3ms
[2022-02-19T19:21:09.013+0000][4672][gc,heap     ] GC(129) Eden regions: 142->0(142)
[2022-02-19T19:21:09.013+0000][4672][gc,heap     ] GC(129) Survivor regions: 1->1(18)
[2022-02-19T19:21:09.013+0000][4672][gc,heap     ] GC(129) Old regions: 19->19
[2022-02-19T19:21:09.013+0000][4672][gc,heap     ] GC(129) Archive regions: 0->0
[2022-02-19T19:21:09.013+0000][4672][gc,heap     ] GC(129) Humongous regions: 5->5
[2022-02-19T19:21:09.013+0000][4672][gc,metaspace] GC(129) Metaspace: 109473K(111296K)->109473K(111296K) NonClass: 94422K(95488K)->94422K(95488K) Class: 15050K(15808K)->15050K(15808K)
[2022-02-19T19:21:09.013+0000][4672][gc          ] GC(129) Pause Young (Normal) (G1 Evacuation Pause) 661M->93M(956M) 486.079ms
[2022-02-19T19:21:09.013+0000][4672][gc,cpu      ] GC(129) User=0.03s Sys=0.00s Real=0.48s
[2022-02-19T19:21:09.013+0000][4672][safepoint   ] Safepoint "G1CollectForAllocation", Time since last: 8666578217 ns, Reaching safepoint: 77993706 ns, At safepoint: 486799343 ns, Total: 564793049 ns
[2022-02-19T19:22:59.313+0000][4672][safepoint   ] Safepoint "Cleanup", Time since last: 110294896089 ns, Reaching safepoint: 134470 ns, At safepoint: 10778 ns, Total: 145248 ns
[2022-02-19T19:23:25.671+0000][4672][safepoint   ] Safepoint "Cleanup", Time since last: 26357847616 ns, Reaching safepoint: 63129 ns, At safepoint: 5132 ns, Total: 68261 ns
[2022-02-19T19:24:00.338+0000][4672][gc,start    ] GC(130) Pause Young (Normal) (G1 Evacuation Pause)
[2022-02-19T19:24:00.338+0000][4672][gc,task     ] GC(130) Using 2 workers of 2 for evacuation
[2022-02-19T19:24:00.338+0000][4672][gc,age      ] GC(130) Desired survivor size 37748736 bytes, new threshold 15 (max threshold 15)
[2022-02-19T19:24:00.354+0000][4672][gc,age      ] GC(130) Age table with threshold 15 (max threshold 15)
[2022-02-19T19:24:00.354+0000][4672][gc,age      ] GC(130) - age   1:      12944 bytes,      12944 total
[2022-02-19T19:24:00.354+0000][4672][gc,age      ] GC(130) - age   2:       1040 bytes,      13984 total
[2022-02-19T19:24:00.354+0000][4672][gc,age      ] GC(130) - age   3:        128 bytes,      14112 total
[2022-02-19T19:24:00.354+0000][4672][gc,age      ] GC(130) - age   4:        640 bytes,      14752 total
[2022-02-19T19:24:00.354+0000][4672][gc,age      ] GC(130) - age   5:        272 bytes,      15024 total
[2022-02-19T19:24:00.354+0000][4672][gc,age      ] GC(130) - age   8:        304 bytes,      15328 total
[2022-02-19T19:24:00.354+0000][4672][gc,age      ] GC(130) - age   9:        416 bytes,      15744 total
[2022-02-19T19:24:00.354+0000][4672][gc,age      ] GC(130) - age  10:       1176 bytes,      16920 total
[2022-02-19T19:24:00.354+0000][4672][gc,age      ] GC(130) - age  11:        136 bytes,      17056 total
[2022-02-19T19:24:00.354+0000][4672][gc,age      ] GC(130) - age  15:         80 bytes,      17136 total
[2022-02-19T19:24:00.354+0000][4672][gc,phases   ] GC(130)   Pre Evacuate Collection Set: 0.1ms
[2022-02-19T19:24:00.354+0000][4672][gc,phases   ] GC(130)   Merge Heap Roots: 0.1ms
[2022-02-19T19:24:00.354+0000][4672][gc,phases   ] GC(130)   Evacuate Collection Set: 17.7ms
[2022-02-19T19:24:00.354+0000][4672][gc,phases   ] GC(130)   Post Evacuate Collection Set: 1.8ms
[2022-02-19T19:24:00.354+0000][4672][gc,phases   ] GC(130)   Other: 1.3ms
[2022-02-19T19:24:00.354+0000][4672][gc,heap     ] GC(130) Eden regions: 142->0(142)
[2022-02-19T19:24:00.354+0000][4672][gc,heap     ] GC(130) Survivor regions: 1->1(18)
[2022-02-19T19:24:00.354+0000][4672][gc,heap     ] GC(130) Old regions: 19->19
[2022-02-19T19:24:00.354+0000][4672][gc,heap     ] GC(130) Archive regions: 0->0
[2022-02-19T19:24:00.354+0000][4672][gc,heap     ] GC(130) Humongous regions: 5->5
[2022-02-19T19:24:00.354+0000][4672][gc,metaspace] GC(130) Metaspace: 109477K(111296K)->109477K(111296K) NonClass: 94426K(95488K)->94426K(95488K) Class: 15050K(15808K)->15050K(15808K)
[2022-02-19T19:24:00.370+0000][4672][gc          ] GC(130) Pause Young (Normal) (G1 Evacuation Pause) 661M->93M(956M) 40.585ms
[2022-02-19T19:24:00.370+0000][4672][gc,cpu      ] GC(130) User=0.02s Sys=0.00s Real=0.03s
[2022-02-19T19:24:00.370+0000][4672][safepoint   ] Safepoint "G1CollectForAllocation", Time since last: 34425260267 ns, Reaching safepoint: 241317951 ns, At safepoint: 41154534 ns, Total: 282472485 ns
[2022-02-19T19:24:55.096+0000][4672][safepoint   ] Safepoint "Cleanup", Time since last: 54684092183 ns, Reaching safepoint: 31259174 ns, At safepoint: 103675 ns, Total: 31362849 ns
