[2022-02-19T16:08:04.165+0000][6660][gc] Using G1
[2022-02-19T16:09:52.367+0000][6660][gc,init] Version: 17.0.1+12 (release)
[2022-02-19T16:09:57.234+0000][6660][gc,init] CPUs: 2 total, 2 available
[2022-02-19T16:09:57.860+0000][6660][gc,init] Memory: 1908M
[2022-02-19T16:09:57.860+0000][6660][gc,init] Large Page Support: Disabled
[2022-02-19T16:09:57.860+0000][6660][gc,init] NUMA Support: Disabled
[2022-02-19T16:09:58.906+0000][6660][gc,init] Compressed Oops: Enabled (32-bit)
[2022-02-19T16:09:58.906+0000][6660][gc,init] Heap Region Size: 4M
[2022-02-19T16:09:58.906+0000][6660][gc,init] Heap Min Capacity: 956M
[2022-02-19T16:09:58.906+0000][6660][gc,init] Heap Initial Capacity: 956M
[2022-02-19T16:09:58.906+0000][6660][gc,init] Heap Max Capacity: 956M
[2022-02-19T16:09:58.984+0000][6660][gc,init] Pre-touch: Enabled
[2022-02-19T16:09:58.984+0000][6660][gc,init] Parallel Workers: 2
[2022-02-19T16:09:58.984+0000][6660][gc,init] Concurrent Workers: 1
[2022-02-19T16:09:58.984+0000][6660][gc,init] Concurrent Refinement Workers: 2
[2022-02-19T16:09:58.984+0000][6660][gc,init] Periodic GC: Disabled
[2022-02-19T16:10:10.652+0000][6660][gc,metaspace] CDS archive(s) mapped at: [0x0000000800000000-0x0000000800bc0000-0x0000000800bc0000), size 12320768, SharedBaseAddress: 0x0000000800000000, ArchiveRelocationMode: 0.
[2022-02-19T16:10:10.652+0000][6660][gc,metaspace] Compressed class space mapped at: 0x0000000800c00000-0x0000000840c00000, reserved size: 1073741824
[2022-02-19T16:10:10.652+0000][6660][gc,metaspace] Narrow klass base: 0x0000000800000000, Narrow klass shift: 0, Narrow klass range: 0x100000000
[2022-02-19T16:12:44.580+0000][6660][safepoint   ] Safepoint "Cleanup", Time since last: 54001519717 ns, Reaching safepoint: 594146033 ns, At safepoint: 367997 ns, Total: 594514030 ns
[2022-02-19T16:12:46.878+0000][6660][safepoint   ] Safepoint "Cleanup", Time since last: 1999576059 ns, Reaching safepoint: 298007379 ns, At safepoint: 124718 ns, Total: 298132097 ns
[2022-02-19T16:12:57.439+0000][6660][safepoint   ] Safepoint "Cleanup", Time since last: 10000240199 ns, Reaching safepoint: 560166661 ns, At safepoint: 42086 ns, Total: 560208747 ns
[2022-02-19T16:12:59.690+0000][6660][safepoint   ] Safepoint "Cleanup", Time since last: 1999980496 ns, Reaching safepoint: 251074222 ns, At safepoint: 28741 ns, Total: 251102963 ns
[2022-02-19T16:13:14.900+0000][6660][safepoint   ] Safepoint "Cleanup", Time since last: 15002731489 ns, Reaching safepoint: 206808911 ns, At safepoint: 41060 ns, Total: 206849971 ns
[2022-02-19T16:13:17.297+0000][6660][safepoint   ] Safepoint "Cleanup", Time since last: 2000004619 ns, Reaching safepoint: 397052332 ns, At safepoint: 41060 ns, Total: 397093392 ns
[2022-02-19T16:13:38.905+0000][6660][safepoint   ] Safepoint "Cleanup", Time since last: 21607777301 ns, Reaching safepoint: 131391 ns, At safepoint: 7185 ns, Total: 138576 ns
[2022-02-19T16:13:42.906+0000][6660][safepoint   ] Safepoint "Cleanup", Time since last: 4000003079 ns, Reaching safepoint: 101623 ns, At safepoint: 7185 ns, Total: 108808 ns
[2022-02-19T16:13:44.906+0000][6660][safepoint   ] Safepoint "Cleanup", Time since last: 1999978444 ns, Reaching safepoint: 68262 ns, At safepoint: 6672 ns, Total: 74934 ns
[2022-02-19T16:13:46.906+0000][6660][safepoint   ] Safepoint "Cleanup", Time since last: 1999975877 ns, Reaching safepoint: 41060 ns, At safepoint: 4106 ns, Total: 45166 ns
[2022-02-19T16:13:48.044+0000][6660][safepoint   ] Safepoint "Cleanup", Time since last: 1000047218 ns, Reaching safepoint: 138004854 ns, At safepoint: 12317 ns, Total: 138017171 ns
[2022-02-19T16:14:04.061+0000][6660][safepoint   ] Safepoint "Cleanup", Time since last: 16000637451 ns, Reaching safepoint: 6106586 ns, At safepoint: 10314167 ns, Total: 16420753 ns
[2022-02-19T16:14:06.139+0000][6660][safepoint   ] Safepoint "Cleanup", Time since last: 1999621226 ns, Reaching safepoint: 78103540 ns, At safepoint: 35414 ns, Total: 78138954 ns
[2022-02-19T16:14:08.147+0000][6660][safepoint   ] Safepoint "Cleanup", Time since last: 1999937384 ns, Reaching safepoint: 8046652 ns, At safepoint: 345927 ns, Total: 8392579 ns
[2022-02-19T16:14:09.399+0000][6660][safepoint   ] Safepoint "Cleanup", Time since last: 1251693194 ns, Reaching safepoint: 57484 ns, At safepoint: 34387 ns, Total: 91871 ns
[2022-02-19T16:14:11.401+0000][6660][safepoint   ] Safepoint "Cleanup", Time since last: 1999999487 ns, Reaching safepoint: 1011605 ns, At safepoint: 911010 ns, Total: 1922615 ns
[2022-02-19T16:14:12.404+0000][6660][safepoint   ] Safepoint "Cleanup", Time since last: 1000096490 ns, Reaching safepoint: 3089734 ns, At safepoint: 18476 ns, Total: 3108210 ns
[2022-02-19T16:14:13.560+0000][6660][safepoint   ] Safepoint "ICBufferFull", Time since last: 1156645905 ns, Reaching safepoint: 65182 ns, At safepoint: 23609 ns, Total: 88791 ns
[2022-02-19T16:14:13.564+0000][6660][safepoint   ] Safepoint "ICBufferFull", Time since last: 3445412 ns, Reaching safepoint: 82633 ns, At safepoint: 5645 ns, Total: 88278 ns
[2022-02-19T16:14:15.574+0000][6660][safepoint   ] Safepoint "Cleanup", Time since last: 1999745431 ns, Reaching safepoint: 10105790 ns, At safepoint: 118046 ns, Total: 10223836 ns
[2022-02-19T16:14:17.546+0000][6660][safepoint   ] Safepoint "Cleanup", Time since last: 1970833838 ns, Reaching safepoint: 71855 ns, At safepoint: 3592 ns, Total: 75447 ns
[2022-02-19T16:14:19.546+0000][6660][safepoint   ] Safepoint "Cleanup", Time since last: 1999979470 ns, Reaching safepoint: 60050 ns, At safepoint: 4619 ns, Total: 64669 ns
[2022-02-19T16:14:21.385+0000][6660][safepoint   ] Safepoint "Cleanup", Time since last: 1838851913 ns, Reaching safepoint: 72881 ns, At safepoint: 6672 ns, Total: 79553 ns
[2022-02-19T16:14:32.700+0000][6660][safepoint   ] Safepoint "Cleanup", Time since last: 11127521828 ns, Reaching safepoint: 187237347 ns, At safepoint: 219156 ns, Total: 187456503 ns
[2022-02-19T16:14:33.730+0000][6660][safepoint   ] Safepoint "Cleanup", Time since last: 1014805059 ns, Reaching safepoint: 15575953 ns, At safepoint: 104189 ns, Total: 15680142 ns
[2022-02-19T16:14:34.853+0000][6660][safepoint   ] Safepoint "Cleanup", Time since last: 1013775490 ns, Reaching safepoint: 109286241 ns, At safepoint: 71854 ns, Total: 109358095 ns
[2022-02-19T16:14:35.867+0000][6660][safepoint   ] Safepoint "Cleanup", Time since last: 1013916119 ns, Reaching safepoint: 73394 ns, At safepoint: 4620 ns, Total: 78014 ns
[2022-02-19T16:14:37.617+0000][6660][safepoint   ] Safepoint "Cleanup", Time since last: 1702365237 ns, Reaching safepoint: 46797147 ns, At safepoint: 340281 ns, Total: 47137428 ns
[2022-02-19T16:14:38.693+0000][6660][safepoint   ] Safepoint "Cleanup", Time since last: 1013487560 ns, Reaching safepoint: 62512190 ns, At safepoint: 375695 ns, Total: 62887885 ns
[2022-02-19T16:14:42.921+0000][6660][safepoint   ] Safepoint "Cleanup", Time since last: 4086713735 ns, Reaching safepoint: 140425315 ns, At safepoint: 92384 ns, Total: 140517699 ns
[2022-02-19T16:14:44.949+0000][6660][safepoint   ] Safepoint "Cleanup", Time since last: 2027827620 ns, Reaching safepoint: 62103 ns, At safepoint: 6159 ns, Total: 68262 ns
[2022-02-19T16:15:37.619+0000][6660][safepoint   ] Safepoint "Cleanup", Time since last: 52669461113 ns, Reaching safepoint: 61076 ns, At safepoint: 6672 ns, Total: 67748 ns
[2022-02-19T16:15:40.006+0000][6660][safepoint   ] Safepoint "Cleanup", Time since last: 2027858415 ns, Reaching safepoint: 359043475 ns, At safepoint: 46706 ns, Total: 359090181 ns
[2022-02-19T16:15:44.062+0000][6660][safepoint   ] Safepoint "Cleanup", Time since last: 4055677822 ns, Reaching safepoint: 43112 ns, At safepoint: 4619 ns, Total: 47731 ns
[2022-02-19T16:15:45.232+0000][6660][safepoint   ] Safepoint "Cleanup", Time since last: 1013898669 ns, Reaching safepoint: 156065425 ns, At safepoint: 68775 ns, Total: 156134200 ns
[2022-02-19T16:15:46.339+0000][6660][safepoint   ] Safepoint "Cleanup", Time since last: 1013848371 ns, Reaching safepoint: 93803185 ns, At safepoint: 549172 ns, Total: 94352357 ns
[2022-02-19T16:15:49.381+0000][6660][safepoint   ] Safepoint "Cleanup", Time since last: 3041222795 ns, Reaching safepoint: 59023 ns, At safepoint: 6672 ns, Total: 65695 ns
[2022-02-19T16:15:59.538+0000][6660][safepoint   ] Safepoint "Cleanup", Time since last: 10140720432 ns, Reaching safepoint: 15672956 ns, At safepoint: 141142 ns, Total: 15814098 ns
[2022-02-19T16:16:00.552+0000][6660][safepoint   ] Safepoint "Cleanup", Time since last: 1013821170 ns, Reaching safepoint: 80066 ns, At safepoint: 5645 ns, Total: 85711 ns
[2022-02-19T16:16:01.706+0000][6660][safepoint   ] Safepoint "Cleanup", Time since last: 1013998752 ns, Reaching safepoint: 140333958 ns, At safepoint: 146788 ns, Total: 140480746 ns
[2022-02-19T16:16:02.817+0000][6660][safepoint   ] Safepoint "Cleanup", Time since last: 1000964901 ns, Reaching safepoint: 109350909 ns, At safepoint: 1118361 ns, Total: 110469270 ns
[2022-02-19T16:16:05.063+0000][6660][safepoint   ] Safepoint "Cleanup", Time since last: 2245118015 ns, Reaching safepoint: 101109 ns, At safepoint: 5133 ns, Total: 106242 ns
[2022-02-19T16:16:06.233+0000][6660][safepoint   ] Safepoint "Cleanup", Time since last: 1175688312 ns, Reaching safepoint: 40033 ns, At safepoint: 8212 ns, Total: 48245 ns
[2022-02-19T16:16:08.339+0000][6660][safepoint   ] Safepoint "Cleanup", Time since last: 1990916594 ns, Reaching safepoint: 109360661 ns, At safepoint: 142682 ns, Total: 109503343 ns
[2022-02-19T16:16:08.651+0000][6660][gc,start    ] GC(0) Pause Young (Normal) (G1 Evacuation Pause)
[2022-02-19T16:16:08.760+0000][6660][gc,task     ] GC(0) Using 2 workers of 2 for evacuation
[2022-02-19T16:16:08.760+0000][6660][gc,age      ] GC(0) Desired survivor size 4194304 bytes, new threshold 15 (max threshold 15)
[2022-02-19T16:16:08.807+0000][6660][gc,age      ] GC(0) Age table with threshold 15 (max threshold 15)
[2022-02-19T16:16:08.807+0000][6660][gc,age      ] GC(0) - age   1:    6101536 bytes,    6101536 total
[2022-02-19T16:16:08.870+0000][6660][gc,phases   ] GC(0)   Pre Evacuate Collection Set: 11.2ms
[2022-02-19T16:16:08.870+0000][6660][gc,phases   ] GC(0)   Merge Heap Roots: 0.7ms
[2022-02-19T16:16:08.870+0000][6660][gc,phases   ] GC(0)   Evacuate Collection Set: 38.4ms
[2022-02-19T16:16:08.870+0000][6660][gc,phases   ] GC(0)   Post Evacuate Collection Set: 0.8ms
[2022-02-19T16:16:08.885+0000][6660][gc,phases   ] GC(0)   Other: 141.5ms
[2022-02-19T16:16:08.885+0000][6660][gc,heap     ] GC(0) Eden regions: 11->0(9)
[2022-02-19T16:16:08.885+0000][6660][gc,heap     ] GC(0) Survivor regions: 0->2(2)
[2022-02-19T16:16:08.885+0000][6660][gc,heap     ] GC(0) Old regions: 0->0
[2022-02-19T16:16:08.885+0000][6660][gc,heap     ] GC(0) Archive regions: 0->0
[2022-02-19T16:16:08.885+0000][6660][gc,heap     ] GC(0) Humongous regions: 0->0
[2022-02-19T16:16:08.885+0000][6660][gc,metaspace] GC(0) Metaspace: 11611K(11968K)->11611K(11968K) NonClass: 10181K(10368K)->10181K(10368K) Class: 1429K(1600K)->1429K(1600K)
[2022-02-19T16:16:08.901+0000][6660][gc          ] GC(0) Pause Young (Normal) (G1 Evacuation Pause) 44M->5M(956M) 237.440ms
[2022-02-19T16:16:08.901+0000][6660][gc,cpu      ] GC(0) User=0.02s Sys=0.00s Real=0.25s
[2022-02-19T16:16:08.901+0000][6660][safepoint   ] Safepoint "G1CollectForAllocation", Time since last: 96653747 ns, Reaching safepoint: 60563 ns, At safepoint: 464813476 ns, Total: 464874039 ns
[2022-02-19T16:16:10.071+0000][6660][safepoint   ] Safepoint "Cleanup", Time since last: 1169751610 ns, Reaching safepoint: 73908 ns, At safepoint: 7185 ns, Total: 81093 ns
[2022-02-19T16:16:11.116+0000][6660][safepoint   ] Safepoint "Cleanup", Time since last: 1013882758 ns, Reaching safepoint: 31242751 ns, At safepoint: 1050099 ns, Total: 32292850 ns
[2022-02-19T16:16:12.130+0000][6660][safepoint   ] Safepoint "Cleanup", Time since last: 1013263272 ns, Reaching safepoint: 45679 ns, At safepoint: 3079 ns, Total: 48758 ns
[2022-02-19T16:16:13.144+0000][6660][safepoint   ] Safepoint "Cleanup", Time since last: 1013603553 ns, Reaching safepoint: 62103 ns, At safepoint: 4619 ns, Total: 66722 ns
[2022-02-19T16:16:16.794+0000][6660][safepoint   ] Safepoint "Cleanup", Time since last: 3650245228 ns, Reaching safepoint: 56457 ns, At safepoint: 4620 ns, Total: 61077 ns
[2022-02-19T16:16:22.878+0000][6660][safepoint   ] Safepoint "Cleanup", Time since last: 6083881649 ns, Reaching safepoint: 43626 ns, At safepoint: 3593 ns, Total: 47219 ns
[2022-02-19T16:16:24.610+0000][6660][safepoint   ] Safepoint "Cleanup", Time since last: 1736285073 ns, Reaching safepoint: 45678 ns, At safepoint: 12831 ns, Total: 58509 ns
[2022-02-19T16:16:26.045+0000][6660][safepoint   ] Safepoint "Cleanup", Time since last: 1383922505 ns, Reaching safepoint: 46466104 ns, At safepoint: 1252317 ns, Total: 47718421 ns
[2022-02-19T16:16:27.059+0000][6660][safepoint   ] Safepoint "Cleanup", Time since last: 1012638140 ns, Reaching safepoint: 122666 ns, At safepoint: 722135 ns, Total: 844801 ns
[2022-02-19T16:16:28.073+0000][6660][safepoint   ] Safepoint "Cleanup", Time since last: 1013273537 ns, Reaching safepoint: 80579 ns, At safepoint: 5646 ns, Total: 86225 ns
[2022-02-19T16:16:31.115+0000][6660][safepoint   ] Safepoint "Cleanup", Time since last: 3041714997 ns, Reaching safepoint: 67749 ns, At safepoint: 3079 ns, Total: 70828 ns
[2022-02-19T16:16:32.129+0000][6660][safepoint   ] Safepoint "Cleanup", Time since last: 1013916633 ns, Reaching safepoint: 56970 ns, At safepoint: 3079 ns, Total: 60049 ns
[2022-02-19T16:16:32.176+0000][6660][gc,start    ] GC(1) Pause Young (Normal) (G1 Evacuation Pause)
[2022-02-19T16:16:32.176+0000][6660][gc,task     ] GC(1) Using 2 workers of 2 for evacuation
[2022-02-19T16:16:32.176+0000][6660][gc,age      ] GC(1) Desired survivor size 4194304 bytes, new threshold 1 (max threshold 15)
[2022-02-19T16:16:35.921+0000][6660][gc,age      ] GC(1) Age table with threshold 1 (max threshold 15)
[2022-02-19T16:16:35.921+0000][6660][gc,age      ] GC(1) - age   1:    1754256 bytes,    1754256 total
[2022-02-19T16:16:35.921+0000][6660][gc,mmu      ] GC(1) MMU target violated: 201.0ms (200.0ms/201.0ms)
[2022-02-19T16:16:35.921+0000][6660][gc,phases   ] GC(1)   Pre Evacuate Collection Set: 0.0ms
[2022-02-19T16:16:35.937+0000][6660][gc,phases   ] GC(1)   Merge Heap Roots: 0.0ms
[2022-02-19T16:16:35.937+0000][6660][gc,phases   ] GC(1)   Evacuate Collection Set: 3753.2ms
[2022-02-19T16:16:35.937+0000][6660][gc,phases   ] GC(1)   Post Evacuate Collection Set: 1.1ms
[2022-02-19T16:16:35.937+0000][6660][gc,phases   ] GC(1)   Other: 0.5ms
[2022-02-19T16:16:35.937+0000][6660][gc,heap     ] GC(1) Eden regions: 9->0(10)
[2022-02-19T16:16:35.937+0000][6660][gc,heap     ] GC(1) Survivor regions: 2->1(2)
[2022-02-19T16:16:35.937+0000][6660][gc,heap     ] GC(1) Old regions: 0->2
[2022-02-19T16:16:35.937+0000][6660][gc,heap     ] GC(1) Archive regions: 0->0
[2022-02-19T16:16:35.937+0000][6660][gc,heap     ] GC(1) Humongous regions: 0->0
[2022-02-19T16:16:35.937+0000][6660][gc,metaspace] GC(1) Metaspace: 14312K(14656K)->14312K(14656K) NonClass: 12608K(12800K)->12608K(12800K) Class: 1704K(1856K)->1704K(1856K)
[2022-02-19T16:16:35.952+0000][6660][gc          ] GC(1) Pause Young (Normal) (G1 Evacuation Pause) 41M->8M(956M) 3774.566ms
[2022-02-19T16:16:35.952+0000][6660][gc,cpu      ] GC(1) User=0.09s Sys=0.03s Real=3.78s
[2022-02-19T16:16:35.952+0000][6660][safepoint   ] Safepoint "G1CollectForAllocation", Time since last: 52297079 ns, Reaching safepoint: 30281 ns, At safepoint: 3774850287 ns, Total: 3774880568 ns
[2022-02-19T16:16:36.966+0000][6660][safepoint   ] Safepoint "Cleanup", Time since last: 1009679283 ns, Reaching safepoint: 61076 ns, At safepoint: 3080 ns, Total: 64156 ns
[2022-02-19T16:16:37.976+0000][6660][safepoint   ] Safepoint "Cleanup", Time since last: 1009730095 ns, Reaching safepoint: 659006 ns, At safepoint: 427020 ns, Total: 1086026 ns
[2022-02-19T16:16:38.993+0000][6660][safepoint   ] Safepoint "Cleanup", Time since last: 1000535314 ns, Reaching safepoint: 15605208 ns, At safepoint: 1779420 ns, Total: 17384628 ns
[2022-02-19T16:16:40.054+0000][6660][safepoint   ] Safepoint "Cleanup", Time since last: 1012769017 ns, Reaching safepoint: 46145839 ns, At safepoint: 6194352 ns, Total: 52340191 ns
[2022-02-19T16:16:40.257+0000][6660][gc,start    ] GC(2) Pause Young (Normal) (G1 Evacuation Pause)
[2022-02-19T16:16:40.257+0000][6660][gc,task     ] GC(2) Using 2 workers of 2 for evacuation
[2022-02-19T16:16:40.257+0000][6660][gc,age      ] GC(2) Desired survivor size 4194304 bytes, new threshold 15 (max threshold 15)
[2022-02-19T16:16:40.272+0000][6660][gc,age      ] GC(2) Age table with threshold 15 (max threshold 15)
[2022-02-19T16:16:40.272+0000][6660][gc,age      ] GC(2) - age   1:     811120 bytes,     811120 total
[2022-02-19T16:16:40.272+0000][6660][gc,age      ] GC(2) - age   2:    1679568 bytes,    2490688 total
[2022-02-19T16:16:40.272+0000][6660][gc,phases   ] GC(2)   Pre Evacuate Collection Set: 0.1ms
[2022-02-19T16:16:40.272+0000][6660][gc,phases   ] GC(2)   Merge Heap Roots: 0.0ms
[2022-02-19T16:16:40.272+0000][6660][gc,phases   ] GC(2)   Evacuate Collection Set: 5.6ms
[2022-02-19T16:16:40.272+0000][6660][gc,phases   ] GC(2)   Post Evacuate Collection Set: 0.4ms
[2022-02-19T16:16:40.272+0000][6660][gc,phases   ] GC(2)   Other: 0.4ms
[2022-02-19T16:16:40.272+0000][6660][gc,heap     ] GC(2) Eden regions: 10->0(10)
[2022-02-19T16:16:40.272+0000][6660][gc,heap     ] GC(2) Survivor regions: 1->1(2)
[2022-02-19T16:16:40.272+0000][6660][gc,heap     ] GC(2) Old regions: 2->2
[2022-02-19T16:16:40.272+0000][6660][gc,heap     ] GC(2) Archive regions: 0->0
[2022-02-19T16:16:40.272+0000][6660][gc,heap     ] GC(2) Humongous regions: 0->0
[2022-02-19T16:16:40.272+0000][6660][gc,metaspace] GC(2) Metaspace: 14817K(15104K)->14817K(15104K) NonClass: 13086K(13248K)->13086K(13248K) Class: 1730K(1856K)->1730K(1856K)
[2022-02-19T16:16:40.272+0000][6660][gc          ] GC(2) Pause Young (Normal) (G1 Evacuation Pause) 48M->8M(956M) 6.774ms
[2022-02-19T16:16:40.272+0000][6660][gc,cpu      ] GC(2) User=0.03s Sys=0.00s Real=0.02s
[2022-02-19T16:16:40.272+0000][6660][safepoint   ] Safepoint "G1CollectForAllocation", Time since last: 211042667 ns, Reaching safepoint: 63129 ns, At safepoint: 6911868 ns, Total: 6974997 ns
[2022-02-19T16:16:40.818+0000][6660][gc,start    ] GC(3) Pause Young (Normal) (G1 Evacuation Pause)
[2022-02-19T16:16:40.818+0000][6660][gc,task     ] GC(3) Using 2 workers of 2 for evacuation
[2022-02-19T16:16:40.818+0000][6660][gc,age      ] GC(3) Desired survivor size 4194304 bytes, new threshold 15 (max threshold 15)
[2022-02-19T16:16:40.834+0000][6660][gc,age      ] GC(3) Age table with threshold 15 (max threshold 15)
[2022-02-19T16:16:40.834+0000][6660][gc,age      ] GC(3) - age   1:     118168 bytes,     118168 total
[2022-02-19T16:16:40.834+0000][6660][gc,age      ] GC(3) - age   2:     808272 bytes,     926440 total
[2022-02-19T16:16:40.834+0000][6660][gc,age      ] GC(3) - age   3:    1679568 bytes,    2606008 total
[2022-02-19T16:16:40.834+0000][6660][gc,phases   ] GC(3)   Pre Evacuate Collection Set: 0.1ms
[2022-02-19T16:16:40.834+0000][6660][gc,phases   ] GC(3)   Merge Heap Roots: 0.0ms
[2022-02-19T16:16:40.834+0000][6660][gc,phases   ] GC(3)   Evacuate Collection Set: 4.7ms
[2022-02-19T16:16:40.834+0000][6660][gc,phases   ] GC(3)   Post Evacuate Collection Set: 0.5ms
[2022-02-19T16:16:40.834+0000][6660][gc,phases   ] GC(3)   Other: 0.4ms
[2022-02-19T16:16:40.834+0000][6660][gc,heap     ] GC(3) Eden regions: 10->0(10)
[2022-02-19T16:16:40.834+0000][6660][gc,heap     ] GC(3) Survivor regions: 1->1(2)
[2022-02-19T16:16:40.834+0000][6660][gc,heap     ] GC(3) Old regions: 2->2
[2022-02-19T16:16:40.834+0000][6660][gc,heap     ] GC(3) Archive regions: 0->0
[2022-02-19T16:16:40.834+0000][6660][gc,heap     ] GC(3) Humongous regions: 0->0
[2022-02-19T16:16:40.834+0000][6660][gc,metaspace] GC(3) Metaspace: 14850K(15168K)->14850K(15168K) NonClass: 13119K(13312K)->13119K(13312K) Class: 1730K(1856K)->1730K(1856K)
[2022-02-19T16:16:40.834+0000][6660][gc          ] GC(3) Pause Young (Normal) (G1 Evacuation Pause) 48M->8M(956M) 6.003ms
[2022-02-19T16:16:40.834+0000][6660][gc,cpu      ] GC(3) User=0.03s Sys=0.00s Real=0.02s
[2022-02-19T16:16:40.834+0000][6660][safepoint   ] Safepoint "G1CollectForAllocation", Time since last: 553426217 ns, Reaching safepoint: 93923 ns, At safepoint: 6142001 ns, Total: 6235924 ns
[2022-02-19T16:16:41.848+0000][6660][safepoint   ] Safepoint "Cleanup", Time since last: 1009973886 ns, Reaching safepoint: 143709 ns, At safepoint: 4619 ns, Total: 148328 ns
[2022-02-19T16:16:42.862+0000][6660][safepoint   ] Safepoint "Cleanup", Time since last: 1013915093 ns, Reaching safepoint: 978757 ns, At safepoint: 7699 ns, Total: 986456 ns
[2022-02-19T16:17:17.327+0000][6660][safepoint   ] Safepoint "Cleanup", Time since last: 34463892716 ns, Reaching safepoint: 71341 ns, At safepoint: 8212 ns, Total: 79553 ns
[2022-02-19T16:17:18.341+0000][6660][safepoint   ] Safepoint "Cleanup", Time since last: 1013842212 ns, Reaching safepoint: 59536 ns, At safepoint: 5132 ns, Total: 64668 ns
[2022-02-19T16:17:22.397+0000][6660][safepoint   ] Safepoint "Cleanup", Time since last: 4055907756 ns, Reaching safepoint: 76473 ns, At safepoint: 3593 ns, Total: 80066 ns
[2022-02-19T16:17:23.411+0000][6660][safepoint   ] Safepoint "Cleanup", Time since last: 1014037759 ns, Reaching safepoint: 56457 ns, At safepoint: 4619 ns, Total: 61076 ns
[2022-02-19T16:17:25.439+0000][6660][safepoint   ] Safepoint "Cleanup", Time since last: 2027750119 ns, Reaching safepoint: 53378 ns, At safepoint: 4619 ns, Total: 57997 ns
[2022-02-19T16:17:27.265+0000][6660][gc,start    ] GC(4) Pause Young (Normal) (G1 Evacuation Pause)
[2022-02-19T16:17:27.265+0000][6660][gc,task     ] GC(4) Using 2 workers of 2 for evacuation
[2022-02-19T16:17:27.265+0000][6660][gc,age      ] GC(4) Desired survivor size 4194304 bytes, new threshold 15 (max threshold 15)
[2022-02-19T16:17:27.280+0000][6660][gc,age      ] GC(4) Age table with threshold 15 (max threshold 15)
[2022-02-19T16:17:27.280+0000][6660][gc,age      ] GC(4) - age   1:     364912 bytes,     364912 total
[2022-02-19T16:17:27.280+0000][6660][gc,age      ] GC(4) - age   2:     114672 bytes,     479584 total
[2022-02-19T16:17:27.280+0000][6660][gc,age      ] GC(4) - age   3:     790840 bytes,    1270424 total
[2022-02-19T16:17:27.280+0000][6660][gc,age      ] GC(4) - age   4:    1679296 bytes,    2949720 total
[2022-02-19T16:17:27.280+0000][6660][gc,phases   ] GC(4)   Pre Evacuate Collection Set: 0.0ms
[2022-02-19T16:17:27.280+0000][6660][gc,phases   ] GC(4)   Merge Heap Roots: 0.0ms
[2022-02-19T16:17:27.280+0000][6660][gc,phases   ] GC(4)   Evacuate Collection Set: 6.1ms
[2022-02-19T16:17:27.280+0000][6660][gc,phases   ] GC(4)   Post Evacuate Collection Set: 0.4ms
[2022-02-19T16:17:27.280+0000][6660][gc,phases   ] GC(4)   Other: 0.5ms
[2022-02-19T16:17:27.280+0000][6660][gc,heap     ] GC(4) Eden regions: 10->0(10)
[2022-02-19T16:17:27.280+0000][6660][gc,heap     ] GC(4) Survivor regions: 1->1(2)
[2022-02-19T16:17:27.280+0000][6660][gc,heap     ] GC(4) Old regions: 2->2
[2022-02-19T16:17:27.280+0000][6660][gc,heap     ] GC(4) Archive regions: 0->0
[2022-02-19T16:17:27.280+0000][6660][gc,heap     ] GC(4) Humongous regions: 0->0
[2022-02-19T16:17:27.280+0000][6660][gc,metaspace] GC(4) Metaspace: 15703K(16000K)->15703K(16000K) NonClass: 13865K(14016K)->13865K(14016K) Class: 1837K(1984K)->1837K(1984K)
[2022-02-19T16:17:27.280+0000][6660][gc          ] GC(4) Pause Young (Normal) (G1 Evacuation Pause) 48M->9M(956M) 7.382ms
[2022-02-19T16:17:27.280+0000][6660][gc,cpu      ] GC(4) User=0.03s Sys=0.00s Real=0.01s
[2022-02-19T16:17:27.280+0000][6660][safepoint   ] Safepoint "G1CollectForAllocation", Time since last: 1835018487 ns, Reaching safepoint: 56457 ns, At safepoint: 7600129 ns, Total: 7656586 ns
[2022-02-19T16:17:28.294+0000][6660][safepoint   ] Safepoint "Cleanup", Time since last: 1011978620 ns, Reaching safepoint: 275099 ns, At safepoint: 4106 ns, Total: 279205 ns
[2022-02-19T16:17:29.308+0000][6660][safepoint   ] Safepoint "Cleanup", Time since last: 1013862742 ns, Reaching safepoint: 203245 ns, At safepoint: 11292 ns, Total: 214537 ns
[2022-02-19T16:17:30.322+0000][6660][safepoint   ] Safepoint "Cleanup", Time since last: 1013642559 ns, Reaching safepoint: 64156 ns, At safepoint: 5133 ns, Total: 69289 ns
[2022-02-19T16:17:30.322+0000][6660][gc,start    ] GC(5) Pause Young (Normal) (G1 Evacuation Pause)
[2022-02-19T16:17:30.322+0000][6660][gc,task     ] GC(5) Using 2 workers of 2 for evacuation
[2022-02-19T16:17:30.322+0000][6660][gc,age      ] GC(5) Desired survivor size 4194304 bytes, new threshold 15 (max threshold 15)
[2022-02-19T16:17:30.353+0000][6660][gc,age      ] GC(5) Age table with threshold 15 (max threshold 15)
[2022-02-19T16:17:30.353+0000][6660][gc,age      ] GC(5) - age   1:    2533264 bytes,    2533264 total
[2022-02-19T16:17:30.353+0000][6660][gc,age      ] GC(5) - age   2:     357752 bytes,    2891016 total
[2022-02-19T16:17:30.353+0000][6660][gc,age      ] GC(5) - age   3:     114672 bytes,    3005688 total
[2022-02-19T16:17:30.353+0000][6660][gc,age      ] GC(5) - age   4:     790840 bytes,    3796528 total
[2022-02-19T16:17:30.353+0000][6660][gc,age      ] GC(5) - age   5:    1679296 bytes,    5475824 total
[2022-02-19T16:17:30.353+0000][6660][gc,phases   ] GC(5)   Pre Evacuate Collection Set: 0.1ms
[2022-02-19T16:17:30.353+0000][6660][gc,phases   ] GC(5)   Merge Heap Roots: 0.1ms
[2022-02-19T16:17:30.353+0000][6660][gc,phases   ] GC(5)   Evacuate Collection Set: 19.6ms
[2022-02-19T16:17:30.353+0000][6660][gc,phases   ] GC(5)   Post Evacuate Collection Set: 0.6ms
[2022-02-19T16:17:30.353+0000][6660][gc,phases   ] GC(5)   Other: 0.7ms
[2022-02-19T16:17:30.353+0000][6660][gc,heap     ] GC(5) Eden regions: 10->0(9)
[2022-02-19T16:17:30.353+0000][6660][gc,heap     ] GC(5) Survivor regions: 1->2(2)
[2022-02-19T16:17:30.353+0000][6660][gc,heap     ] GC(5) Old regions: 2->2
[2022-02-19T16:17:30.353+0000][6660][gc,heap     ] GC(5) Archive regions: 0->0
[2022-02-19T16:17:30.353+0000][6660][gc,heap     ] GC(5) Humongous regions: 0->0
[2022-02-19T16:17:30.353+0000][6660][gc,metaspace] GC(5) Metaspace: 15774K(16128K)->15774K(16128K) NonClass: 13931K(14144K)->13931K(14144K) Class: 1843K(1984K)->1843K(1984K)
[2022-02-19T16:17:30.353+0000][6660][gc          ] GC(5) Pause Young (Normal) (G1 Evacuation Pause) 49M->11M(956M) 21.317ms
[2022-02-19T16:17:30.353+0000][6660][gc,cpu      ] GC(5) User=0.06s Sys=0.00s Real=0.03s
[2022-02-19T16:17:30.353+0000][6660][safepoint   ] Safepoint "G1CollectForAllocation", Time since last: 10364978 ns, Reaching safepoint: 44652 ns, At safepoint: 21475702 ns, Total: 21520354 ns
[2022-02-19T16:17:31.367+0000][6660][safepoint   ] Safepoint "Cleanup", Time since last: 1013308438 ns, Reaching safepoint: 50298 ns, At safepoint: 4619 ns, Total: 54917 ns
[2022-02-19T16:17:33.083+0000][6660][safepoint   ] Safepoint "Cleanup", Time since last: 1715853824 ns, Reaching safepoint: 66209 ns, At safepoint: 5132 ns, Total: 71341 ns
[2022-02-19T16:17:34.097+0000][6660][safepoint   ] Safepoint "Cleanup", Time since last: 1013976169 ns, Reaching safepoint: 100596 ns, At safepoint: 8212 ns, Total: 108808 ns
[2022-02-19T16:17:34.565+0000][6660][gc,start    ] GC(6) Pause Young (Normal) (G1 Evacuation Pause)
[2022-02-19T16:17:34.565+0000][6660][gc,task     ] GC(6) Using 2 workers of 2 for evacuation
[2022-02-19T16:17:34.565+0000][6660][gc,age      ] GC(6) Desired survivor size 4194304 bytes, new threshold 5 (max threshold 15)
[2022-02-19T16:17:36.281+0000][6660][gc,age      ] GC(6) Age table with threshold 5 (max threshold 15)
[2022-02-19T16:17:36.281+0000][6660][gc,age      ] GC(6) - age   1:    2769800 bytes,    2769800 total
[2022-02-19T16:17:36.281+0000][6660][gc,age      ] GC(6) - age   2:      32392 bytes,    2802192 total
[2022-02-19T16:17:36.281+0000][6660][gc,age      ] GC(6) - age   3:     357752 bytes,    3159944 total
[2022-02-19T16:17:36.281+0000][6660][gc,age      ] GC(6) - age   4:     114672 bytes,    3274616 total
[2022-02-19T16:17:36.281+0000][6660][gc,age      ] GC(6) - age   5:     790840 bytes,    4065456 total
[2022-02-19T16:17:36.281+0000][6660][gc,mmu      ] GC(6) MMU target violated: 201.0ms (200.0ms/201.0ms)
[2022-02-19T16:17:36.281+0000][6660][gc,phases   ] GC(6)   Pre Evacuate Collection Set: 0.0ms
[2022-02-19T16:17:36.281+0000][6660][gc,phases   ] GC(6)   Merge Heap Roots: 0.0ms
[2022-02-19T16:17:36.281+0000][6660][gc,phases   ] GC(6)   Evacuate Collection Set: 1712.4ms
[2022-02-19T16:17:36.281+0000][6660][gc,phases   ] GC(6)   Post Evacuate Collection Set: 0.7ms
[2022-02-19T16:17:36.281+0000][6660][gc,phases   ] GC(6)   Other: 0.8ms
[2022-02-19T16:17:36.281+0000][6660][gc,heap     ] GC(6) Eden regions: 9->0(10)
[2022-02-19T16:17:36.281+0000][6660][gc,heap     ] GC(6) Survivor regions: 2->1(2)
[2022-02-19T16:17:36.281+0000][6660][gc,heap     ] GC(6) Old regions: 2->2
[2022-02-19T16:17:36.281+0000][6660][gc,heap     ] GC(6) Archive regions: 0->0
[2022-02-19T16:17:36.281+0000][6660][gc,heap     ] GC(6) Humongous regions: 0->0
[2022-02-19T16:17:36.281+0000][6660][gc,metaspace] GC(6) Metaspace: 16284K(16640K)->16284K(16640K) NonClass: 14392K(14592K)->14392K(14592K) Class: 1891K(2048K)->1891K(2048K)
[2022-02-19T16:17:36.281+0000][6660][gc          ] GC(6) Pause Young (Normal) (G1 Evacuation Pause) 47M->11M(956M) 1714.609ms
[2022-02-19T16:17:36.281+0000][6660][gc,cpu      ] GC(6) User=0.02s Sys=0.02s Real=1.72s
[2022-02-19T16:17:36.281+0000][6660][safepoint   ] Safepoint "G1CollectForAllocation", Time since last: 477586600 ns, Reaching safepoint: 38493 ns, At safepoint: 1714896109 ns, Total: 1714934602 ns
[2022-02-19T16:17:37.295+0000][6660][safepoint   ] Safepoint "Cleanup", Time since last: 1005271024 ns, Reaching safepoint: 68262 ns, At safepoint: 4619 ns, Total: 72881 ns
[2022-02-19T16:17:38.294+0000][6660][gc,start    ] GC(7) Pause Young (Normal) (G1 Evacuation Pause)
[2022-02-19T16:17:38.294+0000][6660][gc,task     ] GC(7) Using 2 workers of 2 for evacuation
[2022-02-19T16:17:38.294+0000][6660][gc,age      ] GC(7) Desired survivor size 4194304 bytes, new threshold 15 (max threshold 15)
[2022-02-19T16:17:38.309+0000][6660][gc,age      ] GC(7) Age table with threshold 15 (max threshold 15)
[2022-02-19T16:17:38.309+0000][6660][gc,age      ] GC(7) - age   1:      90280 bytes,      90280 total
[2022-02-19T16:17:38.309+0000][6660][gc,age      ] GC(7) - age   2:     795528 bytes,     885808 total
[2022-02-19T16:17:38.309+0000][6660][gc,age      ] GC(7) - age   3:      32392 bytes,     918200 total
[2022-02-19T16:17:38.309+0000][6660][gc,age      ] GC(7) - age   4:     357752 bytes,    1275952 total
[2022-02-19T16:17:38.309+0000][6660][gc,age      ] GC(7) - age   5:     114672 bytes,    1390624 total
[2022-02-19T16:17:38.309+0000][6660][gc,age      ] GC(7) - age   6:     790840 bytes,    2181464 total
[2022-02-19T16:17:38.309+0000][6660][gc,phases   ] GC(7)   Pre Evacuate Collection Set: 0.0ms
[2022-02-19T16:17:38.309+0000][6660][gc,phases   ] GC(7)   Merge Heap Roots: 0.0ms
[2022-02-19T16:17:38.309+0000][6660][gc,phases   ] GC(7)   Evacuate Collection Set: 8.6ms
[2022-02-19T16:17:38.309+0000][6660][gc,phases   ] GC(7)   Post Evacuate Collection Set: 0.4ms
[2022-02-19T16:17:38.309+0000][6660][gc,phases   ] GC(7)   Other: 0.5ms
[2022-02-19T16:17:38.309+0000][6660][gc,heap     ] GC(7) Eden regions: 10->0(10)
[2022-02-19T16:17:38.309+0000][6660][gc,heap     ] GC(7) Survivor regions: 1->1(2)
[2022-02-19T16:17:38.309+0000][6660][gc,heap     ] GC(7) Old regions: 2->2
[2022-02-19T16:17:38.309+0000][6660][gc,heap     ] GC(7) Archive regions: 0->0
[2022-02-19T16:17:38.309+0000][6660][gc,heap     ] GC(7) Humongous regions: 0->0
[2022-02-19T16:17:38.309+0000][6660][gc,metaspace] GC(7) Metaspace: 16394K(16704K)->16394K(16704K) NonClass: 14493K(14656K)->14493K(14656K) Class: 1900K(2048K)->1900K(2048K)
[2022-02-19T16:17:38.309+0000][6660][gc          ] GC(7) Pause Young (Normal) (G1 Evacuation Pause) 51M->10M(956M) 9.897ms
[2022-02-19T16:17:38.309+0000][6660][gc,cpu      ] GC(7) User=0.03s Sys=0.00s Real=0.02s
[2022-02-19T16:17:38.309+0000][6660][safepoint   ] Safepoint "G1CollectForAllocation", Time since last: 1013119050 ns, Reaching safepoint: 25662 ns, At safepoint: 10030343 ns, Total: 10056005 ns
[2022-02-19T16:17:40.337+0000][6660][safepoint   ] Safepoint "Cleanup", Time since last: 2018707773 ns, Reaching safepoint: 59536 ns, At safepoint: 5133 ns, Total: 64669 ns
[2022-02-19T16:17:41.383+0000][6660][safepoint   ] Safepoint "Cleanup", Time since last: 1045161436 ns, Reaching safepoint: 59536 ns, At safepoint: 5133 ns, Total: 64669 ns
[2022-02-19T16:17:48.481+0000][6660][safepoint   ] Safepoint "Cleanup", Time since last: 7097733613 ns, Reaching safepoint: 179636 ns, At safepoint: 4619 ns, Total: 184255 ns
[2022-02-19T16:17:54.596+0000][6660][safepoint   ] Safepoint "Cleanup", Time since last: 6083755905 ns, Reaching safepoint: 31207337 ns, At safepoint: 194520 ns, Total: 31401857 ns
[2022-02-19T16:17:55.173+0000][6660][gc,start    ] GC(8) Pause Young (Normal) (G1 Evacuation Pause)
[2022-02-19T16:17:55.173+0000][6660][gc,task     ] GC(8) Using 2 workers of 2 for evacuation
[2022-02-19T16:17:55.173+0000][6660][gc,age      ] GC(8) Desired survivor size 4194304 bytes, new threshold 15 (max threshold 15)
[2022-02-19T16:17:55.189+0000][6660][gc,age      ] GC(8) Age table with threshold 15 (max threshold 15)
[2022-02-19T16:17:55.189+0000][6660][gc,age      ] GC(8) - age   1:     965120 bytes,     965120 total
[2022-02-19T16:17:55.189+0000][6660][gc,age      ] GC(8) - age   2:      69904 bytes,    1035024 total
[2022-02-19T16:17:55.189+0000][6660][gc,age      ] GC(8) - age   3:     795208 bytes,    1830232 total
[2022-02-19T16:17:55.189+0000][6660][gc,age      ] GC(8) - age   4:      32392 bytes,    1862624 total
[2022-02-19T16:17:55.189+0000][6660][gc,age      ] GC(8) - age   5:     357752 bytes,    2220376 total
[2022-02-19T16:17:55.189+0000][6660][gc,age      ] GC(8) - age   6:     114672 bytes,    2335048 total
[2022-02-19T16:17:55.189+0000][6660][gc,age      ] GC(8) - age   7:     790656 bytes,    3125704 total
[2022-02-19T16:17:55.189+0000][6660][gc,phases   ] GC(8)   Pre Evacuate Collection Set: 0.0ms
[2022-02-19T16:17:55.189+0000][6660][gc,phases   ] GC(8)   Merge Heap Roots: 0.0ms
[2022-02-19T16:17:55.189+0000][6660][gc,phases   ] GC(8)   Evacuate Collection Set: 5.3ms
[2022-02-19T16:17:55.189+0000][6660][gc,phases   ] GC(8)   Post Evacuate Collection Set: 0.4ms
[2022-02-19T16:17:55.189+0000][6660][gc,phases   ] GC(8)   Other: 0.6ms
[2022-02-19T16:17:55.189+0000][6660][gc,heap     ] GC(8) Eden regions: 10->0(10)
[2022-02-19T16:17:55.189+0000][6660][gc,heap     ] GC(8) Survivor regions: 1->1(2)
[2022-02-19T16:17:55.189+0000][6660][gc,heap     ] GC(8) Old regions: 2->2
[2022-02-19T16:17:55.189+0000][6660][gc,heap     ] GC(8) Archive regions: 0->0
[2022-02-19T16:17:55.189+0000][6660][gc,heap     ] GC(8) Humongous regions: 0->0
[2022-02-19T16:17:55.189+0000][6660][gc,metaspace] GC(8) Metaspace: 19082K(19392K)->19082K(19392K) NonClass: 16890K(17088K)->16890K(17088K) Class: 2191K(2304K)->2191K(2304K)
[2022-02-19T16:17:55.189+0000][6660][gc          ] GC(8) Pause Young (Normal) (G1 Evacuation Pause) 50M->11M(956M) 6.641ms
[2022-02-19T16:17:55.189+0000][6660][gc,cpu      ] GC(8) User=0.03s Sys=0.00s Real=0.02s
[2022-02-19T16:17:55.189+0000][6660][safepoint   ] Safepoint "G1CollectForAllocation", Time since last: 590123733 ns, Reaching safepoint: 100082 ns, At safepoint: 6783557 ns, Total: 6883639 ns
[2022-02-19T16:17:56.421+0000][6660][safepoint   ] Safepoint "Cleanup", Time since last: 1227933040 ns, Reaching safepoint: 217616 ns, At safepoint: 5132 ns, Total: 222748 ns
[2022-02-19T16:17:59.463+0000][6660][safepoint   ] Safepoint "Cleanup", Time since last: 3041731421 ns, Reaching safepoint: 43113 ns, At safepoint: 3079 ns, Total: 46192 ns
[2022-02-19T16:18:01.257+0000][6660][safepoint   ] Safepoint "Cleanup", Time since last: 1793913738 ns, Reaching safepoint: 307434 ns, At safepoint: 382367 ns, Total: 689801 ns
[2022-02-19T16:18:02.271+0000][6660][safepoint   ] Safepoint "Cleanup", Time since last: 1013280722 ns, Reaching safepoint: 182202 ns, At safepoint: 11805 ns, Total: 194007 ns
[2022-02-19T16:18:02.536+0000][6660][gc,start    ] GC(9) Pause Young (Normal) (G1 Evacuation Pause)
[2022-02-19T16:18:02.536+0000][6660][gc,task     ] GC(9) Using 2 workers of 2 for evacuation
[2022-02-19T16:18:02.536+0000][6660][gc,age      ] GC(9) Desired survivor size 4194304 bytes, new threshold 15 (max threshold 15)
[2022-02-19T16:18:02.552+0000][6660][gc,age      ] GC(9) Age table with threshold 15 (max threshold 15)
[2022-02-19T16:18:02.552+0000][6660][gc,age      ] GC(9) - age   1:    1754000 bytes,    1754000 total
[2022-02-19T16:18:02.552+0000][6660][gc,age      ] GC(9) - age   2:     957168 bytes,    2711168 total
[2022-02-19T16:18:02.552+0000][6660][gc,age      ] GC(9) - age   3:      69904 bytes,    2781072 total
[2022-02-19T16:18:02.552+0000][6660][gc,age      ] GC(9) - age   4:     795208 bytes,    3576280 total
[2022-02-19T16:18:02.552+0000][6660][gc,age      ] GC(9) - age   5:      32392 bytes,    3608672 total
[2022-02-19T16:18:02.552+0000][6660][gc,age      ] GC(9) - age   6:     357752 bytes,    3966424 total
[2022-02-19T16:18:02.552+0000][6660][gc,age      ] GC(9) - age   7:     114672 bytes,    4081096 total
[2022-02-19T16:18:02.552+0000][6660][gc,age      ] GC(9) - age   8:     790656 bytes,    4871752 total
[2022-02-19T16:18:02.552+0000][6660][gc,phases   ] GC(9)   Pre Evacuate Collection Set: 0.1ms
[2022-02-19T16:18:02.552+0000][6660][gc,phases   ] GC(9)   Merge Heap Roots: 0.1ms
[2022-02-19T16:18:02.552+0000][6660][gc,phases   ] GC(9)   Evacuate Collection Set: 15.1ms
[2022-02-19T16:18:02.552+0000][6660][gc,phases   ] GC(9)   Post Evacuate Collection Set: 0.6ms
[2022-02-19T16:18:02.552+0000][6660][gc,phases   ] GC(9)   Other: 1.0ms
[2022-02-19T16:18:02.552+0000][6660][gc,heap     ] GC(9) Eden regions: 10->0(9)
[2022-02-19T16:18:02.552+0000][6660][gc,heap     ] GC(9) Survivor regions: 1->2(2)
[2022-02-19T16:18:02.552+0000][6660][gc,heap     ] GC(9) Old regions: 2->2
[2022-02-19T16:18:02.552+0000][6660][gc,heap     ] GC(9) Archive regions: 0->0
[2022-02-19T16:18:02.552+0000][6660][gc,heap     ] GC(9) Humongous regions: 0->0
[2022-02-19T16:18:02.552+0000][6660][gc,metaspace] GC(9) Metaspace: 20438K(20864K)->20438K(20864K) NonClass: 18027K(18240K)->18027K(18240K) Class: 2411K(2624K)->2411K(2624K)
[2022-02-19T16:18:02.552+0000][6660][gc          ] GC(9) Pause Young (Normal) (G1 Evacuation Pause) 51M->12M(956M) 17.517ms
[2022-02-19T16:18:02.552+0000][6660][gc,cpu      ] GC(9) User=0.03s Sys=0.00s Real=0.02s
[2022-02-19T16:18:02.552+0000][6660][safepoint   ] Safepoint "G1CollectForAllocation", Time since last: 270000636 ns, Reaching safepoint: 31308 ns, At safepoint: 20149478 ns, Total: 20180786 ns
[2022-02-19T16:18:02.879+0000][6660][gc,start    ] GC(10) Pause Young (Normal) (G1 Evacuation Pause)
[2022-02-19T16:18:02.879+0000][6660][gc,task     ] GC(10) Using 2 workers of 2 for evacuation
[2022-02-19T16:18:02.879+0000][6660][gc,age      ] GC(10) Desired survivor size 4194304 bytes, new threshold 8 (max threshold 15)
[2022-02-19T16:18:03.722+0000][6660][gc,age      ] GC(10) Age table with threshold 8 (max threshold 15)
[2022-02-19T16:18:03.722+0000][6660][gc,age      ] GC(10) - age   1:     574448 bytes,     574448 total
[2022-02-19T16:18:03.722+0000][6660][gc,age      ] GC(10) - age   2:    1747736 bytes,    2322184 total
[2022-02-19T16:18:03.722+0000][6660][gc,age      ] GC(10) - age   3:     957168 bytes,    3279352 total
[2022-02-19T16:18:03.722+0000][6660][gc,age      ] GC(10) - age   4:      69904 bytes,    3349256 total
[2022-02-19T16:18:03.722+0000][6660][gc,age      ] GC(10) - age   5:     795208 bytes,    4144464 total
[2022-02-19T16:18:03.722+0000][6660][gc,age      ] GC(10) - age   6:      32392 bytes,    4176856 total
[2022-02-19T16:18:03.722+0000][6660][gc,age      ] GC(10) - age   7:     357752 bytes,    4534608 total
[2022-02-19T16:18:03.722+0000][6660][gc,age      ] GC(10) - age   8:     114672 bytes,    4649280 total
[2022-02-19T16:18:03.722+0000][6660][gc,mmu      ] GC(10) MMU target violated: 201.0ms (200.0ms/201.0ms)
[2022-02-19T16:18:03.722+0000][6660][gc,phases   ] GC(10)   Pre Evacuate Collection Set: 0.1ms
[2022-02-19T16:18:03.722+0000][6660][gc,phases   ] GC(10)   Merge Heap Roots: 0.1ms
[2022-02-19T16:18:03.722+0000][6660][gc,phases   ] GC(10)   Evacuate Collection Set: 836.1ms
[2022-02-19T16:18:03.722+0000][6660][gc,phases   ] GC(10)   Post Evacuate Collection Set: 0.6ms
[2022-02-19T16:18:03.722+0000][6660][gc,phases   ] GC(10)   Other: 1.1ms
[2022-02-19T16:18:03.722+0000][6660][gc,heap     ] GC(10) Eden regions: 9->0(9)
[2022-02-19T16:18:03.722+0000][6660][gc,heap     ] GC(10) Survivor regions: 2->2(2)
[2022-02-19T16:18:03.722+0000][6660][gc,heap     ] GC(10) Old regions: 2->3
[2022-02-19T16:18:03.722+0000][6660][gc,heap     ] GC(10) Archive regions: 0->0
[2022-02-19T16:18:03.722+0000][6660][gc,heap     ] GC(10) Humongous regions: 0->0
[2022-02-19T16:18:03.722+0000][6660][gc,metaspace] GC(10) Metaspace: 20458K(20928K)->20458K(20928K) NonClass: 18045K(18304K)->18045K(18304K) Class: 2413K(2624K)->2413K(2624K)
[2022-02-19T16:18:03.722+0000][6660][gc          ] GC(10) Pause Young (Normal) (G1 Evacuation Pause) 48M->13M(956M) 838.570ms
[2022-02-19T16:18:03.722+0000][6660][gc,cpu      ] GC(10) User=0.03s Sys=0.00s Real=0.84s
[2022-02-19T16:18:03.722+0000][6660][safepoint   ] Safepoint "G1CollectForAllocation", Time since last: 331936965 ns, Reaching safepoint: 140116 ns, At safepoint: 838812392 ns, Total: 838952508 ns
[2022-02-19T16:18:04.736+0000][6660][safepoint   ] Safepoint "Cleanup", Time since last: 1003586555 ns, Reaching safepoint: 91358 ns, At safepoint: 8212 ns, Total: 99570 ns
[2022-02-19T16:18:04.876+0000][6660][gc,start    ] GC(11) Pause Young (Normal) (G1 Evacuation Pause)
[2022-02-19T16:18:04.876+0000][6660][gc,task     ] GC(11) Using 2 workers of 2 for evacuation
[2022-02-19T16:18:04.876+0000][6660][gc,age      ] GC(11) Desired survivor size 4194304 bytes, new threshold 7 (max threshold 15)
[2022-02-19T16:18:05.079+0000][6660][gc,age      ] GC(11) Age table with threshold 7 (max threshold 15)
[2022-02-19T16:18:05.079+0000][6660][gc,age      ] GC(11) - age   1:     736384 bytes,     736384 total
[2022-02-19T16:18:05.079+0000][6660][gc,age      ] GC(11) - age   2:      64480 bytes,     800864 total
[2022-02-19T16:18:05.079+0000][6660][gc,age      ] GC(11) - age   3:    1746152 bytes,    2547016 total
[2022-02-19T16:18:05.079+0000][6660][gc,age      ] GC(11) - age   4:     957168 bytes,    3504184 total
[2022-02-19T16:18:05.079+0000][6660][gc,age      ] GC(11) - age   5:      69904 bytes,    3574088 total
[2022-02-19T16:18:05.079+0000][6660][gc,age      ] GC(11) - age   6:     795208 bytes,    4369296 total
[2022-02-19T16:18:05.079+0000][6660][gc,age      ] GC(11) - age   7:      32392 bytes,    4401688 total
[2022-02-19T16:18:05.079+0000][6660][gc,mmu      ] GC(11) MMU target violated: 201.0ms (200.0ms/201.0ms)
[2022-02-19T16:18:05.079+0000][6660][gc,phases   ] GC(11)   Pre Evacuate Collection Set: 0.1ms
[2022-02-19T16:18:05.079+0000][6660][gc,phases   ] GC(11)   Merge Heap Roots: 0.1ms
[2022-02-19T16:18:05.079+0000][6660][gc,phases   ] GC(11)   Evacuate Collection Set: 192.7ms
[2022-02-19T16:18:05.079+0000][6660][gc,phases   ] GC(11)   Post Evacuate Collection Set: 0.7ms
[2022-02-19T16:18:05.079+0000][6660][gc,phases   ] GC(11)   Other: 23.4ms
[2022-02-19T16:18:05.079+0000][6660][gc,heap     ] GC(11) Eden regions: 9->0(9)
[2022-02-19T16:18:05.079+0000][6660][gc,heap     ] GC(11) Survivor regions: 2->2(2)
[2022-02-19T16:18:05.079+0000][6660][gc,heap     ] GC(11) Old regions: 3->3
[2022-02-19T16:18:05.079+0000][6660][gc,heap     ] GC(11) Archive regions: 0->0
[2022-02-19T16:18:05.079+0000][6660][gc,heap     ] GC(11) Humongous regions: 0->0
[2022-02-19T16:18:05.079+0000][6660][gc,metaspace] GC(11) Metaspace: 20474K(20928K)->20474K(20928K) NonClass: 18059K(18304K)->18059K(18304K) Class: 2414K(2624K)->2414K(2624K)
[2022-02-19T16:18:05.079+0000][6660][gc          ] GC(11) Pause Young (Normal) (G1 Evacuation Pause) 49M->13M(956M) 217.576ms
[2022-02-19T16:18:05.079+0000][6660][gc,cpu      ] GC(11) User=0.02s Sys=0.00s Real=0.20s
[2022-02-19T16:18:05.079+0000][6660][safepoint   ] Safepoint "G1CollectForAllocation", Time since last: 140728643 ns, Reaching safepoint: 36954 ns, At safepoint: 217817498 ns, Total: 217854452 ns
[2022-02-19T16:18:05.641+0000][6660][gc,start    ] GC(12) Pause Young (Normal) (G1 Evacuation Pause)
[2022-02-19T16:18:05.641+0000][6660][gc,task     ] GC(12) Using 2 workers of 2 for evacuation
[2022-02-19T16:18:05.641+0000][6660][gc,age      ] GC(12) Desired survivor size 4194304 bytes, new threshold 6 (max threshold 15)
[2022-02-19T16:18:05.797+0000][6660][gc,age      ] GC(12) Age table with threshold 6 (max threshold 15)
[2022-02-19T16:18:05.797+0000][6660][gc,age      ] GC(12) - age   1:     441296 bytes,     441296 total
[2022-02-19T16:18:05.797+0000][6660][gc,age      ] GC(12) - age   2:      19632 bytes,     460928 total
[2022-02-19T16:18:05.797+0000][6660][gc,age      ] GC(12) - age   3:      64096 bytes,     525024 total
[2022-02-19T16:18:05.797+0000][6660][gc,age      ] GC(12) - age   4:    1746152 bytes,    2271176 total
[2022-02-19T16:18:05.797+0000][6660][gc,age      ] GC(12) - age   5:     957168 bytes,    3228344 total
[2022-02-19T16:18:05.797+0000][6660][gc,age      ] GC(12) - age   6:      69800 bytes,    3298144 total
[2022-02-19T16:18:05.797+0000][6660][gc,phases   ] GC(12)   Pre Evacuate Collection Set: 0.0ms
[2022-02-19T16:18:05.797+0000][6660][gc,phases   ] GC(12)   Merge Heap Roots: 0.0ms
[2022-02-19T16:18:05.797+0000][6660][gc,phases   ] GC(12)   Evacuate Collection Set: 161.9ms
[2022-02-19T16:18:05.797+0000][6660][gc,phases   ] GC(12)   Post Evacuate Collection Set: 0.4ms
[2022-02-19T16:18:05.797+0000][6660][gc,phases   ] GC(12)   Other: 0.8ms
[2022-02-19T16:18:05.797+0000][6660][gc,heap     ] GC(12) Eden regions: 9->0(10)
[2022-02-19T16:18:05.797+0000][6660][gc,heap     ] GC(12) Survivor regions: 2->1(2)
[2022-02-19T16:18:05.797+0000][6660][gc,heap     ] GC(12) Old regions: 3->3
[2022-02-19T16:18:05.797+0000][6660][gc,heap     ] GC(12) Archive regions: 0->0
[2022-02-19T16:18:05.797+0000][6660][gc,heap     ] GC(12) Humongous regions: 0->0
[2022-02-19T16:18:05.797+0000][6660][gc,metaspace] GC(12) Metaspace: 20536K(20928K)->20536K(20928K) NonClass: 18116K(18304K)->18116K(18304K) Class: 2420K(2624K)->2420K(2624K)
[2022-02-19T16:18:05.797+0000][6660][gc          ] GC(12) Pause Young (Normal) (G1 Evacuation Pause) 49M->13M(956M) 163.163ms
[2022-02-19T16:18:05.797+0000][6660][gc,cpu      ] GC(12) User=0.16s Sys=0.00s Real=0.16s
[2022-02-19T16:18:05.797+0000][6660][safepoint   ] Safepoint "G1CollectForAllocation", Time since last: 546668836 ns, Reaching safepoint: 32848 ns, At safepoint: 163499262 ns, Total: 163532110 ns
[2022-02-19T16:18:06.811+0000][6660][safepoint   ] Safepoint "Cleanup", Time since last: 1005913606 ns, Reaching safepoint: 64669 ns, At safepoint: 9238 ns, Total: 73907 ns
[2022-02-19T16:18:10.152+0000][6660][gc,start    ] GC(13) Pause Young (Normal) (G1 Evacuation Pause)
[2022-02-19T16:18:10.152+0000][6660][gc,task     ] GC(13) Using 2 workers of 2 for evacuation
[2022-02-19T16:18:10.152+0000][6660][gc,age      ] GC(13) Desired survivor size 4194304 bytes, new threshold 15 (max threshold 15)
[2022-02-19T16:18:10.168+0000][6660][gc,age      ] GC(13) Age table with threshold 15 (max threshold 15)
[2022-02-19T16:18:10.168+0000][6660][gc,age      ] GC(13) - age   1:     613800 bytes,     613800 total
[2022-02-19T16:18:10.168+0000][6660][gc,age      ] GC(13) - age   2:     223248 bytes,     837048 total
[2022-02-19T16:18:10.168+0000][6660][gc,age      ] GC(13) - age   3:      19632 bytes,     856680 total
[2022-02-19T16:18:10.168+0000][6660][gc,age      ] GC(13) - age   4:      64096 bytes,     920776 total
[2022-02-19T16:18:10.168+0000][6660][gc,age      ] GC(13) - age   5:    1746152 bytes,    2666928 total
[2022-02-19T16:18:10.168+0000][6660][gc,age      ] GC(13) - age   6:     957168 bytes,    3624096 total
[2022-02-19T16:18:10.168+0000][6660][gc,age      ] GC(13) - age   7:      69800 bytes,    3693896 total
[2022-02-19T16:18:10.168+0000][6660][gc,phases   ] GC(13)   Pre Evacuate Collection Set: 0.1ms
[2022-02-19T16:18:10.168+0000][6660][gc,phases   ] GC(13)   Merge Heap Roots: 0.0ms
[2022-02-19T16:18:10.168+0000][6660][gc,phases   ] GC(13)   Evacuate Collection Set: 6.3ms
[2022-02-19T16:18:10.168+0000][6660][gc,phases   ] GC(13)   Post Evacuate Collection Set: 0.4ms
[2022-02-19T16:18:10.168+0000][6660][gc,phases   ] GC(13)   Other: 0.6ms
[2022-02-19T16:18:10.168+0000][6660][gc,heap     ] GC(13) Eden regions: 10->0(10)
[2022-02-19T16:18:10.168+0000][6660][gc,heap     ] GC(13) Survivor regions: 1->1(2)
[2022-02-19T16:18:10.168+0000][6660][gc,heap     ] GC(13) Old regions: 3->3
[2022-02-19T16:18:10.168+0000][6660][gc,heap     ] GC(13) Archive regions: 0->0
[2022-02-19T16:18:10.168+0000][6660][gc,heap     ] GC(13) Humongous regions: 0->0
[2022-02-19T16:18:10.168+0000][6660][gc,metaspace] GC(13) Metaspace: 20574K(21056K)->20574K(21056K) NonClass: 18148K(18432K)->18148K(18432K) Class: 2426K(2624K)->2426K(2624K)
[2022-02-19T16:18:10.168+0000][6660][gc          ] GC(13) Pause Young (Normal) (G1 Evacuation Pause) 53M->13M(956M) 7.620ms
[2022-02-19T16:18:10.168+0000][6660][gc,cpu      ] GC(13) User=0.03s Sys=0.00s Real=0.02s
[2022-02-19T16:18:10.168+0000][6660][safepoint   ] Safepoint "G1CollectForAllocation", Time since last: 3351180566 ns, Reaching safepoint: 30281 ns, At safepoint: 7779765 ns, Total: 7810046 ns
[2022-02-19T16:18:11.182+0000][6660][safepoint   ] Safepoint "Cleanup", Time since last: 1011803604 ns, Reaching safepoint: 77500 ns, At safepoint: 6672 ns, Total: 84172 ns
[2022-02-19T16:18:13.211+0000][6660][safepoint   ] Safepoint "Cleanup", Time since last: 2029181046 ns, Reaching safepoint: 30281 ns, At safepoint: 2567 ns, Total: 32848 ns
[2022-02-19T16:18:14.225+0000][6660][safepoint   ] Safepoint "Cleanup", Time since last: 1013606632 ns, Reaching safepoint: 65183 ns, At safepoint: 3592 ns, Total: 68775 ns
[2022-02-19T16:18:14.833+0000][6660][gc,start    ] GC(14) Pause Young (Concurrent Start) (Metadata GC Threshold)
[2022-02-19T16:18:14.833+0000][6660][gc,task     ] GC(14) Using 2 workers of 2 for evacuation
[2022-02-19T16:18:14.833+0000][6660][gc,age      ] GC(14) Desired survivor size 4194304 bytes, new threshold 15 (max threshold 15)
[2022-02-19T16:18:14.989+0000][6660][gc,age      ] GC(14) Age table with threshold 15 (max threshold 15)
[2022-02-19T16:18:14.989+0000][6660][gc,age      ] GC(14) - age   1:     531464 bytes,     531464 total
[2022-02-19T16:18:14.989+0000][6660][gc,age      ] GC(14) - age   2:      37640 bytes,     569104 total
[2022-02-19T16:18:14.989+0000][6660][gc,age      ] GC(14) - age   3:     223144 bytes,     792248 total
[2022-02-19T16:18:14.989+0000][6660][gc,age      ] GC(14) - age   4:      19632 bytes,     811880 total
[2022-02-19T16:18:14.989+0000][6660][gc,age      ] GC(14) - age   5:      64096 bytes,     875976 total
[2022-02-19T16:18:14.989+0000][6660][gc,age      ] GC(14) - age   6:    1746152 bytes,    2622128 total
[2022-02-19T16:18:14.989+0000][6660][gc,age      ] GC(14) - age   7:     957168 bytes,    3579296 total
[2022-02-19T16:18:14.989+0000][6660][gc,age      ] GC(14) - age   8:      69456 bytes,    3648752 total
[2022-02-19T16:18:14.989+0000][6660][gc,phases   ] GC(14)   Pre Evacuate Collection Set: 42.0ms
[2022-02-19T16:18:14.989+0000][6660][gc,phases   ] GC(14)   Merge Heap Roots: 0.1ms
[2022-02-19T16:18:14.989+0000][6660][gc,phases   ] GC(14)   Evacuate Collection Set: 13.4ms
[2022-02-19T16:18:14.989+0000][6660][gc,phases   ] GC(14)   Post Evacuate Collection Set: 0.6ms
[2022-02-19T16:18:14.989+0000][6660][gc,phases   ] GC(14)   Other: 104.7ms
[2022-02-19T16:18:14.989+0000][6660][gc,heap     ] GC(14) Eden regions: 9->0(10)
[2022-02-19T16:18:14.989+0000][6660][gc,heap     ] GC(14) Survivor regions: 1->1(2)
[2022-02-19T16:18:14.989+0000][6660][gc,heap     ] GC(14) Old regions: 3->3
[2022-02-19T16:18:14.989+0000][6660][gc,heap     ] GC(14) Archive regions: 0->0
[2022-02-19T16:18:14.989+0000][6660][gc,heap     ] GC(14) Humongous regions: 0->0
[2022-02-19T16:18:14.989+0000][6660][gc,metaspace] GC(14) Metaspace: 21112K(21504K)->21112K(21504K) NonClass: 18597K(18816K)->18597K(18816K) Class: 2515K(2688K)->2515K(2688K)
[2022-02-19T16:18:14.989+0000][6660][gc          ] GC(14) Pause Young (Concurrent Start) (Metadata GC Threshold) 49M->13M(956M) 161.722ms
[2022-02-19T16:18:14.989+0000][6660][gc,cpu      ] GC(14) User=0.02s Sys=0.00s Real=0.16s
[2022-02-19T16:18:14.989+0000][6660][safepoint   ] Safepoint "CollectForMetadataAllocation", Time since last: 617405260 ns, Reaching safepoint: 82633 ns, At safepoint: 162165852 ns, Total: 162248485 ns
[2022-02-19T16:18:14.989+0000][6660][gc          ] GC(15) Concurrent Mark Cycle
[2022-02-19T16:18:15.067+0000][6660][gc,marking  ] GC(15) Concurrent Clear Claimed Marks
[2022-02-19T16:18:15.067+0000][6660][gc,marking  ] GC(15) Concurrent Clear Claimed Marks 0.069ms
[2022-02-19T16:18:15.067+0000][6660][gc,marking  ] GC(15) Concurrent Scan Root Regions
[2022-02-19T16:18:15.192+0000][6660][gc,marking  ] GC(15) Concurrent Scan Root Regions 128.520ms
[2022-02-19T16:18:15.192+0000][6660][gc,marking  ] GC(15) Concurrent Mark
[2022-02-19T16:18:15.192+0000][6660][gc,marking  ] GC(15) Concurrent Mark From Roots
[2022-02-19T16:18:15.192+0000][6660][gc,task     ] GC(15) Using 1 workers of 1 for marking
[2022-02-19T16:18:15.363+0000][6660][gc,marking  ] GC(15) Concurrent Mark From Roots 164.018ms
[2022-02-19T16:18:15.363+0000][6660][gc,marking  ] GC(15) Concurrent Preclean
[2022-02-19T16:18:15.363+0000][6660][gc,marking  ] GC(15) Concurrent Preclean 0.125ms
[2022-02-19T16:18:15.363+0000][6660][gc,start    ] GC(15) Pause Remark
[2022-02-19T16:18:15.410+0000][6660][gc          ] GC(15) Pause Remark 14M->14M(956M) 42.930ms
[2022-02-19T16:18:15.410+0000][6660][gc,cpu      ] GC(15) User=0.00s Sys=0.00s Real=0.05s
[2022-02-19T16:18:15.410+0000][6660][safepoint   ] Safepoint "G1Concurrent", Time since last: 365001221 ns, Reaching safepoint: 46706 ns, At safepoint: 43467215 ns, Total: 43513921 ns
[2022-02-19T16:18:15.410+0000][6660][gc,marking  ] GC(15) Concurrent Mark 207.983ms
[2022-02-19T16:18:15.410+0000][6660][gc,marking  ] GC(15) Concurrent Rebuild Remembered Sets
[2022-02-19T16:18:15.426+0000][6660][gc,marking  ] GC(15) Concurrent Rebuild Remembered Sets 27.516ms
[2022-02-19T16:18:15.426+0000][6660][gc,start    ] GC(15) Pause Cleanup
[2022-02-19T16:18:15.441+0000][6660][gc          ] GC(15) Pause Cleanup 14M->14M(956M) 0.259ms
[2022-02-19T16:18:15.441+0000][6660][gc,cpu      ] GC(15) User=0.00s Sys=0.02s Real=0.01s
[2022-02-19T16:18:15.441+0000][6660][safepoint   ] Safepoint "G1Concurrent", Time since last: 27925136 ns, Reaching safepoint: 511705 ns, At safepoint: 372102 ns, Total: 883807 ns
[2022-02-19T16:18:15.441+0000][6660][gc,marking  ] GC(15) Concurrent Cleanup for Next Mark
[2022-02-19T16:18:15.441+0000][6660][gc,marking  ] GC(15) Concurrent Cleanup for Next Mark 6.414ms
[2022-02-19T16:18:15.441+0000][6660][gc          ] GC(15) Concurrent Mark Cycle 443.844ms
[2022-02-19T16:18:16.471+0000][6660][safepoint   ] Safepoint "Cleanup", Time since last: 1013818090 ns, Reaching safepoint: 15631383 ns, At safepoint: 117533 ns, Total: 15748916 ns
[2022-02-19T16:18:17.500+0000][6660][safepoint   ] Safepoint "Cleanup", Time since last: 1013139580 ns, Reaching safepoint: 15846947 ns, At safepoint: 104702 ns, Total: 15951649 ns
[2022-02-19T16:18:18.015+0000][6660][safepoint   ] Safepoint "ICBufferFull", Time since last: 517729528 ns, Reaching safepoint: 288443 ns, At safepoint: 6672 ns, Total: 295115 ns
[2022-02-19T16:18:18.062+0000][6660][safepoint   ] Safepoint "ICBufferFull", Time since last: 57931994 ns, Reaching safepoint: 33360 ns, At safepoint: 3080 ns, Total: 36440 ns
[2022-02-19T16:18:18.077+0000][6660][safepoint   ] Safepoint "ICBufferFull", Time since last: 4434948 ns, Reaching safepoint: 31308 ns, At safepoint: 3080 ns, Total: 34388 ns
[2022-02-19T16:18:18.077+0000][6660][safepoint   ] Safepoint "ICBufferFull", Time since last: 1495595 ns, Reaching safepoint: 26175 ns, At safepoint: 1540 ns, Total: 27715 ns
[2022-02-19T16:18:18.077+0000][6660][safepoint   ] Safepoint "ICBufferFull", Time since last: 1482251 ns, Reaching safepoint: 15397 ns, At safepoint: 1540 ns, Total: 16937 ns
[2022-02-19T16:18:19.091+0000][6660][safepoint   ] Safepoint "Cleanup", Time since last: 1007348126 ns, Reaching safepoint: 77500 ns, At safepoint: 8725 ns, Total: 86225 ns
[2022-02-19T16:18:20.105+0000][6660][safepoint   ] Safepoint "Cleanup", Time since last: 1013925358 ns, Reaching safepoint: 58510 ns, At safepoint: 3592 ns, Total: 62102 ns
[2022-02-19T16:18:20.698+0000][6660][gc,start    ] GC(16) Pause Young (Normal) (G1 Evacuation Pause)
[2022-02-19T16:18:20.698+0000][6660][gc,task     ] GC(16) Using 2 workers of 2 for evacuation
[2022-02-19T16:18:20.698+0000][6660][gc,age      ] GC(16) Desired survivor size 4194304 bytes, new threshold 15 (max threshold 15)
[2022-02-19T16:18:20.714+0000][6660][gc,age      ] GC(16) Age table with threshold 15 (max threshold 15)
[2022-02-19T16:18:20.714+0000][6660][gc,age      ] GC(16) - age   1:     363592 bytes,     363592 total
[2022-02-19T16:18:20.714+0000][6660][gc,age      ] GC(16) - age   2:     518016 bytes,     881608 total
[2022-02-19T16:18:20.714+0000][6660][gc,age      ] GC(16) - age   3:      37640 bytes,     919248 total
[2022-02-19T16:18:20.714+0000][6660][gc,age      ] GC(16) - age   4:     223112 bytes,    1142360 total
[2022-02-19T16:18:20.714+0000][6660][gc,age      ] GC(16) - age   5:      19632 bytes,    1161992 total
[2022-02-19T16:18:20.714+0000][6660][gc,age      ] GC(16) - age   6:      64000 bytes,    1225992 total
[2022-02-19T16:18:20.714+0000][6660][gc,age      ] GC(16) - age   7:    1746120 bytes,    2972112 total
[2022-02-19T16:18:20.714+0000][6660][gc,age      ] GC(16) - age   8:     957168 bytes,    3929280 total
[2022-02-19T16:18:20.714+0000][6660][gc,age      ] GC(16) - age   9:      69456 bytes,    3998736 total
[2022-02-19T16:18:20.714+0000][6660][gc,phases   ] GC(16)   Pre Evacuate Collection Set: 0.1ms
[2022-02-19T16:18:20.714+0000][6660][gc,phases   ] GC(16)   Merge Heap Roots: 0.0ms
[2022-02-19T16:18:20.714+0000][6660][gc,phases   ] GC(16)   Evacuate Collection Set: 6.5ms
[2022-02-19T16:18:20.714+0000][6660][gc,phases   ] GC(16)   Post Evacuate Collection Set: 0.4ms
[2022-02-19T16:18:20.714+0000][6660][gc,phases   ] GC(16)   Other: 0.6ms
[2022-02-19T16:18:20.714+0000][6660][gc,heap     ] GC(16) Eden regions: 10->0(9)
[2022-02-19T16:18:20.714+0000][6660][gc,heap     ] GC(16) Survivor regions: 1->2(2)
[2022-02-19T16:18:20.714+0000][6660][gc,heap     ] GC(16) Old regions: 3->3
[2022-02-19T16:18:20.714+0000][6660][gc,heap     ] GC(16) Archive regions: 0->0
[2022-02-19T16:18:20.714+0000][6660][gc,heap     ] GC(16) Humongous regions: 0->0
[2022-02-19T16:18:20.714+0000][6660][gc,metaspace] GC(16) Metaspace: 21969K(22400K)->21969K(22400K) NonClass: 19335K(19584K)->19335K(19584K) Class: 2633K(2816K)->2633K(2816K)
[2022-02-19T16:18:20.714+0000][6660][gc          ] GC(16) Pause Young (Normal) (G1 Evacuation Pause) 53M->14M(956M) 7.838ms
[2022-02-19T16:18:20.714+0000][6660][gc,cpu      ] GC(16) User=0.03s Sys=0.00s Real=0.02s
[2022-02-19T16:18:20.714+0000][6660][safepoint   ] Safepoint "G1CollectForAllocation", Time since last: 603069307 ns, Reaching safepoint: 65182 ns, At safepoint: 7990708 ns, Total: 8055890 ns
[2022-02-19T16:18:21.728+0000][6660][safepoint   ] Safepoint "Cleanup", Time since last: 1011199515 ns, Reaching safepoint: 65182 ns, At safepoint: 10265 ns, Total: 75447 ns
[2022-02-19T16:18:22.071+0000][6660][gc,start    ] GC(17) Pause Young (Normal) (G1 Evacuation Pause)
[2022-02-19T16:18:22.071+0000][6660][gc,task     ] GC(17) Using 2 workers of 2 for evacuation
[2022-02-19T16:18:22.071+0000][6660][gc,age      ] GC(17) Desired survivor size 4194304 bytes, new threshold 15 (max threshold 15)
[2022-02-19T16:18:22.086+0000][6660][gc,age      ] GC(17) Age table with threshold 15 (max threshold 15)
[2022-02-19T16:18:22.086+0000][6660][gc,age      ] GC(17) - age   1:     155648 bytes,     155648 total
[2022-02-19T16:18:22.086+0000][6660][gc,age      ] GC(17) - age   2:     354304 bytes,     509952 total
[2022-02-19T16:18:22.086+0000][6660][gc,age      ] GC(17) - age   3:     518016 bytes,    1027968 total
[2022-02-19T16:18:22.086+0000][6660][gc,age      ] GC(17) - age   4:      37640 bytes,    1065608 total
[2022-02-19T16:18:22.086+0000][6660][gc,age      ] GC(17) - age   5:     223112 bytes,    1288720 total
[2022-02-19T16:18:22.086+0000][6660][gc,age      ] GC(17) - age   6:      19632 bytes,    1308352 total
[2022-02-19T16:18:22.086+0000][6660][gc,age      ] GC(17) - age   7:      64000 bytes,    1372352 total
[2022-02-19T16:18:22.086+0000][6660][gc,age      ] GC(17) - age   8:    1746120 bytes,    3118472 total
[2022-02-19T16:18:22.086+0000][6660][gc,age      ] GC(17) - age   9:     957168 bytes,    4075640 total
[2022-02-19T16:18:22.086+0000][6660][gc,age      ] GC(17) - age  10:      69456 bytes,    4145096 total
[2022-02-19T16:18:22.086+0000][6660][gc,phases   ] GC(17)   Pre Evacuate Collection Set: 0.1ms
[2022-02-19T16:18:22.086+0000][6660][gc,phases   ] GC(17)   Merge Heap Roots: 0.1ms
[2022-02-19T16:18:22.086+0000][6660][gc,phases   ] GC(17)   Evacuate Collection Set: 15.8ms
[2022-02-19T16:18:22.086+0000][6660][gc,phases   ] GC(17)   Post Evacuate Collection Set: 0.5ms
[2022-02-19T16:18:22.086+0000][6660][gc,phases   ] GC(17)   Other: 0.7ms
[2022-02-19T16:18:22.086+0000][6660][gc,heap     ] GC(17) Eden regions: 9->0(14)
[2022-02-19T16:18:22.086+0000][6660][gc,heap     ] GC(17) Survivor regions: 2->1(2)
[2022-02-19T16:18:22.086+0000][6660][gc,heap     ] GC(17) Old regions: 3->3
[2022-02-19T16:18:22.086+0000][6660][gc,heap     ] GC(17) Archive regions: 0->0
[2022-02-19T16:18:22.086+0000][6660][gc,heap     ] GC(17) Humongous regions: 0->0
[2022-02-19T16:18:22.086+0000][6660][gc,metaspace] GC(17) Metaspace: 21989K(22464K)->21989K(22464K) NonClass: 19353K(19648K)->19353K(19648K) Class: 2635K(2816K)->2635K(2816K)
[2022-02-19T16:18:22.086+0000][6660][gc          ] GC(17) Pause Young (Normal) (G1 Evacuation Pause) 50M->14M(956M) 17.457ms
[2022-02-19T16:18:22.086+0000][6660][gc,cpu      ] GC(17) User=0.02s Sys=0.00s Real=0.01s
[2022-02-19T16:18:22.086+0000][6660][safepoint   ] Safepoint "G1CollectForAllocation", Time since last: 345233085 ns, Reaching safepoint: 54404 ns, At safepoint: 17605323 ns, Total: 17659727 ns
[2022-02-19T16:18:27.157+0000][6660][safepoint   ] Safepoint "Cleanup", Time since last: 5066748512 ns, Reaching safepoint: 61589 ns, At safepoint: 6159 ns, Total: 67748 ns
[2022-02-19T16:18:32.914+0000][6660][gc,start    ] GC(18) Pause Young (Normal) (G1 Evacuation Pause)
[2022-02-19T16:18:32.914+0000][6660][gc,task     ] GC(18) Using 2 workers of 2 for evacuation
[2022-02-19T16:18:32.914+0000][6660][gc,age      ] GC(18) Desired survivor size 4194304 bytes, new threshold 15 (max threshold 15)
[2022-02-19T16:18:32.914+0000][6660][gc,age      ] GC(18) Age table with threshold 15 (max threshold 15)
[2022-02-19T16:18:32.914+0000][6660][gc,age      ] GC(18) - age   1:    2013352 bytes,    2013352 total
[2022-02-19T16:18:32.914+0000][6660][gc,age      ] GC(18) - age   2:     138936 bytes,    2152288 total
[2022-02-19T16:18:32.914+0000][6660][gc,age      ] GC(18) - age   3:     354224 bytes,    2506512 total
[2022-02-19T16:18:32.914+0000][6660][gc,age      ] GC(18) - age   4:     518016 bytes,    3024528 total
[2022-02-19T16:18:32.914+0000][6660][gc,age      ] GC(18) - age   5:      37640 bytes,    3062168 total
[2022-02-19T16:18:32.914+0000][6660][gc,age      ] GC(18) - age   6:     223112 bytes,    3285280 total
[2022-02-19T16:18:32.914+0000][6660][gc,age      ] GC(18) - age   7:      19632 bytes,    3304912 total
[2022-02-19T16:18:32.914+0000][6660][gc,age      ] GC(18) - age   8:      64000 bytes,    3368912 total
[2022-02-19T16:18:32.914+0000][6660][gc,age      ] GC(18) - age   9:    1746120 bytes,    5115032 total
[2022-02-19T16:18:32.914+0000][6660][gc,age      ] GC(18) - age  10:     957168 bytes,    6072200 total
[2022-02-19T16:18:32.914+0000][6660][gc,age      ] GC(18) - age  11:      69456 bytes,    6141656 total
[2022-02-19T16:18:32.914+0000][6660][gc,phases   ] GC(18)   Pre Evacuate Collection Set: 0.0ms
[2022-02-19T16:18:32.914+0000][6660][gc,phases   ] GC(18)   Merge Heap Roots: 0.0ms
[2022-02-19T16:18:32.914+0000][6660][gc,phases   ] GC(18)   Evacuate Collection Set: 9.6ms
[2022-02-19T16:18:32.914+0000][6660][gc,phases   ] GC(18)   Post Evacuate Collection Set: 0.6ms
[2022-02-19T16:18:32.914+0000][6660][gc,phases   ] GC(18)   Other: 0.6ms
[2022-02-19T16:18:32.914+0000][6660][gc,heap     ] GC(18) Eden regions: 14->0(9)
[2022-02-19T16:18:32.914+0000][6660][gc,heap     ] GC(18) Survivor regions: 1->2(2)
[2022-02-19T16:18:32.914+0000][6660][gc,heap     ] GC(18) Old regions: 3->3
[2022-02-19T16:18:32.914+0000][6660][gc,heap     ] GC(18) Archive regions: 0->0
[2022-02-19T16:18:32.914+0000][6660][gc,heap     ] GC(18) Humongous regions: 0->0
[2022-02-19T16:18:32.914+0000][6660][gc,metaspace] GC(18) Metaspace: 22261K(22720K)->22261K(22720K) NonClass: 19595K(19840K)->19595K(19840K) Class: 2665K(2880K)->2665K(2880K)
[2022-02-19T16:18:32.914+0000][6660][gc          ] GC(18) Pause Young (Normal) (G1 Evacuation Pause) 70M->15M(956M) 11.384ms
[2022-02-19T16:18:32.914+0000][6660][gc,cpu      ] GC(18) User=0.00s Sys=0.00s Real=0.00s
[2022-02-19T16:18:32.914+0000][6660][safepoint   ] Safepoint "G1CollectForAllocation", Time since last: 5757122812 ns, Reaching safepoint: 26688 ns, At safepoint: 11516187 ns, Total: 11542875 ns
[2022-02-19T16:18:33.148+0000][6660][gc,start    ] GC(19) Pause Young (Normal) (G1 Evacuation Pause)
[2022-02-19T16:18:33.148+0000][6660][gc,task     ] GC(19) Using 2 workers of 2 for evacuation
[2022-02-19T16:18:33.148+0000][6660][gc,age      ] GC(19) Desired survivor size 4194304 bytes, new threshold 9 (max threshold 15)
[2022-02-19T16:18:33.475+0000][6660][gc,age      ] GC(19) Age table with threshold 9 (max threshold 15)
[2022-02-19T16:18:33.475+0000][6660][gc,age      ] GC(19) - age   1:    1837016 bytes,    1837016 total
[2022-02-19T16:18:33.475+0000][6660][gc,age      ] GC(19) - age   2:     373784 bytes,    2210800 total
[2022-02-19T16:18:33.475+0000][6660][gc,age      ] GC(19) - age   3:     138936 bytes,    2349736 total
[2022-02-19T16:18:33.475+0000][6660][gc,age      ] GC(19) - age   4:     354224 bytes,    2703960 total
[2022-02-19T16:18:33.475+0000][6660][gc,age      ] GC(19) - age   5:     518016 bytes,    3221976 total
[2022-02-19T16:18:33.475+0000][6660][gc,age      ] GC(19) - age   6:      37640 bytes,    3259616 total
[2022-02-19T16:18:33.475+0000][6660][gc,age      ] GC(19) - age   7:     223112 bytes,    3482728 total
[2022-02-19T16:18:33.475+0000][6660][gc,age      ] GC(19) - age   8:      19632 bytes,    3502360 total
[2022-02-19T16:18:33.475+0000][6660][gc,age      ] GC(19) - age   9:      64000 bytes,    3566360 total
[2022-02-19T16:18:33.475+0000][6660][gc,mmu      ] GC(19) MMU target violated: 201.0ms (200.0ms/201.0ms)
[2022-02-19T16:18:33.475+0000][6660][gc,phases   ] GC(19)   Pre Evacuate Collection Set: 0.0ms
[2022-02-19T16:18:33.475+0000][6660][gc,phases   ] GC(19)   Merge Heap Roots: 0.0ms
[2022-02-19T16:18:33.475+0000][6660][gc,phases   ] GC(19)   Evacuate Collection Set: 319.8ms
[2022-02-19T16:18:33.475+0000][6660][gc,phases   ] GC(19)   Post Evacuate Collection Set: 0.8ms
[2022-02-19T16:18:33.475+0000][6660][gc,phases   ] GC(19)   Other: 1.0ms
[2022-02-19T16:18:33.475+0000][6660][gc,heap     ] GC(19) Eden regions: 9->0(10)
[2022-02-19T16:18:33.475+0000][6660][gc,heap     ] GC(19) Survivor regions: 2->1(2)
[2022-02-19T16:18:33.475+0000][6660][gc,heap     ] GC(19) Old regions: 3->4
[2022-02-19T16:18:33.475+0000][6660][gc,heap     ] GC(19) Archive regions: 0->0
[2022-02-19T16:18:33.475+0000][6660][gc,heap     ] GC(19) Humongous regions: 0->0
[2022-02-19T16:18:33.475+0000][6660][gc,metaspace] GC(19) Metaspace: 22273K(22784K)->22273K(22784K) NonClass: 19607K(19904K)->19607K(19904K) Class: 2666K(2880K)->2666K(2880K)
[2022-02-19T16:18:33.475+0000][6660][gc          ] GC(19) Pause Young (Normal) (G1 Evacuation Pause) 51M->16M(956M) 322.333ms
[2022-02-19T16:18:33.475+0000][6660][gc,cpu      ] GC(19) User=0.03s Sys=0.02s Real=0.33s
[2022-02-19T16:18:33.475+0000][6660][safepoint   ] Safepoint "G1CollectForAllocation", Time since last: 235345835 ns, Reaching safepoint: 55430 ns, At safepoint: 322547665 ns, Total: 322603095 ns
[2022-02-19T16:18:34.489+0000][6660][safepoint   ] Safepoint "Cleanup", Time since last: 1005188905 ns, Reaching safepoint: 70314 ns, At safepoint: 8726 ns, Total: 79040 ns
[2022-02-19T16:18:43.694+0000][6660][gc,start    ] GC(20) Pause Young (Normal) (G1 Evacuation Pause)
[2022-02-19T16:18:43.694+0000][6660][gc,task     ] GC(20) Using 2 workers of 2 for evacuation
[2022-02-19T16:18:43.694+0000][6660][gc,age      ] GC(20) Desired survivor size 4194304 bytes, new threshold 15 (max threshold 15)
[2022-02-19T16:18:43.710+0000][6660][gc,age      ] GC(20) Age table with threshold 15 (max threshold 15)
[2022-02-19T16:18:43.710+0000][6660][gc,age      ] GC(20) - age   1:     709440 bytes,     709440 total
[2022-02-19T16:18:43.710+0000][6660][gc,age      ] GC(20) - age   2:     222816 bytes,     932256 total
[2022-02-19T16:18:43.710+0000][6660][gc,age      ] GC(20) - age   3:     373784 bytes,    1306040 total
[2022-02-19T16:18:43.710+0000][6660][gc,age      ] GC(20) - age   4:     138936 bytes,    1444976 total
[2022-02-19T16:18:43.710+0000][6660][gc,age      ] GC(20) - age   5:     354120 bytes,    1799096 total
[2022-02-19T16:18:43.710+0000][6660][gc,age      ] GC(20) - age   6:     517344 bytes,    2316440 total
[2022-02-19T16:18:43.710+0000][6660][gc,age      ] GC(20) - age   7:      37640 bytes,    2354080 total
[2022-02-19T16:18:43.710+0000][6660][gc,age      ] GC(20) - age   8:     223112 bytes,    2577192 total
[2022-02-19T16:18:43.710+0000][6660][gc,age      ] GC(20) - age   9:      19632 bytes,    2596824 total
[2022-02-19T16:18:43.710+0000][6660][gc,age      ] GC(20) - age  10:      64000 bytes,    2660824 total
[2022-02-19T16:18:43.710+0000][6660][gc,phases   ] GC(20)   Pre Evacuate Collection Set: 0.0ms
[2022-02-19T16:18:43.710+0000][6660][gc,phases   ] GC(20)   Merge Heap Roots: 0.0ms
[2022-02-19T16:18:43.710+0000][6660][gc,phases   ] GC(20)   Evacuate Collection Set: 3.7ms
[2022-02-19T16:18:43.710+0000][6660][gc,phases   ] GC(20)   Post Evacuate Collection Set: 0.5ms
[2022-02-19T16:18:43.710+0000][6660][gc,phases   ] GC(20)   Other: 0.6ms
[2022-02-19T16:18:43.710+0000][6660][gc,heap     ] GC(20) Eden regions: 10->0(142)
[2022-02-19T16:18:43.710+0000][6660][gc,heap     ] GC(20) Survivor regions: 1->1(2)
[2022-02-19T16:18:43.710+0000][6660][gc,heap     ] GC(20) Old regions: 4->4
[2022-02-19T16:18:43.710+0000][6660][gc,heap     ] GC(20) Archive regions: 0->0
[2022-02-19T16:18:43.710+0000][6660][gc,heap     ] GC(20) Humongous regions: 0->0
[2022-02-19T16:18:43.710+0000][6660][gc,metaspace] GC(20) Metaspace: 22365K(22848K)->22365K(22848K) NonClass: 19694K(19968K)->19694K(19968K) Class: 2671K(2880K)->2671K(2880K)
[2022-02-19T16:18:43.710+0000][6660][gc          ] GC(20) Pause Young (Normal) (G1 Evacuation Pause) 56M->15M(956M) 5.183ms
[2022-02-19T16:18:43.710+0000][6660][gc,cpu      ] GC(20) User=0.03s Sys=0.00s Real=0.02s
[2022-02-19T16:18:43.710+0000][6660][safepoint   ] Safepoint "G1CollectForAllocation", Time since last: 9216237217 ns, Reaching safepoint: 25149 ns, At safepoint: 5326968 ns, Total: 5352117 ns
[2022-02-19T16:18:44.724+0000][6660][safepoint   ] Safepoint "Cleanup", Time since last: 1012783901 ns, Reaching safepoint: 66722 ns, At safepoint: 4106 ns, Total: 70828 ns
[2022-02-19T16:18:46.752+0000][6660][safepoint   ] Safepoint "Cleanup", Time since last: 2027876378 ns, Reaching safepoint: 39007 ns, At safepoint: 3592 ns, Total: 42599 ns
[2022-02-19T16:18:51.105+0000][6660][safepoint   ] Safepoint "Cleanup", Time since last: 4352317916 ns, Reaching safepoint: 67235 ns, At safepoint: 6159 ns, Total: 73394 ns
[2022-02-19T16:18:52.134+0000][6660][safepoint   ] Safepoint "Cleanup", Time since last: 1013878140 ns, Reaching safepoint: 16536747 ns, At safepoint: 34387 ns, Total: 16571134 ns
[2022-02-19T16:18:54.559+0000][6660][safepoint   ] Safepoint "Cleanup", Time since last: 2122294944 ns, Reaching safepoint: 302021979 ns, At safepoint: 39520 ns, Total: 302061499 ns
[2022-02-19T16:19:34.007+0000][6660][safepoint   ] Safepoint "Cleanup", Time since last: 39337496946 ns, Reaching safepoint: 109076324 ns, At safepoint: 37980 ns, Total: 109114304 ns
[2022-02-19T16:19:49.012+0000][6660][safepoint   ] Safepoint "Cleanup", Time since last: 15000505032 ns, Reaching safepoint: 5179667 ns, At safepoint: 169884 ns, Total: 5349551 ns
[2022-02-19T16:19:53.024+0000][6660][safepoint   ] Safepoint "Cleanup", Time since last: 4007807480 ns, Reaching safepoint: 3020445 ns, At safepoint: 123692 ns, Total: 3144137 ns
[2022-02-19T16:20:00.081+0000][6660][safepoint   ] Safepoint "Cleanup", Time since last: 7000159620 ns, Reaching safepoint: 56956827 ns, At safepoint: 159106 ns, Total: 57115933 ns
[2022-02-19T16:20:27.189+0000][6660][safepoint   ] Safepoint "Cleanup", Time since last: 27074278327 ns, Reaching safepoint: 33474339 ns, At safepoint: 62102 ns, Total: 33536441 ns
[2022-02-19T16:20:58.344+0000][6660][safepoint   ] Safepoint "Cleanup", Time since last: 31154103803 ns, Reaching safepoint: 62103 ns, At safepoint: 4619 ns, Total: 66722 ns
[2022-02-19T16:20:59.358+0000][6660][safepoint   ] Safepoint "Cleanup", Time since last: 1013979762 ns, Reaching safepoint: 60049 ns, At safepoint: 4619 ns, Total: 64668 ns
[2022-02-19T16:21:06.422+0000][6660][safepoint   ] Safepoint "Cleanup", Time since last: 7063825070 ns, Reaching safepoint: 267401 ns, At safepoint: 16937 ns, Total: 284338 ns
[2022-02-19T16:21:07.458+0000][6660][safepoint   ] Safepoint "Cleanup", Time since last: 1004712100 ns, Reaching safepoint: 31168843 ns, At safepoint: 143709 ns, Total: 31312552 ns
[2022-02-19T16:21:08.581+0000][6660][safepoint   ] Safepoint "Cleanup", Time since last: 1013636914 ns, Reaching safepoint: 109255959 ns, At safepoint: 225315 ns, Total: 109481274 ns
[2022-02-19T16:21:10.422+0000][6660][safepoint   ] Safepoint "Cleanup", Time since last: 1850956278 ns, Reaching safepoint: 50811 ns, At safepoint: 30795 ns, Total: 81606 ns
[2022-02-19T16:21:11.485+0000][6660][safepoint   ] Safepoint "Cleanup", Time since last: 1020894708 ns, Reaching safepoint: 31252502 ns, At safepoint: 1410910 ns, Total: 32663412 ns
[2022-02-19T16:21:12.512+0000][6660][safepoint   ] Safepoint "Cleanup", Time since last: 1010195095 ns, Reaching safepoint: 15551317 ns, At safepoint: 81606 ns, Total: 15632923 ns
[2022-02-19T16:21:13.539+0000][6660][safepoint   ] Safepoint "Cleanup", Time since last: 1010896187 ns, Reaching safepoint: 15626764 ns, At safepoint: 13345 ns, Total: 15640109 ns
[2022-02-19T16:21:14.599+0000][6660][safepoint   ] Safepoint "Cleanup", Time since last: 1013971550 ns, Reaching safepoint: 50193288 ns, At safepoint: 834536 ns, Total: 51027824 ns
[2022-02-19T16:21:19.660+0000][6660][safepoint   ] Safepoint "Cleanup", Time since last: 5056083285 ns, Reaching safepoint: 59536 ns, At safepoint: 6673 ns, Total: 66209 ns
[2022-02-19T16:21:24.809+0000][6660][safepoint   ] Safepoint "Cleanup", Time since last: 5070831887 ns, Reaching safepoint: 78099434 ns, At safepoint: 15398 ns, Total: 78114832 ns
[2022-02-19T16:21:31.314+0000][6660][gc,start    ] GC(21) Pause Young (Normal) (G1 Evacuation Pause)
[2022-02-19T16:21:31.314+0000][6660][gc,task     ] GC(21) Using 2 workers of 2 for evacuation
[2022-02-19T16:21:31.314+0000][6660][gc,age      ] GC(21) Desired survivor size 37748736 bytes, new threshold 15 (max threshold 15)
[2022-02-19T16:21:32.952+0000][6660][gc,age      ] GC(21) Age table with threshold 15 (max threshold 15)
[2022-02-19T16:21:32.952+0000][6660][gc,age      ] GC(21) - age   1:    4927184 bytes,    4927184 total
[2022-02-19T16:21:32.952+0000][6660][gc,age      ] GC(21) - age   2:      21216 bytes,    4948400 total
[2022-02-19T16:21:32.952+0000][6660][gc,age      ] GC(21) - age   3:     222816 bytes,    5171216 total
[2022-02-19T16:21:32.952+0000][6660][gc,age      ] GC(21) - age   4:     373680 bytes,    5544896 total
[2022-02-19T16:21:32.952+0000][6660][gc,age      ] GC(21) - age   5:     137544 bytes,    5682440 total
[2022-02-19T16:21:32.952+0000][6660][gc,age      ] GC(21) - age   6:     353568 bytes,    6036008 total
[2022-02-19T16:21:32.952+0000][6660][gc,age      ] GC(21) - age   7:     514416 bytes,    6550424 total
[2022-02-19T16:21:32.952+0000][6660][gc,age      ] GC(21) - age   8:      37640 bytes,    6588064 total
[2022-02-19T16:21:32.952+0000][6660][gc,age      ] GC(21) - age   9:     223080 bytes,    6811144 total
[2022-02-19T16:21:32.952+0000][6660][gc,age      ] GC(21) - age  10:      19632 bytes,    6830776 total
[2022-02-19T16:21:32.952+0000][6660][gc,age      ] GC(21) - age  11:      64000 bytes,    6894776 total
[2022-02-19T16:21:32.952+0000][6660][gc,mmu      ] GC(21) MMU target violated: 201.0ms (200.0ms/201.0ms)
[2022-02-19T16:21:32.952+0000][6660][gc,phases   ] GC(21)   Pre Evacuate Collection Set: 0.1ms
[2022-02-19T16:21:32.952+0000][6660][gc,phases   ] GC(21)   Merge Heap Roots: 0.1ms
[2022-02-19T16:21:32.952+0000][6660][gc,phases   ] GC(21)   Evacuate Collection Set: 1646.2ms
[2022-02-19T16:21:32.952+0000][6660][gc,phases   ] GC(21)   Post Evacuate Collection Set: 1.1ms
[2022-02-19T16:21:32.952+0000][6660][gc,phases   ] GC(21)   Other: 1.0ms
[2022-02-19T16:21:32.952+0000][6660][gc,heap     ] GC(21) Eden regions: 142->0(9)
[2022-02-19T16:21:32.952+0000][6660][gc,heap     ] GC(21) Survivor regions: 1->2(18)
[2022-02-19T16:21:32.952+0000][6660][gc,heap     ] GC(21) Old regions: 4->4
[2022-02-19T16:21:32.952+0000][6660][gc,heap     ] GC(21) Archive regions: 0->0
[2022-02-19T16:21:32.952+0000][6660][gc,heap     ] GC(21) Humongous regions: 0->0
[2022-02-19T16:21:32.952+0000][6660][gc,metaspace] GC(21) Metaspace: 27802K(28480K)->27802K(28480K) NonClass: 24496K(24896K)->24496K(24896K) Class: 3305K(3584K)->3305K(3584K)
[2022-02-19T16:21:32.952+0000][6660][gc          ] GC(21) Pause Young (Normal) (G1 Evacuation Pause) 583M->19M(956M) 1648.824ms
[2022-02-19T16:21:32.952+0000][6660][gc,cpu      ] GC(21) User=0.06s Sys=0.02s Real=1.64s
[2022-02-19T16:21:32.952+0000][6660][safepoint   ] Safepoint "G1CollectForAllocation", Time since last: 6508609681 ns, Reaching safepoint: 78526 ns, At safepoint: 1649034484 ns, Total: 1649113010 ns
[2022-02-19T16:21:33.717+0000][6660][gc,start    ] GC(22) Pause Young (Normal) (G1 Evacuation Pause)
[2022-02-19T16:21:33.717+0000][6660][gc,task     ] GC(22) Using 2 workers of 2 for evacuation
[2022-02-19T16:21:33.717+0000][6660][gc,age      ] GC(22) Desired survivor size 4194304 bytes, new threshold 1 (max threshold 15)
[2022-02-19T16:21:34.153+0000][6660][gc,age      ] GC(22) Age table with threshold 1 (max threshold 15)
[2022-02-19T16:21:34.153+0000][6660][gc,age      ] GC(22) - age   1:     524128 bytes,     524128 total
[2022-02-19T16:21:34.153+0000][6660][gc,mmu      ] GC(22) MMU target violated: 201.0ms (200.0ms/201.0ms)
[2022-02-19T16:21:34.153+0000][6660][gc,phases   ] GC(22)   Pre Evacuate Collection Set: 0.1ms
[2022-02-19T16:21:34.153+0000][6660][gc,phases   ] GC(22)   Merge Heap Roots: 0.0ms
[2022-02-19T16:21:34.153+0000][6660][gc,phases   ] GC(22)   Evacuate Collection Set: 415.9ms
[2022-02-19T16:21:34.153+0000][6660][gc,phases   ] GC(22)   Post Evacuate Collection Set: 16.0ms
[2022-02-19T16:21:34.153+0000][6660][gc,phases   ] GC(22)   Other: 0.6ms
[2022-02-19T16:21:34.153+0000][6660][gc,heap     ] GC(22) Eden regions: 9->0(10)
[2022-02-19T16:21:34.153+0000][6660][gc,heap     ] GC(22) Survivor regions: 2->1(2)
[2022-02-19T16:21:34.153+0000][6660][gc,heap     ] GC(22) Old regions: 4->5
[2022-02-19T16:21:34.153+0000][6660][gc,heap     ] GC(22) Archive regions: 0->0
[2022-02-19T16:21:34.153+0000][6660][gc,heap     ] GC(22) Humongous regions: 0->0
[2022-02-19T16:21:34.153+0000][6660][gc,metaspace] GC(22) Metaspace: 27807K(28480K)->27807K(28480K) NonClass: 24500K(24896K)->24500K(24896K) Class: 3306K(3584K)->3306K(3584K)
[2022-02-19T16:21:34.153+0000][6660][gc          ] GC(22) Pause Young (Normal) (G1 Evacuation Pause) 55M->20M(956M) 433.140ms
[2022-02-19T16:21:34.153+0000][6660][gc,cpu      ] GC(22) User=0.03s Sys=0.02s Real=0.44s
[2022-02-19T16:21:34.153+0000][6660][safepoint   ] Safepoint "G1CollectForAllocation", Time since last: 761991452 ns, Reaching safepoint: 31308 ns, At safepoint: 433355163 ns, Total: 433386471 ns
[2022-02-19T16:21:34.247+0000][6660][gc,start    ] GC(23) Pause Young (Normal) (G1 Evacuation Pause)
[2022-02-19T16:21:34.247+0000][6660][gc,task     ] GC(23) Using 2 workers of 2 for evacuation
[2022-02-19T16:21:34.247+0000][6660][gc,age      ] GC(23) Desired survivor size 4194304 bytes, new threshold 15 (max threshold 15)
[2022-02-19T16:21:34.247+0000][6660][gc,age      ] GC(23) Age table with threshold 15 (max threshold 15)
[2022-02-19T16:21:34.247+0000][6660][gc,age      ] GC(23) - age   1:     561600 bytes,     561600 total
[2022-02-19T16:21:34.247+0000][6660][gc,age      ] GC(23) - age   2:      21456 bytes,     583056 total
[2022-02-19T16:21:34.247+0000][6660][gc,phases   ] GC(23)   Pre Evacuate Collection Set: 0.0ms
[2022-02-19T16:21:34.247+0000][6660][gc,phases   ] GC(23)   Merge Heap Roots: 0.0ms
[2022-02-19T16:21:34.247+0000][6660][gc,phases   ] GC(23)   Evacuate Collection Set: 1.2ms
[2022-02-19T16:21:34.247+0000][6660][gc,phases   ] GC(23)   Post Evacuate Collection Set: 0.3ms
[2022-02-19T16:21:34.247+0000][6660][gc,phases   ] GC(23)   Other: 1.3ms
[2022-02-19T16:21:34.247+0000][6660][gc,heap     ] GC(23) Eden regions: 10->0(25)
[2022-02-19T16:21:34.247+0000][6660][gc,heap     ] GC(23) Survivor regions: 1->1(2)
[2022-02-19T16:21:34.247+0000][6660][gc,heap     ] GC(23) Old regions: 5->5
[2022-02-19T16:21:34.247+0000][6660][gc,heap     ] GC(23) Archive regions: 0->0
[2022-02-19T16:21:34.247+0000][6660][gc,heap     ] GC(23) Humongous regions: 0->0
[2022-02-19T16:21:34.247+0000][6660][gc,metaspace] GC(23) Metaspace: 27810K(28480K)->27810K(28480K) NonClass: 24502K(24896K)->24502K(24896K) Class: 3307K(3584K)->3307K(3584K)
[2022-02-19T16:21:34.247+0000][6660][gc          ] GC(23) Pause Young (Normal) (G1 Evacuation Pause) 60M->20M(956M) 3.120ms
[2022-02-19T16:21:34.247+0000][6660][gc,cpu      ] GC(23) User=0.00s Sys=0.00s Real=0.00s
[2022-02-19T16:21:34.247+0000][6660][safepoint   ] Safepoint "G1CollectForAllocation", Time since last: 94860469 ns, Reaching safepoint: 31821 ns, At safepoint: 3249353 ns, Total: 3281174 ns
[2022-02-19T16:21:37.071+0000][6660][gc,start    ] GC(24) Pause Young (Normal) (G1 Evacuation Pause)
[2022-02-19T16:21:37.071+0000][6660][gc,task     ] GC(24) Using 2 workers of 2 for evacuation
[2022-02-19T16:21:37.071+0000][6660][gc,age      ] GC(24) Desired survivor size 8388608 bytes, new threshold 15 (max threshold 15)
[2022-02-19T16:21:37.071+0000][6660][gc,age      ] GC(24) Age table with threshold 15 (max threshold 15)
[2022-02-19T16:21:37.071+0000][6660][gc,age      ] GC(24) - age   1:    2025480 bytes,    2025480 total
[2022-02-19T16:21:37.071+0000][6660][gc,age      ] GC(24) - age   2:      16352 bytes,    2041832 total
[2022-02-19T16:21:37.071+0000][6660][gc,age      ] GC(24) - age   3:      21456 bytes,    2063288 total
[2022-02-19T16:21:37.071+0000][6660][gc,phases   ] GC(24)   Pre Evacuate Collection Set: 0.1ms
[2022-02-19T16:21:37.071+0000][6660][gc,phases   ] GC(24)   Merge Heap Roots: 0.0ms
[2022-02-19T16:21:37.071+0000][6660][gc,phases   ] GC(24)   Evacuate Collection Set: 4.4ms
[2022-02-19T16:21:37.071+0000][6660][gc,phases   ] GC(24)   Post Evacuate Collection Set: 0.4ms
[2022-02-19T16:21:37.071+0000][6660][gc,phases   ] GC(24)   Other: 0.5ms
[2022-02-19T16:21:37.071+0000][6660][gc,heap     ] GC(24) Eden regions: 25->0(22)
[2022-02-19T16:21:37.071+0000][6660][gc,heap     ] GC(24) Survivor regions: 1->1(4)
[2022-02-19T16:21:37.071+0000][6660][gc,heap     ] GC(24) Old regions: 5->5
[2022-02-19T16:21:37.071+0000][6660][gc,heap     ] GC(24) Archive regions: 0->0
[2022-02-19T16:21:37.071+0000][6660][gc,heap     ] GC(24) Humongous regions: 0->0
[2022-02-19T16:21:37.071+0000][6660][gc,metaspace] GC(24) Metaspace: 27851K(28480K)->27851K(28480K) NonClass: 24535K(24896K)->24535K(24896K) Class: 3316K(3584K)->3316K(3584K)
[2022-02-19T16:21:37.071+0000][6660][gc          ] GC(24) Pause Young (Normal) (G1 Evacuation Pause) 120M->21M(956M) 5.644ms
[2022-02-19T16:21:37.071+0000][6660][gc,cpu      ] GC(24) User=0.00s Sys=0.00s Real=0.00s
[2022-02-19T16:21:37.071+0000][6660][safepoint   ] Safepoint "G1CollectForAllocation", Time since last: 2810059906 ns, Reaching safepoint: 38494 ns, At safepoint: 5809417 ns, Total: 5847911 ns
[2022-02-19T16:21:38.085+0000][6660][safepoint   ] Safepoint "Cleanup", Time since last: 1008206271 ns, Reaching safepoint: 911523 ns, At safepoint: 352086 ns, Total: 1263609 ns
[2022-02-19T16:21:39.644+0000][6660][gc,start    ] GC(25) Pause Young (Normal) (G1 Evacuation Pause)
[2022-02-19T16:21:39.644+0000][6660][gc,task     ] GC(25) Using 2 workers of 2 for evacuation
[2022-02-19T16:21:39.644+0000][6660][gc,age      ] GC(25) Desired survivor size 6291456 bytes, new threshold 15 (max threshold 15)
[2022-02-19T16:21:39.644+0000][6660][gc,age      ] GC(25) Age table with threshold 15 (max threshold 15)
[2022-02-19T16:21:39.644+0000][6660][gc,age      ] GC(25) - age   1:    1269888 bytes,    1269888 total
[2022-02-19T16:21:39.644+0000][6660][gc,age      ] GC(25) - age   2:      78824 bytes,    1348712 total
[2022-02-19T16:21:39.644+0000][6660][gc,age      ] GC(25) - age   3:      16352 bytes,    1365064 total
[2022-02-19T16:21:39.644+0000][6660][gc,age      ] GC(25) - age   4:      21456 bytes,    1386520 total
[2022-02-19T16:21:39.644+0000][6660][gc,phases   ] GC(25)   Pre Evacuate Collection Set: 0.1ms
[2022-02-19T16:21:39.644+0000][6660][gc,phases   ] GC(25)   Merge Heap Roots: 0.0ms
[2022-02-19T16:21:39.644+0000][6660][gc,phases   ] GC(25)   Evacuate Collection Set: 4.0ms
[2022-02-19T16:21:39.644+0000][6660][gc,phases   ] GC(25)   Post Evacuate Collection Set: 0.6ms
[2022-02-19T16:21:39.644+0000][6660][gc,phases   ] GC(25)   Other: 0.6ms
[2022-02-19T16:21:39.644+0000][6660][gc,heap     ] GC(25) Eden regions: 22->0(115)
[2022-02-19T16:21:39.644+0000][6660][gc,heap     ] GC(25) Survivor regions: 1->1(3)
[2022-02-19T16:21:39.644+0000][6660][gc,heap     ] GC(25) Old regions: 5->5
[2022-02-19T16:21:39.644+0000][6660][gc,heap     ] GC(25) Archive regions: 0->0
[2022-02-19T16:21:39.644+0000][6660][gc,heap     ] GC(25) Humongous regions: 0->0
[2022-02-19T16:21:39.644+0000][6660][gc,metaspace] GC(25) Metaspace: 27877K(28544K)->27877K(28544K) NonClass: 24555K(24960K)->24555K(24960K) Class: 3322K(3584K)->3322K(3584K)
[2022-02-19T16:21:39.644+0000][6660][gc          ] GC(25) Pause Young (Normal) (G1 Evacuation Pause) 109M->21M(956M) 5.588ms
[2022-02-19T16:21:39.644+0000][6660][gc,cpu      ] GC(25) User=0.00s Sys=0.00s Real=0.00s
[2022-02-19T16:21:39.644+0000][6660][safepoint   ] Safepoint "G1CollectForAllocation", Time since last: 1557825751 ns, Reaching safepoint: 32335 ns, At safepoint: 5743209 ns, Total: 5775544 ns
[2022-02-19T16:21:42.320+0000][6660][safepoint   ] Safepoint "Cleanup", Time since last: 1994340450 ns, Reaching safepoint: 675980349 ns, At safepoint: 883294 ns, Total: 676863643 ns
[2022-02-19T16:21:43.333+0000][6660][safepoint   ] Safepoint "Cleanup", Time since last: 1012143372 ns, Reaching safepoint: 429586 ns, At safepoint: 23609 ns, Total: 453195 ns
[2022-02-19T16:21:46.350+0000][6660][safepoint   ] Safepoint "Cleanup", Time since last: 3016796449 ns, Reaching safepoint: 51838 ns, At safepoint: 5132 ns, Total: 56970 ns
[2022-02-19T16:21:47.356+0000][6660][safepoint   ] Safepoint "Cleanup", Time since last: 1006090163 ns, Reaching safepoint: 123179 ns, At safepoint: 6159 ns, Total: 129338 ns
[2022-02-19T16:21:48.372+0000][6660][safepoint   ] Safepoint "Cleanup", Time since last: 1015264413 ns, Reaching safepoint: 108295 ns, At safepoint: 5646 ns, Total: 113941 ns
[2022-02-19T16:21:56.484+0000][6660][safepoint   ] Safepoint "Cleanup", Time since last: 8111777017 ns, Reaching safepoint: 52351 ns, At safepoint: 6672 ns, Total: 59023 ns
[2022-02-19T16:21:59.516+0000][6660][safepoint   ] Safepoint "Cleanup", Time since last: 3032304141 ns, Reaching safepoint: 65182 ns, At safepoint: 8212 ns, Total: 73394 ns
[2022-02-19T16:22:00.533+0000][6660][safepoint   ] Safepoint "Cleanup", Time since last: 1001299536 ns, Reaching safepoint: 15682708 ns, At safepoint: 273046 ns, Total: 15955754 ns
[2022-02-19T16:22:01.548+0000][6660][safepoint   ] Safepoint "Cleanup", Time since last: 1013990540 ns, Reaching safepoint: 41573 ns, At safepoint: 4619 ns, Total: 46192 ns
[2022-02-19T16:22:17.740+0000][6660][safepoint   ] Safepoint "Cleanup", Time since last: 16192158338 ns, Reaching safepoint: 70828 ns, At safepoint: 6672 ns, Total: 77500 ns
[2022-02-19T16:22:18.707+0000][6660][gc,start    ] GC(26) Pause Young (Normal) (G1 Evacuation Pause)
[2022-02-19T16:22:18.707+0000][6660][gc,task     ] GC(26) Using 2 workers of 2 for evacuation
[2022-02-19T16:22:18.707+0000][6660][gc,age      ] GC(26) Desired survivor size 31457280 bytes, new threshold 15 (max threshold 15)
[2022-02-19T16:22:18.816+0000][6660][gc,age      ] GC(26) Age table with threshold 15 (max threshold 15)
[2022-02-19T16:22:18.816+0000][6660][gc,age      ] GC(26) - age   1:    3416720 bytes,    3416720 total
[2022-02-19T16:22:18.816+0000][6660][gc,age      ] GC(26) - age   2:     242984 bytes,    3659704 total
[2022-02-19T16:22:18.816+0000][6660][gc,age      ] GC(26) - age   3:      78720 bytes,    3738424 total
[2022-02-19T16:22:18.816+0000][6660][gc,age      ] GC(26) - age   4:      16352 bytes,    3754776 total
[2022-02-19T16:22:18.816+0000][6660][gc,age      ] GC(26) - age   5:      21456 bytes,    3776232 total
[2022-02-19T16:22:18.816+0000][6660][gc,phases   ] GC(26)   Pre Evacuate Collection Set: 0.1ms
[2022-02-19T16:22:18.816+0000][6660][gc,phases   ] GC(26)   Merge Heap Roots: 0.1ms
[2022-02-19T16:22:18.816+0000][6660][gc,phases   ] GC(26)   Evacuate Collection Set: 100.0ms
[2022-02-19T16:22:18.816+0000][6660][gc,phases   ] GC(26)   Post Evacuate Collection Set: 1.2ms
[2022-02-19T16:22:18.816+0000][6660][gc,phases   ] GC(26)   Other: 0.9ms
[2022-02-19T16:22:18.816+0000][6660][gc,heap     ] GC(26) Eden regions: 115->0(104)
[2022-02-19T16:22:18.816+0000][6660][gc,heap     ] GC(26) Survivor regions: 1->1(15)
[2022-02-19T16:22:18.816+0000][6660][gc,heap     ] GC(26) Old regions: 5->5
[2022-02-19T16:22:18.816+0000][6660][gc,heap     ] GC(26) Archive regions: 0->0
[2022-02-19T16:22:18.816+0000][6660][gc,heap     ] GC(26) Humongous regions: 0->0
[2022-02-19T16:22:18.816+0000][6660][gc,metaspace] GC(26) Metaspace: 29515K(30272K)->29515K(30272K) NonClass: 25959K(26432K)->25959K(26432K) Class: 3556K(3840K)->3556K(3840K)
[2022-02-19T16:22:18.816+0000][6660][gc          ] GC(26) Pause Young (Normal) (G1 Evacuation Pause) 481M->23M(956M) 102.947ms
[2022-02-19T16:22:18.816+0000][6660][gc,cpu      ] GC(26) User=0.05s Sys=0.02s Real=0.11s
[2022-02-19T16:22:18.816+0000][6660][safepoint   ] Safepoint "G1CollectForAllocation", Time since last: 981706929 ns, Reaching safepoint: 77500 ns, At safepoint: 103200184 ns, Total: 103277684 ns
[2022-02-19T16:22:19.830+0000][6660][safepoint   ] Safepoint "Cleanup", Time since last: 1005267945 ns, Reaching safepoint: 55943 ns, At safepoint: 4619 ns, Total: 60562 ns
[2022-02-19T16:22:33.986+0000][6660][safepoint   ] Safepoint "Cleanup", Time since last: 14155113356 ns, Reaching safepoint: 45678 ns, At safepoint: 3593 ns, Total: 49271 ns
[2022-02-19T16:22:42.986+0000][6660][safepoint   ] Safepoint "Cleanup", Time since last: 9000286904 ns, Reaching safepoint: 62616 ns, At safepoint: 7699 ns, Total: 70315 ns
[2022-02-19T16:22:46.150+0000][6660][safepoint   ] Safepoint "Cleanup", Time since last: 3000045165 ns, Reaching safepoint: 163060438 ns, At safepoint: 118046 ns, Total: 163178484 ns
[2022-02-19T16:22:51.553+0000][6660][safepoint   ] Safepoint "Cleanup", Time since last: 5000031821 ns, Reaching safepoint: 403037793 ns, At safepoint: 204785 ns, Total: 403242578 ns
[2022-02-19T16:22:53.553+0000][6660][safepoint   ] Safepoint "Cleanup", Time since last: 1999861937 ns, Reaching safepoint: 93924 ns, At safepoint: 7186 ns, Total: 101110 ns
[2022-02-19T16:23:54.557+0000][6660][safepoint   ] Safepoint "Cleanup", Time since last: 61003352001 ns, Reaching safepoint: 91358 ns, At safepoint: 7699 ns, Total: 99057 ns
[2022-02-19T16:23:56.597+0000][6660][safepoint   ] Safepoint "Cleanup", Time since last: 1999987682 ns, Reaching safepoint: 39167763 ns, At safepoint: 84685 ns, Total: 39252448 ns
[2022-02-19T16:23:58.597+0000][6660][safepoint   ] Safepoint "Cleanup", Time since last: 1999908130 ns, Reaching safepoint: 219668 ns, At safepoint: 4106 ns, Total: 223774 ns
[2022-02-19T16:24:02.597+0000][6660][safepoint   ] Safepoint "Cleanup", Time since last: 3999957914 ns, Reaching safepoint: 83659 ns, At safepoint: 11291 ns, Total: 94950 ns
[2022-02-19T16:24:04.597+0000][6660][safepoint   ] Safepoint "Cleanup", Time since last: 1999990249 ns, Reaching safepoint: 93924 ns, At safepoint: 6159 ns, Total: 100083 ns
[2022-02-19T16:24:09.817+0000][6660][safepoint   ] Safepoint "Cleanup", Time since last: 5000098543 ns, Reaching safepoint: 219940792 ns, At safepoint: 176556 ns, Total: 220117348 ns
[2022-02-19T16:24:15.818+0000][6660][safepoint   ] Safepoint "Cleanup", Time since last: 6000012831 ns, Reaching safepoint: 52864 ns, At safepoint: 4619 ns, Total: 57483 ns
[2022-02-19T16:24:17.818+0000][6660][safepoint   ] Safepoint "Cleanup", Time since last: 2000012318 ns, Reaching safepoint: 67749 ns, At safepoint: 11804 ns, Total: 79553 ns
[2022-02-19T16:24:27.818+0000][6660][safepoint   ] Safepoint "Cleanup", Time since last: 10000340795 ns, Reaching safepoint: 62102 ns, At safepoint: 7699 ns, Total: 69801 ns
[2022-02-19T16:24:31.819+0000][6660][safepoint   ] Safepoint "Cleanup", Time since last: 4000087765 ns, Reaching safepoint: 58510 ns, At safepoint: 6672 ns, Total: 65182 ns
[2022-02-19T16:24:33.819+0000][6660][safepoint   ] Safepoint "Cleanup", Time since last: 2000015911 ns, Reaching safepoint: 57483 ns, At safepoint: 4106 ns, Total: 61589 ns
[2022-02-19T16:24:37.819+0000][6660][safepoint   ] Safepoint "Cleanup", Time since last: 4000098030 ns, Reaching safepoint: 66722 ns, At safepoint: 7698 ns, Total: 74420 ns
[2022-02-19T16:24:39.819+0000][6660][safepoint   ] Safepoint "Cleanup", Time since last: 2000009239 ns, Reaching safepoint: 70827 ns, At safepoint: 5646 ns, Total: 76473 ns
[2022-02-19T16:24:50.820+0000][6660][safepoint   ] Safepoint "Cleanup", Time since last: 11000343361 ns, Reaching safepoint: 76473 ns, At safepoint: 4106 ns, Total: 80579 ns
[2022-02-19T16:24:52.820+0000][6660][safepoint   ] Safepoint "Cleanup", Time since last: 2000021043 ns, Reaching safepoint: 72368 ns, At safepoint: 7185 ns, Total: 79553 ns
[2022-02-19T16:25:06.368+0000][6660][safepoint   ] Safepoint "ICBufferFull", Time since last: 13547759481 ns, Reaching safepoint: 95464 ns, At safepoint: 7699 ns, Total: 103163 ns
[2022-02-19T16:25:06.861+0000][6660][safepoint   ] Safepoint "ICBufferFull", Time since last: 492968033 ns, Reaching safepoint: 76986 ns, At safepoint: 7186 ns, Total: 84172 ns
[2022-02-19T16:25:06.864+0000][6660][safepoint   ] Safepoint "ICBufferFull", Time since last: 3110777 ns, Reaching safepoint: 31307 ns, At safepoint: 7699 ns, Total: 39006 ns
[2022-02-19T16:25:08.864+0000][6660][safepoint   ] Safepoint "Cleanup", Time since last: 1999656639 ns, Reaching safepoint: 60563 ns, At safepoint: 4106 ns, Total: 64669 ns
[2022-02-19T16:25:10.864+0000][6660][safepoint   ] Safepoint "Cleanup", Time since last: 1999860911 ns, Reaching safepoint: 90331 ns, At safepoint: 8212 ns, Total: 98543 ns
[2022-02-19T16:25:14.864+0000][6660][safepoint   ] Safepoint "Cleanup", Time since last: 4000066208 ns, Reaching safepoint: 92385 ns, At safepoint: 11291 ns, Total: 103676 ns
[2022-02-19T16:25:19.864+0000][6660][safepoint   ] Safepoint "Cleanup", Time since last: 5000089305 ns, Reaching safepoint: 61076 ns, At safepoint: 5132 ns, Total: 66208 ns
[2022-02-19T16:25:21.864+0000][6660][safepoint   ] Safepoint "Cleanup", Time since last: 2000020530 ns, Reaching safepoint: 318725 ns, At safepoint: 7185 ns, Total: 325910 ns
[2022-02-19T16:25:37.865+0000][6660][safepoint   ] Safepoint "Cleanup", Time since last: 16000298196 ns, Reaching safepoint: 67235 ns, At safepoint: 5132 ns, Total: 72367 ns
[2022-02-19T16:25:43.231+0000][6660][safepoint   ] Safepoint "Cleanup", Time since last: 5000109834 ns, Reaching safepoint: 334083869 ns, At safepoint: 31051823 ns, Total: 365135692 ns
[2022-02-19T16:25:45.231+0000][6660][safepoint   ] Safepoint "Cleanup", Time since last: 2000001027 ns, Reaching safepoint: 83659 ns, At safepoint: 7698 ns, Total: 91357 ns
[2022-02-19T16:25:47.231+0000][6660][safepoint   ] Safepoint "Cleanup", Time since last: 1999994868 ns, Reaching safepoint: 75960 ns, At safepoint: 7699 ns, Total: 83659 ns
[2022-02-19T16:25:49.231+0000][6660][safepoint   ] Safepoint "Cleanup", Time since last: 2000002053 ns, Reaching safepoint: 90331 ns, At safepoint: 8212 ns, Total: 98543 ns
[2022-02-19T16:25:51.231+0000][6660][safepoint   ] Safepoint "Cleanup", Time since last: 1999997947 ns, Reaching safepoint: 116506 ns, At safepoint: 6672 ns, Total: 123178 ns
[2022-02-19T16:25:58.629+0000][6660][gc,start    ] GC(27) Pause Young (Concurrent Start) (Metadata GC Threshold)
[2022-02-19T16:25:58.629+0000][6660][gc,task     ] GC(27) Using 2 workers of 2 for evacuation
[2022-02-19T16:25:58.629+0000][6660][gc,age      ] GC(27) Desired survivor size 29360128 bytes, new threshold 15 (max threshold 15)
[2022-02-19T16:25:59.256+0000][6660][gc,age      ] GC(27) Age table with threshold 15 (max threshold 15)
[2022-02-19T16:25:59.256+0000][6660][gc,age      ] GC(27) - age   1:    2756520 bytes,    2756520 total
[2022-02-19T16:25:59.256+0000][6660][gc,age      ] GC(27) - age   2:    2665616 bytes,    5422136 total
[2022-02-19T16:25:59.256+0000][6660][gc,age      ] GC(27) - age   3:     242304 bytes,    5664440 total
[2022-02-19T16:25:59.256+0000][6660][gc,age      ] GC(27) - age   4:      78056 bytes,    5742496 total
[2022-02-19T16:25:59.256+0000][6660][gc,age      ] GC(27) - age   5:      16008 bytes,    5758504 total
[2022-02-19T16:25:59.256+0000][6660][gc,age      ] GC(27) - age   6:      21456 bytes,    5779960 total
[2022-02-19T16:25:59.257+0000][6660][gc,mmu      ] GC(27) MMU target violated: 201.0ms (200.0ms/201.0ms)
[2022-02-19T16:25:59.257+0000][6660][gc,phases   ] GC(27)   Pre Evacuate Collection Set: 0.2ms
[2022-02-19T16:25:59.257+0000][6660][gc,phases   ] GC(27)   Merge Heap Roots: 0.2ms
[2022-02-19T16:25:59.257+0000][6660][gc,phases   ] GC(27)   Evacuate Collection Set: 302.7ms
[2022-02-19T16:25:59.257+0000][6660][gc,phases   ] GC(27)   Post Evacuate Collection Set: 39.3ms
[2022-02-19T16:25:59.257+0000][6660][gc,phases   ] GC(27)   Other: 285.3ms
[2022-02-19T16:25:59.257+0000][6660][gc,heap     ] GC(27) Eden regions: 73->0(9)
[2022-02-19T16:25:59.257+0000][6660][gc,heap     ] GC(27) Survivor regions: 1->2(14)
[2022-02-19T16:25:59.257+0000][6660][gc,heap     ] GC(27) Old regions: 5->5
[2022-02-19T16:25:59.257+0000][6660][gc,heap     ] GC(27) Archive regions: 0->0
[2022-02-19T16:25:59.257+0000][6660][gc,heap     ] GC(27) Humongous regions: 0->0
[2022-02-19T16:25:59.257+0000][6660][gc,metaspace] GC(27) Metaspace: 35093K(35968K)->35093K(35968K) NonClass: 30736K(31232K)->30736K(31232K) Class: 4356K(4736K)->4356K(4736K)
[2022-02-19T16:25:59.257+0000][6660][gc          ] GC(27) Pause Young (Concurrent Start) (Metadata GC Threshold) 313M->25M(956M) 627.848ms
[2022-02-19T16:25:59.257+0000][6660][gc,cpu      ] GC(27) User=0.12s Sys=0.00s Real=0.63s
[2022-02-19T16:25:59.257+0000][6660][safepoint   ] Safepoint "CollectForMetadataAllocation", Time since last: 7397864799 ns, Reaching safepoint: 67749 ns, At safepoint: 628166977 ns, Total: 628234726 ns
[2022-02-19T16:25:59.339+0000][6660][gc          ] GC(28) Concurrent Mark Cycle
[2022-02-19T16:25:59.367+0000][6660][gc,marking  ] GC(28) Concurrent Clear Claimed Marks
[2022-02-19T16:25:59.367+0000][6660][gc,marking  ] GC(28) Concurrent Clear Claimed Marks 0.112ms
[2022-02-19T16:25:59.367+0000][6660][gc,marking  ] GC(28) Concurrent Scan Root Regions
[2022-02-19T16:25:59.931+0000][6660][gc,marking  ] GC(28) Concurrent Scan Root Regions 564.347ms
[2022-02-19T16:25:59.931+0000][6660][gc,marking  ] GC(28) Concurrent Mark
[2022-02-19T16:25:59.931+0000][6660][gc,marking  ] GC(28) Concurrent Mark From Roots
[2022-02-19T16:25:59.931+0000][6660][gc,task     ] GC(28) Using 1 workers of 1 for marking
[2022-02-19T16:26:06.948+0000][6660][gc,marking  ] GC(28) Concurrent Mark From Roots 7017.398ms
[2022-02-19T16:26:06.949+0000][6660][gc,marking  ] GC(28) Concurrent Preclean
[2022-02-19T16:26:06.949+0000][6660][gc,marking  ] GC(28) Concurrent Preclean 0.375ms
[2022-02-19T16:26:06.949+0000][6660][gc,start    ] GC(28) Pause Remark
[2022-02-19T16:26:08.738+0000][6660][gc,mmu      ] GC(28) MMU target violated: 201.0ms (200.0ms/201.0ms)
[2022-02-19T16:26:08.738+0000][6660][gc          ] GC(28) Pause Remark 26M->26M(956M) 1788.699ms
[2022-02-19T16:26:08.738+0000][6660][gc,cpu      ] GC(28) User=0.83s Sys=0.00s Real=1.79s
[2022-02-19T16:26:08.738+0000][6660][safepoint   ] Safepoint "G1Concurrent", Time since last: 7692296401 ns, Reaching safepoint: 57996 ns, At safepoint: 1788991721 ns, Total: 1789049717 ns
[2022-02-19T16:26:08.738+0000][6660][gc,marking  ] GC(28) Concurrent Mark 8807.304ms
[2022-02-19T16:26:08.738+0000][6660][gc,marking  ] GC(28) Concurrent Rebuild Remembered Sets
[2022-02-19T16:26:08.738+0000][6660][gc,marking  ] GC(28) Concurrent Rebuild Remembered Sets 0.052ms
[2022-02-19T16:26:08.739+0000][6660][gc,start    ] GC(28) Pause Cleanup
[2022-02-19T16:26:08.739+0000][6660][gc          ] GC(28) Pause Cleanup 26M->26M(956M) 0.088ms
[2022-02-19T16:26:08.739+0000][6660][gc,cpu      ] GC(28) User=0.00s Sys=0.00s Real=0.00s
[2022-02-19T16:26:08.739+0000][6660][safepoint   ] Safepoint "G1Concurrent", Time since last: 491688 ns, Reaching safepoint: 29255 ns, At safepoint: 266887 ns, Total: 296142 ns
[2022-02-19T16:26:08.739+0000][6660][gc,marking  ] GC(28) Concurrent Cleanup for Next Mark
[2022-02-19T16:26:12.888+0000][6660][safepoint   ] Safepoint "Cleanup", Time since last: 3999850646 ns, Reaching safepoint: 148803524 ns, At safepoint: 9752 ns, Total: 148813276 ns
[2022-02-19T16:26:13.894+0000][6660][safepoint   ] Safepoint "Cleanup", Time since last: 1000243278 ns, Reaching safepoint: 5321835 ns, At safepoint: 11291 ns, Total: 5333126 ns
[2022-02-19T16:26:22.946+0000][6660][safepoint   ] Safepoint "Cleanup", Time since last: 9000028229 ns, Reaching safepoint: 52033270 ns, At safepoint: 24636 ns, Total: 52057906 ns
[2022-02-19T16:26:23.904+0000][6660][gc,marking  ] GC(28) Concurrent Cleanup for Next Mark 15164.978ms
[2022-02-19T16:26:23.904+0000][6660][gc          ] GC(28) Concurrent Mark Cycle 24565.591ms
[2022-02-19T16:26:27.153+0000][6660][safepoint   ] Safepoint "Cleanup", Time since last: 4000110861 ns, Reaching safepoint: 206021080 ns, At safepoint: 105215 ns, Total: 206126295 ns
[2022-02-19T16:26:29.516+0000][6660][safepoint   ] Safepoint "Cleanup", Time since last: 1999972798 ns, Reaching safepoint: 363033441 ns, At safepoint: 132931 ns, Total: 363166372 ns
[2022-02-19T16:26:32.574+0000][6660][safepoint   ] Safepoint "Cleanup", Time since last: 3057948416 ns, Reaching safepoint: 70315 ns, At safepoint: 4106 ns, Total: 74421 ns
[2022-02-19T16:26:34.578+0000][6660][safepoint   ] Safepoint "Cleanup", Time since last: 2000172450 ns, Reaching safepoint: 699553 ns, At safepoint: 3098459 ns, Total: 3798012 ns
[2022-02-19T16:26:35.726+0000][6660][safepoint   ] Safepoint "Cleanup", Time since last: 1000083658 ns, Reaching safepoint: 148045975 ns, At safepoint: 22583 ns, Total: 148068558 ns
[2022-02-19T16:26:38.060+0000][6660][safepoint   ] Safepoint "Cleanup", Time since last: 2000028228 ns, Reaching safepoint: 334283521 ns, At safepoint: 248410 ns, Total: 334531931 ns
[2022-02-19T16:26:40.060+0000][6660][safepoint   ] Safepoint "Cleanup", Time since last: 1999577086 ns, Reaching safepoint: 92898 ns, At safepoint: 7698 ns, Total: 100596 ns
[2022-02-19T16:26:42.264+0000][6660][safepoint   ] Safepoint "Cleanup", Time since last: 1999963047 ns, Reaching safepoint: 204097438 ns, At safepoint: 80580 ns, Total: 204178018 ns
[2022-02-19T16:26:50.860+0000][6660][gc,start    ] GC(29) Pause Young (Normal) (G1 Evacuation Pause)
[2022-02-19T16:26:50.860+0000][6660][gc,task     ] GC(29) Using 2 workers of 2 for evacuation
[2022-02-19T16:26:50.860+0000][6660][gc,age      ] GC(29) Desired survivor size 4194304 bytes, new threshold 2 (max threshold 15)
[2022-02-19T16:26:53.507+0000][6660][gc,age      ] GC(29) Age table with threshold 2 (max threshold 15)
[2022-02-19T16:26:53.507+0000][6660][gc,age      ] GC(29) - age   1:    5000744 bytes,    5000744 total
[2022-02-19T16:26:53.507+0000][6660][gc,age      ] GC(29) - age   2:    2683744 bytes,    7684488 total
[2022-02-19T16:26:53.507+0000][6660][gc,mmu      ] GC(29) MMU target violated: 201.0ms (200.0ms/201.0ms)
[2022-02-19T16:26:53.508+0000][6660][gc,phases   ] GC(29)   Pre Evacuate Collection Set: 0.1ms
[2022-02-19T16:26:53.508+0000][6660][gc,phases   ] GC(29)   Merge Heap Roots: 0.1ms
[2022-02-19T16:26:53.508+0000][6660][gc,phases   ] GC(29)   Evacuate Collection Set: 2343.1ms
[2022-02-19T16:26:53.508+0000][6660][gc,phases   ] GC(29)   Post Evacuate Collection Set: 303.8ms
[2022-02-19T16:26:53.508+0000][6660][gc,phases   ] GC(29)   Other: 0.7ms
[2022-02-19T16:26:53.508+0000][6660][gc,heap     ] GC(29) Eden regions: 9->0(9)
[2022-02-19T16:26:53.508+0000][6660][gc,heap     ] GC(29) Survivor regions: 2->2(2)
[2022-02-19T16:26:53.508+0000][6660][gc,heap     ] GC(29) Old regions: 5->6
[2022-02-19T16:26:53.508+0000][6660][gc,heap     ] GC(29) Archive regions: 0->0
[2022-02-19T16:26:53.508+0000][6660][gc,heap     ] GC(29) Humongous regions: 0->0
[2022-02-19T16:26:53.508+0000][6660][gc,metaspace] GC(29) Metaspace: 37635K(38784K)->37635K(38784K) NonClass: 32914K(33600K)->32914K(33600K) Class: 4721K(5184K)->4721K(5184K)
[2022-02-19T16:26:53.508+0000][6660][gc          ] GC(29) Pause Young (Normal) (G1 Evacuation Pause) 61M->30M(956M) 2648.328ms
[2022-02-19T16:26:53.508+0000][6660][gc,cpu      ] GC(29) User=0.08s Sys=0.00s Real=2.65s
[2022-02-19T16:26:53.693+0000][6660][safepoint   ] Safepoint "G1CollectForAllocation", Time since last: 8595466611 ns, Reaching safepoint: 41060 ns, At safepoint: 2833374564 ns, Total: 2833415624 ns
[2022-02-19T16:26:55.693+0000][6660][safepoint   ] Safepoint "Cleanup", Time since last: 1999565795 ns, Reaching safepoint: 136009 ns, At safepoint: 9239 ns, Total: 145248 ns
[2022-02-19T16:26:58.702+0000][6660][safepoint   ] Safepoint "Cleanup", Time since last: 3009226088 ns, Reaching safepoint: 68262 ns, At safepoint: 3079 ns, Total: 71341 ns
[2022-02-19T16:26:59.808+0000][6660][safepoint   ] Safepoint "Cleanup", Time since last: 1103645681 ns, Reaching safepoint: 421374 ns, At safepoint: 2035529 ns, Total: 2456903 ns
[2022-02-19T16:27:00.496+0000][6660][gc,start    ] GC(30) Pause Young (Normal) (G1 Evacuation Pause)
[2022-02-19T16:27:00.496+0000][6660][gc,task     ] GC(30) Using 2 workers of 2 for evacuation
[2022-02-19T16:27:00.496+0000][6660][gc,age      ] GC(30) Desired survivor size 4194304 bytes, new threshold 1 (max threshold 15)
[2022-02-19T16:27:12.488+0000][6660][gc,age      ] GC(30) Age table with threshold 1 (max threshold 15)
[2022-02-19T16:27:12.488+0000][6660][gc,age      ] GC(30) - age   1:    2287496 bytes,    2287496 total
[2022-02-19T16:27:12.488+0000][6660][gc,mmu      ] GC(30) MMU target violated: 201.0ms (200.0ms/201.0ms)
[2022-02-19T16:27:12.488+0000][6660][gc,phases   ] GC(30)   Pre Evacuate Collection Set: 0.1ms
[2022-02-19T16:27:12.488+0000][6660][gc,phases   ] GC(30)   Merge Heap Roots: 0.0ms
[2022-02-19T16:27:12.488+0000][6660][gc,phases   ] GC(30)   Evacuate Collection Set: 11979.1ms
[2022-02-19T16:27:12.488+0000][6660][gc,phases   ] GC(30)   Post Evacuate Collection Set: 1.1ms
[2022-02-19T16:27:12.488+0000][6660][gc,phases   ] GC(30)   Other: 11.5ms
[2022-02-19T16:27:12.488+0000][6660][gc,heap     ] GC(30) Eden regions: 9->0(10)
[2022-02-19T16:27:12.488+0000][6660][gc,heap     ] GC(30) Survivor regions: 2->1(2)
[2022-02-19T16:27:12.488+0000][6660][gc,heap     ] GC(30) Old regions: 6->8
[2022-02-19T16:27:12.488+0000][6660][gc,heap     ] GC(30) Archive regions: 0->0
[2022-02-19T16:27:12.488+0000][6660][gc,heap     ] GC(30) Humongous regions: 0->0
[2022-02-19T16:27:12.489+0000][6660][gc,metaspace] GC(30) Metaspace: 37805K(38976K)->37805K(38976K) NonClass: 33055K(33728K)->33055K(33728K) Class: 4750K(5248K)->4750K(5248K)
[2022-02-19T16:27:12.489+0000][6660][gc          ] GC(30) Pause Young (Normal) (G1 Evacuation Pause) 66M->32M(956M) 11992.423ms
[2022-02-19T16:27:12.489+0000][6660][gc,cpu      ] GC(30) User=0.14s Sys=0.00s Real=11.99s
[2022-02-19T16:27:12.508+0000][6660][safepoint   ] Safepoint "G1CollectForAllocation", Time since last: 687615095 ns, Reaching safepoint: 68261 ns, At safepoint: 12012240375 ns, Total: 12012308636 ns
[2022-02-19T16:27:13.494+0000][6660][gc,start    ] GC(31) Pause Young (Normal) (G1 Evacuation Pause)
[2022-02-19T16:27:13.494+0000][6660][gc,task     ] GC(31) Using 2 workers of 2 for evacuation
[2022-02-19T16:27:13.494+0000][6660][gc,age      ] GC(31) Desired survivor size 4194304 bytes, new threshold 15 (max threshold 15)
[2022-02-19T16:27:13.505+0000][6660][gc,age      ] GC(31) Age table with threshold 15 (max threshold 15)
[2022-02-19T16:27:13.505+0000][6660][gc,age      ] GC(31) - age   1:    2450560 bytes,    2450560 total
[2022-02-19T16:27:13.505+0000][6660][gc,age      ] GC(31) - age   2:    1879776 bytes,    4330336 total
[2022-02-19T16:27:13.505+0000][6660][gc,phases   ] GC(31)   Pre Evacuate Collection Set: 0.1ms
[2022-02-19T16:27:13.505+0000][6660][gc,phases   ] GC(31)   Merge Heap Roots: 0.0ms
[2022-02-19T16:27:13.505+0000][6660][gc,phases   ] GC(31)   Evacuate Collection Set: 10.3ms
[2022-02-19T16:27:13.505+0000][6660][gc,phases   ] GC(31)   Post Evacuate Collection Set: 0.5ms
[2022-02-19T16:27:13.505+0000][6660][gc,phases   ] GC(31)   Other: 0.4ms
[2022-02-19T16:27:13.505+0000][6660][gc,heap     ] GC(31) Eden regions: 10->0(9)
[2022-02-19T16:27:13.505+0000][6660][gc,heap     ] GC(31) Survivor regions: 1->2(2)
[2022-02-19T16:27:13.505+0000][6660][gc,heap     ] GC(31) Old regions: 8->8
[2022-02-19T16:27:13.505+0000][6660][gc,heap     ] GC(31) Archive regions: 0->0
[2022-02-19T16:27:13.505+0000][6660][gc,heap     ] GC(31) Humongous regions: 0->0
[2022-02-19T16:27:13.505+0000][6660][gc,metaspace] GC(31) Metaspace: 37837K(39104K)->37837K(39104K) NonClass: 33086K(33856K)->33086K(33856K) Class: 4750K(5248K)->4750K(5248K)
[2022-02-19T16:27:13.505+0000][6660][gc          ] GC(31) Pause Young (Normal) (G1 Evacuation Pause) 72M->34M(956M) 11.617ms
[2022-02-19T16:27:13.505+0000][6660][gc,cpu      ] GC(31) User=0.03s Sys=0.00s Real=0.01s
[2022-02-19T16:27:13.508+0000][6660][safepoint   ] Safepoint "G1CollectForAllocation", Time since last: 985082027 ns, Reaching safepoint: 93411 ns, At safepoint: 13925358 ns, Total: 14018769 ns
[2022-02-19T16:27:16.471+0000][6660][gc,start    ] GC(32) Pause Young (Normal) (G1 Evacuation Pause)
[2022-02-19T16:27:16.472+0000][6660][gc,task     ] GC(32) Using 2 workers of 2 for evacuation
[2022-02-19T16:27:16.472+0000][6660][gc,age      ] GC(32) Desired survivor size 4194304 bytes, new threshold 2 (max threshold 15)
[2022-02-19T16:27:17.240+0000][6660][gc,age      ] GC(32) Age table with threshold 2 (max threshold 15)
[2022-02-19T16:27:17.240+0000][6660][gc,age      ] GC(32) - age   1:    3015968 bytes,    3015968 total
[2022-02-19T16:27:17.240+0000][6660][gc,age      ] GC(32) - age   2:    2043592 bytes,    5059560 total
[2022-02-19T16:27:17.240+0000][6660][gc,mmu      ] GC(32) MMU target violated: 201.0ms (200.0ms/201.0ms)
[2022-02-19T16:27:17.240+0000][6660][gc,phases   ] GC(32)   Pre Evacuate Collection Set: 0.0ms
[2022-02-19T16:27:17.240+0000][6660][gc,phases   ] GC(32)   Merge Heap Roots: 0.0ms
[2022-02-19T16:27:17.240+0000][6660][gc,phases   ] GC(32)   Evacuate Collection Set: 703.3ms
[2022-02-19T16:27:17.240+0000][6660][gc,phases   ] GC(32)   Post Evacuate Collection Set: 0.5ms
[2022-02-19T16:27:17.240+0000][6660][gc,phases   ] GC(32)   Other: 65.0ms
[2022-02-19T16:27:17.240+0000][6660][gc,heap     ] GC(32) Eden regions: 9->0(9)
[2022-02-19T16:27:17.240+0000][6660][gc,heap     ] GC(32) Survivor regions: 2->2(2)
[2022-02-19T16:27:17.241+0000][6660][gc,heap     ] GC(32) Old regions: 8->8
[2022-02-19T16:27:17.241+0000][6660][gc,heap     ] GC(32) Archive regions: 0->0
[2022-02-19T16:27:17.241+0000][6660][gc,heap     ] GC(32) Humongous regions: 0->0
[2022-02-19T16:27:17.241+0000][6660][gc,metaspace] GC(32) Metaspace: 37885K(39104K)->37885K(39104K) NonClass: 33127K(33856K)->33127K(33856K) Class: 4758K(5248K)->4758K(5248K)
[2022-02-19T16:27:17.241+0000][6660][gc          ] GC(32) Pause Young (Normal) (G1 Evacuation Pause) 70M->36M(956M) 769.277ms
[2022-02-19T16:27:17.241+0000][6660][gc,cpu      ] GC(32) User=0.05s Sys=0.00s Real=0.77s
[2022-02-19T16:27:17.276+0000][6660][safepoint   ] Safepoint "G1CollectForAllocation", Time since last: 2963972268 ns, Reaching safepoint: 59023 ns, At safepoint: 804655438 ns, Total: 804714461 ns
[2022-02-19T16:27:18.327+0000][6660][gc,start    ] GC(33) Pause Young (Normal) (G1 Evacuation Pause)
[2022-02-19T16:27:18.327+0000][6660][gc,task     ] GC(33) Using 2 workers of 2 for evacuation
[2022-02-19T16:27:18.327+0000][6660][gc,age      ] GC(33) Desired survivor size 4194304 bytes, new threshold 2 (max threshold 15)
[2022-02-19T16:27:19.903+0000][6660][gc,age      ] GC(33) Age table with threshold 2 (max threshold 15)
[2022-02-19T16:27:19.904+0000][6660][gc,age      ] GC(33) - age   1:    2225544 bytes,    2225544 total
[2022-02-19T16:27:19.904+0000][6660][gc,age      ] GC(33) - age   2:    2640488 bytes,    4866032 total
[2022-02-19T16:27:19.904+0000][6660][gc,mmu      ] GC(33) MMU target violated: 201.0ms (200.0ms/201.0ms)
[2022-02-19T16:27:19.904+0000][6660][gc,phases   ] GC(33)   Pre Evacuate Collection Set: 0.1ms
[2022-02-19T16:27:19.904+0000][6660][gc,phases   ] GC(33)   Merge Heap Roots: 0.0ms
[2022-02-19T16:27:19.904+0000][6660][gc,phases   ] GC(33)   Evacuate Collection Set: 1551.7ms
[2022-02-19T16:27:19.904+0000][6660][gc,phases   ] GC(33)   Post Evacuate Collection Set: 0.9ms
[2022-02-19T16:27:19.904+0000][6660][gc,phases   ] GC(33)   Other: 23.5ms
[2022-02-19T16:27:19.904+0000][6660][gc,heap     ] GC(33) Eden regions: 9->0(9)
[2022-02-19T16:27:19.904+0000][6660][gc,heap     ] GC(33) Survivor regions: 2->2(2)
[2022-02-19T16:27:19.904+0000][6660][gc,heap     ] GC(33) Old regions: 8->9
[2022-02-19T16:27:19.904+0000][6660][gc,heap     ] GC(33) Archive regions: 0->0
[2022-02-19T16:27:19.904+0000][6660][gc,heap     ] GC(33) Humongous regions: 0->0
[2022-02-19T16:27:19.904+0000][6660][gc,metaspace] GC(33) Metaspace: 37893K(39104K)->37893K(39104K) NonClass: 33133K(33856K)->33133K(33856K) Class: 4760K(5248K)->4760K(5248K)
[2022-02-19T16:27:19.905+0000][6660][gc          ] GC(33) Pause Young (Normal) (G1 Evacuation Pause) 72M->38M(956M) 1576.800ms
[2022-02-19T16:27:19.905+0000][6660][gc,cpu      ] GC(33) User=0.08s Sys=0.00s Real=1.58s
[2022-02-19T16:27:19.938+0000][6660][safepoint   ] Safepoint "G1CollectForAllocation", Time since last: 1050441186 ns, Reaching safepoint: 249436 ns, At safepoint: 1610138741 ns, Total: 1610388177 ns
[2022-02-19T16:27:21.938+0000][6660][safepoint   ] Safepoint "Cleanup", Time since last: 1999872715 ns, Reaching safepoint: 48245 ns, At safepoint: 3080 ns, Total: 51325 ns
[2022-02-19T16:27:23.938+0000][6660][safepoint   ] Safepoint "Cleanup", Time since last: 2000003592 ns, Reaching safepoint: 48245 ns, At safepoint: 3593 ns, Total: 51838 ns
[2022-02-19T16:27:25.938+0000][6660][safepoint   ] Safepoint "Cleanup", Time since last: 2000140629 ns, Reaching safepoint: 134983 ns, At safepoint: 8726 ns, Total: 143709 ns
[2022-02-19T16:27:27.938+0000][6660][safepoint   ] Safepoint "Cleanup", Time since last: 1999887086 ns, Reaching safepoint: 73394 ns, At safepoint: 8212 ns, Total: 81606 ns
[2022-02-19T16:27:32.938+0000][6660][safepoint   ] Safepoint "Cleanup", Time since last: 5000059023 ns, Reaching safepoint: 61076 ns, At safepoint: 5132 ns, Total: 66208 ns
[2022-02-19T16:27:37.939+0000][6660][safepoint   ] Safepoint "Cleanup", Time since last: 5000200166 ns, Reaching safepoint: 79040 ns, At safepoint: 7698 ns, Total: 86738 ns
[2022-02-19T16:27:41.436+0000][6660][gc,start    ] GC(34) Pause Young (Normal) (G1 Evacuation Pause)
[2022-02-19T16:27:41.436+0000][6660][gc,task     ] GC(34) Using 2 workers of 2 for evacuation
[2022-02-19T16:27:41.436+0000][6660][gc,age      ] GC(34) Desired survivor size 4194304 bytes, new threshold 2 (max threshold 15)
[2022-02-19T16:27:42.393+0000][6660][gc,age      ] GC(34) Age table with threshold 2 (max threshold 15)
[2022-02-19T16:27:42.393+0000][6660][gc,age      ] GC(34) - age   1:    1905592 bytes,    1905592 total
[2022-02-19T16:27:42.393+0000][6660][gc,age      ] GC(34) - age   2:    2001720 bytes,    3907312 total
[2022-02-19T16:27:42.393+0000][6660][gc,mmu      ] GC(34) MMU target violated: 201.0ms (200.0ms/201.0ms)
[2022-02-19T16:27:42.393+0000][6660][gc,phases   ] GC(34)   Pre Evacuate Collection Set: 0.1ms
[2022-02-19T16:27:42.393+0000][6660][gc,phases   ] GC(34)   Merge Heap Roots: 0.1ms
[2022-02-19T16:27:42.393+0000][6660][gc,phases   ] GC(34)   Evacuate Collection Set: 932.6ms
[2022-02-19T16:27:42.393+0000][6660][gc,phases   ] GC(34)   Post Evacuate Collection Set: 1.2ms
[2022-02-19T16:27:42.393+0000][6660][gc,phases   ] GC(34)   Other: 23.0ms
[2022-02-19T16:27:42.393+0000][6660][gc,heap     ] GC(34) Eden regions: 9->0(9)
[2022-02-19T16:27:42.393+0000][6660][gc,heap     ] GC(34) Survivor regions: 2->2(2)
[2022-02-19T16:27:42.393+0000][6660][gc,heap     ] GC(34) Old regions: 9->10
[2022-02-19T16:27:42.393+0000][6660][gc,heap     ] GC(34) Archive regions: 0->0
[2022-02-19T16:27:42.393+0000][6660][gc,heap     ] GC(34) Humongous regions: 0->0
[2022-02-19T16:27:42.393+0000][6660][gc,metaspace] GC(34) Metaspace: 38691K(39872K)->38691K(39872K) NonClass: 33840K(34560K)->33840K(34560K) Class: 4850K(5312K)->4850K(5312K)
[2022-02-19T16:27:42.393+0000][6660][gc          ] GC(34) Pause Young (Normal) (G1 Evacuation Pause) 74M->40M(956M) 957.231ms
[2022-02-19T16:27:42.393+0000][6660][gc,cpu      ] GC(34) User=0.08s Sys=0.03s Real=0.96s
[2022-02-19T16:27:42.394+0000][6660][safepoint   ] Safepoint "G1CollectForAllocation", Time since last: 3497564654 ns, Reaching safepoint: 76986 ns, At safepoint: 957449441 ns, Total: 957526427 ns
[2022-02-19T16:27:44.394+0000][6660][safepoint   ] Safepoint "Cleanup", Time since last: 2000051837 ns, Reaching safepoint: 114967 ns, At safepoint: 9239 ns, Total: 124206 ns
[2022-02-19T16:27:48.409+0000][6660][safepoint   ] Safepoint "Cleanup", Time since last: 4000112400 ns, Reaching safepoint: 2664767 ns, At safepoint: 12564233 ns, Total: 15229000 ns
[2022-02-19T16:27:50.409+0000][6660][safepoint   ] Safepoint "Cleanup", Time since last: 1999809586 ns, Reaching safepoint: 63642 ns, At safepoint: 4620 ns, Total: 68262 ns
[2022-02-19T16:27:54.435+0000][6660][safepoint   ] Safepoint "Cleanup", Time since last: 4025579607 ns, Reaching safepoint: 62103 ns, At safepoint: 4619 ns, Total: 66722 ns
[2022-02-19T16:28:06.594+0000][6660][safepoint   ] Safepoint "Cleanup", Time since last: 12158991433 ns, Reaching safepoint: 57996 ns, At safepoint: 4106 ns, Total: 62102 ns
[2022-02-19T16:28:09.636+0000][6660][safepoint   ] Safepoint "Cleanup", Time since last: 3041879236 ns, Reaching safepoint: 66722 ns, At safepoint: 4106 ns, Total: 70828 ns
[2022-02-19T16:28:18.498+0000][6660][safepoint   ] Safepoint "Cleanup", Time since last: 8861378226 ns, Reaching safepoint: 62616 ns, At safepoint: 3079 ns, Total: 65695 ns
[2022-02-19T16:28:19.504+0000][6660][safepoint   ] Safepoint "Cleanup", Time since last: 1006330362 ns, Reaching safepoint: 92384 ns, At safepoint: 4619 ns, Total: 97003 ns
[2022-02-19T16:28:21.520+0000][6660][safepoint   ] Safepoint "Cleanup", Time since last: 2015330109 ns, Reaching safepoint: 62616 ns, At safepoint: 5132 ns, Total: 67748 ns
[2022-02-19T16:28:22.534+0000][6660][safepoint   ] Safepoint "Cleanup", Time since last: 1014249729 ns, Reaching safepoint: 89304 ns, At safepoint: 9239 ns, Total: 98543 ns
[2022-02-19T16:28:40.774+0000][6660][safepoint   ] Safepoint "Cleanup", Time since last: 18239067885 ns, Reaching safepoint: 48759 ns, At safepoint: 4619 ns, Total: 53378 ns
[2022-02-19T16:28:42.802+0000][6660][safepoint   ] Safepoint "Cleanup", Time since last: 2027883050 ns, Reaching safepoint: 85199 ns, At safepoint: 4106 ns, Total: 89305 ns
[2022-02-19T16:28:43.816+0000][6660][safepoint   ] Safepoint "Cleanup", Time since last: 1013908420 ns, Reaching safepoint: 41060 ns, At safepoint: 3593 ns, Total: 44653 ns
[2022-02-19T16:28:46.858+0000][6660][safepoint   ] Safepoint "Cleanup", Time since last: 3041909517 ns, Reaching safepoint: 67235 ns, At safepoint: 7698 ns, Total: 74933 ns
[2022-02-19T16:28:47.872+0000][6660][safepoint   ] Safepoint "Cleanup", Time since last: 1013912014 ns, Reaching safepoint: 46192 ns, At safepoint: 4619 ns, Total: 50811 ns
[2022-02-19T16:28:49.697+0000][6660][gc,start    ] GC(35) Pause Young (Normal) (G1 Evacuation Pause)
[2022-02-19T16:28:49.697+0000][6660][gc,task     ] GC(35) Using 2 workers of 2 for evacuation
[2022-02-19T16:28:49.697+0000][6660][gc,age      ] GC(35) Desired survivor size 4194304 bytes, new threshold 15 (max threshold 15)
[2022-02-19T16:28:49.712+0000][6660][gc,age      ] GC(35) Age table with threshold 15 (max threshold 15)
[2022-02-19T16:28:49.712+0000][6660][gc,age      ] GC(35) - age   1:    2516184 bytes,    2516184 total
[2022-02-19T16:28:49.712+0000][6660][gc,age      ] GC(35) - age   2:    1899016 bytes,    4415200 total
[2022-02-19T16:28:49.712+0000][6660][gc,age      ] GC(35) - age   3:    2001720 bytes,    6416920 total
[2022-02-19T16:28:49.712+0000][6660][gc,phases   ] GC(35)   Pre Evacuate Collection Set: 0.1ms
[2022-02-19T16:28:49.712+0000][6660][gc,phases   ] GC(35)   Merge Heap Roots: 0.1ms
[2022-02-19T16:28:49.712+0000][6660][gc,phases   ] GC(35)   Evacuate Collection Set: 15.1ms
[2022-02-19T16:28:49.712+0000][6660][gc,phases   ] GC(35)   Post Evacuate Collection Set: 1.0ms
[2022-02-19T16:28:49.712+0000][6660][gc,phases   ] GC(35)   Other: 0.5ms
[2022-02-19T16:28:49.712+0000][6660][gc,heap     ] GC(35) Eden regions: 9->0(9)
[2022-02-19T16:28:49.712+0000][6660][gc,heap     ] GC(35) Survivor regions: 2->2(2)
[2022-02-19T16:28:49.712+0000][6660][gc,heap     ] GC(35) Old regions: 10->10
[2022-02-19T16:28:49.712+0000][6660][gc,heap     ] GC(35) Archive regions: 0->0
[2022-02-19T16:28:49.712+0000][6660][gc,heap     ] GC(35) Humongous regions: 0->0
[2022-02-19T16:28:49.712+0000][6660][gc,metaspace] GC(35) Metaspace: 43595K(44800K)->43595K(44800K) NonClass: 38017K(38720K)->38017K(38720K) Class: 5577K(6080K)->5577K(6080K)
[2022-02-19T16:28:49.712+0000][6660][gc          ] GC(35) Pause Young (Normal) (G1 Evacuation Pause) 76M->43M(956M) 17.034ms
[2022-02-19T16:28:49.712+0000][6660][gc,cpu      ] GC(35) User=0.03s Sys=0.00s Real=0.01s
[2022-02-19T16:28:49.712+0000][6660][safepoint   ] Safepoint "G1CollectForAllocation", Time since last: 1824760777 ns, Reaching safepoint: 600496 ns, At safepoint: 17517558 ns, Total: 18118054 ns
[2022-02-19T16:28:49.775+0000][6660][gc,start    ] GC(36) Pause Young (Normal) (G1 Evacuation Pause)
[2022-02-19T16:28:49.775+0000][6660][gc,task     ] GC(36) Using 2 workers of 2 for evacuation
[2022-02-19T16:28:49.775+0000][6660][gc,age      ] GC(36) Desired survivor size 4194304 bytes, new threshold 2 (max threshold 15)
[2022-02-19T16:28:52.739+0000][6660][gc,age      ] GC(36) Age table with threshold 2 (max threshold 15)
[2022-02-19T16:28:52.739+0000][6660][gc,age      ] GC(36) - age   1:      32800 bytes,      32800 total
[2022-02-19T16:28:52.739+0000][6660][gc,age      ] GC(36) - age   2:    2483272 bytes,    2516072 total
[2022-02-19T16:28:52.739+0000][6660][gc,mmu      ] GC(36) MMU target violated: 201.0ms (200.0ms/201.0ms)
[2022-02-19T16:28:52.739+0000][6660][gc,phases   ] GC(36)   Pre Evacuate Collection Set: 0.1ms
[2022-02-19T16:28:52.739+0000][6660][gc,phases   ] GC(36)   Merge Heap Roots: 0.0ms
[2022-02-19T16:28:52.739+0000][6660][gc,phases   ] GC(36)   Evacuate Collection Set: 2954.1ms
[2022-02-19T16:28:52.739+0000][6660][gc,phases   ] GC(36)   Post Evacuate Collection Set: 0.9ms
[2022-02-19T16:28:52.739+0000][6660][gc,phases   ] GC(36)   Other: 0.7ms
[2022-02-19T16:28:52.739+0000][6660][gc,heap     ] GC(36) Eden regions: 9->0(10)
[2022-02-19T16:28:52.739+0000][6660][gc,heap     ] GC(36) Survivor regions: 2->1(2)
[2022-02-19T16:28:52.739+0000][6660][gc,heap     ] GC(36) Old regions: 10->11
[2022-02-19T16:28:52.739+0000][6660][gc,heap     ] GC(36) Archive regions: 0->0
[2022-02-19T16:28:52.739+0000][6660][gc,heap     ] GC(36) Humongous regions: 0->0
[2022-02-19T16:28:52.739+0000][6660][gc,metaspace] GC(36) Metaspace: 43595K(44800K)->43595K(44800K) NonClass: 38017K(38720K)->38017K(38720K) Class: 5577K(6080K)->5577K(6080K)
[2022-02-19T16:28:52.739+0000][6660][gc          ] GC(36) Pause Young (Normal) (G1 Evacuation Pause) 79M->43M(956M) 2956.461ms
[2022-02-19T16:28:52.739+0000][6660][gc,cpu      ] GC(36) User=0.06s Sys=0.02s Real=2.96s
[2022-02-19T16:28:52.786+0000][6660][safepoint   ] Safepoint "G1CollectForAllocation", Time since last: 70688692 ns, Reaching safepoint: 43113 ns, At safepoint: 3000259189 ns, Total: 3000302302 ns
[2022-02-19T16:28:53.801+0000][6660][safepoint   ] Safepoint "Cleanup", Time since last: 1014990340 ns, Reaching safepoint: 65182 ns, At safepoint: 5133 ns, Total: 70315 ns
[2022-02-19T16:28:54.816+0000][6660][safepoint   ] Safepoint "Cleanup", Time since last: 1014854331 ns, Reaching safepoint: 276125 ns, At safepoint: 24636 ns, Total: 300761 ns
[2022-02-19T16:28:55.831+0000][6660][safepoint   ] Safepoint "Cleanup", Time since last: 1014764000 ns, Reaching safepoint: 65182 ns, At safepoint: 5133 ns, Total: 70315 ns
[2022-02-19T16:28:56.846+0000][6660][safepoint   ] Safepoint "Cleanup", Time since last: 1014876400 ns, Reaching safepoint: 67235 ns, At safepoint: 4619 ns, Total: 71854 ns
[2022-02-19T16:28:57.891+0000][6660][safepoint   ] Safepoint "Cleanup", Time since last: 1013893024 ns, Reaching safepoint: 33787931 ns, At safepoint: 10778 ns, Total: 33798709 ns
[2022-02-19T16:28:58.905+0000][6660][safepoint   ] Safepoint "Cleanup", Time since last: 1011403273 ns, Reaching safepoint: 47732 ns, At safepoint: 5132 ns, Total: 52864 ns
[2022-02-19T16:29:18.171+0000][6660][safepoint   ] Safepoint "Cleanup", Time since last: 19265634976 ns, Reaching safepoint: 56970 ns, At safepoint: 5133 ns, Total: 62103 ns
[2022-02-19T16:29:33.298+0000][6660][safepoint   ] Safepoint "Cleanup", Time since last: 15126413733 ns, Reaching safepoint: 81092 ns, At safepoint: 8212 ns, Total: 89304 ns
[2022-02-19T16:29:38.298+0000][6660][safepoint   ] Safepoint "Cleanup", Time since last: 5000100083 ns, Reaching safepoint: 66209 ns, At safepoint: 7698 ns, Total: 73907 ns
[2022-02-19T16:29:39.306+0000][6660][safepoint   ] Safepoint "Cleanup", Time since last: 1008639963 ns, Reaching safepoint: 59023 ns, At safepoint: 5133 ns, Total: 64156 ns
[2022-02-19T16:29:53.417+0000][6660][safepoint   ] Safepoint "Cleanup", Time since last: 14109856969 ns, Reaching safepoint: 70827 ns, At safepoint: 5646 ns, Total: 76473 ns
[2022-02-19T16:29:54.119+0000][6660][gc,start    ] GC(37) Pause Young (Normal) (G1 Evacuation Pause)
[2022-02-19T16:29:54.119+0000][6660][gc,task     ] GC(37) Using 2 workers of 2 for evacuation
[2022-02-19T16:29:54.119+0000][6660][gc,age      ] GC(37) Desired survivor size 4194304 bytes, new threshold 15 (max threshold 15)
[2022-02-19T16:29:54.134+0000][6660][gc,age      ] GC(37) Age table with threshold 15 (max threshold 15)
[2022-02-19T16:29:54.134+0000][6660][gc,age      ] GC(37) - age   1:    2583456 bytes,    2583456 total
[2022-02-19T16:29:54.134+0000][6660][gc,age      ] GC(37) - age   2:      32688 bytes,    2616144 total
[2022-02-19T16:29:54.134+0000][6660][gc,age      ] GC(37) - age   3:    2429512 bytes,    5045656 total
[2022-02-19T16:29:54.134+0000][6660][gc,phases   ] GC(37)   Pre Evacuate Collection Set: 0.1ms
[2022-02-19T16:29:54.134+0000][6660][gc,phases   ] GC(37)   Merge Heap Roots: 0.1ms
[2022-02-19T16:29:54.134+0000][6660][gc,phases   ] GC(37)   Evacuate Collection Set: 22.0ms
[2022-02-19T16:29:54.134+0000][6660][gc,phases   ] GC(37)   Post Evacuate Collection Set: 0.9ms
[2022-02-19T16:29:54.134+0000][6660][gc,phases   ] GC(37)   Other: 1.0ms
[2022-02-19T16:29:54.134+0000][6660][gc,heap     ] GC(37) Eden regions: 10->0(9)
[2022-02-19T16:29:54.134+0000][6660][gc,heap     ] GC(37) Survivor regions: 1->2(2)
[2022-02-19T16:29:54.134+0000][6660][gc,heap     ] GC(37) Old regions: 11->11
[2022-02-19T16:29:54.134+0000][6660][gc,heap     ] GC(37) Archive regions: 0->0
[2022-02-19T16:29:54.134+0000][6660][gc,heap     ] GC(37) Humongous regions: 0->0
[2022-02-19T16:29:54.134+0000][6660][gc,metaspace] GC(37) Metaspace: 47562K(48768K)->47562K(48768K) NonClass: 41454K(42176K)->41454K(42176K) Class: 6107K(6592K)->6107K(6592K)
[2022-02-19T16:29:54.134+0000][6660][gc          ] GC(37) Pause Young (Normal) (G1 Evacuation Pause) 83M->45M(956M) 24.916ms
[2022-02-19T16:29:54.134+0000][6660][gc,cpu      ] GC(37) User=0.03s Sys=0.00s Real=0.02s
[2022-02-19T16:29:54.134+0000][6660][safepoint   ] Safepoint "G1CollectForAllocation", Time since last: 702423234 ns, Reaching safepoint: 39007 ns, At safepoint: 27982619 ns, Total: 28021626 ns
[2022-02-19T16:29:57.176+0000][6660][safepoint   ] Safepoint "Cleanup", Time since last: 3029022454 ns, Reaching safepoint: 76473 ns, At safepoint: 5646 ns, Total: 82119 ns
[2022-02-19T16:30:01.232+0000][6660][safepoint   ] Safepoint "Cleanup", Time since last: 4055852838 ns, Reaching safepoint: 66722 ns, At safepoint: 4619 ns, Total: 71341 ns
[2022-02-19T16:30:04.274+0000][6660][safepoint   ] Safepoint "Cleanup", Time since last: 3041895146 ns, Reaching safepoint: 70315 ns, At safepoint: 5132 ns, Total: 75447 ns
[2022-02-19T16:30:13.400+0000][6660][safepoint   ] Safepoint "Cleanup", Time since last: 9125890737 ns, Reaching safepoint: 68774 ns, At safepoint: 4620 ns, Total: 73394 ns
[2022-02-19T16:30:21.512+0000][6660][safepoint   ] Safepoint "Cleanup", Time since last: 8111681554 ns, Reaching safepoint: 64155 ns, At safepoint: 4620 ns, Total: 68775 ns
[2022-02-19T16:30:24.554+0000][6660][safepoint   ] Safepoint "Cleanup", Time since last: 3041862298 ns, Reaching safepoint: 85712 ns, At safepoint: 9238 ns, Total: 94950 ns
[2022-02-19T16:30:25.568+0000][6660][safepoint   ] Safepoint "Cleanup", Time since last: 1013891484 ns, Reaching safepoint: 52351 ns, At safepoint: 5646 ns, Total: 57997 ns
[2022-02-19T16:30:28.610+0000][6660][safepoint   ] Safepoint "Cleanup", Time since last: 3042033209 ns, Reaching safepoint: 526589 ns, At safepoint: 6672 ns, Total: 533261 ns
[2022-02-19T16:30:29.624+0000][6660][safepoint   ] Safepoint "Cleanup", Time since last: 1013390044 ns, Reaching safepoint: 52350 ns, At safepoint: 4620 ns, Total: 56970 ns
[2022-02-19T16:30:32.666+0000][6660][safepoint   ] Safepoint "Cleanup", Time since last: 3041847414 ns, Reaching safepoint: 49785 ns, At safepoint: 4106 ns, Total: 53891 ns
[2022-02-19T16:30:34.710+0000][6660][safepoint   ] Safepoint "Cleanup", Time since last: 2027874838 ns, Reaching safepoint: 15649347 ns, At safepoint: 123179 ns, Total: 15772526 ns
[2022-02-19T16:30:36.730+0000][6660][safepoint   ] Safepoint "Cleanup", Time since last: 2020017573 ns, Reaching safepoint: 54404 ns, At safepoint: 4619 ns, Total: 59023 ns
[2022-02-19T16:30:40.773+0000][6660][safepoint   ] Safepoint "Cleanup", Time since last: 4042362199 ns, Reaching safepoint: 52351 ns, At safepoint: 4619 ns, Total: 56970 ns
[2022-02-19T16:30:43.815+0000][6660][safepoint   ] Safepoint "Cleanup", Time since last: 3041880776 ns, Reaching safepoint: 136523 ns, At safepoint: 7185 ns, Total: 143708 ns
[2022-02-19T16:30:44.815+0000][6660][safepoint   ] Safepoint "Cleanup", Time since last: 1000152434 ns, Reaching safepoint: 52351 ns, At safepoint: 3079 ns, Total: 55430 ns
[2022-02-19T16:30:45.782+0000][6660][gc,start    ] GC(38) Pause Young (Normal) (G1 Evacuation Pause)
[2022-02-19T16:30:45.782+0000][6660][gc,task     ] GC(38) Using 2 workers of 2 for evacuation
[2022-02-19T16:30:45.782+0000][6660][gc,age      ] GC(38) Desired survivor size 4194304 bytes, new threshold 3 (max threshold 15)
[2022-02-19T16:30:46.703+0000][6660][gc,age      ] GC(38) Age table with threshold 3 (max threshold 15)
[2022-02-19T16:30:46.703+0000][6660][gc,age      ] GC(38) - age   1:    2491544 bytes,    2491544 total
[2022-02-19T16:30:46.703+0000][6660][gc,age      ] GC(38) - age   2:    2539168 bytes,    5030712 total
[2022-02-19T16:30:46.703+0000][6660][gc,age      ] GC(38) - age   3:      32688 bytes,    5063400 total
[2022-02-19T16:30:46.703+0000][6660][gc,mmu      ] GC(38) MMU target violated: 201.0ms (200.0ms/201.0ms)
[2022-02-19T16:30:46.703+0000][6660][gc,phases   ] GC(38)   Pre Evacuate Collection Set: 0.1ms
[2022-02-19T16:30:46.703+0000][6660][gc,phases   ] GC(38)   Merge Heap Roots: 0.1ms
[2022-02-19T16:30:46.703+0000][6660][gc,phases   ] GC(38)   Evacuate Collection Set: 920.8ms
[2022-02-19T16:30:46.703+0000][6660][gc,phases   ] GC(38)   Post Evacuate Collection Set: 1.2ms
[2022-02-19T16:30:46.703+0000][6660][gc,phases   ] GC(38)   Other: 0.8ms
[2022-02-19T16:30:46.703+0000][6660][gc,heap     ] GC(38) Eden regions: 9->0(9)
[2022-02-19T16:30:46.703+0000][6660][gc,heap     ] GC(38) Survivor regions: 2->2(2)
[2022-02-19T16:30:46.703+0000][6660][gc,heap     ] GC(38) Old regions: 11->11
[2022-02-19T16:30:46.703+0000][6660][gc,heap     ] GC(38) Archive regions: 0->0
[2022-02-19T16:30:46.703+0000][6660][gc,heap     ] GC(38) Humongous regions: 0->0
[2022-02-19T16:30:46.703+0000][6660][gc,metaspace] GC(38) Metaspace: 55227K(56512K)->55227K(56512K) NonClass: 47846K(48640K)->47846K(48640K) Class: 7381K(7872K)->7381K(7872K)
[2022-02-19T16:30:46.703+0000][6660][gc          ] GC(38) Pause Young (Normal) (G1 Evacuation Pause) 81M->47M(956M) 923.599ms
[2022-02-19T16:30:46.703+0000][6660][gc,cpu      ] GC(38) User=0.09s Sys=0.00s Real=0.92s
[2022-02-19T16:30:46.703+0000][6660][safepoint   ] Safepoint "G1CollectForAllocation", Time since last: 972988953 ns, Reaching safepoint: 54404 ns, At safepoint: 923944820 ns, Total: 923999224 ns
[2022-02-19T16:30:47.718+0000][6660][safepoint   ] Safepoint "Cleanup", Time since last: 1005605660 ns, Reaching safepoint: 162698 ns, At safepoint: 6673 ns, Total: 169371 ns
[2022-02-19T16:30:48.733+0000][6660][safepoint   ] Safepoint "Cleanup", Time since last: 1014813271 ns, Reaching safepoint: 83146 ns, At safepoint: 5132 ns, Total: 88278 ns
[2022-02-19T16:30:49.778+0000][6660][safepoint   ] Safepoint "Cleanup", Time since last: 1013862229 ns, Reaching safepoint: 31225300 ns, At safepoint: 176556 ns, Total: 31401856 ns
[2022-02-19T16:30:50.792+0000][6660][safepoint   ] Safepoint "Cleanup", Time since last: 1013809878 ns, Reaching safepoint: 82632 ns, At safepoint: 5133 ns, Total: 87765 ns
[2022-02-19T16:30:51.806+0000][6660][safepoint   ] Safepoint "Cleanup", Time since last: 1013918685 ns, Reaching safepoint: 63643 ns, At safepoint: 4106 ns, Total: 67749 ns
[2022-02-19T16:30:52.617+0000][6660][gc,start    ] GC(39) Pause Young (Normal) (G1 Evacuation Pause)
[2022-02-19T16:30:52.617+0000][6660][gc,task     ] GC(39) Using 2 workers of 2 for evacuation
[2022-02-19T16:30:52.617+0000][6660][gc,age      ] GC(39) Desired survivor size 4194304 bytes, new threshold 2 (max threshold 15)
[2022-02-19T16:30:54.333+0000][6660][gc,age      ] GC(39) Age table with threshold 2 (max threshold 15)
[2022-02-19T16:30:54.333+0000][6660][gc,age      ] GC(39) - age   1:     733624 bytes,     733624 total
[2022-02-19T16:30:54.333+0000][6660][gc,age      ] GC(39) - age   2:    2265488 bytes,    2999112 total
[2022-02-19T16:30:54.333+0000][6660][gc,mmu      ] GC(39) MMU target violated: 201.0ms (200.0ms/201.0ms)
[2022-02-19T16:30:54.333+0000][6660][gc,phases   ] GC(39)   Pre Evacuate Collection Set: 0.1ms
[2022-02-19T16:30:54.333+0000][6660][gc,phases   ] GC(39)   Merge Heap Roots: 0.1ms
[2022-02-19T16:30:54.333+0000][6660][gc,phases   ] GC(39)   Evacuate Collection Set: 1651.1ms
[2022-02-19T16:30:54.333+0000][6660][gc,phases   ] GC(39)   Post Evacuate Collection Set: 1.3ms
[2022-02-19T16:30:54.333+0000][6660][gc,phases   ] GC(39)   Other: 57.6ms
[2022-02-19T16:30:54.333+0000][6660][gc,heap     ] GC(39) Eden regions: 9->0(10)
[2022-02-19T16:30:54.333+0000][6660][gc,heap     ] GC(39) Survivor regions: 2->1(2)
[2022-02-19T16:30:54.333+0000][6660][gc,heap     ] GC(39) Old regions: 11->12
[2022-02-19T16:30:54.333+0000][6660][gc,heap     ] GC(39) Archive regions: 0->0
[2022-02-19T16:30:54.333+0000][6660][gc,heap     ] GC(39) Humongous regions: 0->0
[2022-02-19T16:30:54.333+0000][6660][gc,metaspace] GC(39) Metaspace: 57012K(58368K)->57012K(58368K) NonClass: 49370K(50176K)->49370K(50176K) Class: 7642K(8192K)->7642K(8192K)
[2022-02-19T16:30:54.333+0000][6660][gc          ] GC(39) Pause Young (Normal) (G1 Evacuation Pause) 83M->48M(956M) 1710.774ms
[2022-02-19T16:30:54.333+0000][6660][gc,cpu      ] GC(39) User=0.25s Sys=0.03s Real=1.72s
[2022-02-19T16:30:54.349+0000][6660][safepoint   ] Safepoint "G1CollectForAllocation", Time since last: 820292980 ns, Reaching safepoint: 55944 ns, At safepoint: 1723988754 ns, Total: 1724044698 ns
[2022-02-19T16:30:54.801+0000][6660][gc,start    ] GC(40) Pause Young (Normal) (G1 Evacuation Pause)
[2022-02-19T16:30:54.801+0000][6660][gc,task     ] GC(40) Using 2 workers of 2 for evacuation
[2022-02-19T16:30:54.801+0000][6660][gc,age      ] GC(40) Desired survivor size 4194304 bytes, new threshold 15 (max threshold 15)
[2022-02-19T16:30:54.817+0000][6660][gc,age      ] GC(40) Age table with threshold 15 (max threshold 15)
[2022-02-19T16:30:54.817+0000][6660][gc,age      ] GC(40) - age   1:       4936 bytes,       4936 total
[2022-02-19T16:30:54.817+0000][6660][gc,age      ] GC(40) - age   2:     711560 bytes,     716496 total
[2022-02-19T16:30:54.817+0000][6660][gc,age      ] GC(40) - age   3:    2265488 bytes,    2981984 total
[2022-02-19T16:30:54.817+0000][6660][gc,phases   ] GC(40)   Pre Evacuate Collection Set: 0.0ms
[2022-02-19T16:30:54.817+0000][6660][gc,phases   ] GC(40)   Merge Heap Roots: 0.0ms
[2022-02-19T16:30:54.817+0000][6660][gc,phases   ] GC(40)   Evacuate Collection Set: 8.2ms
[2022-02-19T16:30:54.817+0000][6660][gc,phases   ] GC(40)   Post Evacuate Collection Set: 0.7ms
[2022-02-19T16:30:54.817+0000][6660][gc,phases   ] GC(40)   Other: 0.5ms
[2022-02-19T16:30:54.817+0000][6660][gc,heap     ] GC(40) Eden regions: 10->0(10)
[2022-02-19T16:30:54.817+0000][6660][gc,heap     ] GC(40) Survivor regions: 1->1(2)
[2022-02-19T16:30:54.817+0000][6660][gc,heap     ] GC(40) Old regions: 12->12
[2022-02-19T16:30:54.817+0000][6660][gc,heap     ] GC(40) Archive regions: 0->0
[2022-02-19T16:30:54.817+0000][6660][gc,heap     ] GC(40) Humongous regions: 0->0
[2022-02-19T16:30:54.817+0000][6660][gc,metaspace] GC(40) Metaspace: 57022K(58368K)->57022K(58368K) NonClass: 49380K(50176K)->49380K(50176K) Class: 7642K(8192K)->7642K(8192K)
[2022-02-19T16:30:54.817+0000][6660][gc          ] GC(40) Pause Young (Normal) (G1 Evacuation Pause) 88M->48M(956M) 9.749ms
[2022-02-19T16:30:54.817+0000][6660][gc,cpu      ] GC(40) User=0.03s Sys=0.00s Real=0.02s
[2022-02-19T16:30:54.817+0000][6660][safepoint   ] Safepoint "G1CollectForAllocation", Time since last: 460047485 ns, Reaching safepoint: 56457 ns, At safepoint: 11033223 ns, Total: 11089680 ns
[2022-02-19T16:30:55.160+0000][6660][gc,start    ] GC(41) Pause Young (Normal) (G1 Evacuation Pause)
[2022-02-19T16:30:55.160+0000][6660][gc,task     ] GC(41) Using 2 workers of 2 for evacuation
[2022-02-19T16:30:55.160+0000][6660][gc,age      ] GC(41) Desired survivor size 4194304 bytes, new threshold 15 (max threshold 15)
[2022-02-19T16:30:55.160+0000][6660][gc,age      ] GC(41) Age table with threshold 15 (max threshold 15)
[2022-02-19T16:30:55.160+0000][6660][gc,age      ] GC(41) - age   1:       3808 bytes,       3808 total
[2022-02-19T16:30:55.160+0000][6660][gc,age      ] GC(41) - age   2:       2312 bytes,       6120 total
[2022-02-19T16:30:55.160+0000][6660][gc,age      ] GC(41) - age   3:     711560 bytes,     717680 total
[2022-02-19T16:30:55.160+0000][6660][gc,age      ] GC(41) - age   4:    2265488 bytes,    2983168 total
[2022-02-19T16:30:55.160+0000][6660][gc,phases   ] GC(41)   Pre Evacuate Collection Set: 0.0ms
[2022-02-19T16:30:55.160+0000][6660][gc,phases   ] GC(41)   Merge Heap Roots: 0.0ms
[2022-02-19T16:30:55.160+0000][6660][gc,phases   ] GC(41)   Evacuate Collection Set: 7.7ms
[2022-02-19T16:30:55.160+0000][6660][gc,phases   ] GC(41)   Post Evacuate Collection Set: 0.7ms
[2022-02-19T16:30:55.160+0000][6660][gc,phases   ] GC(41)   Other: 0.5ms
[2022-02-19T16:30:55.160+0000][6660][gc,heap     ] GC(41) Eden regions: 10->0(10)
[2022-02-19T16:30:55.160+0000][6660][gc,heap     ] GC(41) Survivor regions: 1->1(2)
[2022-02-19T16:30:55.160+0000][6660][gc,heap     ] GC(41) Old regions: 12->12
[2022-02-19T16:30:55.160+0000][6660][gc,heap     ] GC(41) Archive regions: 0->0
[2022-02-19T16:30:55.160+0000][6660][gc,heap     ] GC(41) Humongous regions: 0->0
[2022-02-19T16:30:55.160+0000][6660][gc,metaspace] GC(41) Metaspace: 57027K(58368K)->57027K(58368K) NonClass: 49385K(50176K)->49385K(50176K) Class: 7642K(8192K)->7642K(8192K)
[2022-02-19T16:30:55.160+0000][6660][gc          ] GC(41) Pause Young (Normal) (G1 Evacuation Pause) 88M->48M(956M) 9.312ms
[2022-02-19T16:30:55.160+0000][6660][gc,cpu      ] GC(41) User=0.00s Sys=0.00s Real=0.00s
[2022-02-19T16:30:55.175+0000][6660][safepoint   ] Safepoint "G1CollectForAllocation", Time since last: 343836033 ns, Reaching safepoint: 28742 ns, At safepoint: 10912097 ns, Total: 10940839 ns
[2022-02-19T16:30:55.550+0000][6660][gc,start    ] GC(42) Pause Young (Normal) (G1 Evacuation Pause)
[2022-02-19T16:30:55.550+0000][6660][gc,task     ] GC(42) Using 2 workers of 2 for evacuation
[2022-02-19T16:30:55.550+0000][6660][gc,age      ] GC(42) Desired survivor size 4194304 bytes, new threshold 15 (max threshold 15)
[2022-02-19T16:30:55.581+0000][6660][gc,age      ] GC(42) Age table with threshold 15 (max threshold 15)
[2022-02-19T16:30:55.581+0000][6660][gc,age      ] GC(42) - age   1:      29760 bytes,      29760 total
[2022-02-19T16:30:55.581+0000][6660][gc,age      ] GC(42) - age   2:        440 bytes,      30200 total
[2022-02-19T16:30:55.581+0000][6660][gc,age      ] GC(42) - age   3:       2312 bytes,      32512 total
[2022-02-19T16:30:55.581+0000][6660][gc,age      ] GC(42) - age   4:     711560 bytes,     744072 total
[2022-02-19T16:30:55.581+0000][6660][gc,age      ] GC(42) - age   5:    2265488 bytes,    3009560 total
[2022-02-19T16:30:55.581+0000][6660][gc,phases   ] GC(42)   Pre Evacuate Collection Set: 0.1ms
[2022-02-19T16:30:55.581+0000][6660][gc,phases   ] GC(42)   Merge Heap Roots: 0.1ms
[2022-02-19T16:30:55.581+0000][6660][gc,phases   ] GC(42)   Evacuate Collection Set: 17.1ms
[2022-02-19T16:30:55.581+0000][6660][gc,phases   ] GC(42)   Post Evacuate Collection Set: 0.6ms
[2022-02-19T16:30:55.581+0000][6660][gc,phases   ] GC(42)   Other: 0.5ms
[2022-02-19T16:30:55.581+0000][6660][gc,heap     ] GC(42) Eden regions: 10->0(10)
[2022-02-19T16:30:55.581+0000][6660][gc,heap     ] GC(42) Survivor regions: 1->1(2)
[2022-02-19T16:30:55.581+0000][6660][gc,heap     ] GC(42) Old regions: 12->12
[2022-02-19T16:30:55.581+0000][6660][gc,heap     ] GC(42) Archive regions: 0->0
[2022-02-19T16:30:55.581+0000][6660][gc,heap     ] GC(42) Humongous regions: 0->0
[2022-02-19T16:30:55.581+0000][6660][gc,metaspace] GC(42) Metaspace: 57030K(58368K)->57030K(58368K) NonClass: 49388K(50176K)->49388K(50176K) Class: 7642K(8192K)->7642K(8192K)
[2022-02-19T16:30:55.581+0000][6660][gc          ] GC(42) Pause Young (Normal) (G1 Evacuation Pause) 88M->48M(956M) 18.670ms
[2022-02-19T16:30:55.581+0000][6660][gc,cpu      ] GC(42) User=0.06s Sys=0.00s Real=0.03s
[2022-02-19T16:30:55.581+0000][6660][safepoint   ] Safepoint "G1CollectForAllocation", Time since last: 384741130 ns, Reaching safepoint: 2558012 ns, At safepoint: 19896448 ns, Total: 22454460 ns
[2022-02-19T16:30:55.877+0000][6660][gc,start    ] GC(43) Pause Young (Normal) (G1 Evacuation Pause)
[2022-02-19T16:30:55.877+0000][6660][gc,task     ] GC(43) Using 2 workers of 2 for evacuation
[2022-02-19T16:30:55.877+0000][6660][gc,age      ] GC(43) Desired survivor size 4194304 bytes, new threshold 15 (max threshold 15)
[2022-02-19T16:30:55.893+0000][6660][gc,age      ] GC(43) Age table with threshold 15 (max threshold 15)
[2022-02-19T16:30:55.893+0000][6660][gc,age      ] GC(43) - age   1:      22240 bytes,      22240 total
[2022-02-19T16:30:55.893+0000][6660][gc,age      ] GC(43) - age   2:         64 bytes,      22304 total
[2022-02-19T16:30:55.893+0000][6660][gc,age      ] GC(43) - age   3:        440 bytes,      22744 total
[2022-02-19T16:30:55.893+0000][6660][gc,age      ] GC(43) - age   4:       2312 bytes,      25056 total
[2022-02-19T16:30:55.893+0000][6660][gc,age      ] GC(43) - age   5:     708664 bytes,     733720 total
[2022-02-19T16:30:55.893+0000][6660][gc,age      ] GC(43) - age   6:    2265488 bytes,    2999208 total
[2022-02-19T16:30:55.893+0000][6660][gc,phases   ] GC(43)   Pre Evacuate Collection Set: 0.1ms
[2022-02-19T16:30:55.893+0000][6660][gc,phases   ] GC(43)   Merge Heap Roots: 0.0ms
[2022-02-19T16:30:55.893+0000][6660][gc,phases   ] GC(43)   Evacuate Collection Set: 7.9ms
[2022-02-19T16:30:55.893+0000][6660][gc,phases   ] GC(43)   Post Evacuate Collection Set: 0.7ms
[2022-02-19T16:30:55.893+0000][6660][gc,phases   ] GC(43)   Other: 0.6ms
[2022-02-19T16:30:55.893+0000][6660][gc,heap     ] GC(43) Eden regions: 10->0(10)
[2022-02-19T16:30:55.893+0000][6660][gc,heap     ] GC(43) Survivor regions: 1->1(2)
[2022-02-19T16:30:55.893+0000][6660][gc,heap     ] GC(43) Old regions: 12->12
[2022-02-19T16:30:55.893+0000][6660][gc,heap     ] GC(43) Archive regions: 0->0
[2022-02-19T16:30:55.893+0000][6660][gc,heap     ] GC(43) Humongous regions: 0->0
[2022-02-19T16:30:55.893+0000][6660][gc,metaspace] GC(43) Metaspace: 57048K(58368K)->57048K(58368K) NonClass: 49400K(50176K)->49400K(50176K) Class: 7648K(8192K)->7648K(8192K)
[2022-02-19T16:30:55.893+0000][6660][gc          ] GC(43) Pause Young (Normal) (G1 Evacuation Pause) 88M->48M(956M) 9.539ms
[2022-02-19T16:30:55.893+0000][6660][gc,cpu      ] GC(43) User=0.03s Sys=0.00s Real=0.02s
[2022-02-19T16:30:55.893+0000][6660][safepoint   ] Safepoint "G1CollectForAllocation", Time since last: 300706019 ns, Reaching safepoint: 42600 ns, At safepoint: 10707312 ns, Total: 10749912 ns
[2022-02-19T16:30:57.782+0000][6660][safepoint   ] Safepoint "Cleanup", Time since last: 1886818232 ns, Reaching safepoint: 231473 ns, At safepoint: 82633 ns, Total: 314106 ns
[2022-02-19T16:30:59.311+0000][6660][safepoint   ] Safepoint "Cleanup", Time since last: 1529381724 ns, Reaching safepoint: 50298 ns, At safepoint: 4620 ns, Total: 54918 ns
[2022-02-19T16:31:00.325+0000][6660][safepoint   ] Safepoint "Cleanup", Time since last: 1013866334 ns, Reaching safepoint: 64156 ns, At safepoint: 4619 ns, Total: 68775 ns
[2022-02-19T16:31:01.339+0000][6660][safepoint   ] Safepoint "Cleanup", Time since last: 1013939215 ns, Reaching safepoint: 227368 ns, At safepoint: 156539 ns, Total: 383907 ns
[2022-02-19T16:31:03.773+0000][6660][gc,start    ] GC(44) Pause Young (Concurrent Start) (Metadata GC Threshold)
[2022-02-19T16:31:03.773+0000][6660][gc,task     ] GC(44) Using 2 workers of 2 for evacuation
[2022-02-19T16:31:03.773+0000][6660][gc,age      ] GC(44) Desired survivor size 4194304 bytes, new threshold 15 (max threshold 15)
[2022-02-19T16:31:03.789+0000][6660][gc,age      ] GC(44) Age table with threshold 15 (max threshold 15)
[2022-02-19T16:31:03.789+0000][6660][gc,age      ] GC(44) - age   1:     647864 bytes,     647864 total
[2022-02-19T16:31:03.789+0000][6660][gc,age      ] GC(44) - age   2:       8576 bytes,     656440 total
[2022-02-19T16:31:03.789+0000][6660][gc,age      ] GC(44) - age   3:         64 bytes,     656504 total
[2022-02-19T16:31:03.789+0000][6660][gc,age      ] GC(44) - age   4:        440 bytes,     656944 total
[2022-02-19T16:31:03.789+0000][6660][gc,age      ] GC(44) - age   5:       2096 bytes,     659040 total
[2022-02-19T16:31:03.789+0000][6660][gc,age      ] GC(44) - age   6:     708080 bytes,    1367120 total
[2022-02-19T16:31:03.789+0000][6660][gc,age      ] GC(44) - age   7:    2263208 bytes,    3630328 total
[2022-02-19T16:31:03.789+0000][6660][gc,phases   ] GC(44)   Pre Evacuate Collection Set: 0.2ms
[2022-02-19T16:31:03.789+0000][6660][gc,phases   ] GC(44)   Merge Heap Roots: 0.1ms
[2022-02-19T16:31:03.789+0000][6660][gc,phases   ] GC(44)   Evacuate Collection Set: 20.1ms
[2022-02-19T16:31:03.789+0000][6660][gc,phases   ] GC(44)   Post Evacuate Collection Set: 1.3ms
[2022-02-19T16:31:03.789+0000][6660][gc,phases   ] GC(44)   Other: 1.0ms
[2022-02-19T16:31:03.789+0000][6660][gc,heap     ] GC(44) Eden regions: 8->0(10)
[2022-02-19T16:31:03.789+0000][6660][gc,heap     ] GC(44) Survivor regions: 1->1(2)
[2022-02-19T16:31:03.789+0000][6660][gc,heap     ] GC(44) Old regions: 12->12
[2022-02-19T16:31:03.789+0000][6660][gc,heap     ] GC(44) Archive regions: 0->0
[2022-02-19T16:31:03.789+0000][6660][gc,heap     ] GC(44) Humongous regions: 0->0
[2022-02-19T16:31:03.789+0000][6660][gc,metaspace] GC(44) Metaspace: 59153K(60480K)->59153K(60480K) NonClass: 51133K(51904K)->51133K(51904K) Class: 8019K(8576K)->8019K(8576K)
[2022-02-19T16:31:03.789+0000][6660][gc          ] GC(44) Pause Young (Concurrent Start) (Metadata GC Threshold) 80M->49M(956M) 23.303ms
[2022-02-19T16:31:03.789+0000][6660][gc,cpu      ] GC(44) User=0.03s Sys=0.00s Real=0.02s
[2022-02-19T16:31:03.789+0000][6660][gc          ] GC(45) Concurrent Mark Cycle
[2022-02-19T16:31:03.789+0000][6660][gc,marking  ] GC(45) Concurrent Clear Claimed Marks
[2022-02-19T16:31:03.789+0000][6660][gc,marking  ] GC(45) Concurrent Clear Claimed Marks 0.110ms
[2022-02-19T16:31:03.789+0000][6660][gc,marking  ] GC(45) Concurrent Scan Root Regions
[2022-02-19T16:31:03.789+0000][6660][safepoint   ] Safepoint "CollectForMetadataAllocation", Time since last: 2433562001 ns, Reaching safepoint: 64156 ns, At safepoint: 25964541 ns, Total: 26028697 ns
[2022-02-19T16:31:03.804+0000][6660][gc,marking  ] GC(45) Concurrent Scan Root Regions 11.212ms
[2022-02-19T16:31:03.804+0000][6660][gc,marking  ] GC(45) Concurrent Mark
[2022-02-19T16:31:03.804+0000][6660][gc,marking  ] GC(45) Concurrent Mark From Roots
[2022-02-19T16:31:03.804+0000][6660][gc,task     ] GC(45) Using 1 workers of 1 for marking
[2022-02-19T16:31:03.929+0000][6660][gc,marking  ] GC(45) Concurrent Mark From Roots 125.138ms
[2022-02-19T16:31:03.929+0000][6660][gc,marking  ] GC(45) Concurrent Preclean
[2022-02-19T16:31:03.929+0000][6660][gc,marking  ] GC(45) Concurrent Preclean 0.580ms
[2022-02-19T16:31:03.929+0000][6660][gc,start    ] GC(45) Pause Remark
[2022-02-19T16:31:07.425+0000][6660][gc,mmu      ] GC(45) MMU target violated: 201.0ms (200.0ms/201.0ms)
[2022-02-19T16:31:07.425+0000][6660][gc          ] GC(45) Pause Remark 49M->49M(956M) 3497.350ms
[2022-02-19T16:31:07.425+0000][6660][gc,cpu      ] GC(45) User=0.02s Sys=0.02s Real=3.50s
[2022-02-19T16:31:07.441+0000][6660][safepoint   ] Safepoint "G1Concurrent", Time since last: 135167123 ns, Reaching safepoint: 44652 ns, At safepoint: 3506381173 ns, Total: 3506425825 ns
[2022-02-19T16:31:07.441+0000][6660][gc,marking  ] GC(45) Concurrent Mark 3632.500ms
[2022-02-19T16:31:07.441+0000][6660][gc,marking  ] GC(45) Concurrent Rebuild Remembered Sets
[2022-02-19T16:31:07.519+0000][6660][gc,marking  ] GC(45) Concurrent Rebuild Remembered Sets 84.044ms
[2022-02-19T16:31:07.628+0000][6660][gc,start    ] GC(45) Pause Cleanup
[2022-02-19T16:31:07.628+0000][6660][gc          ] GC(45) Pause Cleanup 49M->49M(956M) 0.176ms
[2022-02-19T16:31:07.628+0000][6660][gc,cpu      ] GC(45) User=0.00s Sys=0.00s Real=0.00s
[2022-02-19T16:31:07.628+0000][6660][safepoint   ] Safepoint "G1Concurrent", Time since last: 84394894 ns, Reaching safepoint: 102733645 ns, At safepoint: 303841 ns, Total: 103037486 ns
[2022-02-19T16:31:07.628+0000][6660][gc,marking  ] GC(45) Concurrent Cleanup for Next Mark
[2022-02-19T16:31:08.643+0000][6660][safepoint   ] Safepoint "Cleanup", Time since last: 1014662377 ns, Reaching safepoint: 10656502 ns, At safepoint: 9238 ns, Total: 10665740 ns
[2022-02-19T16:31:09.657+0000][6660][safepoint   ] Safepoint "Cleanup", Time since last: 1003409485 ns, Reaching safepoint: 1547433 ns, At safepoint: 7699 ns, Total: 1555132 ns
[2022-02-19T16:31:10.687+0000][6660][safepoint   ] Safepoint "Cleanup", Time since last: 1012345077 ns, Reaching safepoint: 15665258 ns, At safepoint: 147301 ns, Total: 15812559 ns
[2022-02-19T16:31:11.748+0000][6660][safepoint   ] Safepoint "Cleanup", Time since last: 1013788321 ns, Reaching safepoint: 55782524 ns, At safepoint: 9752 ns, Total: 55792276 ns
[2022-02-19T16:31:12.808+0000][6660][safepoint   ] Safepoint "Cleanup", Time since last: 1004960511 ns, Reaching safepoint: 59587207 ns, At safepoint: 11805 ns, Total: 59599012 ns
[2022-02-19T16:31:14.825+0000][6660][safepoint   ] Safepoint "Cleanup", Time since last: 2004002796 ns, Reaching safepoint: 6879533 ns, At safepoint: 12318 ns, Total: 6891851 ns
[2022-02-19T16:31:15.839+0000][6660][safepoint   ] Safepoint "Cleanup", Time since last: 1007077133 ns, Reaching safepoint: 14395490 ns, At safepoint: 11804 ns, Total: 14407294 ns
[2022-02-19T16:31:17.103+0000][6660][safepoint   ] Safepoint "Cleanup", Time since last: 1054014396 ns, Reaching safepoint: 195219843 ns, At safepoint: 74934 ns, Total: 195294777 ns
[2022-02-19T16:31:17.337+0000][6660][gc,marking  ] GC(45) Concurrent Cleanup for Next Mark 9711.996ms
[2022-02-19T16:31:17.337+0000][6660][gc          ] GC(45) Concurrent Mark Cycle 13543.599ms
[2022-02-19T16:31:18.679+0000][6660][safepoint   ] Safepoint "Cleanup", Time since last: 1560802058 ns, Reaching safepoint: 15691433 ns, At safepoint: 233526 ns, Total: 15924959 ns
[2022-02-19T16:31:20.707+0000][6660][safepoint   ] Safepoint "Cleanup", Time since last: 2027671080 ns, Reaching safepoint: 75447 ns, At safepoint: 5646 ns, Total: 81093 ns
[2022-02-19T16:31:22.549+0000][6660][safepoint   ] Safepoint "Cleanup", Time since last: 1841777407 ns, Reaching safepoint: 105216 ns, At safepoint: 3592 ns, Total: 108808 ns
[2022-02-19T16:31:23.563+0000][6660][safepoint   ] Safepoint "Cleanup", Time since last: 1013788835 ns, Reaching safepoint: 68775 ns, At safepoint: 4619 ns, Total: 73394 ns
[2022-02-19T16:31:24.577+0000][6660][safepoint   ] Safepoint "Cleanup", Time since last: 1013925871 ns, Reaching safepoint: 60563 ns, At safepoint: 4619 ns, Total: 65182 ns
[2022-02-19T16:31:28.634+0000][6660][safepoint   ] Safepoint "Cleanup", Time since last: 4056877275 ns, Reaching safepoint: 270480 ns, At safepoint: 83659 ns, Total: 354139 ns
[2022-02-19T16:31:30.662+0000][6660][safepoint   ] Safepoint "Cleanup", Time since last: 2027615136 ns, Reaching safepoint: 57484 ns, At safepoint: 8212 ns, Total: 65696 ns
[2022-02-19T16:31:31.676+0000][6660][safepoint   ] Safepoint "Cleanup", Time since last: 1013925871 ns, Reaching safepoint: 55430 ns, At safepoint: 4619 ns, Total: 60049 ns
[2022-02-19T16:31:37.495+0000][6660][gc,start    ] GC(46) Pause Young (Prepare Mixed) (G1 Evacuation Pause)
[2022-02-19T16:31:37.495+0000][6660][gc,task     ] GC(46) Using 2 workers of 2 for evacuation
[2022-02-19T16:31:37.495+0000][6660][gc,age      ] GC(46) Desired survivor size 4194304 bytes, new threshold 15 (max threshold 15)
[2022-02-19T16:31:37.526+0000][6660][gc,age      ] GC(46) Age table with threshold 15 (max threshold 15)
[2022-02-19T16:31:37.526+0000][6660][gc,age      ] GC(46) - age   1:    3289824 bytes,    3289824 total
[2022-02-19T16:31:37.526+0000][6660][gc,age      ] GC(46) - age   2:     604216 bytes,    3894040 total
[2022-02-19T16:31:37.526+0000][6660][gc,age      ] GC(46) - age   3:       8576 bytes,    3902616 total
[2022-02-19T16:31:37.526+0000][6660][gc,age      ] GC(46) - age   4:         64 bytes,    3902680 total
[2022-02-19T16:31:37.526+0000][6660][gc,age      ] GC(46) - age   5:        440 bytes,    3903120 total
[2022-02-19T16:31:37.526+0000][6660][gc,age      ] GC(46) - age   6:       2096 bytes,    3905216 total
[2022-02-19T16:31:37.526+0000][6660][gc,age      ] GC(46) - age   7:     705808 bytes,    4611024 total
[2022-02-19T16:31:37.526+0000][6660][gc,age      ] GC(46) - age   8:    2251632 bytes,    6862656 total
[2022-02-19T16:31:37.526+0000][6660][gc,phases   ] GC(46)   Pre Evacuate Collection Set: 0.1ms
[2022-02-19T16:31:37.526+0000][6660][gc,phases   ] GC(46)   Merge Heap Roots: 0.2ms
[2022-02-19T16:31:37.526+0000][6660][gc,phases   ] GC(46)   Evacuate Collection Set: 30.7ms
[2022-02-19T16:31:37.526+0000][6660][gc,phases   ] GC(46)   Post Evacuate Collection Set: 0.8ms
[2022-02-19T16:31:37.526+0000][6660][gc,phases   ] GC(46)   Other: 0.7ms
[2022-02-19T16:31:37.526+0000][6660][gc,heap     ] GC(46) Eden regions: 10->0(9)
[2022-02-19T16:31:37.526+0000][6660][gc,heap     ] GC(46) Survivor regions: 1->2(2)
[2022-02-19T16:31:37.526+0000][6660][gc,heap     ] GC(46) Old regions: 12->12
[2022-02-19T16:31:37.526+0000][6660][gc,heap     ] GC(46) Archive regions: 0->0
[2022-02-19T16:31:37.526+0000][6660][gc,heap     ] GC(46) Humongous regions: 0->0
[2022-02-19T16:31:37.526+0000][6660][gc,metaspace] GC(46) Metaspace: 63948K(65344K)->63948K(65344K) NonClass: 55333K(56128K)->55333K(56128K) Class: 8615K(9216K)->8615K(9216K)
[2022-02-19T16:31:37.526+0000][6660][gc          ] GC(46) Pause Young (Prepare Mixed) (G1 Evacuation Pause) 89M->52M(956M) 32.811ms
[2022-02-19T16:31:37.526+0000][6660][gc,cpu      ] GC(46) User=0.06s Sys=0.00s Real=0.03s
[2022-02-19T16:31:37.526+0000][6660][safepoint   ] Safepoint "G1CollectForAllocation", Time since last: 5821372848 ns, Reaching safepoint: 68775 ns, At safepoint: 32980084 ns, Total: 33048859 ns
[2022-02-19T16:31:38.696+0000][6660][safepoint   ] Safepoint "Cleanup", Time since last: 1009388274 ns, Reaching safepoint: 156000755 ns, At safepoint: 1325198 ns, Total: 157325953 ns
[2022-02-19T16:31:41.738+0000][6660][safepoint   ] Safepoint "Cleanup", Time since last: 3040620246 ns, Reaching safepoint: 57997 ns, At safepoint: 11291 ns, Total: 69288 ns
[2022-02-19T16:31:42.752+0000][6660][safepoint   ] Safepoint "Cleanup", Time since last: 1013923305 ns, Reaching safepoint: 61589 ns, At safepoint: 5646 ns, Total: 67235 ns
[2022-02-19T16:31:44.780+0000][6660][safepoint   ] Safepoint "Cleanup", Time since last: 2027903580 ns, Reaching safepoint: 49271 ns, At safepoint: 10779 ns, Total: 60050 ns
[2022-02-19T16:31:46.808+0000][6660][safepoint   ] Safepoint "Cleanup", Time since last: 2027903579 ns, Reaching safepoint: 142682 ns, At safepoint: 10778 ns, Total: 153460 ns
[2022-02-19T16:31:47.823+0000][6660][safepoint   ] Safepoint "Cleanup", Time since last: 1014845093 ns, Reaching safepoint: 63129 ns, At safepoint: 5132 ns, Total: 68261 ns
[2022-02-19T16:31:51.474+0000][6660][safepoint   ] Safepoint "Cleanup", Time since last: 3650248822 ns, Reaching safepoint: 56457 ns, At safepoint: 5132 ns, Total: 61589 ns
[2022-02-19T16:31:56.544+0000][6660][safepoint   ] Safepoint "Cleanup", Time since last: 5069946027 ns, Reaching safepoint: 90331 ns, At safepoint: 8725 ns, Total: 99056 ns
[2022-02-19T16:31:57.559+0000][6660][safepoint   ] Safepoint "Cleanup", Time since last: 1014776318 ns, Reaching safepoint: 70315 ns, At safepoint: 1110148 ns, Total: 1180463 ns
[2022-02-19T16:31:58.573+0000][6660][safepoint   ] Safepoint "Cleanup", Time since last: 1012796219 ns, Reaching safepoint: 48245 ns, At safepoint: 3080 ns, Total: 51325 ns
[2022-02-19T16:31:59.885+0000][6660][gc,start    ] GC(47) Pause Young (Mixed) (G1 Evacuation Pause)
[2022-02-19T16:31:59.885+0000][6660][gc,task     ] GC(47) Using 2 workers of 2 for evacuation
[2022-02-19T16:31:59.885+0000][6660][gc,age      ] GC(47) Desired survivor size 4194304 bytes, new threshold 7 (max threshold 15)
[2022-02-19T16:32:05.501+0000][6660][gc,age      ] GC(47) Age table with threshold 7 (max threshold 15)
[2022-02-19T16:32:05.501+0000][6660][gc,age      ] GC(47) - age   1:     978856 bytes,     978856 total
[2022-02-19T16:32:05.501+0000][6660][gc,age      ] GC(47) - age   2:    3182448 bytes,    4161304 total
[2022-02-19T16:32:05.501+0000][6660][gc,age      ] GC(47) - age   3:     604216 bytes,    4765520 total
[2022-02-19T16:32:05.501+0000][6660][gc,age      ] GC(47) - age   4:       8576 bytes,    4774096 total
[2022-02-19T16:32:05.501+0000][6660][gc,age      ] GC(47) - age   5:         64 bytes,    4774160 total
[2022-02-19T16:32:05.501+0000][6660][gc,age      ] GC(47) - age   6:        440 bytes,    4774600 total
[2022-02-19T16:32:05.501+0000][6660][gc,age      ] GC(47) - age   7:       2096 bytes,    4776696 total
[2022-02-19T16:32:05.501+0000][6660][gc,mmu      ] GC(47) MMU target violated: 201.0ms (200.0ms/201.0ms)
[2022-02-19T16:32:05.501+0000][6660][gc,phases   ] GC(47)   Pre Evacuate Collection Set: 0.1ms
[2022-02-19T16:32:05.501+0000][6660][gc,phases   ] GC(47)   Merge Heap Roots: 1.2ms
[2022-02-19T16:32:05.501+0000][6660][gc,phases   ] GC(47)   Evacuate Collection Set: 5569.8ms
[2022-02-19T16:32:05.501+0000][6660][gc,phases   ] GC(47)   Post Evacuate Collection Set: 47.9ms
[2022-02-19T16:32:05.501+0000][6660][gc,phases   ] GC(47)   Other: 1.1ms
[2022-02-19T16:32:05.501+0000][6660][gc,heap     ] GC(47) Eden regions: 9->0(9)
[2022-02-19T16:32:05.501+0000][6660][gc,heap     ] GC(47) Survivor regions: 2->2(2)
[2022-02-19T16:32:05.501+0000][6660][gc,heap     ] GC(47) Old regions: 12->12
[2022-02-19T16:32:05.501+0000][6660][gc,heap     ] GC(47) Archive regions: 0->0
[2022-02-19T16:32:05.501+0000][6660][gc,heap     ] GC(47) Humongous regions: 0->0
[2022-02-19T16:32:05.501+0000][6660][gc,metaspace] GC(47) Metaspace: 66837K(68224K)->66837K(68224K) NonClass: 57849K(58624K)->57849K(58624K) Class: 8988K(9600K)->8988K(9600K)
[2022-02-19T16:32:05.501+0000][6660][gc          ] GC(47) Pause Young (Mixed) (G1 Evacuation Pause) 88M->52M(956M) 5620.757ms
[2022-02-19T16:32:05.501+0000][6660][gc,cpu      ] GC(47) User=0.16s Sys=0.02s Real=5.62s
[2022-02-19T16:32:05.517+0000][6660][safepoint   ] Safepoint "G1CollectForAllocation", Time since last: 1317481425 ns, Reaching safepoint: 50298 ns, At safepoint: 5630017738 ns, Total: 5630068036 ns
[2022-02-19T16:32:06.522+0000][6660][safepoint   ] Safepoint "Cleanup", Time since last: 1001680364 ns, Reaching safepoint: 569701 ns, At safepoint: 1299536 ns, Total: 1869237 ns
[2022-02-19T16:32:07.553+0000][6660][safepoint   ] Safepoint "Cleanup", Time since last: 1019709627 ns, Reaching safepoint: 556870 ns, At safepoint: 15896218 ns, Total: 16453088 ns
[2022-02-19T16:32:07.771+0000][6660][gc,start    ] GC(48) Pause Young (Normal) (G1 Evacuation Pause)
[2022-02-19T16:32:07.771+0000][6660][gc,task     ] GC(48) Using 2 workers of 2 for evacuation
[2022-02-19T16:32:07.771+0000][6660][gc,age      ] GC(48) Desired survivor size 4194304 bytes, new threshold 3 (max threshold 15)
[2022-02-19T16:32:08.005+0000][6660][gc,age      ] GC(48) Age table with threshold 3 (max threshold 15)
[2022-02-19T16:32:08.005+0000][6660][gc,age      ] GC(48) - age   1:     701904 bytes,     701904 total
[2022-02-19T16:32:08.005+0000][6660][gc,age      ] GC(48) - age   2:     970040 bytes,    1671944 total
[2022-02-19T16:32:08.005+0000][6660][gc,age      ] GC(48) - age   3:    3182416 bytes,    4854360 total
[2022-02-19T16:32:08.005+0000][6660][gc,mmu      ] GC(48) MMU target violated: 201.0ms (200.0ms/201.0ms)
[2022-02-19T16:32:08.005+0000][6660][gc,phases   ] GC(48)   Pre Evacuate Collection Set: 0.1ms
[2022-02-19T16:32:08.005+0000][6660][gc,phases   ] GC(48)   Merge Heap Roots: 0.1ms
[2022-02-19T16:32:08.005+0000][6660][gc,phases   ] GC(48)   Evacuate Collection Set: 229.7ms
[2022-02-19T16:32:08.005+0000][6660][gc,phases   ] GC(48)   Post Evacuate Collection Set: 0.8ms
[2022-02-19T16:32:08.005+0000][6660][gc,phases   ] GC(48)   Other: 0.6ms
[2022-02-19T16:32:08.005+0000][6660][gc,heap     ] GC(48) Eden regions: 9->0(9)
[2022-02-19T16:32:08.005+0000][6660][gc,heap     ] GC(48) Survivor regions: 2->2(2)
[2022-02-19T16:32:08.005+0000][6660][gc,heap     ] GC(48) Old regions: 12->13
[2022-02-19T16:32:08.005+0000][6660][gc,heap     ] GC(48) Archive regions: 0->0
[2022-02-19T16:32:08.005+0000][6660][gc,heap     ] GC(48) Humongous regions: 0->0
[2022-02-19T16:32:08.005+0000][6660][gc,metaspace] GC(48) Metaspace: 67163K(68672K)->67163K(68672K) NonClass: 58140K(59008K)->58140K(59008K) Class: 9022K(9664K)->9022K(9664K)
[2022-02-19T16:32:08.005+0000][6660][gc          ] GC(48) Pause Young (Normal) (G1 Evacuation Pause) 88M->53M(956M) 231.660ms
[2022-02-19T16:32:08.005+0000][6660][gc,cpu      ] GC(48) User=0.02s Sys=0.00s Real=0.23s
[2022-02-19T16:32:08.926+0000][6660][safepoint   ] Safepoint "G1CollectForAllocation", Time since last: 224323903 ns, Reaching safepoint: 68775 ns, At safepoint: 1153805607 ns, Total: 1153874382 ns
[2022-02-19T16:32:09.191+0000][6660][gc,start    ] GC(49) Pause Young (Normal) (G1 Evacuation Pause)
[2022-02-19T16:32:09.191+0000][6660][gc,task     ] GC(49) Using 2 workers of 2 for evacuation
[2022-02-19T16:32:09.191+0000][6660][gc,age      ] GC(49) Desired survivor size 4194304 bytes, new threshold 3 (max threshold 15)
[2022-02-19T16:32:09.300+0000][6660][gc,age      ] GC(49) Age table with threshold 3 (max threshold 15)
[2022-02-19T16:32:09.300+0000][6660][gc,age      ] GC(49) - age   1:     302240 bytes,     302240 total
[2022-02-19T16:32:09.300+0000][6660][gc,age      ] GC(49) - age   2:     629288 bytes,     931528 total
[2022-02-19T16:32:09.300+0000][6660][gc,age      ] GC(49) - age   3:     970040 bytes,    1901568 total
[2022-02-19T16:32:09.300+0000][6660][gc,phases   ] GC(49)   Pre Evacuate Collection Set: 0.0ms
[2022-02-19T16:32:09.300+0000][6660][gc,phases   ] GC(49)   Merge Heap Roots: 0.1ms
[2022-02-19T16:32:09.300+0000][6660][gc,phases   ] GC(49)   Evacuate Collection Set: 76.0ms
[2022-02-19T16:32:09.300+0000][6660][gc,phases   ] GC(49)   Post Evacuate Collection Set: 0.6ms
[2022-02-19T16:32:09.300+0000][6660][gc,phases   ] GC(49)   Other: 33.6ms
[2022-02-19T16:32:09.300+0000][6660][gc,heap     ] GC(49) Eden regions: 9->0(10)
[2022-02-19T16:32:09.300+0000][6660][gc,heap     ] GC(49) Survivor regions: 2->1(2)
[2022-02-19T16:32:09.300+0000][6660][gc,heap     ] GC(49) Old regions: 13->13
[2022-02-19T16:32:09.300+0000][6660][gc,heap     ] GC(49) Archive regions: 0->0
[2022-02-19T16:32:09.300+0000][6660][gc,heap     ] GC(49) Humongous regions: 0->0
[2022-02-19T16:32:09.300+0000][6660][gc,metaspace] GC(49) Metaspace: 67177K(68672K)->67177K(68672K) NonClass: 58153K(59008K)->58153K(59008K) Class: 9023K(9664K)->9023K(9664K)
[2022-02-19T16:32:09.300+0000][6660][gc          ] GC(49) Pause Young (Normal) (G1 Evacuation Pause) 89M->54M(956M) 110.545ms
[2022-02-19T16:32:09.300+0000][6660][gc,cpu      ] GC(49) User=0.03s Sys=0.00s Real=0.11s
[2022-02-19T16:32:10.064+0000][6660][safepoint   ] Safepoint "G1CollectForAllocation", Time since last: 266040953 ns, Reaching safepoint: 57483 ns, At safepoint: 874130307 ns, Total: 874187790 ns
[2022-02-19T16:32:10.626+0000][6660][gc,start    ] GC(50) Pause Young (Normal) (G1 Evacuation Pause)
[2022-02-19T16:32:10.626+0000][6660][gc,task     ] GC(50) Using 2 workers of 2 for evacuation
[2022-02-19T16:32:10.626+0000][6660][gc,age      ] GC(50) Desired survivor size 4194304 bytes, new threshold 15 (max threshold 15)
[2022-02-19T16:32:10.626+0000][6660][gc,age      ] GC(50) Age table with threshold 15 (max threshold 15)
[2022-02-19T16:32:10.626+0000][6660][gc,age      ] GC(50) - age   1:     403824 bytes,     403824 total
[2022-02-19T16:32:10.626+0000][6660][gc,age      ] GC(50) - age   2:     300376 bytes,     704200 total
[2022-02-19T16:32:10.626+0000][6660][gc,age      ] GC(50) - age   3:     627240 bytes,    1331440 total
[2022-02-19T16:32:10.626+0000][6660][gc,age      ] GC(50) - age   4:     970008 bytes,    2301448 total
[2022-02-19T16:32:10.626+0000][6660][gc,phases   ] GC(50)   Pre Evacuate Collection Set: 0.1ms
[2022-02-19T16:32:10.626+0000][6660][gc,phases   ] GC(50)   Merge Heap Roots: 0.0ms
[2022-02-19T16:32:10.626+0000][6660][gc,phases   ] GC(50)   Evacuate Collection Set: 5.3ms
[2022-02-19T16:32:10.626+0000][6660][gc,phases   ] GC(50)   Post Evacuate Collection Set: 0.6ms
[2022-02-19T16:32:10.626+0000][6660][gc,phases   ] GC(50)   Other: 0.5ms
[2022-02-19T16:32:10.626+0000][6660][gc,heap     ] GC(50) Eden regions: 10->0(10)
[2022-02-19T16:32:10.626+0000][6660][gc,heap     ] GC(50) Survivor regions: 1->1(2)
[2022-02-19T16:32:10.626+0000][6660][gc,heap     ] GC(50) Old regions: 13->13
[2022-02-19T16:32:10.626+0000][6660][gc,heap     ] GC(50) Archive regions: 0->0
[2022-02-19T16:32:10.626+0000][6660][gc,heap     ] GC(50) Humongous regions: 0->0
[2022-02-19T16:32:10.626+0000][6660][gc,metaspace] GC(50) Metaspace: 67300K(68736K)->67300K(68736K) NonClass: 58259K(59072K)->58259K(59072K) Class: 9041K(9664K)->9041K(9664K)
[2022-02-19T16:32:10.626+0000][6660][gc          ] GC(50) Pause Young (Normal) (G1 Evacuation Pause) 94M->54M(956M) 6.808ms
[2022-02-19T16:32:10.626+0000][6660][gc,cpu      ] GC(50) User=0.00s Sys=0.00s Real=0.00s
[2022-02-19T16:32:10.626+0000][6660][safepoint   ] Safepoint "G1CollectForAllocation", Time since last: 555340107 ns, Reaching safepoint: 84685 ns, At safepoint: 6948822 ns, Total: 7033507 ns
[2022-02-19T16:32:11.641+0000][6660][safepoint   ] Safepoint "Cleanup", Time since last: 1000048245 ns, Reaching safepoint: 76986 ns, At safepoint: 4106 ns, Total: 81092 ns
[2022-02-19T16:32:12.655+0000][6660][safepoint   ] Safepoint "Cleanup", Time since last: 1013796534 ns, Reaching safepoint: 65182 ns, At safepoint: 5132 ns, Total: 70314 ns
[2022-02-19T16:32:13.669+0000][6660][safepoint   ] Safepoint "Cleanup", Time since last: 1013876086 ns, Reaching safepoint: 45679 ns, At safepoint: 3080 ns, Total: 48759 ns
[2022-02-19T16:32:14.683+0000][6660][safepoint   ] Safepoint "Cleanup", Time since last: 1014008503 ns, Reaching safepoint: 46705 ns, At safepoint: 3080 ns, Total: 49785 ns
[2022-02-19T16:32:15.697+0000][6660][safepoint   ] Safepoint "Cleanup", Time since last: 1013882245 ns, Reaching safepoint: 59023 ns, At safepoint: 3593 ns, Total: 62616 ns
[2022-02-19T16:32:15.775+0000][6660][gc,start    ] GC(51) Pause Young (Normal) (G1 Evacuation Pause)
[2022-02-19T16:32:15.775+0000][6660][gc,task     ] GC(51) Using 2 workers of 2 for evacuation
[2022-02-19T16:32:15.775+0000][6660][gc,age      ] GC(51) Desired survivor size 4194304 bytes, new threshold 15 (max threshold 15)
[2022-02-19T16:32:15.791+0000][6660][gc,age      ] GC(51) Age table with threshold 15 (max threshold 15)
[2022-02-19T16:32:15.791+0000][6660][gc,age      ] GC(51) - age   1:     706152 bytes,     706152 total
[2022-02-19T16:32:15.791+0000][6660][gc,age      ] GC(51) - age   2:     390816 bytes,    1096968 total
[2022-02-19T16:32:15.791+0000][6660][gc,age      ] GC(51) - age   3:     300376 bytes,    1397344 total
[2022-02-19T16:32:15.791+0000][6660][gc,age      ] GC(51) - age   4:     626096 bytes,    2023440 total
[2022-02-19T16:32:15.791+0000][6660][gc,age      ] GC(51) - age   5:     968416 bytes,    2991856 total
[2022-02-19T16:32:15.791+0000][6660][gc,phases   ] GC(51)   Pre Evacuate Collection Set: 0.1ms
[2022-02-19T16:32:15.791+0000][6660][gc,phases   ] GC(51)   Merge Heap Roots: 0.1ms
[2022-02-19T16:32:15.791+0000][6660][gc,phases   ] GC(51)   Evacuate Collection Set: 11.1ms
[2022-02-19T16:32:15.791+0000][6660][gc,phases   ] GC(51)   Post Evacuate Collection Set: 0.6ms
[2022-02-19T16:32:15.791+0000][6660][gc,phases   ] GC(51)   Other: 0.5ms
[2022-02-19T16:32:15.791+0000][6660][gc,heap     ] GC(51) Eden regions: 10->0(10)
[2022-02-19T16:32:15.791+0000][6660][gc,heap     ] GC(51) Survivor regions: 1->1(2)
[2022-02-19T16:32:15.791+0000][6660][gc,heap     ] GC(51) Old regions: 13->13
[2022-02-19T16:32:15.791+0000][6660][gc,heap     ] GC(51) Archive regions: 0->0
[2022-02-19T16:32:15.791+0000][6660][gc,heap     ] GC(51) Humongous regions: 0->0
[2022-02-19T16:32:15.791+0000][6660][gc,metaspace] GC(51) Metaspace: 68737K(70208K)->68737K(70208K) NonClass: 59546K(60416K)->59546K(60416K) Class: 9190K(9792K)->9190K(9792K)
[2022-02-19T16:32:15.791+0000][6660][gc          ] GC(51) Pause Young (Normal) (G1 Evacuation Pause) 94M->54M(956M) 12.526ms
[2022-02-19T16:32:15.791+0000][6660][gc,cpu      ] GC(51) User=0.03s Sys=0.00s Real=0.02s
[2022-02-19T16:32:15.791+0000][6660][safepoint   ] Safepoint "G1CollectForAllocation", Time since last: 82416336 ns, Reaching safepoint: 82119 ns, At safepoint: 12667395 ns, Total: 12749514 ns
[2022-02-19T16:32:16.806+0000][6660][safepoint   ] Safepoint "Cleanup", Time since last: 1013365921 ns, Reaching safepoint: 109834 ns, At safepoint: 9239 ns, Total: 119073 ns
[2022-02-19T16:32:17.820+0000][6660][safepoint   ] Safepoint "Cleanup", Time since last: 1013951020 ns, Reaching safepoint: 41059 ns, At safepoint: 3080 ns, Total: 44139 ns
[2022-02-19T16:32:19.848+0000][6660][safepoint   ] Safepoint "Cleanup", Time since last: 2027832238 ns, Reaching safepoint: 51325 ns, At safepoint: 4106 ns, Total: 55431 ns
[2022-02-19T16:32:21.876+0000][6660][safepoint   ] Safepoint "Cleanup", Time since last: 2027868679 ns, Reaching safepoint: 786804 ns, At safepoint: 835050 ns, Total: 1621854 ns
[2022-02-19T16:32:22.188+0000][6660][gc,start    ] GC(52) Pause Young (Normal) (G1 Evacuation Pause)
[2022-02-19T16:32:22.188+0000][6660][gc,task     ] GC(52) Using 2 workers of 2 for evacuation
[2022-02-19T16:32:22.188+0000][6660][gc,age      ] GC(52) Desired survivor size 4194304 bytes, new threshold 15 (max threshold 15)
[2022-02-19T16:32:22.203+0000][6660][gc,age      ] GC(52) Age table with threshold 15 (max threshold 15)
[2022-02-19T16:32:22.203+0000][6660][gc,age      ] GC(52) - age   1:    1582328 bytes,    1582328 total
[2022-02-19T16:32:22.203+0000][6660][gc,age      ] GC(52) - age   2:     686296 bytes,    2268624 total
[2022-02-19T16:32:22.203+0000][6660][gc,age      ] GC(52) - age   3:     390816 bytes,    2659440 total
[2022-02-19T16:32:22.203+0000][6660][gc,age      ] GC(52) - age   4:     300376 bytes,    2959816 total
[2022-02-19T16:32:22.203+0000][6660][gc,age      ] GC(52) - age   5:     626024 bytes,    3585840 total
[2022-02-19T16:32:22.203+0000][6660][gc,age      ] GC(52) - age   6:     968320 bytes,    4554160 total
[2022-02-19T16:32:22.203+0000][6660][gc,phases   ] GC(52)   Pre Evacuate Collection Set: 0.1ms
[2022-02-19T16:32:22.203+0000][6660][gc,phases   ] GC(52)   Merge Heap Roots: 0.1ms
[2022-02-19T16:32:22.203+0000][6660][gc,phases   ] GC(52)   Evacuate Collection Set: 21.1ms
[2022-02-19T16:32:22.203+0000][6660][gc,phases   ] GC(52)   Post Evacuate Collection Set: 1.0ms
[2022-02-19T16:32:22.203+0000][6660][gc,phases   ] GC(52)   Other: 0.9ms
[2022-02-19T16:32:22.203+0000][6660][gc,heap     ] GC(52) Eden regions: 10->0(9)
[2022-02-19T16:32:22.203+0000][6660][gc,heap     ] GC(52) Survivor regions: 1->2(2)
[2022-02-19T16:32:22.203+0000][6660][gc,heap     ] GC(52) Old regions: 13->13
[2022-02-19T16:32:22.203+0000][6660][gc,heap     ] GC(52) Archive regions: 0->0
[2022-02-19T16:32:22.203+0000][6660][gc,heap     ] GC(52) Humongous regions: 0->0
[2022-02-19T16:32:22.203+0000][6660][gc,metaspace] GC(52) Metaspace: 71636K(73216K)->71636K(73216K) NonClass: 61983K(62912K)->61983K(62912K) Class: 9653K(10304K)->9653K(10304K)
[2022-02-19T16:32:22.203+0000][6660][gc          ] GC(52) Pause Young (Normal) (G1 Evacuation Pause) 94M->56M(956M) 23.758ms
[2022-02-19T16:32:22.203+0000][6660][gc,cpu      ] GC(52) User=0.03s Sys=0.00s Real=0.02s
[2022-02-19T16:32:22.203+0000][6660][safepoint   ] Safepoint "G1CollectForAllocation", Time since last: 312757007 ns, Reaching safepoint: 31308 ns, At safepoint: 24051677 ns, Total: 24082985 ns
[2022-02-19T16:32:23.217+0000][6660][safepoint   ] Safepoint "Cleanup", Time since last: 1003176472 ns, Reaching safepoint: 88279 ns, At safepoint: 7185 ns, Total: 95464 ns
[2022-02-19T16:32:24.231+0000][6660][safepoint   ] Safepoint "Cleanup", Time since last: 1013922792 ns, Reaching safepoint: 94437 ns, At safepoint: 6159 ns, Total: 100596 ns
[2022-02-19T16:32:25.246+0000][6660][safepoint   ] Safepoint "Cleanup", Time since last: 1014837393 ns, Reaching safepoint: 72368 ns, At safepoint: 19503 ns, Total: 91871 ns
[2022-02-19T16:32:26.261+0000][6660][safepoint   ] Safepoint "Cleanup", Time since last: 1014881020 ns, Reaching safepoint: 59023 ns, At safepoint: 90844 ns, Total: 149867 ns
[2022-02-19T16:32:26.544+0000][6660][gc,start    ] GC(53) Pause Young (Normal) (G1 Evacuation Pause)
[2022-02-19T16:32:26.544+0000][6660][gc,task     ] GC(53) Using 2 workers of 2 for evacuation
[2022-02-19T16:32:26.544+0000][6660][gc,age      ] GC(53) Desired survivor size 4194304 bytes, new threshold 6 (max threshold 15)
[2022-02-19T16:32:26.934+0000][6660][gc,age      ] GC(53) Age table with threshold 6 (max threshold 15)
[2022-02-19T16:32:26.934+0000][6660][gc,age      ] GC(53) - age   1:     708248 bytes,     708248 total
[2022-02-19T16:32:26.934+0000][6660][gc,age      ] GC(53) - age   2:    1552744 bytes,    2260992 total
[2022-02-19T16:32:26.934+0000][6660][gc,age      ] GC(53) - age   3:     686232 bytes,    2947224 total
[2022-02-19T16:32:26.934+0000][6660][gc,age      ] GC(53) - age   4:     390816 bytes,    3338040 total
[2022-02-19T16:32:26.934+0000][6660][gc,age      ] GC(53) - age   5:     300376 bytes,    3638416 total
[2022-02-19T16:32:26.934+0000][6660][gc,age      ] GC(53) - age   6:     626024 bytes,    4264440 total
[2022-02-19T16:32:26.934+0000][6660][gc,mmu      ] GC(53) MMU target violated: 201.0ms (200.0ms/201.0ms)
[2022-02-19T16:32:26.934+0000][6660][gc,phases   ] GC(53)   Pre Evacuate Collection Set: 0.0ms
[2022-02-19T16:32:26.934+0000][6660][gc,phases   ] GC(53)   Merge Heap Roots: 0.1ms
[2022-02-19T16:32:26.934+0000][6660][gc,phases   ] GC(53)   Evacuate Collection Set: 380.0ms
[2022-02-19T16:32:26.934+0000][6660][gc,phases   ] GC(53)   Post Evacuate Collection Set: 0.7ms
[2022-02-19T16:32:26.934+0000][6660][gc,phases   ] GC(53)   Other: 0.6ms
[2022-02-19T16:32:26.934+0000][6660][gc,heap     ] GC(53) Eden regions: 9->0(9)
[2022-02-19T16:32:26.934+0000][6660][gc,heap     ] GC(53) Survivor regions: 2->2(2)
[2022-02-19T16:32:26.934+0000][6660][gc,heap     ] GC(53) Old regions: 13->14
[2022-02-19T16:32:26.934+0000][6660][gc,heap     ] GC(53) Archive regions: 0->0
[2022-02-19T16:32:26.934+0000][6660][gc,heap     ] GC(53) Humongous regions: 0->0
[2022-02-19T16:32:26.934+0000][6660][gc,metaspace] GC(53) Metaspace: 74385K(75904K)->74385K(75904K) NonClass: 64233K(65088K)->64233K(65088K) Class: 10151K(10816K)->10151K(10816K)
[2022-02-19T16:32:26.934+0000][6660][gc          ] GC(53) Pause Young (Normal) (G1 Evacuation Pause) 92M->57M(956M) 381.698ms
[2022-02-19T16:32:26.934+0000][6660][gc,cpu      ] GC(53) User=0.05s Sys=0.00s Real=0.39s
[2022-02-19T16:32:26.934+0000][6660][safepoint   ] Safepoint "G1CollectForAllocation", Time since last: 295767065 ns, Reaching safepoint: 23609 ns, At safepoint: 382106644 ns, Total: 382130253 ns
[2022-02-19T16:32:34.892+0000][6660][gc,start    ] GC(54) Pause Young (Normal) (G1 Evacuation Pause)
[2022-02-19T16:32:34.892+0000][6660][gc,task     ] GC(54) Using 2 workers of 2 for evacuation
[2022-02-19T16:32:34.892+0000][6660][gc,age      ] GC(54) Desired survivor size 4194304 bytes, new threshold 6 (max threshold 15)
[2022-02-19T16:32:34.985+0000][6660][gc,age      ] GC(54) Age table with threshold 6 (max threshold 15)
[2022-02-19T16:32:34.985+0000][6660][gc,age      ] GC(54) - age   1:     539144 bytes,     539144 total
[2022-02-19T16:32:34.985+0000][6660][gc,age      ] GC(54) - age   2:     688888 bytes,    1228032 total
[2022-02-19T16:32:34.985+0000][6660][gc,age      ] GC(54) - age   3:    1551456 bytes,    2779488 total
[2022-02-19T16:32:34.985+0000][6660][gc,age      ] GC(54) - age   4:     685976 bytes,    3465464 total
[2022-02-19T16:32:34.985+0000][6660][gc,age      ] GC(54) - age   5:     390816 bytes,    3856280 total
[2022-02-19T16:32:34.985+0000][6660][gc,age      ] GC(54) - age   6:     300344 bytes,    4156624 total
[2022-02-19T16:32:34.985+0000][6660][gc,phases   ] GC(54)   Pre Evacuate Collection Set: 0.0ms
[2022-02-19T16:32:34.985+0000][6660][gc,phases   ] GC(54)   Merge Heap Roots: 0.1ms
[2022-02-19T16:32:34.985+0000][6660][gc,phases   ] GC(54)   Evacuate Collection Set: 58.5ms
[2022-02-19T16:32:34.985+0000][6660][gc,phases   ] GC(54)   Post Evacuate Collection Set: 1.0ms
[2022-02-19T16:32:34.985+0000][6660][gc,phases   ] GC(54)   Other: 27.1ms
[2022-02-19T16:32:34.985+0000][6660][gc,heap     ] GC(54) Eden regions: 9->0(9)
[2022-02-19T16:32:34.985+0000][6660][gc,heap     ] GC(54) Survivor regions: 2->2(2)
[2022-02-19T16:32:34.985+0000][6660][gc,heap     ] GC(54) Old regions: 14->14
[2022-02-19T16:32:34.985+0000][6660][gc,heap     ] GC(54) Archive regions: 0->0
[2022-02-19T16:32:34.985+0000][6660][gc,heap     ] GC(54) Humongous regions: 0->0
[2022-02-19T16:32:34.985+0000][6660][gc,metaspace] GC(54) Metaspace: 77442K(79040K)->77442K(79040K) NonClass: 66894K(67840K)->66894K(67840K) Class: 10548K(11200K)->10548K(11200K)
[2022-02-19T16:32:34.985+0000][6660][gc          ] GC(54) Pause Young (Normal) (G1 Evacuation Pause) 93M->57M(956M) 87.053ms
[2022-02-19T16:32:34.985+0000][6660][gc,cpu      ] GC(54) User=0.05s Sys=0.00s Real=0.09s
[2022-02-19T16:32:34.985+0000][6660][safepoint   ] Safepoint "G1CollectForAllocation", Time since last: 7963755679 ns, Reaching safepoint: 27716 ns, At safepoint: 87263933 ns, Total: 87291649 ns
[2022-02-19T16:32:37.001+0000][6660][safepoint   ] Safepoint "Cleanup", Time since last: 2010683190 ns, Reaching safepoint: 478858 ns, At safepoint: 5645 ns, Total: 484503 ns
[2022-02-19T16:32:37.531+0000][6660][gc,start    ] GC(55) Pause Young (Normal) (G1 Evacuation Pause)
[2022-02-19T16:32:37.531+0000][6660][gc,task     ] GC(55) Using 2 workers of 2 for evacuation
[2022-02-19T16:32:37.531+0000][6660][gc,age      ] GC(55) Desired survivor size 4194304 bytes, new threshold 15 (max threshold 15)
[2022-02-19T16:32:37.547+0000][6660][gc,age      ] GC(55) Age table with threshold 15 (max threshold 15)
[2022-02-19T16:32:37.547+0000][6660][gc,age      ] GC(55) - age   1:     810800 bytes,     810800 total
[2022-02-19T16:32:37.547+0000][6660][gc,age      ] GC(55) - age   2:     515176 bytes,    1325976 total
[2022-02-19T16:32:37.547+0000][6660][gc,age      ] GC(55) - age   3:     687688 bytes,    2013664 total
[2022-02-19T16:32:37.547+0000][6660][gc,age      ] GC(55) - age   4:    1549864 bytes,    3563528 total
[2022-02-19T16:32:37.547+0000][6660][gc,age      ] GC(55) - age   5:     684624 bytes,    4248152 total
[2022-02-19T16:32:37.547+0000][6660][gc,age      ] GC(55) - age   6:     390816 bytes,    4638968 total
[2022-02-19T16:32:37.547+0000][6660][gc,age      ] GC(55) - age   7:     300344 bytes,    4939312 total
[2022-02-19T16:32:37.547+0000][6660][gc,phases   ] GC(55)   Pre Evacuate Collection Set: 0.0ms
[2022-02-19T16:32:37.547+0000][6660][gc,phases   ] GC(55)   Merge Heap Roots: 0.1ms
[2022-02-19T16:32:37.547+0000][6660][gc,phases   ] GC(55)   Evacuate Collection Set: 12.7ms
[2022-02-19T16:32:37.547+0000][6660][gc,phases   ] GC(55)   Post Evacuate Collection Set: 0.7ms
[2022-02-19T16:32:37.547+0000][6660][gc,phases   ] GC(55)   Other: 0.5ms
[2022-02-19T16:32:37.547+0000][6660][gc,heap     ] GC(55) Eden regions: 9->0(9)
[2022-02-19T16:32:37.547+0000][6660][gc,heap     ] GC(55) Survivor regions: 2->2(2)
[2022-02-19T16:32:37.547+0000][6660][gc,heap     ] GC(55) Old regions: 14->14
[2022-02-19T16:32:37.547+0000][6660][gc,heap     ] GC(55) Archive regions: 0->0
[2022-02-19T16:32:37.547+0000][6660][gc,heap     ] GC(55) Humongous regions: 0->0
[2022-02-19T16:32:37.547+0000][6660][gc,metaspace] GC(55) Metaspace: 81114K(82752K)->81114K(82752K) NonClass: 70041K(70976K)->70041K(70976K) Class: 11073K(11776K)->11073K(11776K)
[2022-02-19T16:32:37.547+0000][6660][gc          ] GC(55) Pause Young (Normal) (G1 Evacuation Pause) 93M->58M(956M) 14.388ms
[2022-02-19T16:32:37.547+0000][6660][gc,cpu      ] GC(55) User=0.03s Sys=0.00s Real=0.02s
[2022-02-19T16:32:37.547+0000][6660][safepoint   ] Safepoint "G1CollectForAllocation", Time since last: 538183360 ns, Reaching safepoint: 91358 ns, At safepoint: 14692658 ns, Total: 14784016 ns
[2022-02-19T16:32:39.548+0000][6660][safepoint   ] Safepoint "Cleanup", Time since last: 1993042967 ns, Reaching safepoint: 205811 ns, At safepoint: 9239 ns, Total: 215050 ns
[2022-02-19T16:32:40.609+0000][6660][safepoint   ] Safepoint "ICBufferFull", Time since last: 1062491659 ns, Reaching safepoint: 257649 ns, At safepoint: 3080 ns, Total: 260729 ns
[2022-02-19T16:32:41.156+0000][6660][gc,start    ] GC(56) Pause Young (Normal) (G1 Evacuation Pause)
[2022-02-19T16:32:41.156+0000][6660][gc,task     ] GC(56) Using 2 workers of 2 for evacuation
[2022-02-19T16:32:41.156+0000][6660][gc,age      ] GC(56) Desired survivor size 4194304 bytes, new threshold 5 (max threshold 15)
[2022-02-19T16:32:41.234+0000][6660][gc,age      ] GC(56) Age table with threshold 5 (max threshold 15)
[2022-02-19T16:32:41.234+0000][6660][gc,age      ] GC(56) - age   1:    2995464 bytes,    2995464 total
[2022-02-19T16:32:41.234+0000][6660][gc,age      ] GC(56) - age   2:     757008 bytes,    3752472 total
[2022-02-19T16:32:41.234+0000][6660][gc,age      ] GC(56) - age   3:     513176 bytes,    4265648 total
[2022-02-19T16:32:41.234+0000][6660][gc,age      ] GC(56) - age   4:     687640 bytes,    4953288 total
[2022-02-19T16:32:41.234+0000][6660][gc,age      ] GC(56) - age   5:    1549736 bytes,    6503024 total
[2022-02-19T16:32:41.234+0000][6660][gc,phases   ] GC(56)   Pre Evacuate Collection Set: 0.1ms
[2022-02-19T16:32:41.234+0000][6660][gc,phases   ] GC(56)   Merge Heap Roots: 0.1ms
[2022-02-19T16:32:41.234+0000][6660][gc,phases   ] GC(56)   Evacuate Collection Set: 65.7ms
[2022-02-19T16:32:41.234+0000][6660][gc,phases   ] GC(56)   Post Evacuate Collection Set: 1.0ms
[2022-02-19T16:32:41.234+0000][6660][gc,phases   ] GC(56)   Other: 0.6ms
[2022-02-19T16:32:41.234+0000][6660][gc,heap     ] GC(56) Eden regions: 9->0(9)
[2022-02-19T16:32:41.234+0000][6660][gc,heap     ] GC(56) Survivor regions: 2->2(2)
[2022-02-19T16:32:41.234+0000][6660][gc,heap     ] GC(56) Old regions: 14->14
[2022-02-19T16:32:41.234+0000][6660][gc,heap     ] GC(56) Archive regions: 0->0
[2022-02-19T16:32:41.234+0000][6660][gc,heap     ] GC(56) Humongous regions: 0->0
[2022-02-19T16:32:41.234+0000][6660][gc,metaspace] GC(56) Metaspace: 86005K(87552K)->86005K(87552K) NonClass: 74344K(75200K)->74344K(75200K) Class: 11660K(12352K)->11660K(12352K)
[2022-02-19T16:32:41.234+0000][6660][gc          ] GC(56) Pause Young (Normal) (G1 Evacuation Pause) 94M->61M(956M) 67.715ms
[2022-02-19T16:32:41.234+0000][6660][gc,cpu      ] GC(56) User=0.08s Sys=0.00s Real=0.08s
[2022-02-19T16:32:41.234+0000][6660][safepoint   ] Safepoint "G1CollectForAllocation", Time since last: 560334492 ns, Reaching safepoint: 364404 ns, At safepoint: 67887915 ns, Total: 68252319 ns
[2022-02-19T16:32:42.751+0000][6660][gc,start    ] GC(57) Pause Young (Normal) (G1 Evacuation Pause)
[2022-02-19T16:32:42.751+0000][6660][gc,task     ] GC(57) Using 2 workers of 2 for evacuation
[2022-02-19T16:32:42.751+0000][6660][gc,age      ] GC(57) Desired survivor size 4194304 bytes, new threshold 3 (max threshold 15)
[2022-02-19T16:32:42.953+0000][6660][gc,age      ] GC(57) Age table with threshold 3 (max threshold 15)
[2022-02-19T16:32:42.953+0000][6660][gc,age      ] GC(57) - age   1:    1669976 bytes,    1669976 total
[2022-02-19T16:32:42.953+0000][6660][gc,age      ] GC(57) - age   2:    2845168 bytes,    4515144 total
[2022-02-19T16:32:42.953+0000][6660][gc,age      ] GC(57) - age   3:     755320 bytes,    5270464 total
[2022-02-19T16:32:42.953+0000][6660][gc,mmu      ] GC(57) MMU target violated: 201.0ms (200.0ms/201.0ms)
[2022-02-19T16:32:42.953+0000][6660][gc,phases   ] GC(57)   Pre Evacuate Collection Set: 0.1ms
[2022-02-19T16:32:42.953+0000][6660][gc,phases   ] GC(57)   Merge Heap Roots: 0.1ms
[2022-02-19T16:32:42.953+0000][6660][gc,phases   ] GC(57)   Evacuate Collection Set: 199.5ms
[2022-02-19T16:32:42.953+0000][6660][gc,phases   ] GC(57)   Post Evacuate Collection Set: 1.2ms
[2022-02-19T16:32:42.953+0000][6660][gc,phases   ] GC(57)   Other: 0.9ms
[2022-02-19T16:32:42.953+0000][6660][gc,heap     ] GC(57) Eden regions: 9->0(9)
[2022-02-19T16:32:42.953+0000][6660][gc,heap     ] GC(57) Survivor regions: 2->2(2)
[2022-02-19T16:32:42.953+0000][6660][gc,heap     ] GC(57) Old regions: 14->15
[2022-02-19T16:32:42.953+0000][6660][gc,heap     ] GC(57) Archive regions: 0->0
[2022-02-19T16:32:42.953+0000][6660][gc,heap     ] GC(57) Humongous regions: 0->0
[2022-02-19T16:32:42.953+0000][6660][gc,metaspace] GC(57) Metaspace: 88594K(90304K)->88594K(90304K) NonClass: 76569K(77568K)->76569K(77568K) Class: 12025K(12736K)->12025K(12736K)
[2022-02-19T16:32:42.953+0000][6660][gc          ] GC(57) Pause Young (Normal) (G1 Evacuation Pause) 97M->62M(956M) 201.978ms
[2022-02-19T16:32:42.953+0000][6660][gc,cpu      ] GC(57) User=0.08s Sys=0.00s Real=0.20s
[2022-02-19T16:32:43.094+0000][6660][safepoint   ] Safepoint "G1CollectForAllocation", Time since last: 1524081446 ns, Reaching safepoint: 183742 ns, At safepoint: 332273140 ns, Total: 332456882 ns
[2022-02-19T16:32:45.109+0000][6660][safepoint   ] Safepoint "Cleanup", Time since last: 2013337693 ns, Reaching safepoint: 9049532 ns, At safepoint: 12831 ns, Total: 9062363 ns
[2022-02-19T16:32:46.045+0000][6660][gc,start    ] GC(58) Pause Young (Normal) (G1 Evacuation Pause)
[2022-02-19T16:32:46.045+0000][6660][gc,task     ] GC(58) Using 2 workers of 2 for evacuation
[2022-02-19T16:32:46.045+0000][6660][gc,age      ] GC(58) Desired survivor size 4194304 bytes, new threshold 2 (max threshold 15)
[2022-02-19T16:32:46.310+0000][6660][gc,age      ] GC(58) Age table with threshold 2 (max threshold 15)
[2022-02-19T16:32:46.310+0000][6660][gc,age      ] GC(58) - age   1:    2290360 bytes,    2290360 total
[2022-02-19T16:32:46.310+0000][6660][gc,age      ] GC(58) - age   2:    1477496 bytes,    3767856 total
[2022-02-19T16:32:46.310+0000][6660][gc,mmu      ] GC(58) MMU target violated: 201.0ms (200.0ms/201.0ms)
[2022-02-19T16:32:46.310+0000][6660][gc,phases   ] GC(58)   Pre Evacuate Collection Set: 0.1ms
[2022-02-19T16:32:46.310+0000][6660][gc,phases   ] GC(58)   Merge Heap Roots: 0.2ms
[2022-02-19T16:32:46.310+0000][6660][gc,phases   ] GC(58)   Evacuate Collection Set: 256.7ms
[2022-02-19T16:32:46.310+0000][6660][gc,phases   ] GC(58)   Post Evacuate Collection Set: 1.1ms
[2022-02-19T16:32:46.310+0000][6660][gc,phases   ] GC(58)   Other: 1.0ms
[2022-02-19T16:32:46.310+0000][6660][gc,heap     ] GC(58) Eden regions: 9->0(11)
[2022-02-19T16:32:46.310+0000][6660][gc,heap     ] GC(58) Survivor regions: 2->1(2)
[2022-02-19T16:32:46.310+0000][6660][gc,heap     ] GC(58) Old regions: 15->16
[2022-02-19T16:32:46.310+0000][6660][gc,heap     ] GC(58) Archive regions: 0->0
[2022-02-19T16:32:46.310+0000][6660][gc,heap     ] GC(58) Humongous regions: 0->0
[2022-02-19T16:32:46.310+0000][6660][gc,metaspace] GC(58) Metaspace: 92715K(94400K)->92715K(94400K) NonClass: 80005K(80960K)->80005K(80960K) Class: 12710K(13440K)->12710K(13440K)
[2022-02-19T16:32:46.310+0000][6660][gc          ] GC(58) Pause Young (Normal) (G1 Evacuation Pause) 98M->64M(956M) 259.425ms
[2022-02-19T16:32:46.310+0000][6660][gc,cpu      ] GC(58) User=0.06s Sys=0.02s Real=0.26s
[2022-02-19T16:32:46.310+0000][6660][safepoint   ] Safepoint "G1CollectForAllocation", Time since last: 939355508 ns, Reaching safepoint: 113941 ns, At safepoint: 259749598 ns, Total: 259863539 ns
[2022-02-19T16:32:47.561+0000][6660][safepoint   ] Safepoint "Cleanup", Time since last: 1244245499 ns, Reaching safepoint: 85199 ns, At safepoint: 15910 ns, Total: 101109 ns
[2022-02-19T16:32:48.749+0000][6660][safepoint   ] Safepoint "Cleanup", Time since last: 1187158308 ns, Reaching safepoint: 78013 ns, At safepoint: 5132 ns, Total: 83145 ns
[2022-02-19T16:32:50.363+0000][6660][gc,start    ] GC(59) Pause Young (Normal) (G1 Evacuation Pause)
[2022-02-19T16:32:50.363+0000][6660][gc,task     ] GC(59) Using 2 workers of 2 for evacuation
[2022-02-19T16:32:50.363+0000][6660][gc,age      ] GC(59) Desired survivor size 4194304 bytes, new threshold 15 (max threshold 15)
[2022-02-19T16:32:50.394+0000][6660][gc,age      ] GC(59) Age table with threshold 15 (max threshold 15)
[2022-02-19T16:32:50.394+0000][6660][gc,age      ] GC(59) - age   1:    1129680 bytes,    1129680 total
[2022-02-19T16:32:50.394+0000][6660][gc,age      ] GC(59) - age   2:    2196008 bytes,    3325688 total
[2022-02-19T16:32:50.394+0000][6660][gc,age      ] GC(59) - age   3:    1472376 bytes,    4798064 total
[2022-02-19T16:32:50.394+0000][6660][gc,phases   ] GC(59)   Pre Evacuate Collection Set: 0.1ms
[2022-02-19T16:32:50.394+0000][6660][gc,phases   ] GC(59)   Merge Heap Roots: 0.2ms
[2022-02-19T16:32:50.394+0000][6660][gc,phases   ] GC(59)   Evacuate Collection Set: 27.6ms
[2022-02-19T16:32:50.394+0000][6660][gc,phases   ] GC(59)   Post Evacuate Collection Set: 0.9ms
[2022-02-19T16:32:50.394+0000][6660][gc,phases   ] GC(59)   Other: 0.5ms
[2022-02-19T16:32:50.394+0000][6660][gc,heap     ] GC(59) Eden regions: 11->0(9)
[2022-02-19T16:32:50.394+0000][6660][gc,heap     ] GC(59) Survivor regions: 1->2(2)
[2022-02-19T16:32:50.394+0000][6660][gc,heap     ] GC(59) Old regions: 16->16
[2022-02-19T16:32:50.394+0000][6660][gc,heap     ] GC(59) Archive regions: 0->0
[2022-02-19T16:32:50.394+0000][6660][gc,heap     ] GC(59) Humongous regions: 0->0
[2022-02-19T16:32:50.394+0000][6660][gc,metaspace] GC(59) Metaspace: 97009K(98752K)->97009K(98752K) NonClass: 83724K(84736K)->83724K(84736K) Class: 13284K(14016K)->13284K(14016K)
[2022-02-19T16:32:50.394+0000][6660][gc          ] GC(59) Pause Young (Normal) (G1 Evacuation Pause) 108M->66M(956M) 29.613ms
[2022-02-19T16:32:50.394+0000][6660][gc,cpu      ] GC(59) User=0.06s Sys=0.00s Real=0.03s
[2022-02-19T16:32:50.464+0000][6660][safepoint   ] Safepoint "G1CollectForAllocation", Time since last: 1622497675 ns, Reaching safepoint: 126772 ns, At safepoint: 92787473 ns, Total: 92914245 ns
[2022-02-19T16:32:51.469+0000][6660][safepoint   ] Safepoint "Cleanup", Time since last: 1004341025 ns, Reaching safepoint: 432665 ns, At safepoint: 6159 ns, Total: 438824 ns
[2022-02-19T16:32:52.616+0000][6660][safepoint   ] Safepoint "Cleanup", Time since last: 1008352546 ns, Reaching safepoint: 46872594 ns, At safepoint: 91795885 ns, Total: 138668479 ns
[2022-02-19T16:32:53.149+0000][6660][gc,start    ] GC(60) Pause Young (Normal) (G1 Evacuation Pause)
[2022-02-19T16:32:53.149+0000][6660][gc,task     ] GC(60) Using 2 workers of 2 for evacuation
[2022-02-19T16:32:53.149+0000][6660][gc,age      ] GC(60) Desired survivor size 4194304 bytes, new threshold 3 (max threshold 15)
[2022-02-19T16:32:53.282+0000][6660][gc,age      ] GC(60) Age table with threshold 3 (max threshold 15)
[2022-02-19T16:32:53.282+0000][6660][gc,age      ] GC(60) - age   1:    1332544 bytes,    1332544 total
[2022-02-19T16:32:53.282+0000][6660][gc,age      ] GC(60) - age   2:    1072136 bytes,    2404680 total
[2022-02-19T16:32:53.282+0000][6660][gc,age      ] GC(60) - age   3:    2195528 bytes,    4600208 total
[2022-02-19T16:32:53.282+0000][6660][gc,phases   ] GC(60)   Pre Evacuate Collection Set: 0.1ms
[2022-02-19T16:32:53.282+0000][6660][gc,phases   ] GC(60)   Merge Heap Roots: 0.1ms
[2022-02-19T16:32:53.282+0000][6660][gc,phases   ] GC(60)   Evacuate Collection Set: 142.0ms
[2022-02-19T16:32:53.282+0000][6660][gc,phases   ] GC(60)   Post Evacuate Collection Set: 1.8ms
[2022-02-19T16:32:53.282+0000][6660][gc,phases   ] GC(60)   Other: 1.1ms
[2022-02-19T16:32:53.282+0000][6660][gc,heap     ] GC(60) Eden regions: 9->0(9)
[2022-02-19T16:32:53.282+0000][6660][gc,heap     ] GC(60) Survivor regions: 2->2(2)
[2022-02-19T16:32:53.282+0000][6660][gc,heap     ] GC(60) Old regions: 16->16
[2022-02-19T16:32:53.282+0000][6660][gc,heap     ] GC(60) Archive regions: 0->0
[2022-02-19T16:32:53.282+0000][6660][gc,heap     ] GC(60) Humongous regions: 0->0
[2022-02-19T16:32:53.282+0000][6660][gc,metaspace] GC(60) Metaspace: 98643K(100480K)->98643K(100480K) NonClass: 85075K(86144K)->85075K(86144K) Class: 13567K(14336K)->13567K(14336K)
[2022-02-19T16:32:53.282+0000][6660][gc          ] GC(60) Pause Young (Normal) (G1 Evacuation Pause) 101M->67M(956M) 145.661ms
[2022-02-19T16:32:53.282+0000][6660][gc,cpu      ] GC(60) User=0.05s Sys=0.00s Real=0.13s
[2022-02-19T16:32:53.569+0000][6660][safepoint   ] Safepoint "G1CollectForAllocation", Time since last: 532740912 ns, Reaching safepoint: 107781 ns, At safepoint: 420730368 ns, Total: 420838149 ns
[2022-02-19T16:32:54.429+0000][6660][gc,start    ] GC(61) Pause Young (Concurrent Start) (Metadata GC Threshold)
[2022-02-19T16:32:54.429+0000][6660][gc,task     ] GC(61) Using 2 workers of 2 for evacuation
[2022-02-19T16:32:54.429+0000][6660][gc,age      ] GC(61) Desired survivor size 4194304 bytes, new threshold 3 (max threshold 15)
[2022-02-19T16:32:55.318+0000][6660][gc,age      ] GC(61) Age table with threshold 3 (max threshold 15)
[2022-02-19T16:32:55.318+0000][6660][gc,age      ] GC(61) - age   1:     772304 bytes,     772304 total
[2022-02-19T16:32:55.318+0000][6660][gc,age      ] GC(61) - age   2:    1031072 bytes,    1803376 total
[2022-02-19T16:32:55.318+0000][6660][gc,age      ] GC(61) - age   3:    1070208 bytes,    2873584 total
[2022-02-19T16:32:55.318+0000][6660][gc,mmu      ] GC(61) MMU target violated: 201.0ms (200.0ms/201.0ms)
[2022-02-19T16:32:55.318+0000][6660][gc,phases   ] GC(61)   Pre Evacuate Collection Set: 0.1ms
[2022-02-19T16:32:55.318+0000][6660][gc,phases   ] GC(61)   Merge Heap Roots: 0.1ms
[2022-02-19T16:32:55.318+0000][6660][gc,phases   ] GC(61)   Evacuate Collection Set: 823.9ms
[2022-02-19T16:32:55.318+0000][6660][gc,phases   ] GC(61)   Post Evacuate Collection Set: 1.0ms
[2022-02-19T16:32:55.318+0000][6660][gc,phases   ] GC(61)   Other: 67.6ms
[2022-02-19T16:32:55.318+0000][6660][gc,heap     ] GC(61) Eden regions: 7->0(10)
[2022-02-19T16:32:55.318+0000][6660][gc,heap     ] GC(61) Survivor regions: 2->1(2)
[2022-02-19T16:32:55.318+0000][6660][gc,heap     ] GC(61) Old regions: 16->17
[2022-02-19T16:32:55.318+0000][6660][gc,heap     ] GC(61) Archive regions: 0->0
[2022-02-19T16:32:55.318+0000][6660][gc,heap     ] GC(61) Humongous regions: 0->0
[2022-02-19T16:32:55.318+0000][6660][gc,metaspace] GC(61) Metaspace: 99243K(100928K)->99243K(100928K) NonClass: 85560K(86528K)->85560K(86528K) Class: 13682K(14400K)->13682K(14400K)
[2022-02-19T16:32:55.318+0000][6660][gc          ] GC(61) Pause Young (Concurrent Start) (Metadata GC Threshold) 92M->67M(956M) 893.418ms
[2022-02-19T16:32:55.318+0000][6660][gc,cpu      ] GC(61) User=0.06s Sys=0.02s Real=0.89s
[2022-02-19T16:32:55.318+0000][6660][gc          ] GC(62) Concurrent Mark Cycle
[2022-02-19T16:32:55.318+0000][6660][gc,marking  ] GC(62) Concurrent Clear Claimed Marks
[2022-02-19T16:32:55.318+0000][6660][gc,marking  ] GC(62) Concurrent Clear Claimed Marks 0.147ms
[2022-02-19T16:32:55.318+0000][6660][gc,marking  ] GC(62) Concurrent Scan Root Regions
[2022-02-19T16:32:55.349+0000][6660][gc,marking  ] GC(62) Concurrent Scan Root Regions 25.382ms
[2022-02-19T16:32:55.349+0000][6660][gc,marking  ] GC(62) Concurrent Mark
[2022-02-19T16:32:55.349+0000][6660][safepoint   ] Safepoint "CollectForMetadataAllocation", Time since last: 859953459 ns, Reaching safepoint: 119586 ns, At safepoint: 919529375 ns, Total: 919648961 ns
[2022-02-19T16:32:55.349+0000][6660][gc,marking  ] GC(62) Concurrent Mark From Roots
[2022-02-19T16:32:55.349+0000][6660][gc,task     ] GC(62) Using 1 workers of 1 for marking
[2022-02-19T16:32:55.537+0000][6660][gc,marking  ] GC(62) Concurrent Mark From Roots 201.481ms
[2022-02-19T16:32:55.537+0000][6660][gc,marking  ] GC(62) Concurrent Preclean
[2022-02-19T16:32:55.537+0000][6660][gc,marking  ] GC(62) Concurrent Preclean 0.564ms
[2022-02-19T16:32:55.537+0000][6660][gc,start    ] GC(62) Pause Remark
[2022-02-19T16:32:55.568+0000][6660][gc          ] GC(62) Pause Remark 67M->67M(956M) 22.737ms
[2022-02-19T16:32:55.568+0000][6660][gc,cpu      ] GC(62) User=0.06s Sys=0.00s Real=0.03s
[2022-02-19T16:32:55.568+0000][6660][safepoint   ] Safepoint "G1Concurrent", Time since last: 202253863 ns, Reaching safepoint: 33361 ns, At safepoint: 22904575 ns, Total: 22937936 ns
[2022-02-19T16:32:55.568+0000][6660][gc,marking  ] GC(62) Concurrent Mark 225.250ms
[2022-02-19T16:32:55.568+0000][6660][gc,marking  ] GC(62) Concurrent Rebuild Remembered Sets
[2022-02-19T16:32:55.661+0000][6660][gc,marking  ] GC(62) Concurrent Rebuild Remembered Sets 91.170ms
[2022-02-19T16:32:55.661+0000][6660][gc,start    ] GC(62) Pause Cleanup
[2022-02-19T16:32:55.661+0000][6660][gc          ] GC(62) Pause Cleanup 68M->68M(956M) 0.154ms
[2022-02-19T16:32:55.661+0000][6660][gc,cpu      ] GC(62) User=0.00s Sys=0.00s Real=0.00s
[2022-02-19T16:32:55.661+0000][6660][safepoint   ] Safepoint "G1Concurrent", Time since last: 91403766 ns, Reaching safepoint: 31821 ns, At safepoint: 249950 ns, Total: 281771 ns
[2022-02-19T16:32:55.661+0000][6660][gc,marking  ] GC(62) Concurrent Cleanup for Next Mark
[2022-02-19T16:32:55.661+0000][6660][gc,marking  ] GC(62) Concurrent Cleanup for Next Mark 6.052ms
[2022-02-19T16:32:55.661+0000][6660][gc          ] GC(62) Concurrent Mark Cycle 348.975ms
[2022-02-19T16:32:56.673+0000][6660][safepoint   ] Safepoint "Cleanup", Time since last: 1006053210 ns, Reaching safepoint: 220182 ns, At safepoint: 5645 ns, Total: 225827 ns
[2022-02-19T16:32:57.673+0000][6660][safepoint   ] Safepoint "Cleanup", Time since last: 1000195547 ns, Reaching safepoint: 71341 ns, At safepoint: 6158 ns, Total: 77499 ns
[2022-02-19T16:33:01.106+0000][6660][safepoint   ] Safepoint "Cleanup", Time since last: 1014908735 ns, Reaching safepoint: 2418006578 ns, At safepoint: 5205842 ns, Total: 2423212420 ns
[2022-02-19T16:33:01.527+0000][6660][gc,start    ] GC(63) Pause Young (Prepare Mixed) (G1 Evacuation Pause)
[2022-02-19T16:33:01.527+0000][6660][gc,task     ] GC(63) Using 2 workers of 2 for evacuation
[2022-02-19T16:33:01.527+0000][6660][gc,age      ] GC(63) Desired survivor size 4194304 bytes, new threshold 15 (max threshold 15)
[2022-02-19T16:33:01.543+0000][6660][gc,age      ] GC(63) Age table with threshold 15 (max threshold 15)
[2022-02-19T16:33:01.543+0000][6660][gc,age      ] GC(63) - age   1:     537192 bytes,     537192 total
[2022-02-19T16:33:01.543+0000][6660][gc,age      ] GC(63) - age   2:     705280 bytes,    1242472 total
[2022-02-19T16:33:01.543+0000][6660][gc,age      ] GC(63) - age   3:    1006120 bytes,    2248592 total
[2022-02-19T16:33:01.543+0000][6660][gc,age      ] GC(63) - age   4:    1039432 bytes,    3288024 total
[2022-02-19T16:33:01.543+0000][6660][gc,phases   ] GC(63)   Pre Evacuate Collection Set: 0.1ms
[2022-02-19T16:33:01.543+0000][6660][gc,phases   ] GC(63)   Merge Heap Roots: 0.1ms
[2022-02-19T16:33:01.543+0000][6660][gc,phases   ] GC(63)   Evacuate Collection Set: 10.8ms
[2022-02-19T16:33:01.543+0000][6660][gc,phases   ] GC(63)   Post Evacuate Collection Set: 0.8ms
[2022-02-19T16:33:01.543+0000][6660][gc,phases   ] GC(63)   Other: 0.5ms
[2022-02-19T16:33:01.543+0000][6660][gc,heap     ] GC(63) Eden regions: 10->0(10)
[2022-02-19T16:33:01.543+0000][6660][gc,heap     ] GC(63) Survivor regions: 1->1(2)
[2022-02-19T16:33:01.543+0000][6660][gc,heap     ] GC(63) Old regions: 17->17
[2022-02-19T16:33:01.543+0000][6660][gc,heap     ] GC(63) Archive regions: 0->0
[2022-02-19T16:33:01.543+0000][6660][gc,heap     ] GC(63) Humongous regions: 1->1
[2022-02-19T16:33:01.543+0000][6660][gc,metaspace] GC(63) Metaspace: 100186K(101952K)->100186K(101952K) NonClass: 86336K(87360K)->86336K(87360K) Class: 13850K(14592K)->13850K(14592K)
[2022-02-19T16:33:01.543+0000][6660][gc          ] GC(63) Pause Young (Prepare Mixed) (G1 Evacuation Pause) 111M->71M(956M) 12.523ms
[2022-02-19T16:33:01.543+0000][6660][gc,cpu      ] GC(63) User=0.03s Sys=0.00s Real=0.02s
[2022-02-19T16:33:01.543+0000][6660][safepoint   ] Safepoint "G1CollectForAllocation", Time since last: 421042934 ns, Reaching safepoint: 43626 ns, At safepoint: 12689464 ns, Total: 12733090 ns
[2022-02-19T16:33:03.730+0000][6660][safepoint   ] Safepoint "Cleanup", Time since last: 2013111352 ns, Reaching safepoint: 93828847 ns, At safepoint: 86942128 ns, Total: 180770975 ns
[2022-02-19T16:33:06.322+0000][6660][safepoint   ] Safepoint "Cleanup", Time since last: 2006275445 ns, Reaching safepoint: 577226917 ns, At safepoint: 1493543 ns, Total: 578720460 ns
[2022-02-19T16:33:07.336+0000][6660][safepoint   ] Safepoint "Cleanup", Time since last: 1012340971 ns, Reaching safepoint: 48758 ns, At safepoint: 7783357 ns, Total: 7832115 ns
[2022-02-19T16:33:08.351+0000][6660][safepoint   ] Safepoint "Cleanup", Time since last: 1007129997 ns, Reaching safepoint: 82633 ns, At safepoint: 3592 ns, Total: 86225 ns
[2022-02-19T16:33:09.365+0000][6660][safepoint   ] Safepoint "Cleanup", Time since last: 1013997212 ns, Reaching safepoint: 127798 ns, At safepoint: 7699 ns, Total: 135497 ns
[2022-02-19T16:33:09.833+0000][6660][gc,start    ] GC(64) Pause Young (Mixed) (G1 Evacuation Pause)
[2022-02-19T16:33:09.833+0000][6660][gc,task     ] GC(64) Using 2 workers of 2 for evacuation
[2022-02-19T16:33:09.833+0000][6660][gc,age      ] GC(64) Desired survivor size 4194304 bytes, new threshold 15 (max threshold 15)
[2022-02-19T16:33:16.268+0000][6660][gc,age      ] GC(64) Age table with threshold 15 (max threshold 15)
[2022-02-19T16:33:16.268+0000][6660][gc,age      ] GC(64) - age   1:    1748768 bytes,    1748768 total
[2022-02-19T16:33:16.268+0000][6660][gc,age      ] GC(64) - age   2:     490224 bytes,    2238992 total
[2022-02-19T16:33:16.268+0000][6660][gc,age      ] GC(64) - age   3:     704832 bytes,    2943824 total
[2022-02-19T16:33:16.268+0000][6660][gc,age      ] GC(64) - age   4:     999336 bytes,    3943160 total
[2022-02-19T16:33:16.268+0000][6660][gc,age      ] GC(64) - age   5:    1038664 bytes,    4981824 total
[2022-02-19T16:33:16.268+0000][6660][gc,mmu      ] GC(64) MMU target violated: 201.0ms (200.0ms/201.0ms)
[2022-02-19T16:33:16.268+0000][6660][gc,phases   ] GC(64)   Pre Evacuate Collection Set: 0.1ms
[2022-02-19T16:33:16.268+0000][6660][gc,phases   ] GC(64)   Merge Heap Roots: 0.2ms
[2022-02-19T16:33:16.268+0000][6660][gc,phases   ] GC(64)   Evacuate Collection Set: 6426.8ms
[2022-02-19T16:33:16.268+0000][6660][gc,phases   ] GC(64)   Post Evacuate Collection Set: 1.6ms
[2022-02-19T16:33:16.268+0000][6660][gc,phases   ] GC(64)   Other: 0.8ms
[2022-02-19T16:33:16.268+0000][6660][gc,heap     ] GC(64) Eden regions: 10->0(9)
[2022-02-19T16:33:16.268+0000][6660][gc,heap     ] GC(64) Survivor regions: 1->2(2)
[2022-02-19T16:33:16.268+0000][6660][gc,heap     ] GC(64) Old regions: 17->16
[2022-02-19T16:33:16.268+0000][6660][gc,heap     ] GC(64) Archive regions: 0->0
[2022-02-19T16:33:16.268+0000][6660][gc,heap     ] GC(64) Humongous regions: 2->2
[2022-02-19T16:33:16.268+0000][6660][gc,metaspace] GC(64) Metaspace: 101689K(103424K)->101689K(103424K) NonClass: 87576K(88576K)->87576K(88576K) Class: 14112K(14848K)->14112K(14848K)
[2022-02-19T16:33:16.268+0000][6660][gc          ] GC(64) Pause Young (Mixed) (G1 Evacuation Pause) 115M->76M(956M) 6429.914ms
[2022-02-19T16:33:16.268+0000][6660][gc,cpu      ] GC(64) User=0.05s Sys=0.02s Real=6.43s
[2022-02-19T16:33:16.284+0000][6660][safepoint   ] Safepoint "G1CollectForAllocation", Time since last: 476590905 ns, Reaching safepoint: 50298 ns, At safepoint: 6444940638 ns, Total: 6444990936 ns
[2022-02-19T16:33:18.285+0000][6660][safepoint   ] Safepoint "Cleanup", Time since last: 1997492799 ns, Reaching safepoint: 201192 ns, At safepoint: 66722 ns, Total: 267914 ns
[2022-02-19T16:33:18.504+0000][6660][gc,start    ] GC(65) Pause Young (Normal) (G1 Evacuation Pause)
[2022-02-19T16:33:18.504+0000][6660][gc,task     ] GC(65) Using 2 workers of 2 for evacuation
[2022-02-19T16:33:18.504+0000][6660][gc,age      ] GC(65) Desired survivor size 4194304 bytes, new threshold 5 (max threshold 15)
[2022-02-19T16:33:18.567+0000][6660][gc,age      ] GC(65) Age table with threshold 5 (max threshold 15)
[2022-02-19T16:33:18.567+0000][6660][gc,age      ] GC(65) - age   1:     782312 bytes,     782312 total
[2022-02-19T16:33:18.567+0000][6660][gc,age      ] GC(65) - age   2:    1685944 bytes,    2468256 total
[2022-02-19T16:33:18.567+0000][6660][gc,age      ] GC(65) - age   3:     443744 bytes,    2912000 total
[2022-02-19T16:33:18.567+0000][6660][gc,age      ] GC(65) - age   4:     702600 bytes,    3614600 total
[2022-02-19T16:33:18.567+0000][6660][gc,age      ] GC(65) - age   5:     984440 bytes,    4599040 total
[2022-02-19T16:33:18.567+0000][6660][gc,phases   ] GC(65)   Pre Evacuate Collection Set: 0.1ms
[2022-02-19T16:33:18.567+0000][6660][gc,phases   ] GC(65)   Merge Heap Roots: 0.2ms
[2022-02-19T16:33:18.567+0000][6660][gc,phases   ] GC(65)   Evacuate Collection Set: 60.7ms
[2022-02-19T16:33:18.567+0000][6660][gc,phases   ] GC(65)   Post Evacuate Collection Set: 0.9ms
[2022-02-19T16:33:18.567+0000][6660][gc,phases   ] GC(65)   Other: 0.5ms
[2022-02-19T16:33:18.567+0000][6660][gc,heap     ] GC(65) Eden regions: 9->0(9)
[2022-02-19T16:33:18.567+0000][6660][gc,heap     ] GC(65) Survivor regions: 2->2(2)
[2022-02-19T16:33:18.567+0000][6660][gc,heap     ] GC(65) Old regions: 16->17
[2022-02-19T16:33:18.567+0000][6660][gc,heap     ] GC(65) Archive regions: 0->0
[2022-02-19T16:33:18.567+0000][6660][gc,heap     ] GC(65) Humongous regions: 2->2
[2022-02-19T16:33:18.567+0000][6660][gc,metaspace] GC(65) Metaspace: 101881K(103616K)->101881K(103616K) NonClass: 87763K(88768K)->87763K(88768K) Class: 14118K(14848K)->14118K(14848K)
[2022-02-19T16:33:18.567+0000][6660][gc          ] GC(65) Pause Young (Normal) (G1 Evacuation Pause) 112M->77M(956M) 62.779ms
[2022-02-19T16:33:18.567+0000][6660][gc,cpu      ] GC(65) User=0.05s Sys=0.00s Real=0.06s
[2022-02-19T16:33:18.567+0000][6660][safepoint   ] Safepoint "G1CollectForAllocation", Time since last: 231622757 ns, Reaching safepoint: 127284 ns, At safepoint: 62939723 ns, Total: 63067007 ns
[2022-02-19T16:33:20.333+0000][6660][safepoint   ] Safepoint "Cleanup", Time since last: 1758113374 ns, Reaching safepoint: 313592 ns, At safepoint: 45166 ns, Total: 358758 ns
[2022-02-19T16:33:20.849+0000][6660][gc,start    ] GC(66) Pause Young (Normal) (G1 Evacuation Pause)
[2022-02-19T16:33:20.849+0000][6660][gc,task     ] GC(66) Using 2 workers of 2 for evacuation
[2022-02-19T16:33:20.849+0000][6660][gc,age      ] GC(66) Desired survivor size 4194304 bytes, new threshold 5 (max threshold 15)
[2022-02-19T16:33:20.865+0000][6660][gc,age      ] GC(66) Age table with threshold 5 (max threshold 15)
[2022-02-19T16:33:20.865+0000][6660][gc,age      ] GC(66) - age   1:     709384 bytes,     709384 total
[2022-02-19T16:33:20.865+0000][6660][gc,age      ] GC(66) - age   2:      68840 bytes,     778224 total
[2022-02-19T16:33:20.865+0000][6660][gc,age      ] GC(66) - age   3:    1684864 bytes,    2463088 total
[2022-02-19T16:33:20.865+0000][6660][gc,age      ] GC(66) - age   4:     443464 bytes,    2906552 total
[2022-02-19T16:33:20.865+0000][6660][gc,age      ] GC(66) - age   5:     693568 bytes,    3600120 total
[2022-02-19T16:33:20.865+0000][6660][gc,phases   ] GC(66)   Pre Evacuate Collection Set: 0.1ms
[2022-02-19T16:33:20.865+0000][6660][gc,phases   ] GC(66)   Merge Heap Roots: 0.1ms
[2022-02-19T16:33:20.865+0000][6660][gc,phases   ] GC(66)   Evacuate Collection Set: 11.9ms
[2022-02-19T16:33:20.865+0000][6660][gc,phases   ] GC(66)   Post Evacuate Collection Set: 0.8ms
[2022-02-19T16:33:20.865+0000][6660][gc,phases   ] GC(66)   Other: 0.6ms
[2022-02-19T16:33:20.865+0000][6660][gc,heap     ] GC(66) Eden regions: 9->0(10)
[2022-02-19T16:33:20.865+0000][6660][gc,heap     ] GC(66) Survivor regions: 2->1(2)
[2022-02-19T16:33:20.865+0000][6660][gc,heap     ] GC(66) Old regions: 17->17
[2022-02-19T16:33:20.865+0000][6660][gc,heap     ] GC(66) Archive regions: 0->0
[2022-02-19T16:33:20.865+0000][6660][gc,heap     ] GC(66) Humongous regions: 2->2
[2022-02-19T16:33:20.865+0000][6660][gc,metaspace] GC(66) Metaspace: 102263K(104000K)->102263K(104000K) NonClass: 88111K(89088K)->88111K(89088K) Class: 14151K(14912K)->14151K(14912K)
[2022-02-19T16:33:20.865+0000][6660][gc          ] GC(66) Pause Young (Normal) (G1 Evacuation Pause) 113M->77M(956M) 13.725ms
[2022-02-19T16:33:20.865+0000][6660][gc,cpu      ] GC(66) User=0.02s Sys=0.00s Real=0.02s
[2022-02-19T16:33:20.865+0000][6660][safepoint   ] Safepoint "G1CollectForAllocation", Time since last: 519555653 ns, Reaching safepoint: 152434 ns, At safepoint: 13885838 ns, Total: 14038272 ns
[2022-02-19T16:33:21.897+0000][6660][safepoint   ] Safepoint "Cleanup", Time since last: 1025613994 ns, Reaching safepoint: 166805 ns, At safepoint: 4619 ns, Total: 171424 ns
[2022-02-19T16:33:22.382+0000][6660][gc,start    ] GC(67) Pause Young (Normal) (G1 Evacuation Pause)
[2022-02-19T16:33:22.382+0000][6660][gc,task     ] GC(67) Using 2 workers of 2 for evacuation
[2022-02-19T16:33:22.382+0000][6660][gc,age      ] GC(67) Desired survivor size 4194304 bytes, new threshold 15 (max threshold 15)
[2022-02-19T16:33:22.398+0000][6660][gc,age      ] GC(67) Age table with threshold 15 (max threshold 15)
[2022-02-19T16:33:22.398+0000][6660][gc,age      ] GC(67) - age   1:     149160 bytes,     149160 total
[2022-02-19T16:33:22.398+0000][6660][gc,age      ] GC(67) - age   2:     205704 bytes,     354864 total
[2022-02-19T16:33:22.398+0000][6660][gc,age      ] GC(67) - age   3:      67664 bytes,     422528 total
[2022-02-19T16:33:22.398+0000][6660][gc,age      ] GC(67) - age   4:    1684848 bytes,    2107376 total
[2022-02-19T16:33:22.398+0000][6660][gc,age      ] GC(67) - age   5:     443464 bytes,    2550840 total
[2022-02-19T16:33:22.398+0000][6660][gc,age      ] GC(67) - age   6:     680816 bytes,    3231656 total
[2022-02-19T16:33:22.398+0000][6660][gc,phases   ] GC(67)   Pre Evacuate Collection Set: 0.1ms
[2022-02-19T16:33:22.398+0000][6660][gc,phases   ] GC(67)   Merge Heap Roots: 0.1ms
[2022-02-19T16:33:22.398+0000][6660][gc,phases   ] GC(67)   Evacuate Collection Set: 10.1ms
[2022-02-19T16:33:22.398+0000][6660][gc,phases   ] GC(67)   Post Evacuate Collection Set: 0.8ms
[2022-02-19T16:33:22.398+0000][6660][gc,phases   ] GC(67)   Other: 0.6ms
[2022-02-19T16:33:22.398+0000][6660][gc,heap     ] GC(67) Eden regions: 10->0(10)
[2022-02-19T16:33:22.398+0000][6660][gc,heap     ] GC(67) Survivor regions: 1->1(2)
[2022-02-19T16:33:22.398+0000][6660][gc,heap     ] GC(67) Old regions: 17->17
[2022-02-19T16:33:22.398+0000][6660][gc,heap     ] GC(67) Archive regions: 0->0
[2022-02-19T16:33:22.398+0000][6660][gc,heap     ] GC(67) Humongous regions: 2->2
[2022-02-19T16:33:22.398+0000][6660][gc,metaspace] GC(67) Metaspace: 102343K(104064K)->102343K(104064K) NonClass: 88190K(89152K)->88190K(89152K) Class: 14153K(14912K)->14153K(14912K)
[2022-02-19T16:33:22.398+0000][6660][gc          ] GC(67) Pause Young (Normal) (G1 Evacuation Pause) 117M->77M(956M) 11.968ms
[2022-02-19T16:33:22.398+0000][6660][gc,cpu      ] GC(67) User=0.03s Sys=0.00s Real=0.02s
[2022-02-19T16:33:22.413+0000][6660][safepoint   ] Safepoint "G1CollectForAllocation", Time since last: 492339308 ns, Reaching safepoint: 61590 ns, At safepoint: 37454552 ns, Total: 37516142 ns
[2022-02-19T16:33:23.763+0000][6660][safepoint   ] Safepoint "Cleanup", Time since last: 1288428177 ns, Reaching safepoint: 1040348 ns, At safepoint: 45611551 ns, Total: 46651899 ns
[2022-02-19T16:33:24.013+0000][6660][gc,start    ] GC(68) Pause Young (Normal) (G1 Evacuation Pause)
[2022-02-19T16:33:24.013+0000][6660][gc,task     ] GC(68) Using 2 workers of 2 for evacuation
[2022-02-19T16:33:24.013+0000][6660][gc,age      ] GC(68) Desired survivor size 4194304 bytes, new threshold 15 (max threshold 15)
[2022-02-19T16:33:24.029+0000][6660][gc,age      ] GC(68) Age table with threshold 15 (max threshold 15)
[2022-02-19T16:33:24.029+0000][6660][gc,age      ] GC(68) - age   1:     136880 bytes,     136880 total
[2022-02-19T16:33:24.029+0000][6660][gc,age      ] GC(68) - age   2:      68488 bytes,     205368 total
[2022-02-19T16:33:24.029+0000][6660][gc,age      ] GC(68) - age   3:     202528 bytes,     407896 total
[2022-02-19T16:33:24.029+0000][6660][gc,age      ] GC(68) - age   4:      67664 bytes,     475560 total
[2022-02-19T16:33:24.029+0000][6660][gc,age      ] GC(68) - age   5:    1684816 bytes,    2160376 total
[2022-02-19T16:33:24.029+0000][6660][gc,age      ] GC(68) - age   6:     443432 bytes,    2603808 total
[2022-02-19T16:33:24.029+0000][6660][gc,age      ] GC(68) - age   7:     669328 bytes,    3273136 total
[2022-02-19T16:33:24.029+0000][6660][gc,phases   ] GC(68)   Pre Evacuate Collection Set: 0.1ms
[2022-02-19T16:33:24.029+0000][6660][gc,phases   ] GC(68)   Merge Heap Roots: 0.2ms
[2022-02-19T16:33:24.029+0000][6660][gc,phases   ] GC(68)   Evacuate Collection Set: 11.6ms
[2022-02-19T16:33:24.029+0000][6660][gc,phases   ] GC(68)   Post Evacuate Collection Set: 0.8ms
[2022-02-19T16:33:24.029+0000][6660][gc,phases   ] GC(68)   Other: 0.7ms
[2022-02-19T16:33:24.029+0000][6660][gc,heap     ] GC(68) Eden regions: 10->0(10)
[2022-02-19T16:33:24.029+0000][6660][gc,heap     ] GC(68) Survivor regions: 1->1(2)
[2022-02-19T16:33:24.029+0000][6660][gc,heap     ] GC(68) Old regions: 17->17
[2022-02-19T16:33:24.029+0000][6660][gc,heap     ] GC(68) Archive regions: 0->0
[2022-02-19T16:33:24.029+0000][6660][gc,heap     ] GC(68) Humongous regions: 2->2
[2022-02-19T16:33:24.029+0000][6660][gc,metaspace] GC(68) Metaspace: 102574K(104320K)->102574K(104320K) NonClass: 88386K(89408K)->88386K(89408K) Class: 14188K(14912K)->14188K(14912K)
[2022-02-19T16:33:24.029+0000][6660][gc          ] GC(68) Pause Young (Normal) (G1 Evacuation Pause) 117M->77M(956M) 13.607ms
[2022-02-19T16:33:24.029+0000][6660][gc,cpu      ] GC(68) User=0.03s Sys=0.00s Real=0.02s
[2022-02-19T16:33:24.044+0000][6660][safepoint   ] Safepoint "G1CollectForAllocation", Time since last: 259558671 ns, Reaching safepoint: 217103 ns, At safepoint: 26247339 ns, Total: 26464442 ns
[2022-02-19T16:33:24.936+0000][6660][gc,start    ] GC(69) Pause Young (Normal) (G1 Evacuation Pause)
[2022-02-19T16:33:24.936+0000][6660][gc,task     ] GC(69) Using 2 workers of 2 for evacuation
[2022-02-19T16:33:24.936+0000][6660][gc,age      ] GC(69) Desired survivor size 4194304 bytes, new threshold 15 (max threshold 15)
[2022-02-19T16:33:24.936+0000][6660][gc,age      ] GC(69) Age table with threshold 15 (max threshold 15)
[2022-02-19T16:33:24.936+0000][6660][gc,age      ] GC(69) - age   1:     128912 bytes,     128912 total
[2022-02-19T16:33:24.936+0000][6660][gc,age      ] GC(69) - age   2:      65032 bytes,     193944 total
[2022-02-19T16:33:24.936+0000][6660][gc,age      ] GC(69) - age   3:      68488 bytes,     262432 total
[2022-02-19T16:33:24.936+0000][6660][gc,age      ] GC(69) - age   4:     202528 bytes,     464960 total
[2022-02-19T16:33:24.936+0000][6660][gc,age      ] GC(69) - age   5:      67664 bytes,     532624 total
[2022-02-19T16:33:24.936+0000][6660][gc,age      ] GC(69) - age   6:    1684816 bytes,    2217440 total
[2022-02-19T16:33:24.936+0000][6660][gc,age      ] GC(69) - age   7:     443080 bytes,    2660520 total
[2022-02-19T16:33:24.936+0000][6660][gc,age      ] GC(69) - age   8:     661448 bytes,    3321968 total
[2022-02-19T16:33:24.936+0000][6660][gc,phases   ] GC(69)   Pre Evacuate Collection Set: 0.1ms
[2022-02-19T16:33:24.936+0000][6660][gc,phases   ] GC(69)   Merge Heap Roots: 0.1ms
[2022-02-19T16:33:24.936+0000][6660][gc,phases   ] GC(69)   Evacuate Collection Set: 8.1ms
[2022-02-19T16:33:24.936+0000][6660][gc,phases   ] GC(69)   Post Evacuate Collection Set: 0.8ms
[2022-02-19T16:33:24.936+0000][6660][gc,phases   ] GC(69)   Other: 0.6ms
[2022-02-19T16:33:24.936+0000][6660][gc,heap     ] GC(69) Eden regions: 10->0(10)
[2022-02-19T16:33:24.936+0000][6660][gc,heap     ] GC(69) Survivor regions: 1->1(2)
[2022-02-19T16:33:24.936+0000][6660][gc,heap     ] GC(69) Old regions: 17->17
[2022-02-19T16:33:24.936+0000][6660][gc,heap     ] GC(69) Archive regions: 0->0
[2022-02-19T16:33:24.936+0000][6660][gc,heap     ] GC(69) Humongous regions: 2->2
[2022-02-19T16:33:24.936+0000][6660][gc,metaspace] GC(69) Metaspace: 102623K(104384K)->102623K(104384K) NonClass: 88432K(89408K)->88432K(89408K) Class: 14190K(14976K)->14190K(14976K)
[2022-02-19T16:33:24.936+0000][6660][gc          ] GC(69) Pause Young (Normal) (G1 Evacuation Pause) 117M->77M(956M) 9.948ms
[2022-02-19T16:33:24.936+0000][6660][gc,cpu      ] GC(69) User=0.00s Sys=0.00s Real=0.00s
[2022-02-19T16:33:24.936+0000][6660][safepoint   ] Safepoint "G1CollectForAllocation", Time since last: 888182949 ns, Reaching safepoint: 100596 ns, At safepoint: 10393207 ns, Total: 10493803 ns
[2022-02-19T16:33:26.291+0000][6660][gc,start    ] GC(70) Pause Young (Normal) (G1 Evacuation Pause)
[2022-02-19T16:33:26.291+0000][6660][gc,task     ] GC(70) Using 2 workers of 2 for evacuation
[2022-02-19T16:33:26.291+0000][6660][gc,age      ] GC(70) Desired survivor size 4194304 bytes, new threshold 15 (max threshold 15)
[2022-02-19T16:33:26.307+0000][6660][gc,age      ] GC(70) Age table with threshold 15 (max threshold 15)
[2022-02-19T16:33:26.307+0000][6660][gc,age      ] GC(70) - age   1:     301280 bytes,     301280 total
[2022-02-19T16:33:26.307+0000][6660][gc,age      ] GC(70) - age   2:      59040 bytes,     360320 total
[2022-02-19T16:33:26.307+0000][6660][gc,age      ] GC(70) - age   3:      64896 bytes,     425216 total
[2022-02-19T16:33:26.307+0000][6660][gc,age      ] GC(70) - age   4:      68488 bytes,     493704 total
[2022-02-19T16:33:26.307+0000][6660][gc,age      ] GC(70) - age   5:     202392 bytes,     696096 total
[2022-02-19T16:33:26.307+0000][6660][gc,age      ] GC(70) - age   6:      63168 bytes,     759264 total
[2022-02-19T16:33:26.307+0000][6660][gc,age      ] GC(70) - age   7:    1684408 bytes,    2443672 total
[2022-02-19T16:33:26.307+0000][6660][gc,age      ] GC(70) - age   8:     442744 bytes,    2886416 total
[2022-02-19T16:33:26.307+0000][6660][gc,age      ] GC(70) - age   9:     646320 bytes,    3532736 total
[2022-02-19T16:33:26.307+0000][6660][gc,phases   ] GC(70)   Pre Evacuate Collection Set: 0.1ms
[2022-02-19T16:33:26.307+0000][6660][gc,phases   ] GC(70)   Merge Heap Roots: 0.2ms
[2022-02-19T16:33:26.307+0000][6660][gc,phases   ] GC(70)   Evacuate Collection Set: 10.6ms
[2022-02-19T16:33:26.307+0000][6660][gc,phases   ] GC(70)   Post Evacuate Collection Set: 0.8ms
[2022-02-19T16:33:26.307+0000][6660][gc,phases   ] GC(70)   Other: 0.8ms
[2022-02-19T16:33:26.307+0000][6660][gc,heap     ] GC(70) Eden regions: 10->0(10)
[2022-02-19T16:33:26.307+0000][6660][gc,heap     ] GC(70) Survivor regions: 1->1(2)
[2022-02-19T16:33:26.307+0000][6660][gc,heap     ] GC(70) Old regions: 17->17
[2022-02-19T16:33:26.307+0000][6660][gc,heap     ] GC(70) Archive regions: 0->0
[2022-02-19T16:33:26.307+0000][6660][gc,heap     ] GC(70) Humongous regions: 2->2
[2022-02-19T16:33:26.307+0000][6660][gc,metaspace] GC(70) Metaspace: 102751K(104512K)->102751K(104512K) NonClass: 88540K(89536K)->88540K(89536K) Class: 14210K(14976K)->14210K(14976K)
[2022-02-19T16:33:26.307+0000][6660][gc          ] GC(70) Pause Young (Normal) (G1 Evacuation Pause) 117M->77M(956M) 12.664ms
[2022-02-19T16:33:26.307+0000][6660][gc,cpu      ] GC(70) User=0.03s Sys=0.00s Real=0.02s
[2022-02-19T16:33:26.307+0000][6660][safepoint   ] Safepoint "G1CollectForAllocation", Time since last: 1357394934 ns, Reaching safepoint: 366456 ns, At safepoint: 13820656 ns, Total: 14187112 ns
[2022-02-19T16:33:26.775+0000][6660][gc,start    ] GC(71) Pause Young (Normal) (G1 Evacuation Pause)
[2022-02-19T16:33:26.775+0000][6660][gc,task     ] GC(71) Using 2 workers of 2 for evacuation
[2022-02-19T16:33:26.775+0000][6660][gc,age      ] GC(71) Desired survivor size 4194304 bytes, new threshold 15 (max threshold 15)
[2022-02-19T16:33:26.775+0000][6660][gc,age      ] GC(71) Age table with threshold 15 (max threshold 15)
[2022-02-19T16:33:26.775+0000][6660][gc,age      ] GC(71) - age   1:     235008 bytes,     235008 total
[2022-02-19T16:33:26.775+0000][6660][gc,age      ] GC(71) - age   2:     124704 bytes,     359712 total
[2022-02-19T16:33:26.775+0000][6660][gc,age      ] GC(71) - age   3:      59040 bytes,     418752 total
[2022-02-19T16:33:26.775+0000][6660][gc,age      ] GC(71) - age   4:      64896 bytes,     483648 total
[2022-02-19T16:33:26.775+0000][6660][gc,age      ] GC(71) - age   5:      67312 bytes,     550960 total
[2022-02-19T16:33:26.775+0000][6660][gc,age      ] GC(71) - age   6:     194240 bytes,     745200 total
[2022-02-19T16:33:26.775+0000][6660][gc,age      ] GC(71) - age   7:      62984 bytes,     808184 total
[2022-02-19T16:33:26.775+0000][6660][gc,age      ] GC(71) - age   8:    1684408 bytes,    2492592 total
[2022-02-19T16:33:26.775+0000][6660][gc,age      ] GC(71) - age   9:     442744 bytes,    2935336 total
[2022-02-19T16:33:26.775+0000][6660][gc,age      ] GC(71) - age  10:     640288 bytes,    3575624 total
[2022-02-19T16:33:26.775+0000][6660][gc,phases   ] GC(71)   Pre Evacuate Collection Set: 0.1ms
[2022-02-19T16:33:26.775+0000][6660][gc,phases   ] GC(71)   Merge Heap Roots: 0.1ms
[2022-02-19T16:33:26.775+0000][6660][gc,phases   ] GC(71)   Evacuate Collection Set: 9.0ms
[2022-02-19T16:33:26.775+0000][6660][gc,phases   ] GC(71)   Post Evacuate Collection Set: 1.1ms
[2022-02-19T16:33:26.790+0000][6660][gc,phases   ] GC(71)   Other: 0.6ms
[2022-02-19T16:33:26.790+0000][6660][gc,heap     ] GC(71) Eden regions: 10->0(10)
[2022-02-19T16:33:26.790+0000][6660][gc,heap     ] GC(71) Survivor regions: 1->1(2)
[2022-02-19T16:33:26.790+0000][6660][gc,heap     ] GC(71) Old regions: 17->17
[2022-02-19T16:33:26.790+0000][6660][gc,heap     ] GC(71) Archive regions: 0->0
[2022-02-19T16:33:26.790+0000][6660][gc,heap     ] GC(71) Humongous regions: 2->2
[2022-02-19T16:33:26.790+0000][6660][gc,metaspace] GC(71) Metaspace: 102808K(104576K)->102808K(104576K) NonClass: 88598K(89600K)->88598K(89600K) Class: 14210K(14976K)->14210K(14976K)
[2022-02-19T16:33:26.790+0000][6660][gc          ] GC(71) Pause Young (Normal) (G1 Evacuation Pause) 117M->77M(956M) 11.182ms
[2022-02-19T16:33:26.790+0000][6660][gc,cpu      ] GC(71) User=0.02s Sys=0.00s Real=0.01s
[2022-02-19T16:33:26.790+0000][6660][safepoint   ] Safepoint "G1CollectForAllocation", Time since last: 460127552 ns, Reaching safepoint: 80579 ns, At safepoint: 11352975 ns, Total: 11433554 ns
[2022-02-19T16:33:27.805+0000][6660][safepoint   ] Safepoint "Cleanup", Time since last: 1014743470 ns, Reaching safepoint: 94437 ns, At safepoint: 11805 ns, Total: 106242 ns
[2022-02-19T16:33:28.322+0000][6660][gc,start    ] GC(72) Pause Young (Normal) (G1 Evacuation Pause)
[2022-02-19T16:33:28.322+0000][6660][gc,task     ] GC(72) Using 2 workers of 2 for evacuation
[2022-02-19T16:33:28.322+0000][6660][gc,age      ] GC(72) Desired survivor size 4194304 bytes, new threshold 15 (max threshold 15)
[2022-02-19T16:33:28.338+0000][6660][gc,age      ] GC(72) Age table with threshold 15 (max threshold 15)
[2022-02-19T16:33:28.338+0000][6660][gc,age      ] GC(72) - age   1:      28752 bytes,      28752 total
[2022-02-19T16:33:28.338+0000][6660][gc,age      ] GC(72) - age   2:      22744 bytes,      51496 total
[2022-02-19T16:33:28.338+0000][6660][gc,age      ] GC(72) - age   3:     124456 bytes,     175952 total
[2022-02-19T16:33:28.338+0000][6660][gc,age      ] GC(72) - age   4:      59040 bytes,     234992 total
[2022-02-19T16:33:28.338+0000][6660][gc,age      ] GC(72) - age   5:      64896 bytes,     299888 total
[2022-02-19T16:33:28.338+0000][6660][gc,age      ] GC(72) - age   6:      67312 bytes,     367200 total
[2022-02-19T16:33:28.338+0000][6660][gc,age      ] GC(72) - age   7:     194240 bytes,     561440 total
[2022-02-19T16:33:28.338+0000][6660][gc,age      ] GC(72) - age   8:      62984 bytes,     624424 total
[2022-02-19T16:33:28.338+0000][6660][gc,age      ] GC(72) - age   9:    1684408 bytes,    2308832 total
[2022-02-19T16:33:28.338+0000][6660][gc,age      ] GC(72) - age  10:     442744 bytes,    2751576 total
[2022-02-19T16:33:28.338+0000][6660][gc,age      ] GC(72) - age  11:     634416 bytes,    3385992 total
[2022-02-19T16:33:28.338+0000][6660][gc,phases   ] GC(72)   Pre Evacuate Collection Set: 0.1ms
[2022-02-19T16:33:28.338+0000][6660][gc,phases   ] GC(72)   Merge Heap Roots: 0.1ms
[2022-02-19T16:33:28.338+0000][6660][gc,phases   ] GC(72)   Evacuate Collection Set: 8.4ms
[2022-02-19T16:33:28.338+0000][6660][gc,phases   ] GC(72)   Post Evacuate Collection Set: 0.8ms
[2022-02-19T16:33:28.338+0000][6660][gc,phases   ] GC(72)   Other: 0.7ms
[2022-02-19T16:33:28.338+0000][6660][gc,heap     ] GC(72) Eden regions: 10->0(10)
[2022-02-19T16:33:28.338+0000][6660][gc,heap     ] GC(72) Survivor regions: 1->1(2)
[2022-02-19T16:33:28.338+0000][6660][gc,heap     ] GC(72) Old regions: 17->17
[2022-02-19T16:33:28.338+0000][6660][gc,heap     ] GC(72) Archive regions: 0->0
[2022-02-19T16:33:28.338+0000][6660][gc,heap     ] GC(72) Humongous regions: 2->2
[2022-02-19T16:33:28.338+0000][6660][gc,metaspace] GC(72) Metaspace: 102893K(104640K)->102893K(104640K) NonClass: 88682K(89664K)->88682K(89664K) Class: 14210K(14976K)->14210K(14976K)
[2022-02-19T16:33:28.338+0000][6660][gc          ] GC(72) Pause Young (Normal) (G1 Evacuation Pause) 117M->77M(956M) 10.354ms
[2022-02-19T16:33:28.338+0000][6660][gc,cpu      ] GC(72) User=0.03s Sys=0.00s Real=0.02s
[2022-02-19T16:33:28.338+0000][6660][safepoint   ] Safepoint "G1CollectForAllocation", Time since last: 528538463 ns, Reaching safepoint: 56971 ns, At safepoint: 10512279 ns, Total: 10569250 ns
[2022-02-19T16:33:29.901+0000][6660][gc,start    ] GC(73) Pause Young (Normal) (G1 Evacuation Pause)
[2022-02-19T16:33:29.901+0000][6660][gc,task     ] GC(73) Using 2 workers of 2 for evacuation
[2022-02-19T16:33:29.901+0000][6660][gc,age      ] GC(73) Desired survivor size 4194304 bytes, new threshold 15 (max threshold 15)
[2022-02-19T16:33:29.916+0000][6660][gc,age      ] GC(73) Age table with threshold 15 (max threshold 15)
[2022-02-19T16:33:29.916+0000][6660][gc,age      ] GC(73) - age   1:     585584 bytes,     585584 total
[2022-02-19T16:33:29.916+0000][6660][gc,age      ] GC(73) - age   2:      10792 bytes,     596376 total
[2022-02-19T16:33:29.916+0000][6660][gc,age      ] GC(73) - age   3:      22616 bytes,     618992 total
[2022-02-19T16:33:29.916+0000][6660][gc,age      ] GC(73) - age   4:      75368 bytes,     694360 total
[2022-02-19T16:33:29.916+0000][6660][gc,age      ] GC(73) - age   5:      58608 bytes,     752968 total
[2022-02-19T16:33:29.916+0000][6660][gc,age      ] GC(73) - age   6:      64896 bytes,     817864 total
[2022-02-19T16:33:29.916+0000][6660][gc,age      ] GC(73) - age   7:      67312 bytes,     885176 total
[2022-02-19T16:33:29.916+0000][6660][gc,age      ] GC(73) - age   8:     185808 bytes,    1070984 total
[2022-02-19T16:33:29.916+0000][6660][gc,age      ] GC(73) - age   9:      62984 bytes,    1133968 total
[2022-02-19T16:33:29.916+0000][6660][gc,age      ] GC(73) - age  10:    1684408 bytes,    2818376 total
[2022-02-19T16:33:29.916+0000][6660][gc,age      ] GC(73) - age  11:     442408 bytes,    3260784 total
[2022-02-19T16:33:29.916+0000][6660][gc,age      ] GC(73) - age  12:     626832 bytes,    3887616 total
[2022-02-19T16:33:29.916+0000][6660][gc,phases   ] GC(73)   Pre Evacuate Collection Set: 0.2ms
[2022-02-19T16:33:29.916+0000][6660][gc,phases   ] GC(73)   Merge Heap Roots: 0.2ms
[2022-02-19T16:33:29.916+0000][6660][gc,phases   ] GC(73)   Evacuate Collection Set: 17.4ms
[2022-02-19T16:33:29.916+0000][6660][gc,phases   ] GC(73)   Post Evacuate Collection Set: 1.4ms
[2022-02-19T16:33:29.916+0000][6660][gc,phases   ] GC(73)   Other: 1.4ms
[2022-02-19T16:33:29.916+0000][6660][gc,heap     ] GC(73) Eden regions: 10->0(10)
[2022-02-19T16:33:29.916+0000][6660][gc,heap     ] GC(73) Survivor regions: 1->1(2)
[2022-02-19T16:33:29.916+0000][6660][gc,heap     ] GC(73) Old regions: 17->17
[2022-02-19T16:33:29.916+0000][6660][gc,heap     ] GC(73) Archive regions: 0->0
[2022-02-19T16:33:29.916+0000][6660][gc,heap     ] GC(73) Humongous regions: 2->2
[2022-02-19T16:33:29.916+0000][6660][gc,metaspace] GC(73) Metaspace: 102935K(104704K)->102935K(104704K) NonClass: 88724K(89728K)->88724K(89728K) Class: 14210K(14976K)->14210K(14976K)
[2022-02-19T16:33:29.916+0000][6660][gc          ] GC(73) Pause Young (Normal) (G1 Evacuation Pause) 117M->77M(956M) 21.067ms
[2022-02-19T16:33:29.916+0000][6660][gc,cpu      ] GC(73) User=0.03s Sys=0.00s Real=0.01s
[2022-02-19T16:33:29.916+0000][6660][safepoint   ] Safepoint "G1CollectForAllocation", Time since last: 1560903681 ns, Reaching safepoint: 267914 ns, At safepoint: 21338152 ns, Total: 21606066 ns
[2022-02-19T16:33:30.677+0000][6660][gc,start    ] GC(74) Pause Young (Normal) (G1 Evacuation Pause)
[2022-02-19T16:33:30.677+0000][6660][gc,task     ] GC(74) Using 2 workers of 2 for evacuation
[2022-02-19T16:33:30.677+0000][6660][gc,age      ] GC(74) Desired survivor size 4194304 bytes, new threshold 15 (max threshold 15)
[2022-02-19T16:33:30.693+0000][6660][gc,age      ] GC(74) Age table with threshold 15 (max threshold 15)
[2022-02-19T16:33:30.693+0000][6660][gc,age      ] GC(74) - age   1:     135608 bytes,     135608 total
[2022-02-19T16:33:30.693+0000][6660][gc,age      ] GC(74) - age   2:     117328 bytes,     252936 total
[2022-02-19T16:33:30.693+0000][6660][gc,age      ] GC(74) - age   3:      10288 bytes,     263224 total
[2022-02-19T16:33:30.693+0000][6660][gc,age      ] GC(74) - age   4:      22616 bytes,     285840 total
[2022-02-19T16:33:30.693+0000][6660][gc,age      ] GC(74) - age   5:      75368 bytes,     361208 total
[2022-02-19T16:33:30.693+0000][6660][gc,age      ] GC(74) - age   6:      58608 bytes,     419816 total
[2022-02-19T16:33:30.693+0000][6660][gc,age      ] GC(74) - age   7:      64768 bytes,     484584 total
[2022-02-19T16:33:30.693+0000][6660][gc,age      ] GC(74) - age   8:      67312 bytes,     551896 total
[2022-02-19T16:33:30.693+0000][6660][gc,age      ] GC(74) - age   9:     185808 bytes,     737704 total
[2022-02-19T16:33:30.693+0000][6660][gc,age      ] GC(74) - age  10:      62984 bytes,     800688 total
[2022-02-19T16:33:30.693+0000][6660][gc,age      ] GC(74) - age  11:    1684408 bytes,    2485096 total
[2022-02-19T16:33:30.693+0000][6660][gc,age      ] GC(74) - age  12:     432800 bytes,    2917896 total
[2022-02-19T16:33:30.693+0000][6660][gc,age      ] GC(74) - age  13:     626568 bytes,    3544464 total
[2022-02-19T16:33:30.693+0000][6660][gc,phases   ] GC(74)   Pre Evacuate Collection Set: 0.1ms
[2022-02-19T16:33:30.693+0000][6660][gc,phases   ] GC(74)   Merge Heap Roots: 0.1ms
[2022-02-19T16:33:30.693+0000][6660][gc,phases   ] GC(74)   Evacuate Collection Set: 9.6ms
[2022-02-19T16:33:30.693+0000][6660][gc,phases   ] GC(74)   Post Evacuate Collection Set: 0.8ms
[2022-02-19T16:33:30.693+0000][6660][gc,phases   ] GC(74)   Other: 0.7ms
[2022-02-19T16:33:30.693+0000][6660][gc,heap     ] GC(74) Eden regions: 10->0(48)
[2022-02-19T16:33:30.693+0000][6660][gc,heap     ] GC(74) Survivor regions: 1->1(2)
[2022-02-19T16:33:30.693+0000][6660][gc,heap     ] GC(74) Old regions: 17->17
[2022-02-19T16:33:30.693+0000][6660][gc,heap     ] GC(74) Archive regions: 0->0
[2022-02-19T16:33:30.693+0000][6660][gc,heap     ] GC(74) Humongous regions: 2->2
[2022-02-19T16:33:30.693+0000][6660][gc,metaspace] GC(74) Metaspace: 102996K(104768K)->102996K(104768K) NonClass: 88785K(89792K)->88785K(89792K) Class: 14211K(14976K)->14211K(14976K)
[2022-02-19T16:33:30.693+0000][6660][gc          ] GC(74) Pause Young (Normal) (G1 Evacuation Pause) 117M->77M(956M) 11.632ms
[2022-02-19T16:33:30.693+0000][6660][gc,cpu      ] GC(74) User=0.03s Sys=0.00s Real=0.02s
[2022-02-19T16:33:30.786+0000][6660][safepoint   ] Safepoint "G1CollectForAllocation", Time since last: 761689663 ns, Reaching safepoint: 135497 ns, At safepoint: 103384952 ns, Total: 103520449 ns
[2022-02-19T16:33:32.003+0000][6660][safepoint   ] Safepoint "Cleanup", Time since last: 1007973771 ns, Reaching safepoint: 203084807 ns, At safepoint: 282284 ns, Total: 203367091 ns
[2022-02-19T16:33:33.017+0000][6660][safepoint   ] Safepoint "Cleanup", Time since last: 1013365408 ns, Reaching safepoint: 84172 ns, At safepoint: 4106 ns, Total: 88278 ns
[2022-02-19T16:33:34.657+0000][6660][safepoint   ] Safepoint "Cleanup", Time since last: 1641568312 ns, Reaching safepoint: 137036 ns, At safepoint: 2567 ns, Total: 139603 ns
[2022-02-19T16:33:35.741+0000][6660][safepoint   ] Safepoint "Cleanup", Time since last: 1081956468 ns, Reaching safepoint: 88792 ns, At safepoint: 1424254 ns, Total: 1513046 ns
[2022-02-19T16:33:38.018+0000][6660][safepoint   ] Safepoint "Cleanup", Time since last: 1978894861 ns, Reaching safepoint: 117020 ns, At safepoint: 303376432 ns, Total: 303493452 ns
[2022-02-19T16:33:39.033+0000][6660][safepoint   ] Safepoint "Cleanup", Time since last: 1007882927 ns, Reaching safepoint: 86738 ns, At safepoint: 4106 ns, Total: 90844 ns
[2022-02-19T16:33:41.046+0000][6660][safepoint   ] Safepoint "Cleanup", Time since last: 2013148818 ns, Reaching safepoint: 128312 ns, At safepoint: 13344 ns, Total: 141656 ns
[2022-02-19T16:33:41.607+0000][6660][gc,start    ] GC(75) Pause Young (Normal) (G1 Evacuation Pause)
[2022-02-19T16:33:41.607+0000][6660][gc,task     ] GC(75) Using 2 workers of 2 for evacuation
[2022-02-19T16:33:41.607+0000][6660][gc,age      ] GC(75) Desired survivor size 14680064 bytes, new threshold 15 (max threshold 15)
[2022-02-19T16:33:41.623+0000][6660][gc,age      ] GC(75) Age table with threshold 15 (max threshold 15)
[2022-02-19T16:33:41.623+0000][6660][gc,age      ] GC(75) - age   1:    2956576 bytes,    2956576 total
[2022-02-19T16:33:41.623+0000][6660][gc,age      ] GC(75) - age   2:      33336 bytes,    2989912 total
[2022-02-19T16:33:41.623+0000][6660][gc,age      ] GC(75) - age   3:      62872 bytes,    3052784 total
[2022-02-19T16:33:41.623+0000][6660][gc,age      ] GC(75) - age   4:       5592 bytes,    3058376 total
[2022-02-19T16:33:41.623+0000][6660][gc,age      ] GC(75) - age   5:      17752 bytes,    3076128 total
[2022-02-19T16:33:41.623+0000][6660][gc,age      ] GC(75) - age   6:      75072 bytes,    3151200 total
[2022-02-19T16:33:41.623+0000][6660][gc,age      ] GC(75) - age   7:      56560 bytes,    3207760 total
[2022-02-19T16:33:41.623+0000][6660][gc,age      ] GC(75) - age   8:      64000 bytes,    3271760 total
[2022-02-19T16:33:41.623+0000][6660][gc,age      ] GC(75) - age   9:      67048 bytes,    3338808 total
[2022-02-19T16:33:41.623+0000][6660][gc,age      ] GC(75) - age  10:     185808 bytes,    3524616 total
[2022-02-19T16:33:41.623+0000][6660][gc,age      ] GC(75) - age  11:      54456 bytes,    3579072 total
[2022-02-19T16:33:41.623+0000][6660][gc,age      ] GC(75) - age  12:    1675792 bytes,    5254864 total
[2022-02-19T16:33:41.623+0000][6660][gc,age      ] GC(75) - age  13:     429664 bytes,    5684528 total
[2022-02-19T16:33:41.623+0000][6660][gc,age      ] GC(75) - age  14:     623776 bytes,    6308304 total
[2022-02-19T16:33:41.623+0000][6660][gc,phases   ] GC(75)   Pre Evacuate Collection Set: 0.1ms
[2022-02-19T16:33:41.623+0000][6660][gc,phases   ] GC(75)   Merge Heap Roots: 0.2ms
[2022-02-19T16:33:41.623+0000][6660][gc,phases   ] GC(75)   Evacuate Collection Set: 14.6ms
[2022-02-19T16:33:41.623+0000][6660][gc,phases   ] GC(75)   Post Evacuate Collection Set: 1.1ms
[2022-02-19T16:33:41.623+0000][6660][gc,phases   ] GC(75)   Other: 0.8ms
[2022-02-19T16:33:41.623+0000][6660][gc,heap     ] GC(75) Eden regions: 48->0(9)
[2022-02-19T16:33:41.623+0000][6660][gc,heap     ] GC(75) Survivor regions: 1->2(7)
[2022-02-19T16:33:41.623+0000][6660][gc,heap     ] GC(75) Old regions: 17->17
[2022-02-19T16:33:41.623+0000][6660][gc,heap     ] GC(75) Archive regions: 0->0
[2022-02-19T16:33:41.623+0000][6660][gc,heap     ] GC(75) Humongous regions: 5->5
[2022-02-19T16:33:41.623+0000][6660][gc,metaspace] GC(75) Metaspace: 106000K(107840K)->106000K(107840K) NonClass: 91340K(92416K)->91340K(92416K) Class: 14659K(15424K)->14659K(15424K)
[2022-02-19T16:33:41.623+0000][6660][gc          ] GC(75) Pause Young (Normal) (G1 Evacuation Pause) 281M->92M(956M) 17.052ms
[2022-02-19T16:33:41.623+0000][6660][gc,cpu      ] GC(75) User=0.03s Sys=0.00s Real=0.02s
[2022-02-19T16:33:41.623+0000][6660][safepoint   ] Safepoint "G1CollectForAllocation", Time since last: 564949589 ns, Reaching safepoint: 100083 ns, At safepoint: 18311548 ns, Total: 18411631 ns
[2022-02-19T16:33:42.049+0000][6660][gc,start    ] GC(76) Pause Young (Normal) (G1 Evacuation Pause)
[2022-02-19T16:33:42.049+0000][6660][gc,task     ] GC(76) Using 2 workers of 2 for evacuation
[2022-02-19T16:33:42.049+0000][6660][gc,age      ] GC(76) Desired survivor size 4194304 bytes, new threshold 12 (max threshold 15)
[2022-02-19T16:33:42.517+0000][6660][gc,age      ] GC(76) Age table with threshold 12 (max threshold 15)
[2022-02-19T16:33:42.517+0000][6660][gc,age      ] GC(76) - age   1:     213016 bytes,     213016 total
[2022-02-19T16:33:42.517+0000][6660][gc,age      ] GC(76) - age   2:    2640240 bytes,    2853256 total
[2022-02-19T16:33:42.517+0000][6660][gc,age      ] GC(76) - age   3:      33336 bytes,    2886592 total
[2022-02-19T16:33:42.517+0000][6660][gc,age      ] GC(76) - age   4:      62872 bytes,    2949464 total
[2022-02-19T16:33:42.517+0000][6660][gc,age      ] GC(76) - age   5:       5592 bytes,    2955056 total
[2022-02-19T16:33:42.517+0000][6660][gc,age      ] GC(76) - age   6:      17752 bytes,    2972808 total
[2022-02-19T16:33:42.517+0000][6660][gc,age      ] GC(76) - age   7:      75072 bytes,    3047880 total
[2022-02-19T16:33:42.517+0000][6660][gc,age      ] GC(76) - age   8:      56560 bytes,    3104440 total
[2022-02-19T16:33:42.517+0000][6660][gc,age      ] GC(76) - age   9:      64000 bytes,    3168440 total
[2022-02-19T16:33:42.517+0000][6660][gc,age      ] GC(76) - age  10:      67048 bytes,    3235488 total
[2022-02-19T16:33:42.517+0000][6660][gc,age      ] GC(76) - age  11:     185808 bytes,    3421296 total
[2022-02-19T16:33:42.517+0000][6660][gc,age      ] GC(76) - age  12:      54456 bytes,    3475752 total
[2022-02-19T16:33:42.517+0000][6660][gc,mmu      ] GC(76) MMU target violated: 201.0ms (200.0ms/201.0ms)
[2022-02-19T16:33:42.517+0000][6660][gc,phases   ] GC(76)   Pre Evacuate Collection Set: 0.1ms
[2022-02-19T16:33:42.517+0000][6660][gc,phases   ] GC(76)   Merge Heap Roots: 0.1ms
[2022-02-19T16:33:42.517+0000][6660][gc,phases   ] GC(76)   Evacuate Collection Set: 451.4ms
[2022-02-19T16:33:42.517+0000][6660][gc,phases   ] GC(76)   Post Evacuate Collection Set: 11.7ms
[2022-02-19T16:33:42.517+0000][6660][gc,phases   ] GC(76)   Other: 1.2ms
[2022-02-19T16:33:42.517+0000][6660][gc,heap     ] GC(76) Eden regions: 9->0(15)
[2022-02-19T16:33:42.517+0000][6660][gc,heap     ] GC(76) Survivor regions: 2->1(2)
[2022-02-19T16:33:42.517+0000][6660][gc,heap     ] GC(76) Old regions: 17->18
[2022-02-19T16:33:42.517+0000][6660][gc,heap     ] GC(76) Archive regions: 0->0
[2022-02-19T16:33:42.517+0000][6660][gc,heap     ] GC(76) Humongous regions: 5->5
[2022-02-19T16:33:42.517+0000][6660][gc,metaspace] GC(76) Metaspace: 106214K(107968K)->106214K(107968K) NonClass: 91520K(92544K)->91520K(92544K) Class: 14693K(15424K)->14693K(15424K)
[2022-02-19T16:33:42.517+0000][6660][gc          ] GC(76) Pause Young (Normal) (G1 Evacuation Pause) 128M->92M(956M) 465.084ms
[2022-02-19T16:33:42.517+0000][6660][gc,cpu      ] GC(76) User=0.02s Sys=0.00s Real=0.47s
[2022-02-19T16:33:42.517+0000][6660][safepoint   ] Safepoint "G1CollectForAllocation", Time since last: 426561342 ns, Reaching safepoint: 95976 ns, At safepoint: 465581804 ns, Total: 465677780 ns
[2022-02-19T16:33:43.909+0000][6660][gc,start    ] GC(77) Pause Young (Normal) (G1 Evacuation Pause)
[2022-02-19T16:33:43.909+0000][6660][gc,task     ] GC(77) Using 2 workers of 2 for evacuation
[2022-02-19T16:33:43.909+0000][6660][gc,age      ] GC(77) Desired survivor size 4194304 bytes, new threshold 15 (max threshold 15)
[2022-02-19T16:33:43.909+0000][6660][gc,age      ] GC(77) Age table with threshold 15 (max threshold 15)
[2022-02-19T16:33:43.909+0000][6660][gc,age      ] GC(77) - age   1:     147976 bytes,     147976 total
[2022-02-19T16:33:43.909+0000][6660][gc,age      ] GC(77) - age   2:      92912 bytes,     240888 total
[2022-02-19T16:33:43.909+0000][6660][gc,age      ] GC(77) - age   3:    2517416 bytes,    2758304 total
[2022-02-19T16:33:43.909+0000][6660][gc,age      ] GC(77) - age   4:      33336 bytes,    2791640 total
[2022-02-19T16:33:43.909+0000][6660][gc,age      ] GC(77) - age   5:      62840 bytes,    2854480 total
[2022-02-19T16:33:43.909+0000][6660][gc,age      ] GC(77) - age   6:       5592 bytes,    2860072 total
[2022-02-19T16:33:43.909+0000][6660][gc,age      ] GC(77) - age   7:      17752 bytes,    2877824 total
[2022-02-19T16:33:43.909+0000][6660][gc,age      ] GC(77) - age   8:      75072 bytes,    2952896 total
[2022-02-19T16:33:43.909+0000][6660][gc,age      ] GC(77) - age   9:      56560 bytes,    3009456 total
[2022-02-19T16:33:43.909+0000][6660][gc,age      ] GC(77) - age  10:      63872 bytes,    3073328 total
[2022-02-19T16:33:43.909+0000][6660][gc,age      ] GC(77) - age  11:      67048 bytes,    3140376 total
[2022-02-19T16:33:43.909+0000][6660][gc,age      ] GC(77) - age  12:     185808 bytes,    3326184 total
[2022-02-19T16:33:43.909+0000][6660][gc,age      ] GC(77) - age  13:      54456 bytes,    3380640 total
[2022-02-19T16:33:43.909+0000][6660][gc,phases   ] GC(77)   Pre Evacuate Collection Set: 0.1ms
[2022-02-19T16:33:43.909+0000][6660][gc,phases   ] GC(77)   Merge Heap Roots: 0.1ms
[2022-02-19T16:33:43.909+0000][6660][gc,phases   ] GC(77)   Evacuate Collection Set: 7.3ms
[2022-02-19T16:33:43.909+0000][6660][gc,phases   ] GC(77)   Post Evacuate Collection Set: 1.2ms
[2022-02-19T16:33:43.909+0000][6660][gc,phases   ] GC(77)   Other: 0.7ms
[2022-02-19T16:33:43.909+0000][6660][gc,heap     ] GC(77) Eden regions: 15->0(43)
[2022-02-19T16:33:43.909+0000][6660][gc,heap     ] GC(77) Survivor regions: 1->1(2)
[2022-02-19T16:33:43.909+0000][6660][gc,heap     ] GC(77) Old regions: 18->18
[2022-02-19T16:33:43.909+0000][6660][gc,heap     ] GC(77) Archive regions: 0->0
[2022-02-19T16:33:43.909+0000][6660][gc,heap     ] GC(77) Humongous regions: 5->5
[2022-02-19T16:33:43.909+0000][6660][gc,metaspace] GC(77) Metaspace: 106425K(108224K)->106425K(108224K) NonClass: 91704K(92736K)->91704K(92736K) Class: 14721K(15488K)->14721K(15488K)
[2022-02-19T16:33:43.909+0000][6660][gc          ] GC(77) Pause Young (Normal) (G1 Evacuation Pause) 152M->92M(956M) 9.634ms
[2022-02-19T16:33:43.909+0000][6660][gc,cpu      ] GC(77) User=0.00s Sys=0.00s Real=0.00s
[2022-02-19T16:33:43.909+0000][6660][safepoint   ] Safepoint "G1CollectForAllocation", Time since last: 1389809422 ns, Reaching safepoint: 115480 ns, At safepoint: 9788605 ns, Total: 9904085 ns
[2022-02-19T16:33:44.924+0000][6660][safepoint   ] Safepoint "Cleanup", Time since last: 1002272135 ns, Reaching safepoint: 88278 ns, At safepoint: 3593 ns, Total: 91871 ns
[2022-02-19T16:33:45.938+0000][6660][safepoint   ] Safepoint "Cleanup", Time since last: 1013897642 ns, Reaching safepoint: 83146 ns, At safepoint: 15397 ns, Total: 98543 ns
[2022-02-19T16:33:46.953+0000][6660][safepoint   ] Safepoint "Cleanup", Time since last: 1014827129 ns, Reaching safepoint: 148841 ns, At safepoint: 6159 ns, Total: 155000 ns
[2022-02-19T16:33:47.967+0000][6660][safepoint   ] Safepoint "Cleanup", Time since last: 1018086233 ns, Reaching safepoint: 46706 ns, At safepoint: 3592 ns, Total: 50298 ns
[2022-02-19T16:33:49.014+0000][6660][gc,start    ] GC(78) Pause Young (Normal) (G1 Evacuation Pause)
[2022-02-19T16:33:49.014+0000][6660][gc,task     ] GC(78) Using 2 workers of 2 for evacuation
[2022-02-19T16:33:49.014+0000][6660][gc,age      ] GC(78) Desired survivor size 12582912 bytes, new threshold 15 (max threshold 15)
[2022-02-19T16:33:49.029+0000][6660][gc,age      ] GC(78) Age table with threshold 15 (max threshold 15)
[2022-02-19T16:33:49.029+0000][6660][gc,age      ] GC(78) - age   1:     305376 bytes,     305376 total
[2022-02-19T16:33:49.029+0000][6660][gc,age      ] GC(78) - age   2:     106192 bytes,     411568 total
[2022-02-19T16:33:49.029+0000][6660][gc,age      ] GC(78) - age   3:      92160 bytes,     503728 total
[2022-02-19T16:33:49.029+0000][6660][gc,age      ] GC(78) - age   4:    2516464 bytes,    3020192 total
[2022-02-19T16:33:49.029+0000][6660][gc,age      ] GC(78) - age   5:      33336 bytes,    3053528 total
[2022-02-19T16:33:49.029+0000][6660][gc,age      ] GC(78) - age   6:      62544 bytes,    3116072 total
[2022-02-19T16:33:49.029+0000][6660][gc,age      ] GC(78) - age   7:       5464 bytes,    3121536 total
[2022-02-19T16:33:49.029+0000][6660][gc,age      ] GC(78) - age   8:      17752 bytes,    3139288 total
[2022-02-19T16:33:49.029+0000][6660][gc,age      ] GC(78) - age   9:      75072 bytes,    3214360 total
[2022-02-19T16:33:49.029+0000][6660][gc,age      ] GC(78) - age  10:      56560 bytes,    3270920 total
[2022-02-19T16:33:49.029+0000][6660][gc,age      ] GC(78) - age  11:      63872 bytes,    3334792 total
[2022-02-19T16:33:49.029+0000][6660][gc,age      ] GC(78) - age  12:      67048 bytes,    3401840 total
[2022-02-19T16:33:49.029+0000][6660][gc,age      ] GC(78) - age  13:     185528 bytes,    3587368 total
[2022-02-19T16:33:49.029+0000][6660][gc,age      ] GC(78) - age  14:      54272 bytes,    3641640 total
[2022-02-19T16:33:49.029+0000][6660][gc,phases   ] GC(78)   Pre Evacuate Collection Set: 0.1ms
[2022-02-19T16:33:49.029+0000][6660][gc,phases   ] GC(78)   Merge Heap Roots: 0.1ms
[2022-02-19T16:33:49.029+0000][6660][gc,phases   ] GC(78)   Evacuate Collection Set: 6.8ms
[2022-02-19T16:33:49.029+0000][6660][gc,phases   ] GC(78)   Post Evacuate Collection Set: 0.8ms
[2022-02-19T16:33:49.029+0000][6660][gc,phases   ] GC(78)   Other: 0.7ms
[2022-02-19T16:33:49.029+0000][6660][gc,heap     ] GC(78) Eden regions: 43->0(142)
[2022-02-19T16:33:49.029+0000][6660][gc,heap     ] GC(78) Survivor regions: 1->1(6)
[2022-02-19T16:33:49.029+0000][6660][gc,heap     ] GC(78) Old regions: 18->18
[2022-02-19T16:33:49.029+0000][6660][gc,heap     ] GC(78) Archive regions: 0->0
[2022-02-19T16:33:49.029+0000][6660][gc,heap     ] GC(78) Humongous regions: 5->5
[2022-02-19T16:33:49.029+0000][6660][gc,metaspace] GC(78) Metaspace: 106590K(108416K)->106590K(108416K) NonClass: 91864K(92928K)->91864K(92928K) Class: 14726K(15488K)->14726K(15488K)
[2022-02-19T16:33:49.029+0000][6660][gc          ] GC(78) Pause Young (Normal) (G1 Evacuation Pause) 264M->92M(956M) 8.784ms
[2022-02-19T16:33:49.029+0000][6660][gc,cpu      ] GC(78) User=0.02s Sys=0.00s Real=0.02s
[2022-02-19T16:33:49.029+0000][6660][safepoint   ] Safepoint "G1CollectForAllocation", Time since last: 1053102873 ns, Reaching safepoint: 100596 ns, At safepoint: 8946370 ns, Total: 9046966 ns
[2022-02-19T16:33:51.091+0000][6660][safepoint   ] Safepoint "Cleanup", Time since last: 2010804829 ns, Reaching safepoint: 47110227 ns, At safepoint: 2221323 ns, Total: 49331550 ns
[2022-02-19T16:33:52.105+0000][6660][safepoint   ] Safepoint "Cleanup", Time since last: 1011422263 ns, Reaching safepoint: 84173 ns, At safepoint: 5645 ns, Total: 89818 ns
[2022-02-19T16:33:53.306+0000][6660][safepoint   ] Safepoint "Cleanup", Time since last: 1013922279 ns, Reaching safepoint: 187169085 ns, At safepoint: 439337 ns, Total: 187608422 ns
[2022-02-19T16:33:55.162+0000][6660][safepoint   ] Safepoint "Cleanup", Time since last: 1856990497 ns, Reaching safepoint: 112401 ns, At safepoint: 33361 ns, Total: 145762 ns
[2022-02-19T16:33:56.192+0000][6660][safepoint   ] Safepoint "Cleanup", Time since last: 1012720259 ns, Reaching safepoint: 15797161 ns, At safepoint: 176557 ns, Total: 15973718 ns
[2022-02-19T16:33:58.159+0000][6660][safepoint   ] Safepoint "Cleanup", Time since last: 1966251075 ns, Reaching safepoint: 170910 ns, At safepoint: 4106 ns, Total: 175016 ns
[2022-02-19T16:33:59.174+0000][6660][safepoint   ] Safepoint "Cleanup", Time since last: 1017164446 ns, Reaching safepoint: 470645 ns, At safepoint: 222235 ns, Total: 692880 ns
[2022-02-19T16:34:00.189+0000][6660][safepoint   ] Safepoint "Cleanup", Time since last: 1011864680 ns, Reaching safepoint: 86739 ns, At safepoint: 5132 ns, Total: 91871 ns
[2022-02-19T16:34:01.199+0000][6660][safepoint   ] Safepoint "Cleanup", Time since last: 1011298571 ns, Reaching safepoint: 101109 ns, At safepoint: 3593 ns, Total: 104702 ns
[2022-02-19T16:34:02.214+0000][6660][safepoint   ] Safepoint "Cleanup", Time since last: 1014196864 ns, Reaching safepoint: 147302 ns, At safepoint: 9238 ns, Total: 156540 ns
[2022-02-19T16:34:03.228+0000][6660][safepoint   ] Safepoint "Cleanup", Time since last: 1013413653 ns, Reaching safepoint: 446523 ns, At safepoint: 3384849 ns, Total: 3831372 ns
[2022-02-19T16:34:04.242+0000][6660][safepoint   ] Safepoint "Cleanup", Time since last: 1010088340 ns, Reaching safepoint: 71341 ns, At safepoint: 6159 ns, Total: 77500 ns
[2022-02-19T16:34:05.256+0000][6660][safepoint   ] Safepoint "Cleanup", Time since last: 1014176847 ns, Reaching safepoint: 52865 ns, At safepoint: 3079 ns, Total: 55944 ns
[2022-02-19T16:34:06.270+0000][6660][safepoint   ] Safepoint "Cleanup", Time since last: 1013678487 ns, Reaching safepoint: 92384 ns, At safepoint: 6159 ns, Total: 98543 ns
[2022-02-19T16:34:07.270+0000][6660][safepoint   ] Safepoint "Cleanup", Time since last: 1000253030 ns, Reaching safepoint: 112400 ns, At safepoint: 455249 ns, Total: 567649 ns
[2022-02-19T16:34:08.284+0000][6660][safepoint   ] Safepoint "Cleanup", Time since last: 1013461897 ns, Reaching safepoint: 158080 ns, At safepoint: 11804 ns, Total: 169884 ns
[2022-02-19T16:34:09.288+0000][6660][safepoint   ] Safepoint "Cleanup", Time since last: 1003592714 ns, Reaching safepoint: 82119 ns, At safepoint: 6672 ns, Total: 88791 ns
[2022-02-19T16:34:10.294+0000][6660][safepoint   ] Safepoint "Cleanup", Time since last: 1005945941 ns, Reaching safepoint: 76987 ns, At safepoint: 6159 ns, Total: 83146 ns
[2022-02-19T16:34:12.322+0000][6660][safepoint   ] Safepoint "Cleanup", Time since last: 2027794259 ns, Reaching safepoint: 62615 ns, At safepoint: 4620 ns, Total: 67235 ns
[2022-02-19T16:34:13.331+0000][6660][safepoint   ] Safepoint "Cleanup", Time since last: 1009040293 ns, Reaching safepoint: 328990 ns, At safepoint: 10265 ns, Total: 339255 ns
[2022-02-19T16:34:14.607+0000][6660][safepoint   ] Safepoint "Cleanup", Time since last: 1276145203 ns, Reaching safepoint: 622053 ns, At safepoint: 7699 ns, Total: 629752 ns
[2022-02-19T16:34:16.626+0000][6660][safepoint   ] Safepoint "Cleanup", Time since last: 2019256944 ns, Reaching safepoint: 1644950 ns, At safepoint: 266887 ns, Total: 1911837 ns
[2022-02-19T16:34:17.690+0000][6660][safepoint   ] Safepoint "Cleanup", Time since last: 1060703002 ns, Reaching safepoint: 43626 ns, At safepoint: 11804 ns, Total: 55430 ns
[2022-02-19T16:34:18.696+0000][6660][safepoint   ] Safepoint "Cleanup", Time since last: 1006453027 ns, Reaching safepoint: 102136 ns, At safepoint: 3593 ns, Total: 105729 ns
[2022-02-19T16:34:20.759+0000][6660][safepoint   ] Safepoint "Cleanup", Time since last: 2000230447 ns, Reaching safepoint: 62486527 ns, At safepoint: 2622681 ns, Total: 65109208 ns
[2022-02-19T16:34:23.086+0000][6660][safepoint   ] Safepoint "Cleanup", Time since last: 2011652196 ns, Reaching safepoint: 312065154 ns, At safepoint: 313592 ns, Total: 312378746 ns
[2022-02-19T16:34:24.115+0000][6660][safepoint   ] Safepoint "Cleanup", Time since last: 1013709282 ns, Reaching safepoint: 15582625 ns, At safepoint: 3325827 ns, Total: 18908452 ns
[2022-02-19T16:34:27.300+0000][6660][safepoint   ] Safepoint "Cleanup", Time since last: 3025045319 ns, Reaching safepoint: 155917610 ns, At safepoint: 7309632 ns, Total: 163227242 ns
[2022-02-19T16:34:30.377+0000][6660][safepoint   ] Safepoint "Cleanup", Time since last: 2009092645 ns, Reaching safepoint: 1060851843 ns, At safepoint: 1443244 ns, Total: 1062295087 ns
[2022-02-19T16:34:36.462+0000][6660][safepoint   ] Safepoint "Cleanup", Time since last: 6083411004 ns, Reaching safepoint: 848394 ns, At safepoint: 126258 ns, Total: 974652 ns
[2022-02-19T16:34:37.476+0000][6660][safepoint   ] Safepoint "Cleanup", Time since last: 1012992792 ns, Reaching safepoint: 49272 ns, At safepoint: 3592 ns, Total: 52864 ns
[2022-02-19T16:34:39.504+0000][6660][safepoint   ] Safepoint "Cleanup", Time since last: 2027953365 ns, Reaching safepoint: 101622 ns, At safepoint: 12318 ns, Total: 113940 ns
[2022-02-19T16:34:40.519+0000][6660][safepoint   ] Safepoint "Cleanup", Time since last: 1014796848 ns, Reaching safepoint: 91357 ns, At safepoint: 5133 ns, Total: 96490 ns
[2022-02-19T16:34:41.533+0000][6660][safepoint   ] Safepoint "Cleanup", Time since last: 1013851964 ns, Reaching safepoint: 51324 ns, At safepoint: 3080 ns, Total: 54404 ns
[2022-02-19T16:34:43.407+0000][6660][safepoint   ] Safepoint "Cleanup", Time since last: 1015041152 ns, Reaching safepoint: 859002929 ns, At safepoint: 13794480 ns, Total: 872797409 ns
[2022-02-19T16:34:44.421+0000][6660][safepoint   ] Safepoint "Cleanup", Time since last: 1000185795 ns, Reaching safepoint: 2387102 ns, At safepoint: 625645 ns, Total: 3012747 ns
[2022-02-19T16:34:45.640+0000][6660][safepoint   ] Safepoint "Cleanup", Time since last: 1215736291 ns, Reaching safepoint: 234039 ns, At safepoint: 425480 ns, Total: 659519 ns
[2022-02-19T16:34:46.654+0000][6660][safepoint   ] Safepoint "Cleanup", Time since last: 1013253521 ns, Reaching safepoint: 242251 ns, At safepoint: 10551800 ns, Total: 10794051 ns
[2022-02-19T16:34:47.668+0000][6660][safepoint   ] Safepoint "Cleanup", Time since last: 1003228823 ns, Reaching safepoint: 70828 ns, At safepoint: 6672 ns, Total: 77500 ns
[2022-02-19T16:34:48.682+0000][6660][safepoint   ] Safepoint "Cleanup", Time since last: 1013991566 ns, Reaching safepoint: 68775 ns, At safepoint: 5646 ns, Total: 74421 ns
[2022-02-19T16:34:50.710+0000][6660][safepoint   ] Safepoint "Cleanup", Time since last: 2027998530 ns, Reaching safepoint: 246871 ns, At safepoint: 10264 ns, Total: 257135 ns
[2022-02-19T16:34:51.724+0000][6660][safepoint   ] Safepoint "Cleanup", Time since last: 1013528620 ns, Reaching safepoint: 65182 ns, At safepoint: 4619 ns, Total: 69801 ns
[2022-02-19T16:35:05.925+0000][6660][safepoint   ] Safepoint "Cleanup", Time since last: 14174373380 ns, Reaching safepoint: 26377703 ns, At safepoint: 1778393 ns, Total: 28156096 ns
[2022-02-19T16:35:07.001+0000][6660][safepoint   ] Safepoint "Cleanup", Time since last: 1012269630 ns, Reaching safepoint: 62762140 ns, At safepoint: 119586 ns, Total: 62881726 ns
[2022-02-19T16:35:19.653+0000][6660][gc,start    ] GC(79) Pause Young (Normal) (G1 Evacuation Pause)
[2022-02-19T16:35:19.653+0000][6660][gc,task     ] GC(79) Using 2 workers of 2 for evacuation
[2022-02-19T16:35:19.653+0000][6660][gc,age      ] GC(79) Desired survivor size 37748736 bytes, new threshold 15 (max threshold 15)
[2022-02-19T16:35:21.353+0000][6660][gc,age      ] GC(79) Age table with threshold 15 (max threshold 15)
[2022-02-19T16:35:21.353+0000][6660][gc,age      ] GC(79) - age   1:    8389792 bytes,    8389792 total
[2022-02-19T16:35:21.353+0000][6660][gc,age      ] GC(79) - age   2:      85976 bytes,    8475768 total
[2022-02-19T16:35:21.353+0000][6660][gc,age      ] GC(79) - age   3:     103968 bytes,    8579736 total
[2022-02-19T16:35:21.353+0000][6660][gc,age      ] GC(79) - age   4:      91360 bytes,    8671096 total
[2022-02-19T16:35:21.353+0000][6660][gc,age      ] GC(79) - age   5:    2413472 bytes,   11084568 total
[2022-02-19T16:35:21.353+0000][6660][gc,age      ] GC(79) - age   6:      31464 bytes,   11116032 total
[2022-02-19T16:35:21.353+0000][6660][gc,age      ] GC(79) - age   7:      61032 bytes,   11177064 total
[2022-02-19T16:35:21.353+0000][6660][gc,age      ] GC(79) - age   8:       4192 bytes,   11181256 total
[2022-02-19T16:35:21.353+0000][6660][gc,age      ] GC(79) - age   9:      16528 bytes,   11197784 total
[2022-02-19T16:35:21.353+0000][6660][gc,age      ] GC(79) - age  10:      73664 bytes,   11271448 total
[2022-02-19T16:35:21.353+0000][6660][gc,age      ] GC(79) - age  11:      55216 bytes,   11326664 total
[2022-02-19T16:35:21.353+0000][6660][gc,age      ] GC(79) - age  12:      62424 bytes,   11389088 total
[2022-02-19T16:35:21.353+0000][6660][gc,age      ] GC(79) - age  13:      66416 bytes,   11455504 total
[2022-02-19T16:35:21.353+0000][6660][gc,age      ] GC(79) - age  14:     183968 bytes,   11639472 total
[2022-02-19T16:35:21.353+0000][6660][gc,age      ] GC(79) - age  15:      51608 bytes,   11691080 total
[2022-02-19T16:35:21.353+0000][6660][gc,mmu      ] GC(79) MMU target violated: 201.0ms (200.0ms/201.0ms)
[2022-02-19T16:35:21.353+0000][6660][gc,phases   ] GC(79)   Pre Evacuate Collection Set: 0.2ms
[2022-02-19T16:35:21.353+0000][6660][gc,phases   ] GC(79)   Merge Heap Roots: 0.2ms
[2022-02-19T16:35:21.353+0000][6660][gc,phases   ] GC(79)   Evacuate Collection Set: 1660.8ms
[2022-02-19T16:35:21.353+0000][6660][gc,phases   ] GC(79)   Post Evacuate Collection Set: 39.3ms
[2022-02-19T16:35:21.353+0000][6660][gc,phases   ] GC(79)   Other: 1.5ms
[2022-02-19T16:35:21.353+0000][6660][gc,heap     ] GC(79) Eden regions: 142->0(8)
[2022-02-19T16:35:21.353+0000][6660][gc,heap     ] GC(79) Survivor regions: 1->3(18)
[2022-02-19T16:35:21.353+0000][6660][gc,heap     ] GC(79) Old regions: 18->18
[2022-02-19T16:35:21.353+0000][6660][gc,heap     ] GC(79) Archive regions: 0->0
[2022-02-19T16:35:21.353+0000][6660][gc,heap     ] GC(79) Humongous regions: 5->5
[2022-02-19T16:35:21.353+0000][6660][gc,metaspace] GC(79) Metaspace: 111424K(113216K)->111424K(113216K) NonClass: 96013K(97024K)->96013K(97024K) Class: 15411K(16192K)->15411K(16192K)
[2022-02-19T16:35:21.353+0000][6660][gc          ] GC(79) Pause Young (Normal) (G1 Evacuation Pause) 660M->99M(956M) 1702.573ms
[2022-02-19T16:35:21.353+0000][6660][gc,cpu      ] GC(79) User=0.00s Sys=0.00s Real=1.70s
[2022-02-19T16:35:21.353+0000][6660][safepoint   ] Safepoint "G1CollectForAllocation", Time since last: 12651769052 ns, Reaching safepoint: 110348 ns, At safepoint: 1703030402 ns, Total: 1703140750 ns
[2022-02-19T16:35:23.354+0000][6660][safepoint   ] Safepoint "Cleanup", Time since last: 1997062700 ns, Reaching safepoint: 78527 ns, At safepoint: 11291 ns, Total: 89818 ns
[2022-02-19T16:35:26.193+0000][6660][gc,start    ] GC(80) Pause Young (Normal) (G1 Evacuation Pause)
[2022-02-19T16:35:26.193+0000][6660][gc,task     ] GC(80) Using 2 workers of 2 for evacuation
[2022-02-19T16:35:26.193+0000][6660][gc,age      ] GC(80) Desired survivor size 4194304 bytes, new threshold 1 (max threshold 15)
[2022-02-19T16:35:31.357+0000][6660][gc,age      ] GC(80) Age table with threshold 1 (max threshold 15)
[2022-02-19T16:35:31.357+0000][6660][gc,age      ] GC(80) - age   1:    3103800 bytes,    3103800 total
[2022-02-19T16:35:31.357+0000][6660][gc,mmu      ] GC(80) MMU target violated: 201.0ms (200.0ms/201.0ms)
[2022-02-19T16:35:31.357+0000][6660][gc,phases   ] GC(80)   Pre Evacuate Collection Set: 0.1ms
[2022-02-19T16:35:31.357+0000][6660][gc,phases   ] GC(80)   Merge Heap Roots: 0.1ms
[2022-02-19T16:35:31.357+0000][6660][gc,phases   ] GC(80)   Evacuate Collection Set: 5089.7ms
[2022-02-19T16:35:31.357+0000][6660][gc,phases   ] GC(80)   Post Evacuate Collection Set: 67.7ms
[2022-02-19T16:35:31.357+0000][6660][gc,phases   ] GC(80)   Other: 0.7ms
[2022-02-19T16:35:31.357+0000][6660][gc,heap     ] GC(80) Eden regions: 8->0(9)
[2022-02-19T16:35:31.357+0000][6660][gc,heap     ] GC(80) Survivor regions: 3->2(2)
[2022-02-19T16:35:31.357+0000][6660][gc,heap     ] GC(80) Old regions: 18->20
[2022-02-19T16:35:31.357+0000][6660][gc,heap     ] GC(80) Archive regions: 0->0
[2022-02-19T16:35:31.357+0000][6660][gc,heap     ] GC(80) Humongous regions: 5->5
[2022-02-19T16:35:31.357+0000][6660][gc,metaspace] GC(80) Metaspace: 111456K(113344K)->111456K(113344K) NonClass: 96045K(97152K)->96045K(97152K) Class: 15411K(16192K)->15411K(16192K)
[2022-02-19T16:35:31.357+0000][6660][gc          ] GC(80) Pause Young (Normal) (G1 Evacuation Pause) 131M->101M(956M) 5158.875ms
[2022-02-19T16:35:31.357+0000][6660][gc,cpu      ] GC(80) User=0.00s Sys=0.02s Real=5.16s
[2022-02-19T16:35:31.373+0000][6660][safepoint   ] Safepoint "G1CollectForAllocation", Time since last: 2850517454 ns, Reaching safepoint: 100082 ns, At safepoint: 5174258926 ns, Total: 5174359008 ns
[2022-02-19T16:35:36.195+0000][6660][gc,start    ] GC(81) Pause Young (Normal) (G1 Evacuation Pause)
[2022-02-19T16:35:36.195+0000][6660][gc,task     ] GC(81) Using 2 workers of 2 for evacuation
[2022-02-19T16:35:36.195+0000][6660][gc,age      ] GC(81) Desired survivor size 4194304 bytes, new threshold 15 (max threshold 15)
[2022-02-19T16:35:36.195+0000][6660][gc,age      ] GC(81) Age table with threshold 15 (max threshold 15)
[2022-02-19T16:35:36.195+0000][6660][gc,age      ] GC(81) - age   1:    2108064 bytes,    2108064 total
[2022-02-19T16:35:36.195+0000][6660][gc,age      ] GC(81) - age   2:       2136 bytes,    2110200 total
[2022-02-19T16:35:36.195+0000][6660][gc,phases   ] GC(81)   Pre Evacuate Collection Set: 0.1ms
[2022-02-19T16:35:36.195+0000][6660][gc,phases   ] GC(81)   Merge Heap Roots: 0.0ms
[2022-02-19T16:35:36.195+0000][6660][gc,phases   ] GC(81)   Evacuate Collection Set: 1.8ms
[2022-02-19T16:35:36.195+0000][6660][gc,phases   ] GC(81)   Post Evacuate Collection Set: 1.1ms
[2022-02-19T16:35:36.195+0000][6660][gc,phases   ] GC(81)   Other: 0.4ms
[2022-02-19T16:35:36.195+0000][6660][gc,heap     ] GC(81) Eden regions: 9->0(10)
[2022-02-19T16:35:36.195+0000][6660][gc,heap     ] GC(81) Survivor regions: 2->1(2)
[2022-02-19T16:35:36.195+0000][6660][gc,heap     ] GC(81) Old regions: 20->20
[2022-02-19T16:35:36.195+0000][6660][gc,heap     ] GC(81) Archive regions: 0->0
[2022-02-19T16:35:36.195+0000][6660][gc,heap     ] GC(81) Humongous regions: 5->5
[2022-02-19T16:35:36.195+0000][6660][gc,metaspace] GC(81) Metaspace: 111469K(113344K)->111469K(113344K) NonClass: 96058K(97152K)->96058K(97152K) Class: 15411K(16192K)->15411K(16192K)
[2022-02-19T16:35:36.195+0000][6660][gc          ] GC(81) Pause Young (Normal) (G1 Evacuation Pause) 136M->98M(956M) 3.622ms
[2022-02-19T16:35:36.195+0000][6660][gc,cpu      ] GC(81) User=0.00s Sys=0.00s Real=0.00s
[2022-02-19T16:35:36.195+0000][6660][safepoint   ] Safepoint "G1CollectForAllocation", Time since last: 4826425230 ns, Reaching safepoint: 49271 ns, At safepoint: 3776969 ns, Total: 3826240 ns
[2022-02-19T16:35:37.210+0000][6660][safepoint   ] Safepoint "Cleanup", Time since last: 1000458327 ns, Reaching safepoint: 66722 ns, At safepoint: 6672 ns, Total: 73394 ns
[2022-02-19T16:35:38.224+0000][6660][safepoint   ] Safepoint "Cleanup", Time since last: 1013811931 ns, Reaching safepoint: 133957 ns, At safepoint: 334635 ns, Total: 468592 ns
[2022-02-19T16:35:39.238+0000][6660][safepoint   ] Safepoint "Cleanup", Time since last: 1013487560 ns, Reaching safepoint: 847881 ns, At safepoint: 78013 ns, Total: 925894 ns
[2022-02-19T16:35:41.345+0000][6660][gc,start    ] GC(82) Pause Young (Normal) (G1 Evacuation Pause)
[2022-02-19T16:35:41.345+0000][6660][gc,task     ] GC(82) Using 2 workers of 2 for evacuation
[2022-02-19T16:35:41.345+0000][6660][gc,age      ] GC(82) Desired survivor size 4194304 bytes, new threshold 15 (max threshold 15)
[2022-02-19T16:35:41.361+0000][6660][gc,age      ] GC(82) Age table with threshold 15 (max threshold 15)
[2022-02-19T16:35:41.361+0000][6660][gc,age      ] GC(82) - age   1:    3105608 bytes,    3105608 total
[2022-02-19T16:35:41.361+0000][6660][gc,age      ] GC(82) - age   2:       2064 bytes,    3107672 total
[2022-02-19T16:35:41.361+0000][6660][gc,age      ] GC(82) - age   3:       1976 bytes,    3109648 total
[2022-02-19T16:35:41.361+0000][6660][gc,phases   ] GC(82)   Pre Evacuate Collection Set: 0.1ms
[2022-02-19T16:35:41.361+0000][6660][gc,phases   ] GC(82)   Merge Heap Roots: 0.1ms
[2022-02-19T16:35:41.361+0000][6660][gc,phases   ] GC(82)   Evacuate Collection Set: 2.6ms
[2022-02-19T16:35:41.361+0000][6660][gc,phases   ] GC(82)   Post Evacuate Collection Set: 0.9ms
[2022-02-19T16:35:41.361+0000][6660][gc,phases   ] GC(82)   Other: 0.7ms
[2022-02-19T16:35:41.361+0000][6660][gc,heap     ] GC(82) Eden regions: 10->0(10)
[2022-02-19T16:35:41.361+0000][6660][gc,heap     ] GC(82) Survivor regions: 1->1(2)
[2022-02-19T16:35:41.361+0000][6660][gc,heap     ] GC(82) Old regions: 20->20
[2022-02-19T16:35:41.361+0000][6660][gc,heap     ] GC(82) Archive regions: 0->0
[2022-02-19T16:35:41.361+0000][6660][gc,heap     ] GC(82) Humongous regions: 5->5
[2022-02-19T16:35:41.361+0000][6660][gc,metaspace] GC(82) Metaspace: 111475K(113344K)->111475K(113344K) NonClass: 96064K(97152K)->96064K(97152K) Class: 15411K(16192K)->15411K(16192K)
[2022-02-19T16:35:41.361+0000][6660][gc          ] GC(82) Pause Young (Normal) (G1 Evacuation Pause) 138M->99M(956M) 4.806ms
[2022-02-19T16:35:41.361+0000][6660][gc,cpu      ] GC(82) User=0.03s Sys=0.00s Real=0.02s
[2022-02-19T16:35:41.361+0000][6660][safepoint   ] Safepoint "G1CollectForAllocation", Time since last: 2118549283 ns, Reaching safepoint: 102135 ns, At safepoint: 5039038 ns, Total: 5141173 ns
[2022-02-19T16:35:43.376+0000][6660][safepoint   ] Safepoint "Cleanup", Time since last: 2013443934 ns, Reaching safepoint: 83659 ns, At safepoint: 7185 ns, Total: 90844 ns
[2022-02-19T16:35:46.371+0000][6660][gc,start    ] GC(83) Pause Young (Normal) (G1 Evacuation Pause)
[2022-02-19T16:35:46.371+0000][6660][gc,task     ] GC(83) Using 2 workers of 2 for evacuation
[2022-02-19T16:35:46.371+0000][6660][gc,age      ] GC(83) Desired survivor size 4194304 bytes, new threshold 15 (max threshold 15)
[2022-02-19T16:35:46.371+0000][6660][gc,age      ] GC(83) Age table with threshold 15 (max threshold 15)
[2022-02-19T16:35:46.371+0000][6660][gc,age      ] GC(83) - age   1:    2079088 bytes,    2079088 total
[2022-02-19T16:35:46.371+0000][6660][gc,age      ] GC(83) - age   2:       4120 bytes,    2083208 total
[2022-02-19T16:35:46.371+0000][6660][gc,age      ] GC(83) - age   3:       1232 bytes,    2084440 total
[2022-02-19T16:35:46.371+0000][6660][gc,age      ] GC(83) - age   4:       1976 bytes,    2086416 total
[2022-02-19T16:35:46.371+0000][6660][gc,phases   ] GC(83)   Pre Evacuate Collection Set: 0.2ms
[2022-02-19T16:35:46.371+0000][6660][gc,phases   ] GC(83)   Merge Heap Roots: 0.1ms
[2022-02-19T16:35:46.371+0000][6660][gc,phases   ] GC(83)   Evacuate Collection Set: 2.0ms
[2022-02-19T16:35:46.371+0000][6660][gc,phases   ] GC(83)   Post Evacuate Collection Set: 1.3ms
[2022-02-19T16:35:46.371+0000][6660][gc,phases   ] GC(83)   Other: 0.9ms
[2022-02-19T16:35:46.371+0000][6660][gc,heap     ] GC(83) Eden regions: 10->0(10)
[2022-02-19T16:35:46.371+0000][6660][gc,heap     ] GC(83) Survivor regions: 1->1(2)
[2022-02-19T16:35:46.371+0000][6660][gc,heap     ] GC(83) Old regions: 20->20
[2022-02-19T16:35:46.371+0000][6660][gc,heap     ] GC(83) Archive regions: 0->0
[2022-02-19T16:35:46.371+0000][6660][gc,heap     ] GC(83) Humongous regions: 5->5
[2022-02-19T16:35:46.371+0000][6660][gc,metaspace] GC(83) Metaspace: 111482K(113344K)->111482K(113344K) NonClass: 96071K(97152K)->96071K(97152K) Class: 15411K(16192K)->15411K(16192K)
[2022-02-19T16:35:46.371+0000][6660][gc          ] GC(83) Pause Young (Normal) (G1 Evacuation Pause) 138M->98M(956M) 5.079ms
[2022-02-19T16:35:46.371+0000][6660][gc,cpu      ] GC(83) User=0.00s Sys=0.00s Real=0.00s
[2022-02-19T16:35:46.371+0000][6660][safepoint   ] Safepoint "G1CollectForAllocation", Time since last: 3002406092 ns, Reaching safepoint: 345414 ns, At safepoint: 5356222 ns, Total: 5701636 ns
[2022-02-19T16:35:47.385+0000][6660][safepoint   ] Safepoint "Cleanup", Time since last: 1001412963 ns, Reaching safepoint: 162186 ns, At safepoint: 8212 ns, Total: 170398 ns
[2022-02-19T16:35:48.399+0000][6660][safepoint   ] Safepoint "Cleanup", Time since last: 1013590208 ns, Reaching safepoint: 109322 ns, At safepoint: 6159 ns, Total: 115481 ns
[2022-02-19T16:35:49.413+0000][6660][safepoint   ] Safepoint "Cleanup", Time since last: 1013591748 ns, Reaching safepoint: 68262 ns, At safepoint: 6672 ns, Total: 74934 ns
[2022-02-19T16:35:50.205+0000][6660][gc,start    ] GC(84) Pause Young (Normal) (G1 Evacuation Pause)
[2022-02-19T16:35:50.205+0000][6660][gc,task     ] GC(84) Using 2 workers of 2 for evacuation
[2022-02-19T16:35:50.205+0000][6660][gc,age      ] GC(84) Desired survivor size 4194304 bytes, new threshold 15 (max threshold 15)
[2022-02-19T16:35:50.205+0000][6660][gc,age      ] GC(84) Age table with threshold 15 (max threshold 15)
[2022-02-19T16:35:50.205+0000][6660][gc,age      ] GC(84) - age   1:     420816 bytes,     420816 total
[2022-02-19T16:35:50.205+0000][6660][gc,age      ] GC(84) - age   2:       1056 bytes,     421872 total
[2022-02-19T16:35:50.205+0000][6660][gc,age      ] GC(84) - age   3:       3776 bytes,     425648 total
[2022-02-19T16:35:50.205+0000][6660][gc,age      ] GC(84) - age   4:       1232 bytes,     426880 total
[2022-02-19T16:35:50.205+0000][6660][gc,age      ] GC(84) - age   5:       1944 bytes,     428824 total
[2022-02-19T16:35:50.205+0000][6660][gc,phases   ] GC(84)   Pre Evacuate Collection Set: 0.1ms
[2022-02-19T16:35:50.205+0000][6660][gc,phases   ] GC(84)   Merge Heap Roots: 0.0ms
[2022-02-19T16:35:50.205+0000][6660][gc,phases   ] GC(84)   Evacuate Collection Set: 1.8ms
[2022-02-19T16:35:50.205+0000][6660][gc,phases   ] GC(84)   Post Evacuate Collection Set: 1.7ms
[2022-02-19T16:35:50.205+0000][6660][gc,phases   ] GC(84)   Other: 1.1ms
[2022-02-19T16:35:50.205+0000][6660][gc,heap     ] GC(84) Eden regions: 10->0(10)
[2022-02-19T16:35:50.205+0000][6660][gc,heap     ] GC(84) Survivor regions: 1->1(2)
[2022-02-19T16:35:50.205+0000][6660][gc,heap     ] GC(84) Old regions: 20->20
[2022-02-19T16:35:50.205+0000][6660][gc,heap     ] GC(84) Archive regions: 0->0
[2022-02-19T16:35:50.205+0000][6660][gc,heap     ] GC(84) Humongous regions: 5->5
[2022-02-19T16:35:50.205+0000][6660][gc,metaspace] GC(84) Metaspace: 111523K(113344K)->111523K(113344K) NonClass: 96112K(97152K)->96112K(97152K) Class: 15411K(16192K)->15411K(16192K)
[2022-02-19T16:35:50.205+0000][6660][gc          ] GC(84) Pause Young (Normal) (G1 Evacuation Pause) 137M->97M(956M) 5.614ms
[2022-02-19T16:35:50.205+0000][6660][gc,cpu      ] GC(84) User=0.00s Sys=0.00s Real=0.00s
[2022-02-19T16:35:50.205+0000][6660][safepoint   ] Safepoint "G1CollectForAllocation", Time since last: 793840344 ns, Reaching safepoint: 131904 ns, At safepoint: 7094069 ns, Total: 7225973 ns
[2022-02-19T16:35:52.225+0000][6660][safepoint   ] Safepoint "Cleanup", Time since last: 2010844350 ns, Reaching safepoint: 323344 ns, At safepoint: 9751 ns, Total: 333095 ns
[2022-02-19T16:35:57.296+0000][6660][safepoint   ] Safepoint "Cleanup", Time since last: 5070535746 ns, Reaching safepoint: 83659 ns, At safepoint: 6159 ns, Total: 89818 ns
[2022-02-19T16:36:01.789+0000][6660][gc,start    ] GC(85) Pause Young (Normal) (G1 Evacuation Pause)
[2022-02-19T16:36:01.789+0000][6660][gc,task     ] GC(85) Using 2 workers of 2 for evacuation
[2022-02-19T16:36:01.789+0000][6660][gc,age      ] GC(85) Desired survivor size 4194304 bytes, new threshold 15 (max threshold 15)
[2022-02-19T16:36:01.789+0000][6660][gc,age      ] GC(85) Age table with threshold 15 (max threshold 15)
[2022-02-19T16:36:01.789+0000][6660][gc,age      ] GC(85) - age   1:      61592 bytes,      61592 total
[2022-02-19T16:36:01.789+0000][6660][gc,age      ] GC(85) - age   2:     158176 bytes,     219768 total
[2022-02-19T16:36:01.789+0000][6660][gc,age      ] GC(85) - age   3:        648 bytes,     220416 total
[2022-02-19T16:36:01.789+0000][6660][gc,age      ] GC(85) - age   4:       3744 bytes,     224160 total
[2022-02-19T16:36:01.789+0000][6660][gc,age      ] GC(85) - age   5:       1232 bytes,     225392 total
[2022-02-19T16:36:01.789+0000][6660][gc,age      ] GC(85) - age   6:       1760 bytes,     227152 total
[2022-02-19T16:36:01.789+0000][6660][gc,phases   ] GC(85)   Pre Evacuate Collection Set: 0.1ms
[2022-02-19T16:36:01.789+0000][6660][gc,phases   ] GC(85)   Merge Heap Roots: 0.0ms
[2022-02-19T16:36:01.789+0000][6660][gc,phases   ] GC(85)   Evacuate Collection Set: 1.4ms
[2022-02-19T16:36:01.789+0000][6660][gc,phases   ] GC(85)   Post Evacuate Collection Set: 0.7ms
[2022-02-19T16:36:01.789+0000][6660][gc,phases   ] GC(85)   Other: 0.5ms
[2022-02-19T16:36:01.789+0000][6660][gc,heap     ] GC(85) Eden regions: 10->0(19)
[2022-02-19T16:36:01.789+0000][6660][gc,heap     ] GC(85) Survivor regions: 1->1(2)
[2022-02-19T16:36:01.789+0000][6660][gc,heap     ] GC(85) Old regions: 20->20
[2022-02-19T16:36:01.789+0000][6660][gc,heap     ] GC(85) Archive regions: 0->0
[2022-02-19T16:36:01.789+0000][6660][gc,heap     ] GC(85) Humongous regions: 5->5
[2022-02-19T16:36:01.789+0000][6660][gc,metaspace] GC(85) Metaspace: 111532K(113344K)->111532K(113344K) NonClass: 96120K(97152K)->96120K(97152K) Class: 15411K(16192K)->15411K(16192K)
[2022-02-19T16:36:01.789+0000][6660][gc          ] GC(85) Pause Young (Normal) (G1 Evacuation Pause) 137M->96M(956M) 3.052ms
[2022-02-19T16:36:01.789+0000][6660][gc,cpu      ] GC(85) User=0.00s Sys=0.00s Real=0.00s
[2022-02-19T16:36:01.789+0000][6660][safepoint   ] Safepoint "G1CollectForAllocation", Time since last: 4497825895 ns, Reaching safepoint: 289983 ns, At safepoint: 4118276 ns, Total: 4408259 ns
[2022-02-19T16:36:05.831+0000][6660][safepoint   ] Safepoint "Cleanup", Time since last: 4032808147 ns, Reaching safepoint: 256623 ns, At safepoint: 13344 ns, Total: 269967 ns
[2022-02-19T16:36:06.845+0000][6660][safepoint   ] Safepoint "Cleanup", Time since last: 1013624083 ns, Reaching safepoint: 64156 ns, At safepoint: 6159 ns, Total: 70315 ns
[2022-02-19T16:36:09.865+0000][6660][safepoint   ] Safepoint "Cleanup", Time since last: 3019680885 ns, Reaching safepoint: 183228 ns, At safepoint: 9238 ns, Total: 192466 ns
[2022-02-19T16:36:11.008+0000][6660][safepoint   ] Safepoint "Cleanup", Time since last: 1000143196 ns, Reaching safepoint: 17907111 ns, At safepoint: 132829806 ns, Total: 150736917 ns
[2022-02-19T16:36:11.305+0000][6660][gc,start    ] GC(86) Pause Young (Normal) (G1 Evacuation Pause)
[2022-02-19T16:36:11.305+0000][6660][gc,task     ] GC(86) Using 2 workers of 2 for evacuation
[2022-02-19T16:36:11.305+0000][6660][gc,age      ] GC(86) Desired survivor size 6291456 bytes, new threshold 15 (max threshold 15)
[2022-02-19T16:36:11.305+0000][6660][gc,age      ] GC(86) Age table with threshold 15 (max threshold 15)
[2022-02-19T16:36:11.305+0000][6660][gc,age      ] GC(86) - age   1:    1380144 bytes,    1380144 total
[2022-02-19T16:36:11.305+0000][6660][gc,age      ] GC(86) - age   2:       7496 bytes,    1387640 total
[2022-02-19T16:36:11.305+0000][6660][gc,age      ] GC(86) - age   3:     158112 bytes,    1545752 total
[2022-02-19T16:36:11.305+0000][6660][gc,age      ] GC(86) - age   4:        648 bytes,    1546400 total
[2022-02-19T16:36:11.305+0000][6660][gc,age      ] GC(86) - age   5:        784 bytes,    1547184 total
[2022-02-19T16:36:11.305+0000][6660][gc,age      ] GC(86) - age   6:        456 bytes,    1547640 total
[2022-02-19T16:36:11.305+0000][6660][gc,age      ] GC(86) - age   7:       1760 bytes,    1549400 total
[2022-02-19T16:36:11.305+0000][6660][gc,phases   ] GC(86)   Pre Evacuate Collection Set: 0.1ms
[2022-02-19T16:36:11.305+0000][6660][gc,phases   ] GC(86)   Merge Heap Roots: 0.1ms
[2022-02-19T16:36:11.305+0000][6660][gc,phases   ] GC(86)   Evacuate Collection Set: 3.3ms
[2022-02-19T16:36:11.305+0000][6660][gc,phases   ] GC(86)   Post Evacuate Collection Set: 1.5ms
[2022-02-19T16:36:11.305+0000][6660][gc,phases   ] GC(86)   Other: 1.0ms
[2022-02-19T16:36:11.305+0000][6660][gc,heap     ] GC(86) Eden regions: 19->0(31)
[2022-02-19T16:36:11.305+0000][6660][gc,heap     ] GC(86) Survivor regions: 1->1(3)
[2022-02-19T16:36:11.321+0000][6660][gc,heap     ] GC(86) Old regions: 20->20
[2022-02-19T16:36:11.321+0000][6660][gc,heap     ] GC(86) Archive regions: 0->0
[2022-02-19T16:36:11.321+0000][6660][gc,heap     ] GC(86) Humongous regions: 5->5
[2022-02-19T16:36:11.321+0000][6660][gc,metaspace] GC(86) Metaspace: 111633K(113472K)->111633K(113472K) NonClass: 96222K(97280K)->96222K(97280K) Class: 15411K(16192K)->15411K(16192K)
[2022-02-19T16:36:11.321+0000][6660][gc          ] GC(86) Pause Young (Normal) (G1 Evacuation Pause) 172M->98M(956M) 6.657ms
[2022-02-19T16:36:11.321+0000][6660][gc,cpu      ] GC(86) User=0.02s Sys=0.00s Real=0.02s
[2022-02-19T16:36:11.321+0000][6660][safepoint   ] Safepoint "G1CollectForAllocation", Time since last: 298132610 ns, Reaching safepoint: 122152 ns, At safepoint: 8334582 ns, Total: 8456734 ns
[2022-02-19T16:36:13.324+0000][6660][safepoint   ] Safepoint "Cleanup", Time since last: 2000917682 ns, Reaching safepoint: 117020 ns, At safepoint: 6159 ns, Total: 123179 ns
[2022-02-19T16:36:14.869+0000][6660][safepoint   ] Safepoint "Cleanup", Time since last: 1014874347 ns, Reaching safepoint: 530407188 ns, At safepoint: 1140430 ns, Total: 531547618 ns
[2022-02-19T16:36:15.883+0000][6660][safepoint   ] Safepoint "Cleanup", Time since last: 1012794166 ns, Reaching safepoint: 60050 ns, At safepoint: 4619 ns, Total: 64669 ns
[2022-02-19T16:36:17.492+0000][6660][safepoint   ] Safepoint "Cleanup", Time since last: 1608707814 ns, Reaching safepoint: 208891 ns, At safepoint: 24122 ns, Total: 233013 ns
[2022-02-19T16:36:18.501+0000][6660][safepoint   ] Safepoint "Cleanup", Time since last: 1009031569 ns, Reaching safepoint: 96490 ns, At safepoint: 10778 ns, Total: 107268 ns
[2022-02-19T16:36:20.529+0000][6660][safepoint   ] Safepoint "Cleanup", Time since last: 2027838398 ns, Reaching safepoint: 62102 ns, At safepoint: 4619 ns, Total: 66721 ns
[2022-02-19T16:36:22.015+0000][6660][gc,start    ] GC(87) Pause Young (Normal) (G1 Evacuation Pause)
[2022-02-19T16:36:22.015+0000][6660][gc,task     ] GC(87) Using 2 workers of 2 for evacuation
[2022-02-19T16:36:22.015+0000][6660][gc,age      ] GC(87) Desired survivor size 8388608 bytes, new threshold 15 (max threshold 15)
[2022-02-19T16:36:22.015+0000][6660][gc,age      ] GC(87) Age table with threshold 15 (max threshold 15)
[2022-02-19T16:36:22.015+0000][6660][gc,age      ] GC(87) - age   1:    2249488 bytes,    2249488 total
[2022-02-19T16:36:22.015+0000][6660][gc,age      ] GC(87) - age   2:     197304 bytes,    2446792 total
[2022-02-19T16:36:22.015+0000][6660][gc,age      ] GC(87) - age   3:       6504 bytes,    2453296 total
[2022-02-19T16:36:22.015+0000][6660][gc,age      ] GC(87) - age   4:     158048 bytes,    2611344 total
[2022-02-19T16:36:22.015+0000][6660][gc,age      ] GC(87) - age   5:        648 bytes,    2611992 total
[2022-02-19T16:36:22.015+0000][6660][gc,age      ] GC(87) - age   6:        784 bytes,    2612776 total
[2022-02-19T16:36:22.015+0000][6660][gc,age      ] GC(87) - age   7:        456 bytes,    2613232 total
[2022-02-19T16:36:22.015+0000][6660][gc,age      ] GC(87) - age   8:       1384 bytes,    2614616 total
[2022-02-19T16:36:22.015+0000][6660][gc,phases   ] GC(87)   Pre Evacuate Collection Set: 0.1ms
[2022-02-19T16:36:22.015+0000][6660][gc,phases   ] GC(87)   Merge Heap Roots: 0.0ms
[2022-02-19T16:36:22.015+0000][6660][gc,phases   ] GC(87)   Evacuate Collection Set: 2.7ms
[2022-02-19T16:36:22.015+0000][6660][gc,phases   ] GC(87)   Post Evacuate Collection Set: 0.8ms
[2022-02-19T16:36:22.015+0000][6660][gc,phases   ] GC(87)   Other: 0.6ms
[2022-02-19T16:36:22.015+0000][6660][gc,heap     ] GC(87) Eden regions: 31->0(41)
[2022-02-19T16:36:22.015+0000][6660][gc,heap     ] GC(87) Survivor regions: 1->1(4)
[2022-02-19T16:36:22.015+0000][6660][gc,heap     ] GC(87) Old regions: 20->20
[2022-02-19T16:36:22.015+0000][6660][gc,heap     ] GC(87) Archive regions: 0->0
[2022-02-19T16:36:22.015+0000][6660][gc,heap     ] GC(87) Humongous regions: 5->5
[2022-02-19T16:36:22.015+0000][6660][gc,metaspace] GC(87) Metaspace: 111763K(113536K)->111763K(113536K) NonClass: 96352K(97344K)->96352K(97344K) Class: 15411K(16192K)->15411K(16192K)
[2022-02-19T16:36:22.015+0000][6660][gc          ] GC(87) Pause Young (Normal) (G1 Evacuation Pause) 222M->99M(956M) 4.535ms
[2022-02-19T16:36:22.015+0000][6660][gc,cpu      ] GC(87) User=0.00s Sys=0.00s Real=0.00s
[2022-02-19T16:36:22.015+0000][6660][safepoint   ] Safepoint "G1CollectForAllocation", Time since last: 1495352569 ns, Reaching safepoint: 40033 ns, At safepoint: 4690544 ns, Total: 4730577 ns
[2022-02-19T16:36:26.073+0000][6660][safepoint   ] Safepoint "Cleanup", Time since last: 4043139252 ns, Reaching safepoint: 60562 ns, At safepoint: 6159 ns, Total: 66721 ns
[2022-02-19T16:36:27.073+0000][6660][safepoint   ] Safepoint "Cleanup", Time since last: 1000276126 ns, Reaching safepoint: 68262 ns, At safepoint: 5645 ns, Total: 73907 ns
[2022-02-19T16:36:36.173+0000][6660][safepoint   ] Safepoint "Cleanup", Time since last: 9099543315 ns, Reaching safepoint: 79040 ns, At safepoint: 46192 ns, Total: 125232 ns
[2022-02-19T16:36:37.187+0000][6660][safepoint   ] Safepoint "Cleanup", Time since last: 1013793967 ns, Reaching safepoint: 85712 ns, At safepoint: 100083 ns, Total: 185795 ns
[2022-02-19T16:36:38.201+0000][6660][safepoint   ] Safepoint "Cleanup", Time since last: 1013903801 ns, Reaching safepoint: 66209 ns, At safepoint: 5132 ns, Total: 71341 ns
[2022-02-19T16:36:39.230+0000][6660][safepoint   ] Safepoint "Cleanup", Time since last: 1029344258 ns, Reaching safepoint: 49785 ns, At safepoint: 3592 ns, Total: 53377 ns
[2022-02-19T16:36:40.244+0000][6660][safepoint   ] Safepoint "Cleanup", Time since last: 1014003885 ns, Reaching safepoint: 47731 ns, At safepoint: 3593 ns, Total: 51324 ns
[2022-02-19T16:36:46.316+0000][6660][safepoint   ] Safepoint "Cleanup", Time since last: 6071029487 ns, Reaching safepoint: 76474 ns, At safepoint: 11291 ns, Total: 87765 ns
[2022-02-19T16:36:47.415+0000][6660][safepoint   ] Safepoint "Cleanup", Time since last: 1031905349 ns, Reaching safepoint: 94951 ns, At safepoint: 67183743 ns, Total: 67278694 ns
[2022-02-19T16:36:56.485+0000][6660][safepoint   ] Safepoint "Cleanup", Time since last: 9070239604 ns, Reaching safepoint: 74420 ns, At safepoint: 6672 ns, Total: 81092 ns
[2022-02-19T16:36:57.500+0000][6660][safepoint   ] Safepoint "Cleanup", Time since last: 1014817891 ns, Reaching safepoint: 147301 ns, At safepoint: 14884 ns, Total: 162185 ns
[2022-02-19T16:37:01.543+0000][6660][safepoint   ] Safepoint "Cleanup", Time since last: 4042919583 ns, Reaching safepoint: 87765 ns, At safepoint: 10778 ns, Total: 98543 ns
[2022-02-19T16:37:01.648+0000][6660][gc,start    ] GC(88) Pause Young (Normal) (G1 Evacuation Pause)
[2022-02-19T16:37:01.648+0000][6660][gc,task     ] GC(88) Using 2 workers of 2 for evacuation
[2022-02-19T16:37:01.648+0000][6660][gc,age      ] GC(88) Desired survivor size 12582912 bytes, new threshold 15 (max threshold 15)
[2022-02-19T16:37:01.820+0000][6660][gc,age      ] GC(88) Age table with threshold 15 (max threshold 15)
[2022-02-19T16:37:01.820+0000][6660][gc,age      ] GC(88) - age   1:     349112 bytes,     349112 total
[2022-02-19T16:37:01.820+0000][6660][gc,age      ] GC(88) - age   2:      97320 bytes,     446432 total
[2022-02-19T16:37:01.820+0000][6660][gc,age      ] GC(88) - age   3:     145360 bytes,     591792 total
[2022-02-19T16:37:01.820+0000][6660][gc,age      ] GC(88) - age   4:       4960 bytes,     596752 total
[2022-02-19T16:37:01.820+0000][6660][gc,age      ] GC(88) - age   5:     157480 bytes,     754232 total
[2022-02-19T16:37:01.820+0000][6660][gc,age      ] GC(88) - age   6:        456 bytes,     754688 total
[2022-02-19T16:37:01.820+0000][6660][gc,age      ] GC(88) - age   7:        600 bytes,     755288 total
[2022-02-19T16:37:01.820+0000][6660][gc,age      ] GC(88) - age   8:        456 bytes,     755744 total
[2022-02-19T16:37:01.820+0000][6660][gc,age      ] GC(88) - age   9:       1384 bytes,     757128 total
[2022-02-19T16:37:01.820+0000][6660][gc,phases   ] GC(88)   Pre Evacuate Collection Set: 0.1ms
[2022-02-19T16:37:01.820+0000][6660][gc,phases   ] GC(88)   Merge Heap Roots: 0.1ms
[2022-02-19T16:37:01.820+0000][6660][gc,phases   ] GC(88)   Evacuate Collection Set: 174.3ms
[2022-02-19T16:37:01.820+0000][6660][gc,phases   ] GC(88)   Post Evacuate Collection Set: 0.8ms
[2022-02-19T16:37:01.820+0000][6660][gc,phases   ] GC(88)   Other: 0.6ms
[2022-02-19T16:37:01.820+0000][6660][gc,heap     ] GC(88) Eden regions: 41->0(123)
[2022-02-19T16:37:01.820+0000][6660][gc,heap     ] GC(88) Survivor regions: 1->1(6)
[2022-02-19T16:37:01.820+0000][6660][gc,heap     ] GC(88) Old regions: 20->20
[2022-02-19T16:37:01.820+0000][6660][gc,heap     ] GC(88) Archive regions: 0->0
[2022-02-19T16:37:01.820+0000][6660][gc,heap     ] GC(88) Humongous regions: 5->5
[2022-02-19T16:37:01.820+0000][6660][gc,metaspace] GC(88) Metaspace: 111824K(113664K)->111824K(113664K) NonClass: 96412K(97408K)->96412K(97408K) Class: 15411K(16256K)->15411K(16256K)
[2022-02-19T16:37:01.820+0000][6660][gc          ] GC(88) Pause Young (Normal) (G1 Evacuation Pause) 262M->97M(956M) 176.097ms
[2022-02-19T16:37:01.820+0000][6660][gc,cpu      ] GC(88) User=0.02s Sys=0.00s Real=0.17s
[2022-02-19T16:37:01.835+0000][6660][safepoint   ] Safepoint "G1CollectForAllocation", Time since last: 115361519 ns, Reaching safepoint: 50298 ns, At safepoint: 183812465 ns, Total: 183862763 ns
[2022-02-19T16:37:02.850+0000][6660][safepoint   ] Safepoint "Cleanup", Time since last: 1007674549 ns, Reaching safepoint: 97003 ns, At safepoint: 6159 ns, Total: 103162 ns
[2022-02-19T16:37:06.907+0000][6660][safepoint   ] Safepoint "Cleanup", Time since last: 4056904991 ns, Reaching safepoint: 55943 ns, At safepoint: 3593 ns, Total: 59536 ns
[2022-02-19T16:37:28.165+0000][6660][safepoint   ] Safepoint "Cleanup", Time since last: 21256727099 ns, Reaching safepoint: 94951 ns, At safepoint: 6159 ns, Total: 101110 ns
[2022-02-19T16:38:29.991+0000][6660][safepoint   ] Safepoint "Cleanup", Time since last: 61809525618 ns, Reaching safepoint: 15671930 ns, At safepoint: 11038355 ns, Total: 26710285 ns
[2022-02-19T16:38:41.146+0000][6660][safepoint   ] Safepoint "Cleanup", Time since last: 11143756275 ns, Reaching safepoint: 63129 ns, At safepoint: 6159 ns, Total: 69288 ns
[2022-02-19T16:38:42.160+0000][6660][safepoint   ] Safepoint "Cleanup", Time since last: 1013884298 ns, Reaching safepoint: 63129 ns, At safepoint: 4106 ns, Total: 67235 ns
[2022-02-19T16:38:56.357+0000][6660][safepoint   ] Safepoint "Cleanup", Time since last: 14196765223 ns, Reaching safepoint: 64669 ns, At safepoint: 6159 ns, Total: 70828 ns
[2022-02-19T16:39:06.497+0000][6660][safepoint   ] Safepoint "Cleanup", Time since last: 10139756045 ns, Reaching safepoint: 69801 ns, At safepoint: 5132 ns, Total: 74933 ns
[2022-02-19T16:39:07.498+0000][6660][safepoint   ] Safepoint "Cleanup", Time since last: 1001316473 ns, Reaching safepoint: 54918 ns, At safepoint: 3079 ns, Total: 57997 ns
[2022-02-19T16:39:27.275+0000][6660][gc,start    ] GC(89) Pause Young (Normal) (G1 Evacuation Pause)
[2022-02-19T16:39:27.275+0000][6660][gc,task     ] GC(89) Using 2 workers of 2 for evacuation
[2022-02-19T16:39:27.275+0000][6660][gc,age      ] GC(89) Desired survivor size 33554432 bytes, new threshold 15 (max threshold 15)
[2022-02-19T16:39:27.275+0000][6660][gc,age      ] GC(89) Age table with threshold 15 (max threshold 15)
[2022-02-19T16:39:27.275+0000][6660][gc,age      ] GC(89) - age   1:     101032 bytes,     101032 total
[2022-02-19T16:39:27.275+0000][6660][gc,age      ] GC(89) - age   2:     193720 bytes,     294752 total
[2022-02-19T16:39:27.275+0000][6660][gc,age      ] GC(89) - age   3:      96944 bytes,     391696 total
[2022-02-19T16:39:27.275+0000][6660][gc,age      ] GC(89) - age   4:     131024 bytes,     522720 total
[2022-02-19T16:39:27.275+0000][6660][gc,age      ] GC(89) - age   5:       4960 bytes,     527680 total
[2022-02-19T16:39:27.275+0000][6660][gc,age      ] GC(89) - age   6:     157480 bytes,     685160 total
[2022-02-19T16:39:27.275+0000][6660][gc,age      ] GC(89) - age   7:        456 bytes,     685616 total
[2022-02-19T16:39:27.275+0000][6660][gc,age      ] GC(89) - age   8:        600 bytes,     686216 total
[2022-02-19T16:39:27.275+0000][6660][gc,age      ] GC(89) - age   9:        456 bytes,     686672 total
[2022-02-19T16:39:27.275+0000][6660][gc,age      ] GC(89) - age  10:       1384 bytes,     688056 total
[2022-02-19T16:39:27.275+0000][6660][gc,phases   ] GC(89)   Pre Evacuate Collection Set: 0.1ms
[2022-02-19T16:39:27.275+0000][6660][gc,phases   ] GC(89)   Merge Heap Roots: 0.1ms
[2022-02-19T16:39:27.275+0000][6660][gc,phases   ] GC(89)   Evacuate Collection Set: 2.5ms
[2022-02-19T16:39:27.275+0000][6660][gc,phases   ] GC(89)   Post Evacuate Collection Set: 1.7ms
[2022-02-19T16:39:27.275+0000][6660][gc,phases   ] GC(89)   Other: 0.9ms
[2022-02-19T16:39:27.275+0000][6660][gc,heap     ] GC(89) Eden regions: 123->0(142)
[2022-02-19T16:39:27.275+0000][6660][gc,heap     ] GC(89) Survivor regions: 1->1(16)
[2022-02-19T16:39:27.275+0000][6660][gc,heap     ] GC(89) Old regions: 20->20
[2022-02-19T16:39:27.275+0000][6660][gc,heap     ] GC(89) Archive regions: 0->0
[2022-02-19T16:39:27.275+0000][6660][gc,heap     ] GC(89) Humongous regions: 5->5
[2022-02-19T16:39:27.275+0000][6660][gc,metaspace] GC(89) Metaspace: 111879K(113792K)->111879K(113792K) NonClass: 96465K(97536K)->96465K(97536K) Class: 15413K(16256K)->15413K(16256K)
[2022-02-19T16:39:27.275+0000][6660][gc          ] GC(89) Pause Young (Normal) (G1 Evacuation Pause) 589M->97M(956M) 5.639ms
[2022-02-19T16:39:27.275+0000][6660][gc,cpu      ] GC(89) User=0.00s Sys=0.00s Real=0.00s
[2022-02-19T16:39:27.275+0000][6660][safepoint   ] Safepoint "G1CollectForAllocation", Time since last: 19779557255 ns, Reaching safepoint: 181688 ns, At safepoint: 5850991 ns, Total: 6032679 ns
[2022-02-19T16:39:38.405+0000][6660][safepoint   ] Safepoint "Cleanup", Time since last: 11120892245 ns, Reaching safepoint: 67749 ns, At safepoint: 4105 ns, Total: 71854 ns
[2022-02-19T16:40:07.634+0000][6660][safepoint   ] Safepoint "Cleanup", Time since last: 29228263570 ns, Reaching safepoint: 67235 ns, At safepoint: 5133 ns, Total: 72368 ns
[2022-02-19T16:40:24.861+0000][6660][safepoint   ] Safepoint "Cleanup", Time since last: 17226183901 ns, Reaching safepoint: 81606 ns, At safepoint: 5646 ns, Total: 87252 ns
[2022-02-19T16:40:25.875+0000][6660][safepoint   ] Safepoint "Cleanup", Time since last: 1013829381 ns, Reaching safepoint: 57483 ns, At safepoint: 8726 ns, Total: 66209 ns
[2022-02-19T16:40:37.004+0000][6660][safepoint   ] Safepoint "Cleanup", Time since last: 11128711016 ns, Reaching safepoint: 64669 ns, At safepoint: 6672 ns, Total: 71341 ns
[2022-02-19T16:41:36.652+0000][6660][safepoint   ] Safepoint "Cleanup", Time since last: 59647419816 ns, Reaching safepoint: 109834 ns, At safepoint: 11292 ns, Total: 121126 ns
[2022-02-19T16:42:16.655+0000][6660][safepoint   ] Safepoint "Cleanup", Time since last: 40001845628 ns, Reaching safepoint: 109321 ns, At safepoint: 9239 ns, Total: 118560 ns
[2022-02-19T16:42:18.655+0000][6660][safepoint   ] Safepoint "Cleanup", Time since last: 2000002566 ns, Reaching safepoint: 171423 ns, At safepoint: 10779 ns, Total: 182202 ns
[2022-02-19T16:42:20.114+0000][6660][gc,start    ] GC(90) Pause Young (Normal) (G1 Evacuation Pause)
[2022-02-19T16:42:20.114+0000][6660][gc,task     ] GC(90) Using 2 workers of 2 for evacuation
[2022-02-19T16:42:20.114+0000][6660][gc,age      ] GC(90) Desired survivor size 37748736 bytes, new threshold 15 (max threshold 15)
[2022-02-19T16:42:20.190+0000][6660][gc,age      ] GC(90) Age table with threshold 15 (max threshold 15)
[2022-02-19T16:42:20.190+0000][6660][gc,age      ] GC(90) - age   1:      12816 bytes,      12816 total
[2022-02-19T16:42:20.191+0000][6660][gc,age      ] GC(90) - age   2:      87912 bytes,     100728 total
[2022-02-19T16:42:20.191+0000][6660][gc,age      ] GC(90) - age   3:     193576 bytes,     294304 total
[2022-02-19T16:42:20.191+0000][6660][gc,age      ] GC(90) - age   4:      63984 bytes,     358288 total
[2022-02-19T16:42:20.191+0000][6660][gc,age      ] GC(90) - age   5:      87616 bytes,     445904 total
[2022-02-19T16:42:20.191+0000][6660][gc,age      ] GC(90) - age   6:       4960 bytes,     450864 total
[2022-02-19T16:42:20.191+0000][6660][gc,age      ] GC(90) - age   7:     157480 bytes,     608344 total
[2022-02-19T16:42:20.191+0000][6660][gc,age      ] GC(90) - age   8:        456 bytes,     608800 total
[2022-02-19T16:42:20.191+0000][6660][gc,age      ] GC(90) - age   9:        600 bytes,     609400 total
[2022-02-19T16:42:20.191+0000][6660][gc,age      ] GC(90) - age  10:        456 bytes,     609856 total
[2022-02-19T16:42:20.191+0000][6660][gc,age      ] GC(90) - age  11:       1384 bytes,     611240 total
[2022-02-19T16:42:20.191+0000][6660][gc,phases   ] GC(90)   Pre Evacuate Collection Set: 0.1ms
[2022-02-19T16:42:20.191+0000][6660][gc,phases   ] GC(90)   Merge Heap Roots: 0.1ms
[2022-02-19T16:42:20.191+0000][6660][gc,phases   ] GC(90)   Evacuate Collection Set: 74.9ms
[2022-02-19T16:42:20.191+0000][6660][gc,phases   ] GC(90)   Post Evacuate Collection Set: 1.1ms
[2022-02-19T16:42:20.191+0000][6660][gc,phases   ] GC(90)   Other: 0.7ms
[2022-02-19T16:42:20.191+0000][6660][gc,heap     ] GC(90) Eden regions: 142->0(142)
[2022-02-19T16:42:20.191+0000][6660][gc,heap     ] GC(90) Survivor regions: 1->1(18)
[2022-02-19T16:42:20.191+0000][6660][gc,heap     ] GC(90) Old regions: 20->20
[2022-02-19T16:42:20.191+0000][6660][gc,heap     ] GC(90) Archive regions: 0->0
[2022-02-19T16:42:20.191+0000][6660][gc,heap     ] GC(90) Humongous regions: 5->5
[2022-02-19T16:42:20.191+0000][6660][gc,metaspace] GC(90) Metaspace: 111909K(113792K)->111909K(113792K) NonClass: 96496K(97536K)->96496K(97536K) Class: 15413K(16256K)->15413K(16256K)
[2022-02-19T16:42:20.191+0000][6660][gc          ] GC(90) Pause Young (Normal) (G1 Evacuation Pause) 665M->97M(956M) 77.178ms
[2022-02-19T16:42:20.191+0000][6660][gc,cpu      ] GC(90) User=0.05s Sys=0.00s Real=0.08s
[2022-02-19T16:42:20.191+0000][6660][safepoint   ] Safepoint "G1CollectForAllocation", Time since last: 1459135962 ns, Reaching safepoint: 33874 ns, At safepoint: 77371140 ns, Total: 77405014 ns
[2022-02-19T16:43:07.467+0000][6660][safepoint   ] Safepoint "Cleanup", Time since last: 47274775866 ns, Reaching safepoint: 80066 ns, At safepoint: 8212 ns, Total: 88278 ns
[2022-02-19T16:43:09.484+0000][6660][safepoint   ] Safepoint "Cleanup", Time since last: 2016243685 ns, Reaching safepoint: 52864 ns, At safepoint: 4106 ns, Total: 56970 ns
[2022-02-19T16:43:18.658+0000][6660][safepoint   ] Safepoint "Cleanup", Time since last: 9080707231 ns, Reaching safepoint: 93613284 ns, At safepoint: 20530 ns, Total: 93633814 ns
[2022-02-19T16:43:20.842+0000][6660][safepoint   ] Safepoint "Cleanup", Time since last: 2027859954 ns, Reaching safepoint: 156026418 ns, At safepoint: 326423 ns, Total: 156352841 ns
[2022-02-19T16:43:21.882+0000][6660][safepoint   ] Safepoint "Cleanup", Time since last: 1008430559 ns, Reaching safepoint: 31244804 ns, At safepoint: 51324 ns, Total: 31296128 ns
[2022-02-19T16:43:26.952+0000][6660][safepoint   ] Safepoint "Cleanup", Time since last: 5069829008 ns, Reaching safepoint: 65695 ns, At safepoint: 8725 ns, Total: 74420 ns
[2022-02-19T16:43:27.982+0000][6660][safepoint   ] Safepoint "Cleanup", Time since last: 1013889944 ns, Reaching safepoint: 15634976 ns, At safepoint: 185281 ns, Total: 15820257 ns
[2022-02-19T16:43:29.006+0000][6660][safepoint   ] Safepoint "Cleanup", Time since last: 1008183689 ns, Reaching safepoint: 16145654 ns, At safepoint: 221722 ns, Total: 16367376 ns
[2022-02-19T16:43:30.020+0000][6660][safepoint   ] Safepoint "Cleanup", Time since last: 1013238123 ns, Reaching safepoint: 5315677 ns, At safepoint: 16423 ns, Total: 5332100 ns
[2022-02-19T16:43:30.504+0000][6660][gc,heap,exit] Heap
[2022-02-19T16:43:30.504+0000][6660][gc,heap,exit]  garbage-first heap   total 978944K, used 320597K [0x00000000c4400000, 0x0000000100000000)
[2022-02-19T16:43:30.504+0000][6660][gc,heap,exit]   region size 4096K, 55 young (225280K), 1 survivors (4096K)
[2022-02-19T16:43:30.504+0000][6660][gc,heap,exit]  Metaspace       used 112679K, committed 114560K, reserved 1146880K
[2022-02-19T16:43:30.504+0000][6660][gc,heap,exit]   class space    used 15549K, committed 16384K, reserved 1048576K
