[2022-02-20T13:44:01.605+0000][7192][gc] Using G1
[2022-02-20T13:44:01.667+0000][7192][gc,init] Version: 17.0.1+12 (release)
[2022-02-20T13:44:01.683+0000][7192][gc,init] CPUs: 2 total, 2 available
[2022-02-20T13:44:01.683+0000][7192][gc,init] Memory: 1908M
[2022-02-20T13:44:01.683+0000][7192][gc,init] Large Page Support: Disabled
[2022-02-20T13:44:01.683+0000][7192][gc,init] NUMA Support: Disabled
[2022-02-20T13:44:01.683+0000][7192][gc,init] Compressed Oops: Enabled (32-bit)
[2022-02-20T13:44:01.683+0000][7192][gc,init] Heap Region Size: 1M
[2022-02-20T13:44:01.683+0000][7192][gc,init] Heap Min Capacity: 8M
[2022-02-20T13:44:01.683+0000][7192][gc,init] Heap Initial Capacity: 30M
[2022-02-20T13:44:01.683+0000][7192][gc,init] Heap Max Capacity: 478M
[2022-02-20T13:44:01.683+0000][7192][gc,init] Pre-touch: Disabled
[2022-02-20T13:44:01.683+0000][7192][gc,init] Parallel Workers: 2
[2022-02-20T13:44:01.683+0000][7192][gc,init] Concurrent Workers: 1
[2022-02-20T13:44:01.683+0000][7192][gc,init] Concurrent Refinement Workers: 2
[2022-02-20T13:44:01.683+0000][7192][gc,init] Periodic GC: Disabled
[2022-02-20T13:44:01.683+0000][7192][gc,metaspace] CDS archive(s) not mapped
[2022-02-20T13:44:01.683+0000][7192][gc,metaspace] Compressed class space mapped at: 0x0000000080000000-0x00000000c0000000, reserved size: 1073741824
[2022-02-20T13:44:01.683+0000][7192][gc,metaspace] Narrow klass base: 0x0000000000000000, Narrow klass shift: 0, Narrow klass range: 0xc0000000
[2022-02-20T13:44:02.198+0000][7192][gc,heap,exit] Heap
[2022-02-20T13:44:02.198+0000][7192][gc,heap,exit]  garbage-first heap   total 30720K, used 983K [0x00000000e2200000, 0x0000000100000000)
[2022-02-20T13:44:02.198+0000][7192][gc,heap,exit]   region size 1024K, 1 young (1024K), 0 survivors (0K)
[2022-02-20T13:44:02.198+0000][7192][gc,heap,exit]  Metaspace       used 3539K, committed 3584K, reserved 1056768K
[2022-02-20T13:44:02.198+0000][7192][gc,heap,exit]   class space    used 281K, committed 320K, reserved 1048576K
